2023/07/02 21:40:09 INFO: [core] [Channel #1 SubChannel #2] Subchannel Connectivity change to CONNECTING
2023/07/02 21:40:09 INFO: [core] [Channel #1 SubChannel #2] Subchannel picks a new address "localhost:2379" to connect
2023/07/02 21:40:09 INFO: [core] [Channel #1 SubChannel #2] Subchannel Connectivity change to READY
2023/07/02 21:40:09 INFO: [roundrobin] roundrobinPicker: Build called with info: {map[0xc000012018:{{
  "Addr": "localhost:2379",
  "ServerName": "localhost",
  "Attributes": null,
  "BalancerAttributes": null,
  "Type": 0,
  "Metadata": null
}}]}
2023/07/02 21:40:09 INFO: [core] [Channel #1] Channel Connectivity change to READY
7 / 180 [------>_________________________________________________________________________________________________________________________________________________________________] 3.89% ? p/s13 / 180 [------------>__________________________________________________________________________________________________________________________________________________________] 7.22% ? p/s19 / 180 [----------------->____________________________________________________________________________________________________________________________________________________] 10.56% ? p/s27 / 180 [------------------------>____________________________________________________________________________________________________________________________________________] 15.00% 33 p/s34 / 180 [------------------------------->_____________________________________________________________________________________________________________________________________] 18.89% 33 p/s42 / 180 [-------------------------------------->______________________________________________________________________________________________________________________________] 23.33% 33 p/s49 / 180 [-------------------------------------------->________________________________________________________________________________________________________________________] 27.22% 34 p/s55 / 180 [-------------------------------------------------->__________________________________________________________________________________________________________________] 30.56% 34 p/s57 / 180 [---------------------------------------------------->________________________________________________________________________________________________________________] 31.67% 34 p/s61 / 180 [------------------------------------------------------->_____________________________________________________________________________________________________________] 33.89% 33 p/s67 / 180 [------------------------------------------------------------->_______________________________________________________________________________________________________] 37.22% 33 p/s75 / 180 [-------------------------------------------------------------------->________________________________________________________________________________________________] 41.67% 33 p/s81 / 180 [-------------------------------------------------------------------------->__________________________________________________________________________________________] 45.00% 33 p/s83 / 180 [---------------------------------------------------------------------------->________________________________________________________________________________________] 46.11% 33 p/s83 / 180 [---------------------------------------------------------------------------->________________________________________________________________________________________] 46.11% 33 p/s87 / 180 [------------------------------------------------------------------------------->_____________________________________________________________________________________] 48.33% 31 p/s91 / 180 [----------------------------------------------------------------------------------->_________________________________________________________________________________] 50.56% 31 p/s97 / 180 [---------------------------------------------------------------------------------------->____________________________________________________________________________] 53.89% 31 p/s100 / 180 [------------------------------------------------------------------------------------------->________________________________________________________________________] 55.56% 31 p/s105 / 180 [----------------------------------------------------------------------------------------------->____________________________________________________________________] 58.33% 31 p/s112 / 180 [------------------------------------------------------------------------------------------------------>_____________________________________________________________] 62.22% 31 p/s119 / 180 [------------------------------------------------------------------------------------------------------------>_______________________________________________________] 66.11% 31 p/s123 / 180 [---------------------------------------------------------------------------------------------------------------->___________________________________________________] 68.33% 31 p/s126 / 180 [------------------------------------------------------------------------------------------------------------------>_________________________________________________] 70.00% 31 p/s129 / 180 [--------------------------------------------------------------------------------------------------------------------->______________________________________________] 71.67% 30 p/s135 / 180 [-------------------------------------------------------------------------------------------------------------------------->_________________________________________] 75.00% 30 p/s143 / 180 [---------------------------------------------------------------------------------------------------------------------------------->_________________________________] 79.44% 30 p/s148 / 180 [-------------------------------------------------------------------------------------------------------------------------------------->_____________________________] 82.22% 30 p/s152 / 180 [------------------------------------------------------------------------------------------------------------------------------------------>_________________________] 84.44% 30 p/s154 / 180 [-------------------------------------------------------------------------------------------------------------------------------------------->_______________________] 85.56% 30 p/s156 / 180 [---------------------------------------------------------------------------------------------------------------------------------------------->_____________________] 86.67% 29 p/s161 / 180 [-------------------------------------------------------------------------------------------------------------------------------------------------->_________________] 89.44% 29 p/s166 / 180 [------------------------------------------------------------------------------------------------------------------------------------------------------->____________] 92.22% 29 p/s166 / 180 [------------------------------------------------------------------------------------------------------------------------------------------------------->____________] 92.22% 28 p/s166 / 180 [------------------------------------------------------------------------------------------------------------------------------------------------------->____________] 92.22% 28 p/s169 / 180 [--------------------------------------------------------------------------------------------------------------------------------------------------------->__________] 93.89% 28 p/s172 / 180 [------------------------------------------------------------------------------------------------------------------------------------------------------------>_______] 95.56% 27 p/s176 / 180 [---------------------------------------------------------------------------------------------------------------------------------------------------------------->___] 97.78% 27 p/s180 / 180 [-------------------------------------------------------------------------------------------------------------------------------------------------------------------] 100.00% 24 p/s
Summary:
  Total:	7.7985 secs.
  Slowest:	0.4758 secs.
  Fastest:	0.0014 secs.
  Average:	0.0287 secs.
  Stddev:	0.0539 secs.
  Requests/sec:	23.0813

Response time histogram:
  0.0014 [1]	|
  0.0488 [135]	|∎∎∎∎∎∎∎∎∎∎∎∎∎∎∎∎∎∎∎∎∎∎∎∎∎∎∎∎∎∎∎∎∎∎∎∎∎∎∎∎
  0.0963 [30]	|∎∎∎∎∎∎∎∎
  0.1437 [8]	|∎∎
  0.1912 [4]	|∎
  0.2386 [0]	|
  0.2860 [0]	|
  0.3335 [1]	|
  0.3809 [0]	|
  0.4283 [0]	|
  0.4758 [1]	|

Latency distribution:
  10% in 0.0017 secs.
  25% in 0.0018 secs.
  50% in 0.0020 secs.
  75% in 0.0488 secs.
  90% in 0.0766 secs.
  95% in 0.1017 secs.
  99% in 0.4758 secs.

