2023/06/29 22:18:07 INFO: [core] [Channel #1 SubChannel #2] Subchannel Connectivity change to CONNECTING
2023/06/29 22:18:07 INFO: [core] [Channel #1 SubChannel #2] Subchannel picks a new address "localhost:2379" to connect
2023/06/29 22:18:07 INFO: [core] [Channel #1 SubChannel #2] Subchannel Connectivity change to READY
2023/06/29 22:18:07 INFO: [roundrobin] roundrobinPicker: Build called with info: {map[0xc000110378:{{
  "Addr": "localhost:2379",
  "ServerName": "localhost",
  "Attributes": null,
  "BalancerAttributes": null,
  "Type": 0,
  "Metadata": null
}}]}
2023/06/29 22:18:07 INFO: [core] [Channel #1] Channel Connectivity change to READY
4 / 180 [--->_______________________________________________________________________________________________________________________________________________________________] 2.22% ? p/s8 / 180 [------->___________________________________________________________________________________________________________________________________________________________] 4.44% ? p/s10 / 180 [-------->_________________________________________________________________________________________________________________________________________________________] 5.56% ? p/s10 / 180 [-------->________________________________________________________________________________________________________________________________________________________] 5.56% 10 p/s10 / 180 [-------->________________________________________________________________________________________________________________________________________________________] 5.56% 10 p/s11 / 180 [--------->_______________________________________________________________________________________________________________________________________________________] 6.11% 10 p/s11 / 180 [--------->________________________________________________________________________________________________________________________________________________________] 6.11% 9 p/s11 / 180 [--------->________________________________________________________________________________________________________________________________________________________] 6.11% 9 p/s11 / 180 [--------->________________________________________________________________________________________________________________________________________________________] 6.11% 9 p/s{"level":"warn","ts":"2023-06-29T22:18:09.223807-0400","logger":"etcd-client","caller":"v3/retry_interceptor.go:65","msg":"retrying of unary invoker failed","target":"etcd-endpoints://0xc0003f8000/localhost:2379","method":"/etcdserverpb.KV/Put","attempt":0,"error":"rpc error: code = Unknown desc = etcdserver: too many requests"}
13 / 180 [----------->______________________________________________________________________________________________________________________________________________________] 7.22% 9 p/s13 / 180 [----------->______________________________________________________________________________________________________________________________________________________] 7.22% 9 p/s13 / 180 [----------->______________________________________________________________________________________________________________________________________________________] 7.22% 9 p/s13 / 180 [----------->______________________________________________________________________________________________________________________________________________________] 7.22% 8 p/s15 / 180 [------------->____________________________________________________________________________________________________________________________________________________] 8.33% 8 p/s19 / 180 [---------------->________________________________________________________________________________________________________________________________________________] 10.56% 8 p/s23 / 180 [-------------------->____________________________________________________________________________________________________________________________________________] 12.78% 9 p/s27 / 180 [------------------------>________________________________________________________________________________________________________________________________________] 15.00% 9 p/s31 / 180 [--------------------------->_____________________________________________________________________________________________________________________________________] 17.22% 9 p/s35 / 180 [------------------------------->________________________________________________________________________________________________________________________________] 19.44% 10 p/s39 / 180 [---------------------------------->_____________________________________________________________________________________________________________________________] 21.67% 10 p/s43 / 180 [-------------------------------------->_________________________________________________________________________________________________________________________] 23.89% 10 p/s47 / 180 [----------------------------------------->______________________________________________________________________________________________________________________] 26.11% 10 p/s51 / 180 [--------------------------------------------->__________________________________________________________________________________________________________________] 28.33% 10 p/s55 / 180 [------------------------------------------------>_______________________________________________________________________________________________________________] 30.56% 10 p/s59 / 180 [---------------------------------------------------->___________________________________________________________________________________________________________] 32.78% 11 p/s63 / 180 [------------------------------------------------------->________________________________________________________________________________________________________] 35.00% 11 p/s67 / 180 [----------------------------------------------------------->____________________________________________________________________________________________________] 37.22% 11 p/s71 / 180 [--------------------------------------------------------------->________________________________________________________________________________________________] 39.44% 12 p/s75 / 180 [------------------------------------------------------------------>_____________________________________________________________________________________________] 41.67% 12 p/s79 / 180 [---------------------------------------------------------------------->_________________________________________________________________________________________] 43.89% 12 p/s83 / 180 [------------------------------------------------------------------------->______________________________________________________________________________________] 46.11% 12 p/s87 / 180 [----------------------------------------------------------------------------->__________________________________________________________________________________] 48.33% 12 p/s91 / 180 [-------------------------------------------------------------------------------->_______________________________________________________________________________] 50.56% 12 p/s95 / 180 [------------------------------------------------------------------------------------>___________________________________________________________________________] 52.78% 13 p/s99 / 180 [--------------------------------------------------------------------------------------->________________________________________________________________________] 55.00% 13 p/s103 / 180 [------------------------------------------------------------------------------------------>____________________________________________________________________] 57.22% 13 p/s107 / 180 [---------------------------------------------------------------------------------------------->________________________________________________________________] 59.44% 13 p/s111 / 180 [-------------------------------------------------------------------------------------------------->____________________________________________________________] 61.67% 13 p/s115 / 180 [----------------------------------------------------------------------------------------------------->_________________________________________________________] 63.89% 13 p/s119 / 180 [--------------------------------------------------------------------------------------------------------->_____________________________________________________] 66.11% 14 p/s123 / 180 [------------------------------------------------------------------------------------------------------------>__________________________________________________] 68.33% 14 p/s127 / 180 [---------------------------------------------------------------------------------------------------------------->______________________________________________] 70.56% 14 p/s131 / 180 [------------------------------------------------------------------------------------------------------------------->___________________________________________] 72.78% 14 p/s135 / 180 [----------------------------------------------------------------------------------------------------------------------->_______________________________________] 75.00% 14 p/s139 / 180 [-------------------------------------------------------------------------------------------------------------------------->____________________________________] 77.22% 14 p/s143 / 180 [------------------------------------------------------------------------------------------------------------------------------>________________________________] 79.44% 14 p/s147 / 180 [--------------------------------------------------------------------------------------------------------------------------------->_____________________________] 81.67% 14 p/s151 / 180 [------------------------------------------------------------------------------------------------------------------------------------->_________________________] 83.89% 14 p/s155 / 180 [---------------------------------------------------------------------------------------------------------------------------------------->______________________] 86.11% 15 p/s159 / 180 [-------------------------------------------------------------------------------------------------------------------------------------------->__________________] 88.33% 15 p/s163 / 180 [----------------------------------------------------------------------------------------------------------------------------------------------->_______________] 90.56% 15 p/s167 / 180 [--------------------------------------------------------------------------------------------------------------------------------------------------->___________] 92.78% 15 p/s171 / 180 [------------------------------------------------------------------------------------------------------------------------------------------------------->_______] 95.00% 15 p/s175 / 180 [---------------------------------------------------------------------------------------------------------------------------------------------------------->____] 97.22% 15 p/s179 / 180 [-------------------------------------------------------------------------------------------------------------------------------------------------------------->] 99.44% 15 p/s180 / 180 [--------------------------------------------------------------------------------------------------------------------------------------------------------------] 100.00% 17 p/s
Summary:
  Total:	11.0269 secs.
  Slowest:	0.8795 secs.
  Fastest:	0.0015 secs.
  Average:	0.0143 secs.
  Stddev:	0.0969 secs.
  Requests/sec:	16.2330

Response time histogram:
  0.0015 [1]	|
  0.0893 [175]	|∎∎∎∎∎∎∎∎∎∎∎∎∎∎∎∎∎∎∎∎∎∎∎∎∎∎∎∎∎∎∎∎∎∎∎∎∎∎∎∎
  0.1771 [0]	|
  0.2649 [0]	|
  0.3527 [0]	|
  0.4405 [0]	|
  0.5283 [0]	|
  0.6161 [1]	|
  0.7039 [0]	|
  0.7917 [0]	|
  0.8795 [2]	|

Latency distribution:
  10% in 0.0017 secs.
  25% in 0.0017 secs.
  50% in 0.0018 secs.
  75% in 0.0020 secs.
  90% in 0.0024 secs.
  95% in 0.0033 secs.
  99% in 0.8795 secs.

Error distribution:
  [1]	etcdserver: too many requests

