2023/07/02 21:14:21 INFO: [core] [Channel #1 SubChannel #2] Subchannel Connectivity change to CONNECTING
2023/07/02 21:14:21 INFO: [core] [Channel #1 SubChannel #2] Subchannel picks a new address "localhost:2379" to connect
2023/07/02 21:14:21 INFO: [core] [Channel #1 SubChannel #2] Subchannel Connectivity change to READY
2023/07/02 21:14:21 INFO: [roundrobin] roundrobinPicker: Build called with info: {map[0xc0005c6378:{{
  "Addr": "localhost:2379",
  "ServerName": "localhost",
  "Attributes": null,
  "BalancerAttributes": null,
  "Type": 0,
  "Metadata": null
}}]}
2023/07/02 21:14:21 INFO: [core] [Channel #1] Channel Connectivity change to READY
5 / 40 [-------------------->______________________________________________________________________________________________________________________________________________] 12.50% ? p/s9 / 40 [------------------------------------>______________________________________________________________________________________________________________________________] 22.50% ? p/s13 / 40 [---------------------------------------------------->_____________________________________________________________________________________________________________] 32.50% ? p/s17 / 40 [-------------------------------------------------------------------->____________________________________________________________________________________________] 42.50% 20 p/s21 / 40 [------------------------------------------------------------------------------------>____________________________________________________________________________] 52.50% 20 p/s25 / 40 [---------------------------------------------------------------------------------------------------->____________________________________________________________] 62.50% 20 p/s29 / 40 [-------------------------------------------------------------------------------------------------------------------->____________________________________________] 72.50% 20 p/s33 / 40 [------------------------------------------------------------------------------------------------------------------------------------>____________________________] 82.50% 20 p/s37 / 40 [---------------------------------------------------------------------------------------------------------------------------------------------------->____________] 92.50% 20 p/s40 / 40 [----------------------------------------------------------------------------------------------------------------------------------------------------------------] 100.00% 23 p/s
Summary:
  Total:	1.9453 secs.
  Slowest:	0.0773 secs.
  Fastest:	0.0016 secs.
  Average:	0.0372 secs.
  Stddev:	0.0348 secs.
  Requests/sec:	20.5622

Response time histogram:
  0.0016 [1]	|∎∎
  0.0092 [19]	|∎∎∎∎∎∎∎∎∎∎∎∎∎∎∎∎∎∎∎∎∎∎∎∎∎∎∎∎∎∎∎∎∎∎∎∎∎∎∎∎
  0.0168 [0]	|
  0.0243 [0]	|
  0.0319 [0]	|
  0.0395 [0]	|
  0.0471 [0]	|
  0.0546 [2]	|∎∎∎∎
  0.0622 [0]	|
  0.0698 [0]	|
  0.0773 [18]	|∎∎∎∎∎∎∎∎∎∎∎∎∎∎∎∎∎∎∎∎∎∎∎∎∎∎∎∎∎∎∎∎∎∎∎∎∎

Latency distribution:
  10% in 0.0018 secs.
  25% in 0.0025 secs.
  50% in 0.0495 secs.
  75% in 0.0734 secs.
  90% in 0.0761 secs.
  95% in 0.0772 secs.

