bench with linearizable range
2023/07/02 21:14:21 INFO: [core] [Channel #1 SubChannel #2] Subchannel Connectivity change to CONNECTING
2023/07/02 21:14:21 INFO: [core] [Channel #1 SubChannel #2] Subchannel picks a new address "localhost:2379" to connect
2023/07/02 21:14:21 INFO: [core] [Channel #1 SubChannel #2] Subchannel Connectivity change to READY
2023/07/02 21:14:21 INFO: [roundrobin] roundrobinPicker: Build called with info: {map[0xc000012108:{{
  "Addr": "localhost:2379",
  "ServerName": "localhost",
  "Attributes": null,
  "BalancerAttributes": null,
  "Type": 0,
  "Metadata": null
}}]}
2023/07/02 21:14:21 INFO: [core] [Channel #1] Channel Connectivity change to READY
6 / 100 [--------->_________________________________________________________________________________________________________________________________________________________] 6.00% ? p/s10 / 100 [---------------->________________________________________________________________________________________________________________________________________________] 10.00% ? p/s14 / 100 [---------------------->__________________________________________________________________________________________________________________________________________] 14.00% ? p/s20 / 100 [------------------------------->________________________________________________________________________________________________________________________________] 20.00% 23 p/s25 / 100 [--------------------------------------->________________________________________________________________________________________________________________________] 25.00% 23 p/s29 / 100 [---------------------------------------------->_________________________________________________________________________________________________________________] 29.00% 23 p/s34 / 100 [------------------------------------------------------>_________________________________________________________________________________________________________] 34.00% 23 p/s39 / 100 [-------------------------------------------------------------->_________________________________________________________________________________________________] 39.00% 23 p/s43 / 100 [-------------------------------------------------------------------->___________________________________________________________________________________________] 43.00% 23 p/s48 / 100 [---------------------------------------------------------------------------->___________________________________________________________________________________] 48.00% 23 p/s53 / 100 [------------------------------------------------------------------------------------>___________________________________________________________________________] 53.00% 23 p/s58 / 100 [-------------------------------------------------------------------------------------------->___________________________________________________________________] 58.00% 23 p/s62 / 100 [--------------------------------------------------------------------------------------------------->____________________________________________________________] 62.00% 23 p/s68 / 100 [------------------------------------------------------------------------------------------------------------>___________________________________________________] 68.00% 23 p/s73 / 100 [-------------------------------------------------------------------------------------------------------------------->___________________________________________] 73.00% 23 p/s77 / 100 [--------------------------------------------------------------------------------------------------------------------------->____________________________________] 77.00% 23 p/s81 / 100 [--------------------------------------------------------------------------------------------------------------------------------->______________________________] 81.00% 23 p/s86 / 100 [----------------------------------------------------------------------------------------------------------------------------------------->______________________] 86.00% 23 p/s91 / 100 [------------------------------------------------------------------------------------------------------------------------------------------------->______________] 91.00% 23 p/s95 / 100 [------------------------------------------------------------------------------------------------------------------------------------------------------->________] 95.00% 23 p/s100 / 100 [--------------------------------------------------------------------------------------------------------------------------------------------------------------] 100.00% 25 p/s
Summary:
  Total:	4.1560 secs.
  Slowest:	0.0958 secs.
  Fastest:	0.0002 secs.
  Average:	0.0368 secs.
  Stddev:	0.0409 secs.
  Requests/sec:	24.0616

Response time histogram:
  0.0002 [1]	|
  0.0098 [54]	|∎∎∎∎∎∎∎∎∎∎∎∎∎∎∎∎∎∎∎∎∎∎∎∎∎∎∎∎∎∎∎∎∎∎∎∎∎∎∎∎
  0.0193 [2]	|∎
  0.0289 [1]	|
  0.0385 [0]	|
  0.0480 [0]	|
  0.0576 [1]	|
  0.0671 [1]	|
  0.0767 [2]	|∎
  0.0863 [18]	|∎∎∎∎∎∎∎∎∎∎∎∎∎
  0.0958 [20]	|∎∎∎∎∎∎∎∎∎∎∎∎∎∎

Latency distribution:
  10% in 0.0004 secs.
  25% in 0.0016 secs.
  50% in 0.0034 secs.
  75% in 0.0841 secs.
  90% in 0.0908 secs.
  95% in 0.0927 secs.
  99% in 0.0958 secs.
