bench with linearizable range
2023/07/02 21:13:37 INFO: [core] [Channel #1 SubChannel #2] Subchannel Connectivity change to CONNECTING
2023/07/02 21:13:37 INFO: [core] [Channel #1 SubChannel #2] Subchannel picks a new address "localhost:2379" to connect
2023/07/02 21:13:37 INFO: [core] [Channel #1 SubChannel #2] Subchannel Connectivity change to READY
2023/07/02 21:13:37 INFO: [roundrobin] roundrobinPicker: Build called with info: {map[0xc0001223a8:{{
  "Addr": "localhost:2379",
  "ServerName": "localhost",
  "Attributes": null,
  "BalancerAttributes": null,
  "Type": 0,
  "Metadata": null
}}]}
2023/07/02 21:13:37 INFO: [core] [Channel #1] Channel Connectivity change to READY
5 / 100 [-------->__________________________________________________________________________________________________________________________________________________________] 5.00% ? p/s9 / 100 [-------------->____________________________________________________________________________________________________________________________________________________] 9.00% ? p/s13 / 100 [-------------------->____________________________________________________________________________________________________________________________________________] 13.00% ? p/s15 / 100 [----------------------->________________________________________________________________________________________________________________________________________] 15.00% 17 p/s19 / 100 [------------------------------>_________________________________________________________________________________________________________________________________] 19.00% 17 p/s23 / 100 [------------------------------------>___________________________________________________________________________________________________________________________] 23.00% 17 p/s28 / 100 [-------------------------------------------->___________________________________________________________________________________________________________________] 28.00% 17 p/s32 / 100 [--------------------------------------------------->____________________________________________________________________________________________________________] 32.00% 17 p/s37 / 100 [----------------------------------------------------------->____________________________________________________________________________________________________] 37.00% 17 p/s43 / 100 [-------------------------------------------------------------------->___________________________________________________________________________________________] 43.00% 17 p/s47 / 100 [--------------------------------------------------------------------------->____________________________________________________________________________________] 47.00% 17 p/s51 / 100 [--------------------------------------------------------------------------------->______________________________________________________________________________] 51.00% 17 p/s56 / 100 [----------------------------------------------------------------------------------------->______________________________________________________________________] 56.00% 18 p/s60 / 100 [----------------------------------------------------------------------------------------------->________________________________________________________________] 60.00% 18 p/s66 / 100 [--------------------------------------------------------------------------------------------------------->______________________________________________________] 66.00% 18 p/s70 / 100 [--------------------------------------------------------------------------------------------------------------->________________________________________________] 70.00% 18 p/s73 / 100 [-------------------------------------------------------------------------------------------------------------------->___________________________________________] 73.00% 18 p/s77 / 100 [--------------------------------------------------------------------------------------------------------------------------->____________________________________] 77.00% 18 p/s82 / 100 [----------------------------------------------------------------------------------------------------------------------------------->____________________________] 82.00% 18 p/s87 / 100 [------------------------------------------------------------------------------------------------------------------------------------------->____________________] 87.00% 18 p/s91 / 100 [------------------------------------------------------------------------------------------------------------------------------------------------->______________] 91.00% 18 p/s96 / 100 [--------------------------------------------------------------------------------------------------------------------------------------------------------->______] 96.00% 19 p/s100 / 100 [--------------------------------------------------------------------------------------------------------------------------------------------------------------] 100.00% 23 p/s
Summary:
  Total:	4.5637 secs.
  Slowest:	0.1877 secs.
  Fastest:	0.0003 secs.
  Average:	0.0414 secs.
  Stddev:	0.0443 secs.
  Requests/sec:	21.9121

Response time histogram:
  0.0003 [1]	|
  0.0190 [54]	|∎∎∎∎∎∎∎∎∎∎∎∎∎∎∎∎∎∎∎∎∎∎∎∎∎∎∎∎∎∎∎∎∎∎∎∎∎∎∎∎
  0.0378 [0]	|
  0.0565 [0]	|
  0.0752 [1]	|
  0.0940 [40]	|∎∎∎∎∎∎∎∎∎∎∎∎∎∎∎∎∎∎∎∎∎∎∎∎∎∎∎∎∎
  0.1127 [3]	|∎∎
  0.1315 [0]	|
  0.1502 [0]	|
  0.1689 [0]	|
  0.1877 [1]	|

Latency distribution:
  10% in 0.0007 secs.
  25% in 0.0024 secs.
  50% in 0.0055 secs.
  75% in 0.0884 secs.
  90% in 0.0924 secs.
  95% in 0.0939 secs.
  99% in 0.1877 secs.
