2023/07/02 21:13:37 INFO: [core] [Channel #1 SubChannel #2] Subchannel Connectivity change to CONNECTING
2023/07/02 21:13:37 INFO: [core] [Channel #1 SubChannel #2] Subchannel picks a new address "localhost:2379" to connect
2023/07/02 21:13:37 INFO: [core] [Channel #1 SubChannel #2] Subchannel Connectivity change to READY
2023/07/02 21:13:37 INFO: [roundrobin] roundrobinPicker: Build called with info: {map[0xc000110000:{{
  "Addr": "localhost:2379",
  "ServerName": "localhost",
  "Attributes": null,
  "BalancerAttributes": null,
  "Type": 0,
  "Metadata": null
}}]}
2023/07/02 21:13:37 INFO: [core] [Channel #1] Channel Connectivity change to READY
4 / 40 [---------------->__________________________________________________________________________________________________________________________________________________] 10.00% ? p/s8 / 40 [-------------------------------->__________________________________________________________________________________________________________________________________] 20.00% ? p/s12 / 40 [------------------------------------------------>_________________________________________________________________________________________________________________] 30.00% ? p/s14 / 40 [-------------------------------------------------------->________________________________________________________________________________________________________] 35.00% 17 p/s18 / 40 [------------------------------------------------------------------------>________________________________________________________________________________________] 45.00% 17 p/s22 / 40 [---------------------------------------------------------------------------------------->________________________________________________________________________] 55.00% 17 p/s26 / 40 [-------------------------------------------------------------------------------------------------------->________________________________________________________] 65.00% 17 p/s30 / 40 [------------------------------------------------------------------------------------------------------------------------>________________________________________] 75.00% 17 p/s34 / 40 [---------------------------------------------------------------------------------------------------------------------------------------->________________________] 85.00% 17 p/s38 / 40 [-------------------------------------------------------------------------------------------------------------------------------------------------------->________] 95.00% 17 p/s40 / 40 [----------------------------------------------------------------------------------------------------------------------------------------------------------------] 100.00% 20 p/s
Summary:
  Total:	2.1588 secs.
  Slowest:	0.0989 secs.
  Fastest:	0.0016 secs.
  Average:	0.0438 secs.
  Stddev:	0.0375 secs.
  Requests/sec:	18.5286

Response time histogram:
  0.0016 [1]	|∎∎
  0.0113 [17]	|∎∎∎∎∎∎∎∎∎∎∎∎∎∎∎∎∎∎∎∎∎∎∎∎∎∎∎∎∎∎∎∎∎∎∎∎∎∎∎∎
  0.0211 [0]	|
  0.0308 [0]	|
  0.0405 [0]	|
  0.0503 [0]	|
  0.0600 [0]	|
  0.0697 [3]	|∎∎∎∎∎∎∎
  0.0795 [16]	|∎∎∎∎∎∎∎∎∎∎∎∎∎∎∎∎∎∎∎∎∎∎∎∎∎∎∎∎∎∎∎∎∎∎∎∎∎
  0.0892 [0]	|
  0.0989 [3]	|∎∎∎∎∎∎∎

Latency distribution:
  10% in 0.0021 secs.
  25% in 0.0032 secs.
  50% in 0.0697 secs.
  75% in 0.0752 secs.
  90% in 0.0792 secs.
  95% in 0.0981 secs.

