2023/06/29 22:27:08 INFO: [core] [Channel #1 SubChannel #2] Subchannel Connectivity change to CONNECTING
2023/06/29 22:27:08 INFO: [core] [Channel #1 SubChannel #2] Subchannel picks a new address "localhost:2379" to connect
2023/06/29 22:27:08 INFO: [core] [Channel #1 SubChannel #2] Subchannel Connectivity change to READY
2023/06/29 22:27:08 INFO: [roundrobin] roundrobinPicker: Build called with info: {map[0xc000389248:{{
  "Addr": "localhost:2379",
  "ServerName": "localhost",
  "Attributes": null,
  "BalancerAttributes": null,
  "Type": 0,
  "Metadata": null
}}]}
2023/06/29 22:27:08 INFO: [core] [Channel #1] Channel Connectivity change to READY
4 / 180 [--->_______________________________________________________________________________________________________________________________________________________________] 2.22% ? p/s8 / 180 [------->___________________________________________________________________________________________________________________________________________________________] 4.44% ? p/s11 / 180 [--------->________________________________________________________________________________________________________________________________________________________] 6.11% ? p/s12 / 180 [---------->______________________________________________________________________________________________________________________________________________________] 6.67% 13 p/s12 / 180 [---------->______________________________________________________________________________________________________________________________________________________] 6.67% 13 p/s12 / 180 [---------->______________________________________________________________________________________________________________________________________________________] 6.67% 13 p/s13 / 180 [----------->_____________________________________________________________________________________________________________________________________________________] 7.22% 13 p/s13 / 180 [----------->_____________________________________________________________________________________________________________________________________________________] 7.22% 13 p/s13 / 180 [----------->_____________________________________________________________________________________________________________________________________________________] 7.22% 13 p/s{"level":"warn","ts":"2023-06-29T22:27:10.490265-0400","logger":"etcd-client","caller":"v3/retry_interceptor.go:65","msg":"retrying of unary invoker failed","target":"etcd-endpoints://0xc000400000/localhost:2379","method":"/etcdserverpb.KV/Put","attempt":0,"error":"rpc error: code = Unknown desc = etcdserver: too many requests"}
15 / 180 [------------->___________________________________________________________________________________________________________________________________________________] 8.33% 12 p/s19 / 180 [---------------->_______________________________________________________________________________________________________________________________________________] 10.56% 12 p/s23 / 180 [-------------------->___________________________________________________________________________________________________________________________________________] 12.78% 12 p/s27 / 180 [----------------------->________________________________________________________________________________________________________________________________________] 15.00% 13 p/s31 / 180 [--------------------------->____________________________________________________________________________________________________________________________________] 17.22% 13 p/s35 / 180 [------------------------------->________________________________________________________________________________________________________________________________] 19.44% 13 p/s39 / 180 [---------------------------------->_____________________________________________________________________________________________________________________________] 21.67% 13 p/s43 / 180 [-------------------------------------->_________________________________________________________________________________________________________________________] 23.89% 13 p/s47 / 180 [----------------------------------------->______________________________________________________________________________________________________________________] 26.11% 13 p/s51 / 180 [--------------------------------------------->__________________________________________________________________________________________________________________] 28.33% 13 p/s55 / 180 [------------------------------------------------>_______________________________________________________________________________________________________________] 30.56% 13 p/s59 / 180 [---------------------------------------------------->___________________________________________________________________________________________________________] 32.78% 13 p/s63 / 180 [------------------------------------------------------->________________________________________________________________________________________________________] 35.00% 14 p/s67 / 180 [----------------------------------------------------------->____________________________________________________________________________________________________] 37.22% 14 p/s71 / 180 [--------------------------------------------------------------->________________________________________________________________________________________________] 39.44% 14 p/s75 / 180 [------------------------------------------------------------------>_____________________________________________________________________________________________] 41.67% 14 p/s79 / 180 [---------------------------------------------------------------------->_________________________________________________________________________________________] 43.89% 14 p/s83 / 180 [------------------------------------------------------------------------->______________________________________________________________________________________] 46.11% 14 p/s87 / 180 [----------------------------------------------------------------------------->__________________________________________________________________________________] 48.33% 15 p/s91 / 180 [-------------------------------------------------------------------------------->_______________________________________________________________________________] 50.56% 15 p/s95 / 180 [------------------------------------------------------------------------------------>___________________________________________________________________________] 52.78% 15 p/s99 / 180 [--------------------------------------------------------------------------------------->________________________________________________________________________] 55.00% 15 p/s103 / 180 [------------------------------------------------------------------------------------------>____________________________________________________________________] 57.22% 15 p/s107 / 180 [---------------------------------------------------------------------------------------------->________________________________________________________________] 59.44% 15 p/s111 / 180 [-------------------------------------------------------------------------------------------------->____________________________________________________________] 61.67% 15 p/s115 / 180 [----------------------------------------------------------------------------------------------------->_________________________________________________________] 63.89% 15 p/s119 / 180 [--------------------------------------------------------------------------------------------------------->_____________________________________________________] 66.11% 15 p/s123 / 180 [------------------------------------------------------------------------------------------------------------>__________________________________________________] 68.33% 16 p/s127 / 180 [---------------------------------------------------------------------------------------------------------------->______________________________________________] 70.56% 16 p/s131 / 180 [------------------------------------------------------------------------------------------------------------------->___________________________________________] 72.78% 16 p/s135 / 180 [----------------------------------------------------------------------------------------------------------------------->_______________________________________] 75.00% 16 p/s139 / 180 [-------------------------------------------------------------------------------------------------------------------------->____________________________________] 77.22% 16 p/s143 / 180 [------------------------------------------------------------------------------------------------------------------------------>________________________________] 79.44% 16 p/s147 / 180 [--------------------------------------------------------------------------------------------------------------------------------->_____________________________] 81.67% 16 p/s151 / 180 [------------------------------------------------------------------------------------------------------------------------------------->_________________________] 83.89% 16 p/s155 / 180 [---------------------------------------------------------------------------------------------------------------------------------------->______________________] 86.11% 16 p/s159 / 180 [-------------------------------------------------------------------------------------------------------------------------------------------->__________________] 88.33% 16 p/s163 / 180 [----------------------------------------------------------------------------------------------------------------------------------------------->_______________] 90.56% 16 p/s167 / 180 [--------------------------------------------------------------------------------------------------------------------------------------------------->___________] 92.78% 16 p/s171 / 180 [------------------------------------------------------------------------------------------------------------------------------------------------------->_______] 95.00% 17 p/s174 / 180 [--------------------------------------------------------------------------------------------------------------------------------------------------------->_____] 96.67% 17 p/s179 / 180 [-------------------------------------------------------------------------------------------------------------------------------------------------------------->] 99.44% 17 p/s180 / 180 [--------------------------------------------------------------------------------------------------------------------------------------------------------------] 100.00% 18 p/s
Summary:
  Total:	10.2420 secs.
  Slowest:	0.6736 secs.
  Fastest:	0.0015 secs.
  Average:	0.0105 secs.
  Stddev:	0.0667 secs.
  Requests/sec:	17.4771

Response time histogram:
  0.0015 [1]	|
  0.0687 [174]	|∎∎∎∎∎∎∎∎∎∎∎∎∎∎∎∎∎∎∎∎∎∎∎∎∎∎∎∎∎∎∎∎∎∎∎∎∎∎∎∎
  0.1359 [1]	|
  0.2031 [1]	|
  0.2703 [0]	|
  0.3376 [0]	|
  0.4048 [0]	|
  0.4720 [0]	|
  0.5392 [0]	|
  0.6064 [1]	|
  0.6736 [1]	|

Latency distribution:
  10% in 0.0017 secs.
  25% in 0.0017 secs.
  50% in 0.0018 secs.
  75% in 0.0020 secs.
  90% in 0.0032 secs.
  95% in 0.0051 secs.
  99% in 0.6736 secs.

Error distribution:
  [1]	etcdserver: too many requests

