bench with linearizable range
2023/06/29 22:27:08 INFO: [core] [Channel #1 SubChannel #2] Subchannel Connectivity change to CONNECTING
2023/06/29 22:27:08 INFO: [core] [Channel #1 SubChannel #2] Subchannel picks a new address "localhost:2379" to connect
2023/06/29 22:27:08 INFO: [core] [Channel #1 SubChannel #2] Subchannel Connectivity change to READY
2023/06/29 22:27:08 INFO: [roundrobin] roundrobinPicker: Build called with info: {map[0xc00011a3a8:{{
  "Addr": "localhost:2379",
  "ServerName": "localhost",
  "Attributes": null,
  "BalancerAttributes": null,
  "Type": 0,
  "Metadata": null
}}]}
2023/06/29 22:27:08 INFO: [core] [Channel #1] Channel Connectivity change to READY
20 / 1000 [--->_____________________________________________________________________________________________________________________________________________________________] 2.00% ? p/s40 / 1000 [------>__________________________________________________________________________________________________________________________________________________________] 4.00% ? p/s58 / 1000 [--------->_______________________________________________________________________________________________________________________________________________________] 5.80% ? p/s60 / 1000 [--------->______________________________________________________________________________________________________________________________________________________] 6.00% 67 p/s60 / 1000 [--------->______________________________________________________________________________________________________________________________________________________] 6.00% 67 p/s64 / 1000 [---------->_____________________________________________________________________________________________________________________________________________________] 6.40% 67 p/s65 / 1000 [---------->_____________________________________________________________________________________________________________________________________________________] 6.50% 63 p/s65 / 1000 [---------->_____________________________________________________________________________________________________________________________________________________] 6.50% 63 p/s65 / 1000 [---------->_____________________________________________________________________________________________________________________________________________________] 6.50% 63 p/s66 / 1000 [---------->_____________________________________________________________________________________________________________________________________________________] 6.60% 59 p/s66 / 1000 [---------->_____________________________________________________________________________________________________________________________________________________] 6.60% 59 p/s66 / 1000 [---------->_____________________________________________________________________________________________________________________________________________________] 6.60% 59 p/s72 / 1000 [----------->____________________________________________________________________________________________________________________________________________________] 7.20% 56 p/s92 / 1000 [-------------->_________________________________________________________________________________________________________________________________________________] 9.20% 56 p/s112 / 1000 [----------------->____________________________________________________________________________________________________________________________________________] 11.20% 56 p/s132 / 1000 [-------------------->_________________________________________________________________________________________________________________________________________] 13.20% 59 p/s152 / 1000 [------------------------>_____________________________________________________________________________________________________________________________________] 15.20% 59 p/s172 / 1000 [--------------------------->__________________________________________________________________________________________________________________________________] 17.20% 59 p/s192 / 1000 [------------------------------>_______________________________________________________________________________________________________________________________] 19.20% 61 p/s212 / 1000 [--------------------------------->____________________________________________________________________________________________________________________________] 21.20% 61 p/s232 / 1000 [------------------------------------>_________________________________________________________________________________________________________________________] 23.20% 61 p/s252 / 1000 [--------------------------------------->______________________________________________________________________________________________________________________] 25.20% 64 p/s272 / 1000 [------------------------------------------>___________________________________________________________________________________________________________________] 27.20% 64 p/s292 / 1000 [---------------------------------------------->_______________________________________________________________________________________________________________] 29.20% 64 p/s312 / 1000 [------------------------------------------------->____________________________________________________________________________________________________________] 31.20% 66 p/s332 / 1000 [---------------------------------------------------->_________________________________________________________________________________________________________] 33.20% 66 p/s352 / 1000 [------------------------------------------------------->______________________________________________________________________________________________________] 35.20% 66 p/s372 / 1000 [---------------------------------------------------------->___________________________________________________________________________________________________] 37.20% 68 p/s392 / 1000 [------------------------------------------------------------->________________________________________________________________________________________________] 39.20% 68 p/s412 / 1000 [----------------------------------------------------------------->____________________________________________________________________________________________] 41.20% 68 p/s432 / 1000 [-------------------------------------------------------------------->_________________________________________________________________________________________] 43.20% 70 p/s452 / 1000 [----------------------------------------------------------------------->______________________________________________________________________________________] 45.20% 70 p/s472 / 1000 [-------------------------------------------------------------------------->___________________________________________________________________________________] 47.20% 70 p/s492 / 1000 [----------------------------------------------------------------------------->________________________________________________________________________________] 49.20% 72 p/s512 / 1000 [-------------------------------------------------------------------------------->_____________________________________________________________________________] 51.20% 72 p/s532 / 1000 [------------------------------------------------------------------------------------>_________________________________________________________________________] 53.20% 72 p/s552 / 1000 [--------------------------------------------------------------------------------------->______________________________________________________________________] 55.20% 74 p/s572 / 1000 [------------------------------------------------------------------------------------------>___________________________________________________________________] 57.20% 74 p/s592 / 1000 [--------------------------------------------------------------------------------------------->________________________________________________________________] 59.20% 74 p/s612 / 1000 [------------------------------------------------------------------------------------------------>_____________________________________________________________] 61.20% 76 p/s632 / 1000 [--------------------------------------------------------------------------------------------------->__________________________________________________________] 63.20% 76 p/s652 / 1000 [------------------------------------------------------------------------------------------------------->______________________________________________________] 65.20% 76 p/s672 / 1000 [---------------------------------------------------------------------------------------------------------->___________________________________________________] 67.20% 77 p/s692 / 1000 [------------------------------------------------------------------------------------------------------------->________________________________________________] 69.20% 77 p/s712 / 1000 [---------------------------------------------------------------------------------------------------------------->_____________________________________________] 71.20% 77 p/s732 / 1000 [------------------------------------------------------------------------------------------------------------------->__________________________________________] 73.20% 79 p/s752 / 1000 [---------------------------------------------------------------------------------------------------------------------->_______________________________________] 75.20% 79 p/s772 / 1000 [------------------------------------------------------------------------------------------------------------------------->____________________________________] 77.20% 79 p/s792 / 1000 [----------------------------------------------------------------------------------------------------------------------------->________________________________] 79.20% 80 p/s812 / 1000 [-------------------------------------------------------------------------------------------------------------------------------->_____________________________] 81.20% 80 p/s832 / 1000 [----------------------------------------------------------------------------------------------------------------------------------->__________________________] 83.20% 80 p/s852 / 1000 [-------------------------------------------------------------------------------------------------------------------------------------->_______________________] 85.20% 81 p/s872 / 1000 [----------------------------------------------------------------------------------------------------------------------------------------->____________________] 87.20% 81 p/s892 / 1000 [-------------------------------------------------------------------------------------------------------------------------------------------->_________________] 89.20% 81 p/s912 / 1000 [------------------------------------------------------------------------------------------------------------------------------------------------>_____________] 91.20% 83 p/s932 / 1000 [--------------------------------------------------------------------------------------------------------------------------------------------------->__________] 93.20% 83 p/s952 / 1000 [------------------------------------------------------------------------------------------------------------------------------------------------------>_______] 95.20% 83 p/s972 / 1000 [--------------------------------------------------------------------------------------------------------------------------------------------------------->____] 97.20% 84 p/s992 / 1000 [------------------------------------------------------------------------------------------------------------------------------------------------------------>_] 99.20% 84 p/s1000 / 1000 [------------------------------------------------------------------------------------------------------------------------------------------------------------] 100.00% 86 p/s
Summary:
  Total:	11.8742 secs.
  Slowest:	0.7479 secs.
  Fastest:	0.0002 secs.
  Average:	0.0025 secs.
  Stddev:	0.0312 secs.
  Requests/sec:	84.2163

Response time histogram:
  0.0002 [1]	|
  0.0750 [992]	|∎∎∎∎∎∎∎∎∎∎∎∎∎∎∎∎∎∎∎∎∎∎∎∎∎∎∎∎∎∎∎∎∎∎∎∎∎∎∎∎
  0.1498 [4]	|
  0.2245 [0]	|
  0.2993 [0]	|
  0.3741 [1]	|
  0.4488 [0]	|
  0.5236 [0]	|
  0.5984 [1]	|
  0.6731 [0]	|
  0.7479 [1]	|

Latency distribution:
  10% in 0.0003 secs.
  25% in 0.0003 secs.
  50% in 0.0004 secs.
  75% in 0.0005 secs.
  90% in 0.0007 secs.
  95% in 0.0009 secs.
  99% in 0.0095 secs.
  99.9% in 0.7479 secs.
