bench with linearizable range
2023/07/02 21:13:49 INFO: [core] [Channel #1 SubChannel #2] Subchannel Connectivity change to CONNECTING
2023/07/02 21:13:49 INFO: [core] [Channel #1 SubChannel #2] Subchannel picks a new address "localhost:2379" to connect
2023/07/02 21:13:49 INFO: [core] [Channel #1 SubChannel #2] Subchannel Connectivity change to READY
2023/07/02 21:13:49 INFO: [roundrobin] roundrobinPicker: Build called with info: {map[0xc000111ad0:{{
  "Addr": "localhost:2379",
  "ServerName": "localhost",
  "Attributes": null,
  "BalancerAttributes": null,
  "Type": 0,
  "Metadata": null
}}]}
2023/07/02 21:13:49 INFO: [core] [Channel #1] Channel Connectivity change to READY
4 / 100 [------>____________________________________________________________________________________________________________________________________________________________] 4.00% ? p/s7 / 100 [----------->_______________________________________________________________________________________________________________________________________________________] 7.00% ? p/s9 / 100 [-------------->____________________________________________________________________________________________________________________________________________________] 9.00% ? p/s10 / 100 [--------------->________________________________________________________________________________________________________________________________________________] 10.00% 10 p/s11 / 100 [----------------->______________________________________________________________________________________________________________________________________________] 11.00% 10 p/s15 / 100 [----------------------->________________________________________________________________________________________________________________________________________] 15.00% 10 p/s19 / 100 [------------------------------>_________________________________________________________________________________________________________________________________] 19.00% 10 p/s23 / 100 [------------------------------------>___________________________________________________________________________________________________________________________] 23.00% 10 p/s26 / 100 [----------------------------------------->______________________________________________________________________________________________________________________] 26.00% 10 p/s31 / 100 [------------------------------------------------->______________________________________________________________________________________________________________] 31.00% 11 p/s35 / 100 [------------------------------------------------------->________________________________________________________________________________________________________] 35.00% 11 p/s38 / 100 [------------------------------------------------------------>___________________________________________________________________________________________________] 38.00% 11 p/s38 / 100 [------------------------------------------------------------>___________________________________________________________________________________________________] 38.00% 11 p/s42 / 100 [------------------------------------------------------------------->____________________________________________________________________________________________] 42.00% 11 p/s46 / 100 [------------------------------------------------------------------------->______________________________________________________________________________________] 46.00% 11 p/s50 / 100 [------------------------------------------------------------------------------->________________________________________________________________________________] 50.00% 12 p/s54 / 100 [-------------------------------------------------------------------------------------->_________________________________________________________________________] 54.00% 12 p/s58 / 100 [-------------------------------------------------------------------------------------------->___________________________________________________________________] 58.00% 12 p/s63 / 100 [---------------------------------------------------------------------------------------------------->___________________________________________________________] 63.00% 12 p/s67 / 100 [----------------------------------------------------------------------------------------------------------->____________________________________________________] 67.00% 12 p/s72 / 100 [------------------------------------------------------------------------------------------------------------------->____________________________________________] 72.00% 12 p/s76 / 100 [------------------------------------------------------------------------------------------------------------------------->______________________________________] 76.00% 13 p/s80 / 100 [------------------------------------------------------------------------------------------------------------------------------->________________________________] 80.00% 13 p/s83 / 100 [------------------------------------------------------------------------------------------------------------------------------------>___________________________] 83.00% 13 p/s87 / 100 [------------------------------------------------------------------------------------------------------------------------------------------->____________________] 87.00% 13 p/s92 / 100 [--------------------------------------------------------------------------------------------------------------------------------------------------->____________] 92.00% 13 p/s96 / 100 [--------------------------------------------------------------------------------------------------------------------------------------------------------->______] 96.00% 13 p/s100 / 100 [--------------------------------------------------------------------------------------------------------------------------------------------------------------] 100.00% 19 p/s
Summary:
  Total:	5.5363 secs.
  Slowest:	0.2893 secs.
  Fastest:	0.0003 secs.
  Average:	0.0516 secs.
  Stddev:	0.0577 secs.
  Requests/sec:	18.0627

Response time histogram:
  0.0003 [1]	|
  0.0292 [49]	|∎∎∎∎∎∎∎∎∎∎∎∎∎∎∎∎∎∎∎∎∎∎∎∎∎∎∎∎∎∎∎∎∎∎∎∎∎∎∎∎
  0.0581 [1]	|
  0.0870 [14]	|∎∎∎∎∎∎∎∎∎∎∎
  0.1159 [31]	|∎∎∎∎∎∎∎∎∎∎∎∎∎∎∎∎∎∎∎∎∎∎∎∎∎
  0.1448 [0]	|
  0.1737 [0]	|
  0.2026 [2]	|∎
  0.2315 [0]	|
  0.2604 [0]	|
  0.2893 [2]	|∎

Latency distribution:
  10% in 0.0007 secs.
  25% in 0.0028 secs.
  50% in 0.0353 secs.
  75% in 0.0907 secs.
  90% in 0.0955 secs.
  95% in 0.1038 secs.
  99% in 0.2893 secs.
