2023/07/02 21:13:49 INFO: [core] [Channel #1 SubChannel #2] Subchannel Connectivity change to CONNECTING
2023/07/02 21:13:49 INFO: [core] [Channel #1 SubChannel #2] Subchannel picks a new address "localhost:2379" to connect
2023/07/02 21:13:49 INFO: [core] [Channel #1 SubChannel #2] Subchannel Connectivity change to READY
2023/07/02 21:13:49 INFO: [roundrobin] roundrobinPicker: Build called with info: {map[0xc000532000:{{
  "Addr": "localhost:2379",
  "ServerName": "localhost",
  "Attributes": null,
  "BalancerAttributes": null,
  "Type": 0,
  "Metadata": null
}}]}
2023/07/02 21:13:49 INFO: [core] [Channel #1] Channel Connectivity change to READY
3 / 40 [------------>_______________________________________________________________________________________________________________________________________________________] 7.50% ? p/s6 / 40 [------------------------>__________________________________________________________________________________________________________________________________________] 15.00% ? p/s7 / 40 [---------------------------->______________________________________________________________________________________________________________________________________] 17.50% ? p/s8 / 40 [-------------------------------->__________________________________________________________________________________________________________________________________] 20.00% 8 p/s9 / 40 [------------------------------------>______________________________________________________________________________________________________________________________] 22.50% 8 p/s12 / 40 [------------------------------------------------>_________________________________________________________________________________________________________________] 30.00% 8 p/s16 / 40 [---------------------------------------------------------------->_________________________________________________________________________________________________] 40.00% 9 p/s20 / 40 [-------------------------------------------------------------------------------->_________________________________________________________________________________] 50.00% 9 p/s23 / 40 [--------------------------------------------------------------------------------------------->____________________________________________________________________] 57.50% 9 p/s27 / 40 [------------------------------------------------------------------------------------------------------------->____________________________________________________] 67.50% 9 p/s31 / 40 [----------------------------------------------------------------------------------------------------------------------------->____________________________________] 77.50% 9 p/s33 / 40 [------------------------------------------------------------------------------------------------------------------------------------->____________________________] 82.50% 9 p/s33 / 40 [------------------------------------------------------------------------------------------------------------------------------------->____________________________] 82.50% 9 p/s37 / 40 [----------------------------------------------------------------------------------------------------------------------------------------------------->____________] 92.50% 9 p/s40 / 40 [----------------------------------------------------------------------------------------------------------------------------------------------------------------] 100.00% 15 p/s
Summary:
  Total:	2.9355 secs.
  Slowest:	0.2983 secs.
  Fastest:	0.0018 secs.
  Average:	0.0644 secs.
  Stddev:	0.0703 secs.
  Requests/sec:	13.6264

Response time histogram:
  0.0018 [1]	|∎∎
  0.0314 [15]	|∎∎∎∎∎∎∎∎∎∎∎∎∎∎∎∎∎∎∎∎∎∎∎∎∎∎∎∎∎∎∎∎∎∎∎∎∎∎∎∎
  0.0611 [1]	|∎∎
  0.0907 [14]	|∎∎∎∎∎∎∎∎∎∎∎∎∎∎∎∎∎∎∎∎∎∎∎∎∎∎∎∎∎∎∎∎∎∎∎∎∎
  0.1204 [5]	|∎∎∎∎∎∎∎∎∎∎∎∎∎
  0.1500 [0]	|
  0.1797 [1]	|∎∎
  0.2093 [1]	|∎∎
  0.2390 [0]	|
  0.2687 [0]	|
  0.2983 [2]	|∎∎∎∎∎

Latency distribution:
  10% in 0.0020 secs.
  25% in 0.0028 secs.
  50% in 0.0720 secs.
  75% in 0.0789 secs.
  90% in 0.1700 secs.
  95% in 0.2767 secs.

