2023/07/02 21:32:19 INFO: [core] [Channel #1 SubChannel #2] Subchannel Connectivity change to CONNECTING
2023/07/02 21:32:19 INFO: [core] [Channel #1 SubChannel #2] Subchannel picks a new address "localhost:2379" to connect
2023/07/02 21:32:19 INFO: [core] [Channel #1 SubChannel #2] Subchannel Connectivity change to READY
2023/07/02 21:32:19 INFO: [roundrobin] roundrobinPicker: Build called with info: {map[0xc000480360:{{
  "Addr": "localhost:2379",
  "ServerName": "localhost",
  "Attributes": null,
  "BalancerAttributes": null,
  "Type": 0,
  "Metadata": null
}}]}
2023/07/02 21:32:19 INFO: [core] [Channel #1] Channel Connectivity change to READY
7 / 180 [------>_________________________________________________________________________________________________________________________________________________________________] 3.89% ? p/s12 / 180 [----------->___________________________________________________________________________________________________________________________________________________________] 6.67% ? p/s19 / 180 [----------------->____________________________________________________________________________________________________________________________________________________] 10.56% ? p/s26 / 180 [----------------------->_____________________________________________________________________________________________________________________________________________] 14.44% 32 p/s34 / 180 [------------------------------->_____________________________________________________________________________________________________________________________________] 18.89% 32 p/s41 / 180 [------------------------------------->_______________________________________________________________________________________________________________________________] 22.78% 32 p/s48 / 180 [------------------------------------------->_________________________________________________________________________________________________________________________] 26.67% 32 p/s53 / 180 [------------------------------------------------>____________________________________________________________________________________________________________________] 29.44% 32 p/s58 / 180 [----------------------------------------------------->_______________________________________________________________________________________________________________] 32.22% 32 p/s62 / 180 [-------------------------------------------------------->____________________________________________________________________________________________________________] 34.44% 31 p/s67 / 180 [------------------------------------------------------------->_______________________________________________________________________________________________________] 37.22% 31 p/s73 / 180 [------------------------------------------------------------------>__________________________________________________________________________________________________] 40.56% 31 p/s75 / 180 [-------------------------------------------------------------------->________________________________________________________________________________________________] 41.67% 31 p/s75 / 180 [-------------------------------------------------------------------->________________________________________________________________________________________________] 41.67% 31 p/s79 / 180 [------------------------------------------------------------------------>____________________________________________________________________________________________] 43.89% 31 p/s83 / 180 [---------------------------------------------------------------------------->________________________________________________________________________________________] 46.11% 30 p/s88 / 180 [-------------------------------------------------------------------------------->____________________________________________________________________________________] 48.89% 30 p/s93 / 180 [------------------------------------------------------------------------------------->_______________________________________________________________________________] 51.67% 30 p/s94 / 180 [-------------------------------------------------------------------------------------->______________________________________________________________________________] 52.22% 29 p/s98 / 180 [----------------------------------------------------------------------------------------->___________________________________________________________________________] 54.44% 29 p/s105 / 180 [----------------------------------------------------------------------------------------------->____________________________________________________________________] 58.33% 29 p/s112 / 180 [------------------------------------------------------------------------------------------------------>_____________________________________________________________] 62.22% 29 p/s117 / 180 [---------------------------------------------------------------------------------------------------------->_________________________________________________________] 65.00% 29 p/s119 / 180 [------------------------------------------------------------------------------------------------------------>_______________________________________________________] 66.11% 29 p/s121 / 180 [-------------------------------------------------------------------------------------------------------------->_____________________________________________________] 67.22% 28 p/s126 / 180 [------------------------------------------------------------------------------------------------------------------>_________________________________________________] 70.00% 28 p/s134 / 180 [-------------------------------------------------------------------------------------------------------------------------->_________________________________________] 74.44% 28 p/s137 / 180 [---------------------------------------------------------------------------------------------------------------------------->_______________________________________] 76.11% 28 p/s137 / 180 [---------------------------------------------------------------------------------------------------------------------------->_______________________________________] 76.11% 28 p/s138 / 180 [----------------------------------------------------------------------------------------------------------------------------->______________________________________] 76.67% 28 p/s141 / 180 [-------------------------------------------------------------------------------------------------------------------------------->___________________________________] 78.33% 27 p/s145 / 180 [------------------------------------------------------------------------------------------------------------------------------------>_______________________________] 80.56% 27 p/s153 / 180 [------------------------------------------------------------------------------------------------------------------------------------------->________________________] 85.00% 27 p/s156 / 180 [---------------------------------------------------------------------------------------------------------------------------------------------->_____________________] 86.67% 27 p/s160 / 180 [------------------------------------------------------------------------------------------------------------------------------------------------->__________________] 88.89% 27 p/s166 / 180 [------------------------------------------------------------------------------------------------------------------------------------------------------->____________] 92.22% 27 p/s172 / 180 [------------------------------------------------------------------------------------------------------------------------------------------------------------>_______] 95.56% 27 p/s176 / 180 [---------------------------------------------------------------------------------------------------------------------------------------------------------------->___] 97.78% 27 p/s179 / 180 [------------------------------------------------------------------------------------------------------------------------------------------------------------------->] 99.44% 27 p/s180 / 180 [-------------------------------------------------------------------------------------------------------------------------------------------------------------------] 100.00% 24 p/s
Summary:
  Total:	7.8255 secs.
  Slowest:	0.4753 secs.
  Fastest:	0.0016 secs.
  Average:	0.0284 secs.
  Stddev:	0.0565 secs.
  Requests/sec:	23.0018

Response time histogram:
  0.0016 [1]	|
  0.0489 [140]	|∎∎∎∎∎∎∎∎∎∎∎∎∎∎∎∎∎∎∎∎∎∎∎∎∎∎∎∎∎∎∎∎∎∎∎∎∎∎∎∎
  0.0963 [28]	|∎∎∎∎∎∎∎∎
  0.1437 [4]	|∎
  0.1910 [2]	|
  0.2384 [2]	|
  0.2858 [2]	|
  0.3332 [0]	|
  0.3805 [0]	|
  0.4279 [0]	|
  0.4753 [1]	|

Latency distribution:
  10% in 0.0017 secs.
  25% in 0.0018 secs.
  50% in 0.0021 secs.
  75% in 0.0481 secs.
  90% in 0.0755 secs.
  95% in 0.0997 secs.
  99% in 0.4753 secs.

