2023/07/02 22:00:40 INFO: [core] [Channel #1 SubChannel #2] Subchannel Connectivity change to CONNECTING
2023/07/02 22:00:40 INFO: [core] [Channel #1 SubChannel #2] Subchannel picks a new address "localhost:2379" to connect
2023/07/02 22:00:40 INFO: [core] [Channel #1 SubChannel #2] Subchannel Connectivity change to READY
2023/07/02 22:00:40 INFO: [roundrobin] roundrobinPicker: Build called with info: {map[0xc0000121e0:{{
  "Addr": "localhost:2379",
  "ServerName": "localhost",
  "Attributes": null,
  "BalancerAttributes": null,
  "Type": 0,
  "Metadata": null
}}]}
2023/07/02 22:00:40 INFO: [core] [Channel #1] Channel Connectivity change to READY
8 / 180 [------->________________________________________________________________________________________________________________________________________________________________] 4.44% ? p/s15 / 180 [------------->_________________________________________________________________________________________________________________________________________________________] 8.33% ? p/s21 / 180 [------------------->__________________________________________________________________________________________________________________________________________________] 11.67% ? p/s28 / 180 [------------------------->___________________________________________________________________________________________________________________________________________] 15.56% 33 p/s34 / 180 [------------------------------->_____________________________________________________________________________________________________________________________________] 18.89% 33 p/s37 / 180 [--------------------------------->___________________________________________________________________________________________________________________________________] 20.56% 33 p/s44 / 180 [---------------------------------------->____________________________________________________________________________________________________________________________] 24.44% 33 p/s51 / 180 [---------------------------------------------->______________________________________________________________________________________________________________________] 28.33% 33 p/s55 / 180 [-------------------------------------------------->__________________________________________________________________________________________________________________] 30.56% 33 p/s59 / 180 [------------------------------------------------------>______________________________________________________________________________________________________________] 32.78% 32 p/s63 / 180 [--------------------------------------------------------->___________________________________________________________________________________________________________] 35.00% 32 p/s70 / 180 [---------------------------------------------------------------->____________________________________________________________________________________________________] 38.89% 32 p/s76 / 180 [--------------------------------------------------------------------->_______________________________________________________________________________________________] 42.22% 32 p/s77 / 180 [---------------------------------------------------------------------->______________________________________________________________________________________________] 42.78% 32 p/s80 / 180 [------------------------------------------------------------------------->___________________________________________________________________________________________] 44.44% 32 p/s83 / 180 [---------------------------------------------------------------------------->________________________________________________________________________________________] 46.11% 31 p/s87 / 180 [------------------------------------------------------------------------------->_____________________________________________________________________________________] 48.33% 31 p/s93 / 180 [------------------------------------------------------------------------------------->_______________________________________________________________________________] 51.67% 31 p/s95 / 180 [--------------------------------------------------------------------------------------->_____________________________________________________________________________] 52.78% 30 p/s97 / 180 [---------------------------------------------------------------------------------------->____________________________________________________________________________] 53.89% 30 p/s97 / 180 [---------------------------------------------------------------------------------------->____________________________________________________________________________] 53.89% 30 p/s99 / 180 [------------------------------------------------------------------------------------------>__________________________________________________________________________] 55.00% 29 p/s105 / 180 [----------------------------------------------------------------------------------------------->____________________________________________________________________] 58.33% 29 p/s108 / 180 [-------------------------------------------------------------------------------------------------->_________________________________________________________________] 60.00% 29 p/s111 / 180 [----------------------------------------------------------------------------------------------------->______________________________________________________________] 61.67% 28 p/s118 / 180 [----------------------------------------------------------------------------------------------------------->________________________________________________________] 65.56% 28 p/s125 / 180 [----------------------------------------------------------------------------------------------------------------->__________________________________________________] 69.44% 28 p/s130 / 180 [---------------------------------------------------------------------------------------------------------------------->_____________________________________________] 72.22% 28 p/s133 / 180 [------------------------------------------------------------------------------------------------------------------------->__________________________________________] 73.89% 28 p/s135 / 180 [-------------------------------------------------------------------------------------------------------------------------->_________________________________________] 75.00% 28 p/s142 / 180 [--------------------------------------------------------------------------------------------------------------------------------->__________________________________] 78.89% 28 p/s149 / 180 [--------------------------------------------------------------------------------------------------------------------------------------->____________________________] 82.78% 28 p/s156 / 180 [---------------------------------------------------------------------------------------------------------------------------------------------->_____________________] 86.67% 28 p/s157 / 180 [----------------------------------------------------------------------------------------------------------------------------------------------->____________________] 87.22% 28 p/s157 / 180 [----------------------------------------------------------------------------------------------------------------------------------------------->____________________] 87.22% 28 p/s158 / 180 [----------------------------------------------------------------------------------------------------------------------------------------------->____________________] 87.78% 28 p/s162 / 180 [--------------------------------------------------------------------------------------------------------------------------------------------------->________________] 90.00% 26 p/s168 / 180 [--------------------------------------------------------------------------------------------------------------------------------------------------------->__________] 93.33% 26 p/s170 / 180 [---------------------------------------------------------------------------------------------------------------------------------------------------------->_________] 94.44% 26 p/s172 / 180 [------------------------------------------------------------------------------------------------------------------------------------------------------------>_______] 95.56% 26 p/s179 / 180 [------------------------------------------------------------------------------------------------------------------------------------------------------------------->] 99.44% 26 p/s180 / 180 [-------------------------------------------------------------------------------------------------------------------------------------------------------------------] 100.00% 22 p/s
Summary:
  Total:	8.2143 secs.
  Slowest:	0.3997 secs.
  Fastest:	0.0013 secs.
  Average:	0.0312 secs.
  Stddev:	0.0571 secs.
  Requests/sec:	21.9131

Response time histogram:
  0.0013 [1]	|
  0.0412 [132]	|∎∎∎∎∎∎∎∎∎∎∎∎∎∎∎∎∎∎∎∎∎∎∎∎∎∎∎∎∎∎∎∎∎∎∎∎∎∎∎∎
  0.0810 [27]	|∎∎∎∎∎∎∎∎
  0.1208 [11]	|∎∎∎
  0.1607 [1]	|
  0.2005 [5]	|∎
  0.2403 [1]	|
  0.2802 [0]	|
  0.3200 [0]	|
  0.3598 [0]	|
  0.3997 [2]	|

Latency distribution:
  10% in 0.0017 secs.
  25% in 0.0018 secs.
  50% in 0.0021 secs.
  75% in 0.0479 secs.
  90% in 0.0966 secs.
  95% in 0.1489 secs.
  99% in 0.3997 secs.

