bench with linearizable range
2023/07/02 21:14:20 INFO: [core] [Channel #1 SubChannel #2] Subchannel Connectivity change to CONNECTING
2023/07/02 21:14:20 INFO: [core] [Channel #1 SubChannel #2] Subchannel picks a new address "localhost:2379" to connect
2023/07/02 21:14:20 INFO: [core] [Channel #1 SubChannel #2] Subchannel Connectivity change to READY
2023/07/02 21:14:20 INFO: [roundrobin] roundrobinPicker: Build called with info: {map[0xc000122558:{{
  "Addr": "localhost:2379",
  "ServerName": "localhost",
  "Attributes": null,
  "BalancerAttributes": null,
  "Type": 0,
  "Metadata": null
}}]}
2023/07/02 21:14:20 INFO: [core] [Channel #1] Channel Connectivity change to READY
19 / 100 [------------------------------>__________________________________________________________________________________________________________________________________] 19.00% ? p/s35 / 100 [-------------------------------------------------------->________________________________________________________________________________________________________] 35.00% ? p/s44 / 100 [---------------------------------------------------------------------->__________________________________________________________________________________________] 44.00% ? p/s50 / 100 [------------------------------------------------------------------------------->________________________________________________________________________________] 50.00% 52 p/s55 / 100 [--------------------------------------------------------------------------------------->________________________________________________________________________] 55.00% 52 p/s59 / 100 [---------------------------------------------------------------------------------------------->_________________________________________________________________] 59.00% 52 p/s63 / 100 [---------------------------------------------------------------------------------------------------->___________________________________________________________] 63.00% 50 p/s67 / 100 [----------------------------------------------------------------------------------------------------------->____________________________________________________] 67.00% 50 p/s73 / 100 [-------------------------------------------------------------------------------------------------------------------->___________________________________________] 73.00% 50 p/s78 / 100 [---------------------------------------------------------------------------------------------------------------------------->___________________________________] 78.00% 48 p/s82 / 100 [----------------------------------------------------------------------------------------------------------------------------------->____________________________] 82.00% 48 p/s87 / 100 [------------------------------------------------------------------------------------------------------------------------------------------->____________________] 87.00% 48 p/s92 / 100 [--------------------------------------------------------------------------------------------------------------------------------------------------->____________] 92.00% 47 p/s96 / 100 [--------------------------------------------------------------------------------------------------------------------------------------------------------->______] 96.00% 47 p/s100 / 100 [--------------------------------------------------------------------------------------------------------------------------------------------------------------] 100.00% 36 p/s
Summary:
  Total:	2.9459 secs.
  Slowest:	0.0979 secs.
  Fastest:	0.0003 secs.
  Average:	0.0232 secs.
  Stddev:	0.0361 secs.
  Requests/sec:	33.9459

Response time histogram:
  0.0003 [1]	|
  0.0100 [70]	|∎∎∎∎∎∎∎∎∎∎∎∎∎∎∎∎∎∎∎∎∎∎∎∎∎∎∎∎∎∎∎∎∎∎∎∎∎∎∎∎
  0.0198 [2]	|∎
  0.0295 [0]	|
  0.0393 [0]	|
  0.0491 [2]	|∎
  0.0588 [1]	|
  0.0686 [0]	|
  0.0783 [4]	|∎∎
  0.0881 [9]	|∎∎∎∎∎
  0.0979 [11]	|∎∎∎∎∎∎

Latency distribution:
  10% in 0.0004 secs.
  25% in 0.0005 secs.
  50% in 0.0018 secs.
  75% in 0.0525 secs.
  90% in 0.0892 secs.
  95% in 0.0910 secs.
  99% in 0.0979 secs.
