2023/07/02 21:14:20 INFO: [core] [Channel #1 SubChannel #2] Subchannel Connectivity change to CONNECTING
2023/07/02 21:14:20 INFO: [core] [Channel #1 SubChannel #2] Subchannel picks a new address "localhost:2379" to connect
2023/07/02 21:14:20 INFO: [core] [Channel #1 SubChannel #2] Subchannel Connectivity change to READY
2023/07/02 21:14:20 INFO: [roundrobin] roundrobinPicker: Build called with info: {map[0xc000110378:{{
  "Addr": "localhost:2379",
  "ServerName": "localhost",
  "Attributes": null,
  "BalancerAttributes": null,
  "Type": 0,
  "Metadata": null
}}]}
2023/07/02 21:14:20 INFO: [core] [Channel #1] Channel Connectivity change to READY
8 / 40 [-------------------------------->__________________________________________________________________________________________________________________________________] 20.00% ? p/s15 / 40 [------------------------------------------------------------>_____________________________________________________________________________________________________] 37.50% ? p/s20 / 40 [-------------------------------------------------------------------------------->_________________________________________________________________________________] 50.00% ? p/s24 / 40 [------------------------------------------------------------------------------------------------>________________________________________________________________] 60.00% 27 p/s28 / 40 [---------------------------------------------------------------------------------------------------------------->________________________________________________] 70.00% 27 p/s33 / 40 [------------------------------------------------------------------------------------------------------------------------------------>____________________________] 82.50% 27 p/s37 / 40 [---------------------------------------------------------------------------------------------------------------------------------------------------->____________] 92.50% 26 p/s40 / 40 [----------------------------------------------------------------------------------------------------------------------------------------------------------------] 100.00% 30 p/s
Summary:
  Total:	1.5469 secs.
  Slowest:	0.0786 secs.
  Fastest:	0.0016 secs.
  Average:	0.0240 secs.
  Stddev:	0.0304 secs.
  Requests/sec:	25.8585

Response time histogram:
  0.0016 [1]	|∎
  0.0093 [24]	|∎∎∎∎∎∎∎∎∎∎∎∎∎∎∎∎∎∎∎∎∎∎∎∎∎∎∎∎∎∎∎∎∎∎∎∎∎∎∎∎
  0.0170 [1]	|∎
  0.0247 [1]	|∎
  0.0324 [0]	|
  0.0401 [0]	|
  0.0478 [1]	|∎
  0.0555 [3]	|∎∎∎∎∎
  0.0632 [0]	|
  0.0709 [0]	|
  0.0786 [9]	|∎∎∎∎∎∎∎∎∎∎∎∎∎∎∎

Latency distribution:
  10% in 0.0018 secs.
  25% in 0.0020 secs.
  50% in 0.0035 secs.
  75% in 0.0492 secs.
  90% in 0.0738 secs.
  95% in 0.0776 secs.

