2023/07/02 21:45:49 INFO: [core] [Channel #1 SubChannel #2] Subchannel Connectivity change to CONNECTING
2023/07/02 21:45:49 INFO: [core] [Channel #1 SubChannel #2] Subchannel picks a new address "localhost:2379" to connect
2023/07/02 21:45:49 INFO: [core] [Channel #1 SubChannel #2] Subchannel Connectivity change to READY
2023/07/02 21:45:49 INFO: [roundrobin] roundrobinPicker: Build called with info: {map[0xc000110138:{{
  "Addr": "localhost:2379",
  "ServerName": "localhost",
  "Attributes": null,
  "BalancerAttributes": null,
  "Type": 0,
  "Metadata": null
}}]}
2023/07/02 21:45:49 INFO: [core] [Channel #1] Channel Connectivity change to READY
6 / 180 [----->__________________________________________________________________________________________________________________________________________________________________] 3.33% ? p/s13 / 180 [------------>__________________________________________________________________________________________________________________________________________________________] 7.22% ? p/s18 / 180 [---------------->_____________________________________________________________________________________________________________________________________________________] 10.00% ? p/s25 / 180 [---------------------->______________________________________________________________________________________________________________________________________________] 13.89% 32 p/s33 / 180 [------------------------------>______________________________________________________________________________________________________________________________________] 18.33% 32 p/s39 / 180 [----------------------------------->_________________________________________________________________________________________________________________________________] 21.67% 32 p/s47 / 180 [------------------------------------------->_________________________________________________________________________________________________________________________] 26.11% 32 p/s52 / 180 [----------------------------------------------->_____________________________________________________________________________________________________________________] 28.89% 32 p/s55 / 180 [-------------------------------------------------->__________________________________________________________________________________________________________________] 30.56% 32 p/s59 / 180 [------------------------------------------------------>______________________________________________________________________________________________________________] 32.78% 31 p/s63 / 180 [--------------------------------------------------------->___________________________________________________________________________________________________________] 35.00% 31 p/s67 / 180 [------------------------------------------------------------->_______________________________________________________________________________________________________] 37.22% 31 p/s73 / 180 [------------------------------------------------------------------>__________________________________________________________________________________________________] 40.56% 31 p/s75 / 180 [-------------------------------------------------------------------->________________________________________________________________________________________________] 41.67% 31 p/s76 / 180 [--------------------------------------------------------------------->_______________________________________________________________________________________________] 42.22% 31 p/s80 / 180 [------------------------------------------------------------------------->___________________________________________________________________________________________] 44.44% 29 p/s86 / 180 [------------------------------------------------------------------------------>______________________________________________________________________________________] 47.78% 29 p/s91 / 180 [----------------------------------------------------------------------------------->_________________________________________________________________________________] 50.56% 29 p/s92 / 180 [------------------------------------------------------------------------------------>________________________________________________________________________________] 51.11% 29 p/s92 / 180 [------------------------------------------------------------------------------------>________________________________________________________________________________] 51.11% 29 p/s95 / 180 [--------------------------------------------------------------------------------------->_____________________________________________________________________________] 52.78% 29 p/s97 / 180 [---------------------------------------------------------------------------------------->____________________________________________________________________________] 53.89% 28 p/s100 / 180 [------------------------------------------------------------------------------------------->________________________________________________________________________] 55.56% 28 p/s102 / 180 [-------------------------------------------------------------------------------------------->_______________________________________________________________________] 56.67% 28 p/s104 / 180 [---------------------------------------------------------------------------------------------->_____________________________________________________________________] 57.78% 27 p/s106 / 180 [------------------------------------------------------------------------------------------------>___________________________________________________________________] 58.89% 27 p/s111 / 180 [----------------------------------------------------------------------------------------------------->______________________________________________________________] 61.67% 27 p/s118 / 180 [----------------------------------------------------------------------------------------------------------->________________________________________________________] 65.56% 26 p/s120 / 180 [------------------------------------------------------------------------------------------------------------->______________________________________________________] 66.67% 26 p/s122 / 180 [--------------------------------------------------------------------------------------------------------------->____________________________________________________] 67.78% 26 p/s125 / 180 [----------------------------------------------------------------------------------------------------------------->__________________________________________________] 69.44% 25 p/s133 / 180 [------------------------------------------------------------------------------------------------------------------------->__________________________________________] 73.89% 25 p/s139 / 180 [------------------------------------------------------------------------------------------------------------------------------>_____________________________________] 77.22% 25 p/s141 / 180 [-------------------------------------------------------------------------------------------------------------------------------->___________________________________] 78.33% 25 p/s141 / 180 [-------------------------------------------------------------------------------------------------------------------------------->___________________________________] 78.33% 25 p/s143 / 180 [---------------------------------------------------------------------------------------------------------------------------------->_________________________________] 79.44% 25 p/s146 / 180 [------------------------------------------------------------------------------------------------------------------------------------->______________________________] 81.11% 24 p/s150 / 180 [---------------------------------------------------------------------------------------------------------------------------------------->___________________________] 83.33% 24 p/s152 / 180 [------------------------------------------------------------------------------------------------------------------------------------------>_________________________] 84.44% 24 p/s157 / 180 [----------------------------------------------------------------------------------------------------------------------------------------------->____________________] 87.22% 24 p/s165 / 180 [------------------------------------------------------------------------------------------------------------------------------------------------------>_____________] 91.67% 24 p/s172 / 180 [------------------------------------------------------------------------------------------------------------------------------------------------------------>_______] 95.56% 24 p/s178 / 180 [------------------------------------------------------------------------------------------------------------------------------------------------------------------>_] 98.89% 25 p/s180 / 180 [-------------------------------------------------------------------------------------------------------------------------------------------------------------------] 100.00% 21 p/s
Summary:
  Total:	8.6085 secs.
  Slowest:	0.3750 secs.
  Fastest:	0.0014 secs.
  Average:	0.0335 secs.
  Stddev:	0.0573 secs.
  Requests/sec:	20.9094

Response time histogram:
  0.0014 [1]	|
  0.0388 [125]	|∎∎∎∎∎∎∎∎∎∎∎∎∎∎∎∎∎∎∎∎∎∎∎∎∎∎∎∎∎∎∎∎∎∎∎∎∎∎∎∎
  0.0762 [25]	|∎∎∎∎∎∎∎∎
  0.1135 [17]	|∎∎∎∎∎
  0.1509 [0]	|
  0.1882 [7]	|∎∎
  0.2256 [3]	|
  0.2630 [0]	|
  0.3003 [1]	|
  0.3377 [0]	|
  0.3750 [1]	|

Latency distribution:
  10% in 0.0016 secs.
  25% in 0.0019 secs.
  50% in 0.0022 secs.
  75% in 0.0492 secs.
  90% in 0.0971 secs.
  95% in 0.1742 secs.
  99% in 0.3750 secs.

