2023/07/02 21:29:01 INFO: [core] [Channel #1 SubChannel #2] Subchannel Connectivity change to CONNECTING
2023/07/02 21:29:01 INFO: [core] [Channel #1 SubChannel #2] Subchannel picks a new address "localhost:2379" to connect
2023/07/02 21:29:01 INFO: [core] [Channel #1 SubChannel #2] Subchannel Connectivity change to READY
2023/07/02 21:29:01 INFO: [roundrobin] roundrobinPicker: Build called with info: {map[0xc000604378:{{
  "Addr": "localhost:2379",
  "ServerName": "localhost",
  "Attributes": null,
  "BalancerAttributes": null,
  "Type": 0,
  "Metadata": null
}}]}
2023/07/02 21:29:01 INFO: [core] [Channel #1] Channel Connectivity change to READY
2 / 180 [->______________________________________________________________________________________________________________________________________________________________________] 1.11% ? p/s2 / 180 [->______________________________________________________________________________________________________________________________________________________________________] 1.11% ? p/s7 / 180 [------>_________________________________________________________________________________________________________________________________________________________________] 3.89% ? p/s14 / 180 [------------>_________________________________________________________________________________________________________________________________________________________] 7.78% 20 p/s22 / 180 [-------------------->________________________________________________________________________________________________________________________________________________] 12.22% 20 p/s29 / 180 [-------------------------->__________________________________________________________________________________________________________________________________________] 16.11% 20 p/s36 / 180 [-------------------------------->____________________________________________________________________________________________________________________________________] 20.00% 21 p/s43 / 180 [--------------------------------------->_____________________________________________________________________________________________________________________________] 23.89% 21 p/s45 / 180 [----------------------------------------->___________________________________________________________________________________________________________________________] 25.00% 21 p/s48 / 180 [------------------------------------------->_________________________________________________________________________________________________________________________] 26.67% 21 p/s57 / 180 [---------------------------------------------------->________________________________________________________________________________________________________________] 31.67% 21 p/s65 / 180 [----------------------------------------------------------->_________________________________________________________________________________________________________] 36.11% 21 p/s70 / 180 [---------------------------------------------------------------->____________________________________________________________________________________________________] 38.89% 22 p/s74 / 180 [------------------------------------------------------------------->_________________________________________________________________________________________________] 41.11% 22 p/s78 / 180 [----------------------------------------------------------------------->_____________________________________________________________________________________________] 43.33% 22 p/s85 / 180 [----------------------------------------------------------------------------->_______________________________________________________________________________________] 47.22% 22 p/s93 / 180 [------------------------------------------------------------------------------------->_______________________________________________________________________________] 51.67% 22 p/s99 / 180 [------------------------------------------------------------------------------------------>__________________________________________________________________________] 55.00% 22 p/s102 / 180 [-------------------------------------------------------------------------------------------->_______________________________________________________________________] 56.67% 23 p/s102 / 180 [-------------------------------------------------------------------------------------------->_______________________________________________________________________] 56.67% 23 p/s102 / 180 [-------------------------------------------------------------------------------------------->_______________________________________________________________________] 56.67% 23 p/s107 / 180 [------------------------------------------------------------------------------------------------->__________________________________________________________________] 59.44% 22 p/s114 / 180 [------------------------------------------------------------------------------------------------------->____________________________________________________________] 63.33% 22 p/s116 / 180 [--------------------------------------------------------------------------------------------------------->__________________________________________________________] 64.44% 22 p/s120 / 180 [------------------------------------------------------------------------------------------------------------->______________________________________________________] 66.67% 22 p/s128 / 180 [-------------------------------------------------------------------------------------------------------------------->_______________________________________________] 71.11% 22 p/s136 / 180 [--------------------------------------------------------------------------------------------------------------------------->________________________________________] 75.56% 22 p/s143 / 180 [---------------------------------------------------------------------------------------------------------------------------------->_________________________________] 79.44% 23 p/s146 / 180 [------------------------------------------------------------------------------------------------------------------------------------->______________________________] 81.11% 23 p/s150 / 180 [---------------------------------------------------------------------------------------------------------------------------------------->___________________________] 83.33% 23 p/s158 / 180 [----------------------------------------------------------------------------------------------------------------------------------------------->____________________] 87.78% 23 p/s164 / 180 [----------------------------------------------------------------------------------------------------------------------------------------------------->______________] 91.11% 23 p/s170 / 180 [---------------------------------------------------------------------------------------------------------------------------------------------------------->_________] 94.44% 23 p/s172 / 180 [------------------------------------------------------------------------------------------------------------------------------------------------------------>_______] 95.56% 23 p/s172 / 180 [------------------------------------------------------------------------------------------------------------------------------------------------------------>_______] 95.56% 23 p/s173 / 180 [------------------------------------------------------------------------------------------------------------------------------------------------------------->______] 96.11% 23 p/s180 / 180 [-------------------------------------------------------------------------------------------------------------------------------------------------------------------] 100.00% 25 p/s
Summary:
  Total:	7.3697 secs.
  Slowest:	0.5013 secs.
  Fastest:	0.0014 secs.
  Average:	0.0247 secs.
  Stddev:	0.0604 secs.
  Requests/sec:	24.4244

Response time histogram:
  0.0014 [1]	|
  0.0514 [153]	|∎∎∎∎∎∎∎∎∎∎∎∎∎∎∎∎∎∎∎∎∎∎∎∎∎∎∎∎∎∎∎∎∎∎∎∎∎∎∎∎
  0.1014 [20]	|∎∎∎∎∎
  0.1514 [1]	|
  0.2014 [2]	|
  0.2514 [0]	|
  0.3013 [0]	|
  0.3513 [0]	|
  0.4013 [2]	|
  0.4513 [0]	|
  0.5013 [1]	|

Latency distribution:
  10% in 0.0017 secs.
  25% in 0.0018 secs.
  50% in 0.0019 secs.
  75% in 0.0245 secs.
  90% in 0.0743 secs.
  95% in 0.0982 secs.
  99% in 0.5013 secs.

