bench with linearizable range
2023/07/03 11:12:14 INFO: [core] [Channel #1 SubChannel #2] Subchannel Connectivity change to CONNECTING
2023/07/03 11:12:14 INFO: [core] [Channel #1 SubChannel #2] Subchannel picks a new address "localhost:2379" to connect
2023/07/03 11:12:14 INFO: [core] [Channel #1 SubChannel #2] Subchannel Connectivity change to READY
2023/07/03 11:12:14 INFO: [roundrobin] roundrobinPicker: Build called with info: {map[0xc000110378:{{
  "Addr": "localhost:2379",
  "ServerName": "localhost",
  "Attributes": null,
  "BalancerAttributes": null,
  "Type": 0,
  "Metadata": null
}}]}
2023/07/03 11:12:14 INFO: [core] [Channel #1] Channel Connectivity change to READY
20 / 1000 [--->_____________________________________________________________________________________________________________________________________________________________] 2.00% ? p/s40 / 1000 [------>__________________________________________________________________________________________________________________________________________________________] 4.00% ? p/s60 / 1000 [--------->_______________________________________________________________________________________________________________________________________________________] 6.00% ? p/s80 / 1000 [------------>__________________________________________________________________________________________________________________________________________________] 8.00% 100 p/s100 / 1000 [--------------->_____________________________________________________________________________________________________________________________________________] 10.00% 100 p/s120 / 1000 [------------------>__________________________________________________________________________________________________________________________________________] 12.00% 100 p/s140 / 1000 [--------------------->_______________________________________________________________________________________________________________________________________] 14.00% 100 p/s160 / 1000 [------------------------->___________________________________________________________________________________________________________________________________] 16.00% 100 p/s180 / 1000 [---------------------------->________________________________________________________________________________________________________________________________] 18.00% 100 p/s200 / 1000 [------------------------------->_____________________________________________________________________________________________________________________________] 20.00% 100 p/s220 / 1000 [---------------------------------->__________________________________________________________________________________________________________________________] 22.00% 100 p/s240 / 1000 [------------------------------------->_______________________________________________________________________________________________________________________] 24.00% 100 p/s260 / 1000 [---------------------------------------->____________________________________________________________________________________________________________________] 26.00% 100 p/s280 / 1000 [------------------------------------------->_________________________________________________________________________________________________________________] 28.00% 100 p/s300 / 1000 [----------------------------------------------->_____________________________________________________________________________________________________________] 30.00% 100 p/s320 / 1000 [-------------------------------------------------->__________________________________________________________________________________________________________] 32.00% 100 p/s340 / 1000 [----------------------------------------------------->_______________________________________________________________________________________________________] 34.00% 100 p/s360 / 1000 [-------------------------------------------------------->____________________________________________________________________________________________________] 36.00% 100 p/s380 / 1000 [----------------------------------------------------------->_________________________________________________________________________________________________] 38.00% 100 p/s400 / 1000 [-------------------------------------------------------------->______________________________________________________________________________________________] 40.00% 100 p/s420 / 1000 [----------------------------------------------------------------->___________________________________________________________________________________________] 42.00% 100 p/s440 / 1000 [--------------------------------------------------------------------->_______________________________________________________________________________________] 44.00% 100 p/s460 / 1000 [------------------------------------------------------------------------>____________________________________________________________________________________] 46.00% 100 p/s480 / 1000 [--------------------------------------------------------------------------->_________________________________________________________________________________] 48.00% 100 p/s500 / 1000 [------------------------------------------------------------------------------>______________________________________________________________________________] 50.00% 100 p/s520 / 1000 [--------------------------------------------------------------------------------->___________________________________________________________________________] 52.00% 100 p/s540 / 1000 [------------------------------------------------------------------------------------>________________________________________________________________________] 54.00% 100 p/s560 / 1000 [--------------------------------------------------------------------------------------->_____________________________________________________________________] 56.00% 100 p/s580 / 1000 [------------------------------------------------------------------------------------------->_________________________________________________________________] 58.00% 100 p/s600 / 1000 [---------------------------------------------------------------------------------------------->______________________________________________________________] 60.00% 100 p/s620 / 1000 [------------------------------------------------------------------------------------------------->___________________________________________________________] 62.00% 100 p/s640 / 1000 [---------------------------------------------------------------------------------------------------->________________________________________________________] 64.00% 100 p/s660 / 1000 [------------------------------------------------------------------------------------------------------->_____________________________________________________] 66.00% 100 p/s680 / 1000 [---------------------------------------------------------------------------------------------------------->__________________________________________________] 68.00% 100 p/s700 / 1000 [------------------------------------------------------------------------------------------------------------->_______________________________________________] 70.00% 100 p/s720 / 1000 [----------------------------------------------------------------------------------------------------------------->___________________________________________] 72.00% 100 p/s740 / 1000 [-------------------------------------------------------------------------------------------------------------------->________________________________________] 74.00% 100 p/s760 / 1000 [----------------------------------------------------------------------------------------------------------------------->_____________________________________] 76.00% 100 p/s780 / 1000 [-------------------------------------------------------------------------------------------------------------------------->__________________________________] 78.00% 100 p/s800 / 1000 [----------------------------------------------------------------------------------------------------------------------------->_______________________________] 80.00% 100 p/s820 / 1000 [-------------------------------------------------------------------------------------------------------------------------------->____________________________] 82.00% 100 p/s840 / 1000 [----------------------------------------------------------------------------------------------------------------------------------->_________________________] 84.00% 100 p/s860 / 1000 [--------------------------------------------------------------------------------------------------------------------------------------->_____________________] 86.00% 100 p/s880 / 1000 [------------------------------------------------------------------------------------------------------------------------------------------>__________________] 88.00% 100 p/s900 / 1000 [--------------------------------------------------------------------------------------------------------------------------------------------->_______________] 90.00% 100 p/s920 / 1000 [------------------------------------------------------------------------------------------------------------------------------------------------>____________] 92.00% 100 p/s940 / 1000 [--------------------------------------------------------------------------------------------------------------------------------------------------->_________] 94.00% 100 p/s960 / 1000 [------------------------------------------------------------------------------------------------------------------------------------------------------>______] 96.00% 100 p/s980 / 1000 [--------------------------------------------------------------------------------------------------------------------------------------------------------->___] 98.00% 100 p/s1000 / 1000 [-----------------------------------------------------------------------------------------------------------------------------------------------------------] 100.00% 102 p/s
Summary:
  Total:	9.9912 secs.
  Slowest:	0.0090 secs.
  Fastest:	0.0002 secs.
  Average:	0.0005 secs.
  Stddev:	0.0005 secs.
  Requests/sec:	100.0885

Response time histogram:
  0.0002 [1]	|
  0.0011 [927]	|∎∎∎∎∎∎∎∎∎∎∎∎∎∎∎∎∎∎∎∎∎∎∎∎∎∎∎∎∎∎∎∎∎∎∎∎∎∎∎∎
  0.0020 [53]	|∎∎
  0.0028 [14]	|
  0.0037 [2]	|
  0.0046 [0]	|
  0.0055 [2]	|
  0.0064 [0]	|
  0.0073 [0]	|
  0.0081 [0]	|
  0.0090 [1]	|

Latency distribution:
  10% in 0.0003 secs.
  25% in 0.0003 secs.
  50% in 0.0004 secs.
  75% in 0.0006 secs.
  90% in 0.0008 secs.
  95% in 0.0014 secs.
  99% in 0.0022 secs.
  99.9% in 0.0090 secs.
