bench with linearizable range
2023/07/02 21:14:34 INFO: [core] [Channel #1 SubChannel #2] Subchannel Connectivity change to CONNECTING
2023/07/02 21:14:34 INFO: [core] [Channel #1 SubChannel #2] Subchannel picks a new address "localhost:2379" to connect
2023/07/02 21:14:34 INFO: [core] [Channel #1 SubChannel #2] Subchannel Connectivity change to READY
2023/07/02 21:14:34 INFO: [roundrobin] roundrobinPicker: Build called with info: {map[0xc000110198:{{
  "Addr": "localhost:2379",
  "ServerName": "localhost",
  "Attributes": null,
  "BalancerAttributes": null,
  "Type": 0,
  "Metadata": null
}}]}
2023/07/02 21:14:34 INFO: [core] [Channel #1] Channel Connectivity change to READY
4 / 100 [------>____________________________________________________________________________________________________________________________________________________________] 4.00% ? p/s8 / 100 [------------->_____________________________________________________________________________________________________________________________________________________] 8.00% ? p/s13 / 100 [-------------------->____________________________________________________________________________________________________________________________________________] 13.00% ? p/s17 / 100 [--------------------------->____________________________________________________________________________________________________________________________________] 17.00% 22 p/s21 / 100 [--------------------------------->______________________________________________________________________________________________________________________________] 21.00% 22 p/s25 / 100 [--------------------------------------->________________________________________________________________________________________________________________________] 25.00% 22 p/s29 / 100 [---------------------------------------------->_________________________________________________________________________________________________________________] 29.00% 22 p/s34 / 100 [------------------------------------------------------>_________________________________________________________________________________________________________] 34.00% 22 p/s38 / 100 [------------------------------------------------------------>___________________________________________________________________________________________________] 38.00% 22 p/s43 / 100 [-------------------------------------------------------------------->___________________________________________________________________________________________] 43.00% 22 p/s48 / 100 [---------------------------------------------------------------------------->___________________________________________________________________________________] 48.00% 22 p/s53 / 100 [------------------------------------------------------------------------------------>___________________________________________________________________________] 53.00% 22 p/s57 / 100 [------------------------------------------------------------------------------------------->____________________________________________________________________] 57.00% 22 p/s61 / 100 [------------------------------------------------------------------------------------------------->______________________________________________________________] 61.00% 22 p/s64 / 100 [------------------------------------------------------------------------------------------------------>_________________________________________________________] 64.00% 22 p/s68 / 100 [------------------------------------------------------------------------------------------------------------>___________________________________________________] 68.00% 22 p/s72 / 100 [------------------------------------------------------------------------------------------------------------------->____________________________________________] 72.00% 22 p/s77 / 100 [--------------------------------------------------------------------------------------------------------------------------->____________________________________] 77.00% 22 p/s82 / 100 [----------------------------------------------------------------------------------------------------------------------------------->____________________________] 82.00% 22 p/s84 / 100 [-------------------------------------------------------------------------------------------------------------------------------------->_________________________] 84.00% 22 p/s88 / 100 [-------------------------------------------------------------------------------------------------------------------------------------------->___________________] 88.00% 22 p/s93 / 100 [---------------------------------------------------------------------------------------------------------------------------------------------------->___________] 93.00% 21 p/s97 / 100 [----------------------------------------------------------------------------------------------------------------------------------------------------------->____] 97.00% 21 p/s100 / 100 [--------------------------------------------------------------------------------------------------------------------------------------------------------------] 100.00% 22 p/s
Summary:
  Total:	4.7066 secs.
  Slowest:	0.2017 secs.
  Fastest:	0.0002 secs.
  Average:	0.0429 secs.
  Stddev:	0.0451 secs.
  Requests/sec:	21.2470

Response time histogram:
  0.0002 [1]	|
  0.0203 [53]	|∎∎∎∎∎∎∎∎∎∎∎∎∎∎∎∎∎∎∎∎∎∎∎∎∎∎∎∎∎∎∎∎∎∎∎∎∎∎∎∎
  0.0405 [0]	|
  0.0606 [0]	|
  0.0808 [8]	|∎∎∎∎∎∎
  0.1009 [36]	|∎∎∎∎∎∎∎∎∎∎∎∎∎∎∎∎∎∎∎∎∎∎∎∎∎∎∎
  0.1211 [1]	|
  0.1412 [0]	|
  0.1614 [0]	|
  0.1815 [0]	|
  0.2017 [1]	|

Latency distribution:
  10% in 0.0013 secs.
  25% in 0.0021 secs.
  50% in 0.0064 secs.
  75% in 0.0887 secs.
  90% in 0.0910 secs.
  95% in 0.0924 secs.
  99% in 0.2017 secs.
