2023/07/02 21:14:34 INFO: [core] [Channel #1 SubChannel #2] Subchannel Connectivity change to CONNECTING
2023/07/02 21:14:34 INFO: [core] [Channel #1 SubChannel #2] Subchannel picks a new address "localhost:2379" to connect
2023/07/02 21:14:34 INFO: [core] [Channel #1 SubChannel #2] Subchannel Connectivity change to READY
2023/07/02 21:14:34 INFO: [roundrobin] roundrobinPicker: Build called with info: {map[0xc000122558:{{
  "Addr": "localhost:2379",
  "ServerName": "localhost",
  "Attributes": null,
  "BalancerAttributes": null,
  "Type": 0,
  "Metadata": null
}}]}
2023/07/02 21:14:34 INFO: [core] [Channel #1] Channel Connectivity change to READY
3 / 40 [------------>_______________________________________________________________________________________________________________________________________________________] 7.50% ? p/s7 / 40 [---------------------------->______________________________________________________________________________________________________________________________________] 17.50% ? p/s11 / 40 [-------------------------------------------->_____________________________________________________________________________________________________________________] 27.50% ? p/s15 / 40 [------------------------------------------------------------>____________________________________________________________________________________________________] 37.50% 20 p/s19 / 40 [---------------------------------------------------------------------------->____________________________________________________________________________________] 47.50% 20 p/s23 / 40 [-------------------------------------------------------------------------------------------->____________________________________________________________________] 57.50% 20 p/s27 / 40 [------------------------------------------------------------------------------------------------------------>____________________________________________________] 67.50% 20 p/s31 / 40 [---------------------------------------------------------------------------------------------------------------------------->____________________________________] 77.50% 20 p/s35 / 40 [-------------------------------------------------------------------------------------------------------------------------------------------->____________________] 87.50% 20 p/s38 / 40 [-------------------------------------------------------------------------------------------------------------------------------------------------------->________] 95.00% 20 p/s40 / 40 [----------------------------------------------------------------------------------------------------------------------------------------------------------------] 100.00% 22 p/s
Summary:
  Total:	2.0142 secs.
  Slowest:	0.0994 secs.
  Fastest:	0.0017 secs.
  Average:	0.0398 secs.
  Stddev:	0.0369 secs.
  Requests/sec:	19.8591

Response time histogram:
  0.0017 [1]	|∎∎
  0.0115 [19]	|∎∎∎∎∎∎∎∎∎∎∎∎∎∎∎∎∎∎∎∎∎∎∎∎∎∎∎∎∎∎∎∎∎∎∎∎∎∎∎∎
  0.0212 [0]	|
  0.0310 [0]	|
  0.0408 [0]	|
  0.0505 [0]	|
  0.0603 [0]	|
  0.0701 [2]	|∎∎∎∎
  0.0799 [14]	|∎∎∎∎∎∎∎∎∎∎∎∎∎∎∎∎∎∎∎∎∎∎∎∎∎∎∎∎∎
  0.0896 [3]	|∎∎∎∎∎∎
  0.0994 [1]	|∎∎

Latency distribution:
  10% in 0.0019 secs.
  25% in 0.0027 secs.
  50% in 0.0625 secs.
  75% in 0.0752 secs.
  90% in 0.0818 secs.
  95% in 0.0853 secs.

