bench with linearizable range
2023/06/29 22:00:11 INFO: [core] [Channel #1 SubChannel #2] Subchannel Connectivity change to CONNECTING
2023/06/29 22:00:11 INFO: [core] [Channel #1 SubChannel #2] Subchannel picks a new address "localhost:2379" to connect
2023/06/29 22:00:11 INFO: [core] [Channel #1 SubChannel #2] Subchannel Connectivity change to READY
2023/06/29 22:00:11 INFO: [roundrobin] roundrobinPicker: Build called with info: {map[0xc000110378:{{
  "Addr": "localhost:2379",
  "ServerName": "localhost",
  "Attributes": null,
  "BalancerAttributes": null,
  "Type": 0,
  "Metadata": null
}}]}
2023/06/29 22:00:11 INFO: [core] [Channel #1] Channel Connectivity change to READY
20 / 1000 [--->_____________________________________________________________________________________________________________________________________________________________] 2.00% ? p/s40 / 1000 [------>__________________________________________________________________________________________________________________________________________________________] 4.00% ? p/s60 / 1000 [--------->_______________________________________________________________________________________________________________________________________________________] 6.00% ? p/s72 / 1000 [----------->____________________________________________________________________________________________________________________________________________________] 7.20% 87 p/s78 / 1000 [------------>___________________________________________________________________________________________________________________________________________________] 7.80% 87 p/s83 / 1000 [------------->__________________________________________________________________________________________________________________________________________________] 8.30% 87 p/s83 / 1000 [------------->__________________________________________________________________________________________________________________________________________________] 8.30% 82 p/s99 / 1000 [--------------->________________________________________________________________________________________________________________________________________________] 9.90% 82 p/s120 / 1000 [------------------>___________________________________________________________________________________________________________________________________________] 12.00% 82 p/s140 / 1000 [---------------------->_______________________________________________________________________________________________________________________________________] 14.00% 83 p/s160 / 1000 [------------------------->____________________________________________________________________________________________________________________________________] 16.00% 83 p/s179 / 1000 [---------------------------->_________________________________________________________________________________________________________________________________] 17.90% 83 p/s199 / 1000 [------------------------------->______________________________________________________________________________________________________________________________] 19.90% 84 p/s220 / 1000 [---------------------------------->___________________________________________________________________________________________________________________________] 22.00% 84 p/s240 / 1000 [------------------------------------->________________________________________________________________________________________________________________________] 24.00% 84 p/s259 / 1000 [---------------------------------------->_____________________________________________________________________________________________________________________] 25.90% 85 p/s279 / 1000 [-------------------------------------------->_________________________________________________________________________________________________________________] 27.90% 85 p/s300 / 1000 [----------------------------------------------->______________________________________________________________________________________________________________] 30.00% 85 p/s320 / 1000 [-------------------------------------------------->___________________________________________________________________________________________________________] 32.00% 86 p/s340 / 1000 [----------------------------------------------------->________________________________________________________________________________________________________] 34.00% 86 p/s360 / 1000 [-------------------------------------------------------->_____________________________________________________________________________________________________] 36.00% 86 p/s380 / 1000 [------------------------------------------------------------>_________________________________________________________________________________________________] 38.00% 87 p/s399 / 1000 [--------------------------------------------------------------->______________________________________________________________________________________________] 39.90% 87 p/s420 / 1000 [------------------------------------------------------------------>___________________________________________________________________________________________] 42.00% 87 p/s440 / 1000 [--------------------------------------------------------------------->________________________________________________________________________________________] 44.00% 88 p/s460 / 1000 [------------------------------------------------------------------------>_____________________________________________________________________________________] 46.00% 88 p/s480 / 1000 [--------------------------------------------------------------------------->__________________________________________________________________________________] 48.00% 88 p/s500 / 1000 [------------------------------------------------------------------------------>_______________________________________________________________________________] 50.00% 89 p/s520 / 1000 [---------------------------------------------------------------------------------->___________________________________________________________________________] 52.00% 89 p/s539 / 1000 [------------------------------------------------------------------------------------->________________________________________________________________________] 53.90% 89 p/s559 / 1000 [---------------------------------------------------------------------------------------->_____________________________________________________________________] 55.90% 89 p/s579 / 1000 [------------------------------------------------------------------------------------------->__________________________________________________________________] 57.90% 89 p/s600 / 1000 [---------------------------------------------------------------------------------------------->_______________________________________________________________] 60.00% 89 p/s619 / 1000 [------------------------------------------------------------------------------------------------->____________________________________________________________] 61.90% 90 p/s639 / 1000 [---------------------------------------------------------------------------------------------------->_________________________________________________________] 63.90% 90 p/s659 / 1000 [-------------------------------------------------------------------------------------------------------->_____________________________________________________] 65.90% 90 p/s680 / 1000 [----------------------------------------------------------------------------------------------------------->__________________________________________________] 68.00% 91 p/s700 / 1000 [-------------------------------------------------------------------------------------------------------------->_______________________________________________] 70.00% 91 p/s719 / 1000 [----------------------------------------------------------------------------------------------------------------->____________________________________________] 71.90% 91 p/s739 / 1000 [-------------------------------------------------------------------------------------------------------------------->_________________________________________] 73.90% 91 p/s759 / 1000 [----------------------------------------------------------------------------------------------------------------------->______________________________________] 75.90% 91 p/s779 / 1000 [--------------------------------------------------------------------------------------------------------------------------->__________________________________] 77.90% 91 p/s799 / 1000 [------------------------------------------------------------------------------------------------------------------------------>_______________________________] 79.90% 92 p/s820 / 1000 [--------------------------------------------------------------------------------------------------------------------------------->____________________________] 82.00% 92 p/s839 / 1000 [------------------------------------------------------------------------------------------------------------------------------------>_________________________] 83.90% 92 p/s859 / 1000 [--------------------------------------------------------------------------------------------------------------------------------------->______________________] 85.90% 92 p/s880 / 1000 [------------------------------------------------------------------------------------------------------------------------------------------->__________________] 88.00% 92 p/s900 / 1000 [---------------------------------------------------------------------------------------------------------------------------------------------->_______________] 90.00% 92 p/s920 / 1000 [------------------------------------------------------------------------------------------------------------------------------------------------->____________] 92.00% 93 p/s940 / 1000 [---------------------------------------------------------------------------------------------------------------------------------------------------->_________] 94.00% 93 p/s959 / 1000 [------------------------------------------------------------------------------------------------------------------------------------------------------->______] 95.90% 93 p/s980 / 1000 [---------------------------------------------------------------------------------------------------------------------------------------------------------->___] 98.00% 93 p/s999 / 1000 [------------------------------------------------------------------------------------------------------------------------------------------------------------->] 99.90% 93 p/s1000 / 1000 [------------------------------------------------------------------------------------------------------------------------------------------------------------] 100.00% 96 p/s
Summary:
  Total:	10.6005 secs.
  Slowest:	0.2893 secs.
  Fastest:	0.0002 secs.
  Average:	0.0012 secs.
  Stddev:	0.0105 secs.
  Requests/sec:	94.3350

Response time histogram:
  0.0002 [1]	|
  0.0291 [992]	|∎∎∎∎∎∎∎∎∎∎∎∎∎∎∎∎∎∎∎∎∎∎∎∎∎∎∎∎∎∎∎∎∎∎∎∎∎∎∎∎
  0.0580 [4]	|
  0.0869 [1]	|
  0.1158 [1]	|
  0.1447 [0]	|
  0.1736 [0]	|
  0.2025 [0]	|
  0.2314 [0]	|
  0.2604 [0]	|
  0.2893 [1]	|

Latency distribution:
  10% in 0.0003 secs.
  25% in 0.0003 secs.
  50% in 0.0004 secs.
  75% in 0.0004 secs.
  90% in 0.0005 secs.
  95% in 0.0009 secs.
  99% in 0.0154 secs.
  99.9% in 0.2893 secs.
