bench with linearizable range
2023/06/29 20:37:38 INFO: [core] [Channel #1 SubChannel #2] Subchannel Connectivity change to CONNECTING
2023/06/29 20:37:38 INFO: [core] [Channel #1 SubChannel #2] Subchannel picks a new address "localhost:2379" to connect
2023/06/29 20:37:38 INFO: [core] [Channel #1 SubChannel #2] Subchannel Connectivity change to READY
2023/06/29 20:37:38 INFO: [roundrobin] roundrobinPicker: Build called with info: {map[0xc000516078:{{
  "Addr": "localhost:2379",
  "ServerName": "localhost",
  "Attributes": null,
  "BalancerAttributes": null,
  "Type": 0,
  "Metadata": null
}}]}
2023/06/29 20:37:38 INFO: [core] [Channel #1] Channel Connectivity change to READY
20 / 1000 [--->_______________________________________________________________________________________________________________________________________________________________________] 2.00% ? p/s40 / 1000 [------>____________________________________________________________________________________________________________________________________________________________________] 4.00% ? p/s60 / 1000 [---------->________________________________________________________________________________________________________________________________________________________________] 6.00% ? p/s80 / 1000 [------------->___________________________________________________________________________________________________________________________________________________________] 8.00% 100 p/s100 / 1000 [---------------->______________________________________________________________________________________________________________________________________________________] 10.00% 100 p/s120 / 1000 [-------------------->__________________________________________________________________________________________________________________________________________________] 12.00% 100 p/s140 / 1000 [----------------------->_______________________________________________________________________________________________________________________________________________] 14.00% 100 p/s160 / 1000 [-------------------------->____________________________________________________________________________________________________________________________________________] 16.00% 100 p/s180 / 1000 [------------------------------>________________________________________________________________________________________________________________________________________] 18.00% 100 p/s200 / 1000 [--------------------------------->_____________________________________________________________________________________________________________________________________] 20.00% 100 p/s220 / 1000 [------------------------------------>__________________________________________________________________________________________________________________________________] 22.00% 100 p/s240 / 1000 [---------------------------------------->______________________________________________________________________________________________________________________________] 24.00% 100 p/s260 / 1000 [------------------------------------------->___________________________________________________________________________________________________________________________] 26.00% 100 p/s280 / 1000 [---------------------------------------------->________________________________________________________________________________________________________________________] 28.00% 100 p/s300 / 1000 [-------------------------------------------------->____________________________________________________________________________________________________________________] 30.00% 100 p/s320 / 1000 [----------------------------------------------------->_________________________________________________________________________________________________________________] 32.00% 100 p/s340 / 1000 [-------------------------------------------------------->______________________________________________________________________________________________________________] 34.00% 100 p/s360 / 1000 [------------------------------------------------------------>__________________________________________________________________________________________________________] 36.00% 100 p/s380 / 1000 [--------------------------------------------------------------->_______________________________________________________________________________________________________] 38.00% 100 p/s400 / 1000 [------------------------------------------------------------------>____________________________________________________________________________________________________] 40.00% 100 p/s420 / 1000 [---------------------------------------------------------------------->________________________________________________________________________________________________] 42.00% 100 p/s440 / 1000 [------------------------------------------------------------------------->_____________________________________________________________________________________________] 44.00% 100 p/s460 / 1000 [---------------------------------------------------------------------------->__________________________________________________________________________________________] 46.00% 100 p/s480 / 1000 [-------------------------------------------------------------------------------->______________________________________________________________________________________] 48.00% 100 p/s500 / 1000 [----------------------------------------------------------------------------------->___________________________________________________________________________________] 50.00% 100 p/s520 / 1000 [-------------------------------------------------------------------------------------->________________________________________________________________________________] 52.00% 100 p/s540 / 1000 [------------------------------------------------------------------------------------------>____________________________________________________________________________] 54.00% 100 p/s560 / 1000 [--------------------------------------------------------------------------------------------->_________________________________________________________________________] 56.00% 100 p/s580 / 1000 [------------------------------------------------------------------------------------------------>______________________________________________________________________] 58.00% 100 p/s600 / 1000 [---------------------------------------------------------------------------------------------------->__________________________________________________________________] 60.00% 100 p/s620 / 1000 [------------------------------------------------------------------------------------------------------->_______________________________________________________________] 62.00% 100 p/s640 / 1000 [---------------------------------------------------------------------------------------------------------->____________________________________________________________] 64.00% 100 p/s660 / 1000 [-------------------------------------------------------------------------------------------------------------->________________________________________________________] 66.00% 100 p/s680 / 1000 [----------------------------------------------------------------------------------------------------------------->_____________________________________________________] 68.00% 100 p/s700 / 1000 [-------------------------------------------------------------------------------------------------------------------->__________________________________________________] 70.00% 100 p/s720 / 1000 [------------------------------------------------------------------------------------------------------------------------>______________________________________________] 72.00% 100 p/s740 / 1000 [--------------------------------------------------------------------------------------------------------------------------->___________________________________________] 74.00% 100 p/s760 / 1000 [------------------------------------------------------------------------------------------------------------------------------>________________________________________] 76.00% 100 p/s780 / 1000 [---------------------------------------------------------------------------------------------------------------------------------->____________________________________] 78.00% 100 p/s800 / 1000 [------------------------------------------------------------------------------------------------------------------------------------->_________________________________] 80.00% 100 p/s820 / 1000 [---------------------------------------------------------------------------------------------------------------------------------------->______________________________] 82.00% 100 p/s840 / 1000 [-------------------------------------------------------------------------------------------------------------------------------------------->__________________________] 84.00% 100 p/s860 / 1000 [----------------------------------------------------------------------------------------------------------------------------------------------->_______________________] 86.00% 100 p/s880 / 1000 [-------------------------------------------------------------------------------------------------------------------------------------------------->____________________] 88.00% 100 p/s900 / 1000 [------------------------------------------------------------------------------------------------------------------------------------------------------>________________] 90.00% 100 p/s920 / 1000 [--------------------------------------------------------------------------------------------------------------------------------------------------------->_____________] 92.00% 100 p/s940 / 1000 [------------------------------------------------------------------------------------------------------------------------------------------------------------>__________] 94.00% 100 p/s960 / 1000 [---------------------------------------------------------------------------------------------------------------------------------------------------------------->______] 96.00% 100 p/s980 / 1000 [------------------------------------------------------------------------------------------------------------------------------------------------------------------->___] 98.00% 100 p/s1000 / 1000 [---------------------------------------------------------------------------------------------------------------------------------------------------------------------] 100.00% 102 p/s
Summary:
  Total:	9.9912 secs.
  Slowest:	0.0049 secs.
  Fastest:	0.0002 secs.
  Average:	0.0006 secs.
  Stddev:	0.0004 secs.
  Requests/sec:	100.0885

Response time histogram:
  0.0002 [1]	|
  0.0007 [879]	|∎∎∎∎∎∎∎∎∎∎∎∎∎∎∎∎∎∎∎∎∎∎∎∎∎∎∎∎∎∎∎∎∎∎∎∎∎∎∎∎
  0.0011 [51]	|∎∎
  0.0016 [25]	|∎
  0.0021 [30]	|∎
  0.0026 [1]	|
  0.0030 [6]	|
  0.0035 [3]	|
  0.0040 [3]	|
  0.0044 [0]	|
  0.0049 [1]	|

Latency distribution:
  10% in 0.0003 secs.
  25% in 0.0004 secs.
  50% in 0.0005 secs.
  75% in 0.0006 secs.
  90% in 0.0007 secs.
  95% in 0.0016 secs.
  99% in 0.0030 secs.
  99.9% in 0.0049 secs.
