2023/06/29 22:15:19 INFO: [core] [Channel #1 SubChannel #2] Subchannel Connectivity change to CONNECTING
2023/06/29 22:15:19 INFO: [core] [Channel #1 SubChannel #2] Subchannel picks a new address "localhost:2379" to connect
2023/06/29 22:15:19 INFO: [core] [Channel #1 SubChannel #2] Subchannel Connectivity change to READY
2023/06/29 22:15:19 INFO: [roundrobin] roundrobinPicker: Build called with info: {map[0xc000012390:{{
  "Addr": "localhost:2379",
  "ServerName": "localhost",
  "Attributes": null,
  "BalancerAttributes": null,
  "Type": 0,
  "Metadata": null
}}]}
2023/06/29 22:15:19 INFO: [core] [Channel #1] Channel Connectivity change to READY
4 / 180 [--->_______________________________________________________________________________________________________________________________________________________________] 2.22% ? p/s8 / 180 [------->___________________________________________________________________________________________________________________________________________________________] 4.44% ? p/s11 / 180 [--------->________________________________________________________________________________________________________________________________________________________] 6.11% ? p/s12 / 180 [---------->______________________________________________________________________________________________________________________________________________________] 6.67% 13 p/s12 / 180 [---------->______________________________________________________________________________________________________________________________________________________] 6.67% 13 p/s13 / 180 [----------->_____________________________________________________________________________________________________________________________________________________] 7.22% 13 p/s13 / 180 [----------->_____________________________________________________________________________________________________________________________________________________] 7.22% 13 p/s13 / 180 [----------->_____________________________________________________________________________________________________________________________________________________] 7.22% 13 p/s{"level":"warn","ts":"2023-06-29T22:15:21.018959-0400","logger":"etcd-client","caller":"v3/retry_interceptor.go:65","msg":"retrying of unary invoker failed","target":"etcd-endpoints://0xc000246780/localhost:2379","method":"/etcdserverpb.KV/Put","attempt":0,"error":"rpc error: code = Unknown desc = etcdserver: too many requests"}
15 / 180 [------------->___________________________________________________________________________________________________________________________________________________] 8.33% 13 p/s15 / 180 [------------->___________________________________________________________________________________________________________________________________________________] 8.33% 12 p/s17 / 180 [--------------->_________________________________________________________________________________________________________________________________________________] 9.44% 12 p/s22 / 180 [------------------->____________________________________________________________________________________________________________________________________________] 12.22% 12 p/s26 / 180 [----------------------->________________________________________________________________________________________________________________________________________] 14.44% 12 p/s30 / 180 [-------------------------->_____________________________________________________________________________________________________________________________________] 16.67% 12 p/s34 / 180 [------------------------------>_________________________________________________________________________________________________________________________________] 18.89% 12 p/s38 / 180 [--------------------------------->______________________________________________________________________________________________________________________________] 21.11% 13 p/s42 / 180 [------------------------------------->__________________________________________________________________________________________________________________________] 23.33% 13 p/s46 / 180 [---------------------------------------->_______________________________________________________________________________________________________________________] 25.56% 13 p/s50 / 180 [-------------------------------------------->___________________________________________________________________________________________________________________] 27.78% 13 p/s54 / 180 [----------------------------------------------->________________________________________________________________________________________________________________] 30.00% 13 p/s57 / 180 [-------------------------------------------------->_____________________________________________________________________________________________________________] 31.67% 13 p/s62 / 180 [------------------------------------------------------->________________________________________________________________________________________________________] 34.44% 14 p/s66 / 180 [---------------------------------------------------------->_____________________________________________________________________________________________________] 36.67% 14 p/s70 / 180 [-------------------------------------------------------------->_________________________________________________________________________________________________] 38.89% 14 p/s74 / 180 [----------------------------------------------------------------->______________________________________________________________________________________________] 41.11% 14 p/s78 / 180 [--------------------------------------------------------------------->__________________________________________________________________________________________] 43.33% 14 p/s82 / 180 [------------------------------------------------------------------------>_______________________________________________________________________________________] 45.56% 14 p/s86 / 180 [---------------------------------------------------------------------------->___________________________________________________________________________________] 47.78% 15 p/s90 / 180 [------------------------------------------------------------------------------->________________________________________________________________________________] 50.00% 15 p/s94 / 180 [----------------------------------------------------------------------------------->____________________________________________________________________________] 52.22% 15 p/s98 / 180 [--------------------------------------------------------------------------------------->________________________________________________________________________] 54.44% 15 p/s102 / 180 [------------------------------------------------------------------------------------------>____________________________________________________________________] 56.67% 15 p/s106 / 180 [--------------------------------------------------------------------------------------------->_________________________________________________________________] 58.89% 15 p/s110 / 180 [------------------------------------------------------------------------------------------------->_____________________________________________________________] 61.11% 15 p/s114 / 180 [---------------------------------------------------------------------------------------------------->__________________________________________________________] 63.33% 15 p/s118 / 180 [-------------------------------------------------------------------------------------------------------->______________________________________________________] 65.56% 15 p/s122 / 180 [----------------------------------------------------------------------------------------------------------->___________________________________________________] 67.78% 16 p/s126 / 180 [--------------------------------------------------------------------------------------------------------------->_______________________________________________] 70.00% 16 p/s130 / 180 [------------------------------------------------------------------------------------------------------------------>____________________________________________] 72.22% 16 p/s134 / 180 [---------------------------------------------------------------------------------------------------------------------->________________________________________] 74.44% 16 p/s138 / 180 [------------------------------------------------------------------------------------------------------------------------->_____________________________________] 76.67% 16 p/s142 / 180 [----------------------------------------------------------------------------------------------------------------------------->_________________________________] 78.89% 16 p/s146 / 180 [-------------------------------------------------------------------------------------------------------------------------------->______________________________] 81.11% 16 p/s150 / 180 [------------------------------------------------------------------------------------------------------------------------------------>__________________________] 83.33% 16 p/s154 / 180 [---------------------------------------------------------------------------------------------------------------------------------------->______________________] 85.56% 16 p/s158 / 180 [------------------------------------------------------------------------------------------------------------------------------------------->___________________] 87.78% 16 p/s162 / 180 [----------------------------------------------------------------------------------------------------------------------------------------------->_______________] 90.00% 16 p/s166 / 180 [-------------------------------------------------------------------------------------------------------------------------------------------------->____________] 92.22% 16 p/s170 / 180 [------------------------------------------------------------------------------------------------------------------------------------------------------>________] 94.44% 17 p/s174 / 180 [--------------------------------------------------------------------------------------------------------------------------------------------------------->_____] 96.67% 17 p/s178 / 180 [------------------------------------------------------------------------------------------------------------------------------------------------------------->_] 98.89% 17 p/s180 / 180 [--------------------------------------------------------------------------------------------------------------------------------------------------------------] 100.00% 18 p/s
Summary:
  Total:	10.2989 secs.
  Slowest:	0.5805 secs.
  Fastest:	0.0016 secs.
  Average:	0.0109 secs.
  Stddev:	0.0605 secs.
  Requests/sec:	17.3806

Response time histogram:
  0.0016 [1]	|
  0.0595 [174]	|∎∎∎∎∎∎∎∎∎∎∎∎∎∎∎∎∎∎∎∎∎∎∎∎∎∎∎∎∎∎∎∎∎∎∎∎∎∎∎∎
  0.1174 [0]	|
  0.1753 [0]	|
  0.2332 [1]	|
  0.2911 [0]	|
  0.3490 [0]	|
  0.4069 [1]	|
  0.4648 [1]	|
  0.5226 [0]	|
  0.5805 [1]	|

Latency distribution:
  10% in 0.0017 secs.
  25% in 0.0017 secs.
  50% in 0.0018 secs.
  75% in 0.0020 secs.
  90% in 0.0031 secs.
  95% in 0.0044 secs.
  99% in 0.5805 secs.

Error distribution:
  [1]	etcdserver: too many requests

