bench with linearizable range
2023/06/29 22:15:19 INFO: [core] [Channel #1 SubChannel #2] Subchannel Connectivity change to CONNECTING
2023/06/29 22:15:19 INFO: [core] [Channel #1 SubChannel #2] Subchannel picks a new address "localhost:2379" to connect
2023/06/29 22:15:19 INFO: [core] [Channel #1 SubChannel #2] Subchannel Connectivity change to READY
2023/06/29 22:15:19 INFO: [roundrobin] roundrobinPicker: Build called with info: {map[0xc00019a120:{{
  "Addr": "localhost:2379",
  "ServerName": "localhost",
  "Attributes": null,
  "BalancerAttributes": null,
  "Type": 0,
  "Metadata": null
}}]}
2023/06/29 22:15:19 INFO: [core] [Channel #1] Channel Connectivity change to READY
20 / 1000 [--->_____________________________________________________________________________________________________________________________________________________________] 2.00% ? p/s40 / 1000 [------>__________________________________________________________________________________________________________________________________________________________] 4.00% ? p/s57 / 1000 [--------->_______________________________________________________________________________________________________________________________________________________] 5.70% ? p/s58 / 1000 [--------->______________________________________________________________________________________________________________________________________________________] 5.80% 63 p/s59 / 1000 [--------->______________________________________________________________________________________________________________________________________________________] 5.90% 63 p/s59 / 1000 [--------->______________________________________________________________________________________________________________________________________________________] 5.90% 63 p/s59 / 1000 [--------->______________________________________________________________________________________________________________________________________________________] 5.90% 59 p/s59 / 1000 [--------->______________________________________________________________________________________________________________________________________________________] 5.90% 59 p/s60 / 1000 [--------->______________________________________________________________________________________________________________________________________________________] 6.00% 59 p/s60 / 1000 [--------->______________________________________________________________________________________________________________________________________________________] 6.00% 56 p/s60 / 1000 [--------->______________________________________________________________________________________________________________________________________________________] 6.00% 56 p/s62 / 1000 [--------->______________________________________________________________________________________________________________________________________________________] 6.20% 56 p/s81 / 1000 [------------>___________________________________________________________________________________________________________________________________________________] 8.10% 54 p/s102 / 1000 [---------------->_____________________________________________________________________________________________________________________________________________] 10.20% 54 p/s121 / 1000 [------------------->__________________________________________________________________________________________________________________________________________] 12.10% 54 p/s141 / 1000 [---------------------->_______________________________________________________________________________________________________________________________________] 14.10% 57 p/s161 / 1000 [------------------------->____________________________________________________________________________________________________________________________________] 16.10% 57 p/s181 / 1000 [---------------------------->_________________________________________________________________________________________________________________________________] 18.10% 57 p/s201 / 1000 [------------------------------->______________________________________________________________________________________________________________________________] 20.10% 60 p/s221 / 1000 [---------------------------------->___________________________________________________________________________________________________________________________] 22.10% 60 p/s242 / 1000 [-------------------------------------->_______________________________________________________________________________________________________________________] 24.20% 60 p/s261 / 1000 [----------------------------------------->____________________________________________________________________________________________________________________] 26.10% 63 p/s281 / 1000 [-------------------------------------------->_________________________________________________________________________________________________________________] 28.10% 63 p/s301 / 1000 [----------------------------------------------->______________________________________________________________________________________________________________] 30.10% 63 p/s322 / 1000 [-------------------------------------------------->___________________________________________________________________________________________________________] 32.20% 65 p/s341 / 1000 [----------------------------------------------------->________________________________________________________________________________________________________] 34.10% 65 p/s361 / 1000 [--------------------------------------------------------->____________________________________________________________________________________________________] 36.10% 65 p/s381 / 1000 [------------------------------------------------------------>_________________________________________________________________________________________________] 38.10% 67 p/s401 / 1000 [--------------------------------------------------------------->______________________________________________________________________________________________] 40.10% 67 p/s421 / 1000 [------------------------------------------------------------------>___________________________________________________________________________________________] 42.10% 67 p/s441 / 1000 [--------------------------------------------------------------------->________________________________________________________________________________________] 44.10% 69 p/s462 / 1000 [------------------------------------------------------------------------>_____________________________________________________________________________________] 46.20% 69 p/s482 / 1000 [---------------------------------------------------------------------------->_________________________________________________________________________________] 48.20% 69 p/s501 / 1000 [------------------------------------------------------------------------------->______________________________________________________________________________] 50.10% 71 p/s522 / 1000 [---------------------------------------------------------------------------------->___________________________________________________________________________] 52.20% 71 p/s541 / 1000 [------------------------------------------------------------------------------------->________________________________________________________________________] 54.10% 71 p/s561 / 1000 [---------------------------------------------------------------------------------------->_____________________________________________________________________] 56.10% 73 p/s582 / 1000 [------------------------------------------------------------------------------------------->__________________________________________________________________] 58.20% 73 p/s601 / 1000 [---------------------------------------------------------------------------------------------->_______________________________________________________________] 60.10% 73 p/s621 / 1000 [-------------------------------------------------------------------------------------------------->___________________________________________________________] 62.10% 75 p/s641 / 1000 [----------------------------------------------------------------------------------------------------->________________________________________________________] 64.10% 75 p/s662 / 1000 [-------------------------------------------------------------------------------------------------------->_____________________________________________________] 66.20% 75 p/s681 / 1000 [----------------------------------------------------------------------------------------------------------->__________________________________________________] 68.10% 77 p/s701 / 1000 [-------------------------------------------------------------------------------------------------------------->_______________________________________________] 70.10% 77 p/s721 / 1000 [----------------------------------------------------------------------------------------------------------------->____________________________________________] 72.10% 77 p/s742 / 1000 [--------------------------------------------------------------------------------------------------------------------->________________________________________] 74.20% 78 p/s761 / 1000 [------------------------------------------------------------------------------------------------------------------------>_____________________________________] 76.10% 78 p/s782 / 1000 [--------------------------------------------------------------------------------------------------------------------------->__________________________________] 78.20% 78 p/s801 / 1000 [------------------------------------------------------------------------------------------------------------------------------>_______________________________] 80.10% 79 p/s821 / 1000 [--------------------------------------------------------------------------------------------------------------------------------->____________________________] 82.10% 79 p/s841 / 1000 [------------------------------------------------------------------------------------------------------------------------------------>_________________________] 84.10% 79 p/s861 / 1000 [---------------------------------------------------------------------------------------------------------------------------------------->_____________________] 86.10% 81 p/s881 / 1000 [------------------------------------------------------------------------------------------------------------------------------------------->__________________] 88.10% 81 p/s901 / 1000 [---------------------------------------------------------------------------------------------------------------------------------------------->_______________] 90.10% 81 p/s921 / 1000 [------------------------------------------------------------------------------------------------------------------------------------------------->____________] 92.10% 82 p/s941 / 1000 [---------------------------------------------------------------------------------------------------------------------------------------------------->_________] 94.10% 82 p/s961 / 1000 [------------------------------------------------------------------------------------------------------------------------------------------------------->______] 96.10% 82 p/s981 / 1000 [---------------------------------------------------------------------------------------------------------------------------------------------------------->___] 98.10% 83 p/s1000 / 1000 [------------------------------------------------------------------------------------------------------------------------------------------------------------] 100.00% 86 p/s
Summary:
  Total:	11.7810 secs.
  Slowest:	0.7932 secs.
  Fastest:	0.0002 secs.
  Average:	0.0023 secs.
  Stddev:	0.0348 secs.
  Requests/sec:	84.8827

Response time histogram:
  0.0002 [1]	|
  0.0795 [996]	|∎∎∎∎∎∎∎∎∎∎∎∎∎∎∎∎∎∎∎∎∎∎∎∎∎∎∎∎∎∎∎∎∎∎∎∎∎∎∎∎
  0.1588 [0]	|
  0.2381 [0]	|
  0.3174 [1]	|
  0.3967 [0]	|
  0.4760 [0]	|
  0.5553 [0]	|
  0.6346 [0]	|
  0.7139 [1]	|
  0.7932 [1]	|

Latency distribution:
  10% in 0.0003 secs.
  25% in 0.0003 secs.
  50% in 0.0004 secs.
  75% in 0.0004 secs.
  90% in 0.0005 secs.
  95% in 0.0006 secs.
  99% in 0.0029 secs.
  99.9% in 0.7932 secs.
