2023/07/02 21:14:27 INFO: [core] [Channel #1 SubChannel #2] Subchannel Connectivity change to CONNECTING
2023/07/02 21:14:27 INFO: [core] [Channel #1 SubChannel #2] Subchannel picks a new address "localhost:2379" to connect
2023/07/02 21:14:27 INFO: [core] [Channel #1 SubChannel #2] Subchannel Connectivity change to READY
2023/07/02 21:14:27 INFO: [roundrobin] roundrobinPicker: Build called with info: {map[0xc000122558:{{
  "Addr": "localhost:2379",
  "ServerName": "localhost",
  "Attributes": null,
  "BalancerAttributes": null,
  "Type": 0,
  "Metadata": null
}}]}
2023/07/02 21:14:27 INFO: [core] [Channel #1] Channel Connectivity change to READY
4 / 40 [---------------->__________________________________________________________________________________________________________________________________________________] 10.00% ? p/s8 / 40 [-------------------------------->__________________________________________________________________________________________________________________________________] 20.00% ? p/s12 / 40 [------------------------------------------------>_________________________________________________________________________________________________________________] 30.00% ? p/s16 / 40 [---------------------------------------------------------------->________________________________________________________________________________________________] 40.00% 20 p/s20 / 40 [-------------------------------------------------------------------------------->________________________________________________________________________________] 50.00% 20 p/s24 / 40 [------------------------------------------------------------------------------------------------>________________________________________________________________] 60.00% 20 p/s26 / 40 [-------------------------------------------------------------------------------------------------------->________________________________________________________] 65.00% 20 p/s30 / 40 [------------------------------------------------------------------------------------------------------------------------>________________________________________] 75.00% 20 p/s34 / 40 [---------------------------------------------------------------------------------------------------------------------------------------->________________________] 85.00% 20 p/s38 / 40 [-------------------------------------------------------------------------------------------------------------------------------------------------------->________] 95.00% 20 p/s40 / 40 [----------------------------------------------------------------------------------------------------------------------------------------------------------------] 100.00% 22 p/s
Summary:
  Total:	2.0308 secs.
  Slowest:	0.1753 secs.
  Fastest:	0.0016 secs.
  Average:	0.0399 secs.
  Stddev:	0.0410 secs.
  Requests/sec:	19.6969

Response time histogram:
  0.0016 [1]	|∎∎
  0.0190 [19]	|∎∎∎∎∎∎∎∎∎∎∎∎∎∎∎∎∎∎∎∎∎∎∎∎∎∎∎∎∎∎∎∎∎∎∎∎∎∎∎∎
  0.0363 [1]	|∎∎
  0.0537 [0]	|
  0.0711 [3]	|∎∎∎∎∎∎
  0.0884 [15]	|∎∎∎∎∎∎∎∎∎∎∎∎∎∎∎∎∎∎∎∎∎∎∎∎∎∎∎∎∎∎∎
  0.1058 [0]	|
  0.1232 [0]	|
  0.1406 [0]	|
  0.1579 [0]	|
  0.1753 [1]	|∎∎

Latency distribution:
  10% in 0.0020 secs.
  25% in 0.0024 secs.
  50% in 0.0301 secs.
  75% in 0.0744 secs.
  90% in 0.0775 secs.
  95% in 0.0791 secs.

