bench with linearizable range
2023/07/02 21:14:27 INFO: [core] [Channel #1 SubChannel #2] Subchannel Connectivity change to CONNECTING
2023/07/02 21:14:27 INFO: [core] [Channel #1 SubChannel #2] Subchannel picks a new address "localhost:2379" to connect
2023/07/02 21:14:27 INFO: [core] [Channel #1 SubChannel #2] Subchannel Connectivity change to READY
2023/07/02 21:14:27 INFO: [roundrobin] roundrobinPicker: Build called with info: {map[0xc0000124b0:{{
  "Addr": "localhost:2379",
  "ServerName": "localhost",
  "Attributes": null,
  "BalancerAttributes": null,
  "Type": 0,
  "Metadata": null
}}]}
2023/07/02 21:14:27 INFO: [core] [Channel #1] Channel Connectivity change to READY
4 / 100 [------>____________________________________________________________________________________________________________________________________________________________] 4.00% ? p/s10 / 100 [---------------->________________________________________________________________________________________________________________________________________________] 10.00% ? p/s14 / 100 [---------------------->__________________________________________________________________________________________________________________________________________] 14.00% ? p/s19 / 100 [------------------------------>_________________________________________________________________________________________________________________________________] 19.00% 25 p/s23 / 100 [------------------------------------>___________________________________________________________________________________________________________________________] 23.00% 25 p/s27 / 100 [------------------------------------------->____________________________________________________________________________________________________________________] 27.00% 25 p/s29 / 100 [---------------------------------------------->_________________________________________________________________________________________________________________] 29.00% 24 p/s33 / 100 [---------------------------------------------------->___________________________________________________________________________________________________________] 33.00% 24 p/s37 / 100 [----------------------------------------------------------->____________________________________________________________________________________________________] 37.00% 24 p/s42 / 100 [------------------------------------------------------------------->____________________________________________________________________________________________] 42.00% 24 p/s46 / 100 [------------------------------------------------------------------------->______________________________________________________________________________________] 46.00% 24 p/s50 / 100 [------------------------------------------------------------------------------->________________________________________________________________________________] 50.00% 24 p/s55 / 100 [--------------------------------------------------------------------------------------->________________________________________________________________________] 55.00% 24 p/s59 / 100 [---------------------------------------------------------------------------------------------->_________________________________________________________________] 59.00% 24 p/s64 / 100 [------------------------------------------------------------------------------------------------------>_________________________________________________________] 64.00% 24 p/s68 / 100 [------------------------------------------------------------------------------------------------------------>___________________________________________________] 68.00% 24 p/s71 / 100 [----------------------------------------------------------------------------------------------------------------->______________________________________________] 71.00% 24 p/s75 / 100 [----------------------------------------------------------------------------------------------------------------------->________________________________________] 75.00% 24 p/s81 / 100 [--------------------------------------------------------------------------------------------------------------------------------->______________________________] 81.00% 24 p/s86 / 100 [----------------------------------------------------------------------------------------------------------------------------------------->______________________] 86.00% 24 p/s90 / 100 [----------------------------------------------------------------------------------------------------------------------------------------------->________________] 90.00% 24 p/s95 / 100 [------------------------------------------------------------------------------------------------------------------------------------------------------->________] 95.00% 24 p/s99 / 100 [-------------------------------------------------------------------------------------------------------------------------------------------------------------->_] 99.00% 24 p/s100 / 100 [--------------------------------------------------------------------------------------------------------------------------------------------------------------] 100.00% 23 p/s
Summary:
  Total:	4.6265 secs.
  Slowest:	0.1882 secs.
  Fastest:	0.0002 secs.
  Average:	0.0418 secs.
  Stddev:	0.0446 secs.
  Requests/sec:	21.6146

Response time histogram:
  0.0002 [1]	|
  0.0190 [53]	|∎∎∎∎∎∎∎∎∎∎∎∎∎∎∎∎∎∎∎∎∎∎∎∎∎∎∎∎∎∎∎∎∎∎∎∎∎∎∎∎
  0.0378 [1]	|
  0.0566 [0]	|
  0.0754 [3]	|∎∎
  0.0942 [39]	|∎∎∎∎∎∎∎∎∎∎∎∎∎∎∎∎∎∎∎∎∎∎∎∎∎∎∎∎∎
  0.1130 [2]	|∎
  0.1318 [0]	|
  0.1506 [0]	|
  0.1694 [0]	|
  0.1882 [1]	|

Latency distribution:
  10% in 0.0005 secs.
  25% in 0.0021 secs.
  50% in 0.0047 secs.
  75% in 0.0881 secs.
  90% in 0.0923 secs.
  95% in 0.0937 secs.
  99% in 0.1882 secs.
