2023/07/02 21:13:41 INFO: [core] [Channel #1 SubChannel #2] Subchannel Connectivity change to CONNECTING
2023/07/02 21:13:41 INFO: [core] [Channel #1 SubChannel #2] Subchannel picks a new address "localhost:2379" to connect
2023/07/02 21:13:41 INFO: [core] [Channel #1 SubChannel #2] Subchannel Connectivity change to READY
2023/07/02 21:13:41 INFO: [roundrobin] roundrobinPicker: Build called with info: {map[0xc0000138d8:{{
  "Addr": "localhost:2379",
  "ServerName": "localhost",
  "Attributes": null,
  "BalancerAttributes": null,
  "Type": 0,
  "Metadata": null
}}]}
2023/07/02 21:13:41 INFO: [core] [Channel #1] Channel Connectivity change to READY
4 / 40 [---------------->__________________________________________________________________________________________________________________________________________________] 10.00% ? p/s8 / 40 [-------------------------------->__________________________________________________________________________________________________________________________________] 20.00% ? p/s12 / 40 [------------------------------------------------>_________________________________________________________________________________________________________________] 30.00% ? p/s16 / 40 [---------------------------------------------------------------->________________________________________________________________________________________________] 40.00% 20 p/s20 / 40 [-------------------------------------------------------------------------------->________________________________________________________________________________] 50.00% 20 p/s24 / 40 [------------------------------------------------------------------------------------------------>________________________________________________________________] 60.00% 20 p/s25 / 40 [---------------------------------------------------------------------------------------------------->____________________________________________________________] 62.50% 20 p/s26 / 40 [-------------------------------------------------------------------------------------------------------->________________________________________________________] 65.00% 20 p/s30 / 40 [------------------------------------------------------------------------------------------------------------------------>________________________________________] 75.00% 20 p/s34 / 40 [---------------------------------------------------------------------------------------------------------------------------------------->________________________] 85.00% 19 p/s37 / 40 [---------------------------------------------------------------------------------------------------------------------------------------------------->____________] 92.50% 19 p/s39 / 40 [------------------------------------------------------------------------------------------------------------------------------------------------------------>____] 97.50% 19 p/s40 / 40 [----------------------------------------------------------------------------------------------------------------------------------------------------------------] 100.00% 18 p/s
Summary:
  Total:	2.4480 secs.
  Slowest:	0.1873 secs.
  Fastest:	0.0017 secs.
  Average:	0.0511 secs.
  Stddev:	0.0513 secs.
  Requests/sec:	16.3402

Response time histogram:
  0.0017 [1]	|∎∎
  0.0202 [17]	|∎∎∎∎∎∎∎∎∎∎∎∎∎∎∎∎∎∎∎∎∎∎∎∎∎∎∎∎∎∎∎∎∎∎∎∎∎∎∎∎
  0.0388 [0]	|
  0.0574 [1]	|∎∎
  0.0759 [8]	|∎∎∎∎∎∎∎∎∎∎∎∎∎∎∎∎∎∎
  0.0945 [8]	|∎∎∎∎∎∎∎∎∎∎∎∎∎∎∎∎∎∎
  0.1131 [2]	|∎∎∎∎
  0.1316 [0]	|
  0.1502 [0]	|
  0.1687 [0]	|
  0.1873 [3]	|∎∎∎∎∎∎∎

Latency distribution:
  10% in 0.0026 secs.
  25% in 0.0031 secs.
  50% in 0.0690 secs.
  75% in 0.0773 secs.
  90% in 0.1077 secs.
  95% in 0.1748 secs.

