bench with linearizable range
2023/07/02 21:13:41 INFO: [core] [Channel #1 SubChannel #2] Subchannel Connectivity change to CONNECTING
2023/07/02 21:13:41 INFO: [core] [Channel #1 SubChannel #2] Subchannel picks a new address "localhost:2379" to connect
2023/07/02 21:13:41 INFO: [core] [Channel #1 SubChannel #2] Subchannel Connectivity change to READY
2023/07/02 21:13:41 INFO: [roundrobin] roundrobinPicker: Build called with info: {map[0xc000012378:{{
  "Addr": "localhost:2379",
  "ServerName": "localhost",
  "Attributes": null,
  "BalancerAttributes": null,
  "Type": 0,
  "Metadata": null
}}]}
2023/07/02 21:13:41 INFO: [core] [Channel #1] Channel Connectivity change to READY
4 / 100 [------>____________________________________________________________________________________________________________________________________________________________] 4.00% ? p/s8 / 100 [------------->_____________________________________________________________________________________________________________________________________________________] 8.00% ? p/s12 / 100 [------------------->_____________________________________________________________________________________________________________________________________________] 12.00% ? p/s16 / 100 [------------------------->______________________________________________________________________________________________________________________________________] 16.00% 20 p/s20 / 100 [------------------------------->________________________________________________________________________________________________________________________________] 20.00% 20 p/s25 / 100 [--------------------------------------->________________________________________________________________________________________________________________________] 25.00% 20 p/s26 / 100 [----------------------------------------->______________________________________________________________________________________________________________________] 26.00% 20 p/s28 / 100 [-------------------------------------------->___________________________________________________________________________________________________________________] 28.00% 20 p/s32 / 100 [--------------------------------------------------->____________________________________________________________________________________________________________] 32.00% 20 p/s37 / 100 [----------------------------------------------------------->____________________________________________________________________________________________________] 37.00% 20 p/s40 / 100 [--------------------------------------------------------------->________________________________________________________________________________________________] 40.00% 20 p/s43 / 100 [-------------------------------------------------------------------->___________________________________________________________________________________________] 43.00% 20 p/s47 / 100 [--------------------------------------------------------------------------->____________________________________________________________________________________] 47.00% 19 p/s51 / 100 [--------------------------------------------------------------------------------->______________________________________________________________________________] 51.00% 19 p/s54 / 100 [-------------------------------------------------------------------------------------->_________________________________________________________________________] 54.00% 19 p/s58 / 100 [-------------------------------------------------------------------------------------------->___________________________________________________________________] 58.00% 19 p/s61 / 100 [------------------------------------------------------------------------------------------------->______________________________________________________________] 61.00% 19 p/s65 / 100 [------------------------------------------------------------------------------------------------------->________________________________________________________] 65.00% 19 p/s69 / 100 [-------------------------------------------------------------------------------------------------------------->_________________________________________________] 69.00% 19 p/s73 / 100 [-------------------------------------------------------------------------------------------------------------------->___________________________________________] 73.00% 19 p/s76 / 100 [------------------------------------------------------------------------------------------------------------------------->______________________________________] 76.00% 19 p/s79 / 100 [------------------------------------------------------------------------------------------------------------------------------>_________________________________] 79.00% 19 p/s83 / 100 [------------------------------------------------------------------------------------------------------------------------------------>___________________________] 83.00% 19 p/s88 / 100 [-------------------------------------------------------------------------------------------------------------------------------------------->___________________] 88.00% 19 p/s92 / 100 [--------------------------------------------------------------------------------------------------------------------------------------------------->____________] 92.00% 19 p/s96 / 100 [--------------------------------------------------------------------------------------------------------------------------------------------------------->______] 96.00% 19 p/s100 / 100 [--------------------------------------------------------------------------------------------------------------------------------------------------------------] 100.00% 19 p/s
Summary:
  Total:	5.3515 secs.
  Slowest:	0.1846 secs.
  Fastest:	0.0003 secs.
  Average:	0.0498 secs.
  Stddev:	0.0474 secs.
  Requests/sec:	18.6863

Response time histogram:
  0.0003 [1]	|
  0.0187 [47]	|∎∎∎∎∎∎∎∎∎∎∎∎∎∎∎∎∎∎∎∎∎∎∎∎∎∎∎∎∎∎∎∎∎∎∎∎∎∎∎∎
  0.0372 [0]	|
  0.0556 [1]	|
  0.0740 [0]	|
  0.0925 [32]	|∎∎∎∎∎∎∎∎∎∎∎∎∎∎∎∎∎∎∎∎∎∎∎∎∎∎∎
  0.1109 [17]	|∎∎∎∎∎∎∎∎∎∎∎∎∎∎
  0.1293 [0]	|
  0.1478 [0]	|
  0.1662 [0]	|
  0.1846 [2]	|∎

Latency distribution:
  10% in 0.0016 secs.
  25% in 0.0031 secs.
  50% in 0.0816 secs.
  75% in 0.0896 secs.
  90% in 0.0969 secs.
  95% in 0.1003 secs.
  99% in 0.1846 secs.
