2023/07/02 21:13:51 INFO: [core] [Channel #1 SubChannel #2] Subchannel Connectivity change to CONNECTING
2023/07/02 21:13:51 INFO: [core] [Channel #1 SubChannel #2] Subchannel picks a new address "localhost:2379" to connect
2023/07/02 21:13:51 INFO: [core] [Channel #1 SubChannel #2] Subchannel Connectivity change to READY
2023/07/02 21:13:51 INFO: [roundrobin] roundrobinPicker: Build called with info: {map[0xc000012318:{{
  "Addr": "localhost:2379",
  "ServerName": "localhost",
  "Attributes": null,
  "BalancerAttributes": null,
  "Type": 0,
  "Metadata": null
}}]}
2023/07/02 21:13:51 INFO: [core] [Channel #1] Channel Connectivity change to READY
4 / 40 [---------------->__________________________________________________________________________________________________________________________________________________] 10.00% ? p/s6 / 40 [------------------------>__________________________________________________________________________________________________________________________________________] 15.00% ? p/s6 / 40 [------------------------>__________________________________________________________________________________________________________________________________________] 15.00% ? p/s10 / 40 [---------------------------------------->________________________________________________________________________________________________________________________] 25.00% 10 p/s14 / 40 [-------------------------------------------------------->________________________________________________________________________________________________________] 35.00% 10 p/s17 / 40 [-------------------------------------------------------------------->____________________________________________________________________________________________] 42.50% 10 p/s21 / 40 [------------------------------------------------------------------------------------>____________________________________________________________________________] 52.50% 11 p/s25 / 40 [---------------------------------------------------------------------------------------------------->____________________________________________________________] 62.50% 11 p/s28 / 40 [---------------------------------------------------------------------------------------------------------------->________________________________________________] 70.00% 11 p/s32 / 40 [-------------------------------------------------------------------------------------------------------------------------------->________________________________] 80.00% 11 p/s36 / 40 [------------------------------------------------------------------------------------------------------------------------------------------------>________________] 90.00% 11 p/s39 / 40 [------------------------------------------------------------------------------------------------------------------------------------------------------------>____] 97.50% 11 p/s40 / 40 [----------------------------------------------------------------------------------------------------------------------------------------------------------------] 100.00% 18 p/s
Summary:
  Total:	2.4285 secs.
  Slowest:	0.2708 secs.
  Fastest:	0.0015 secs.
  Average:	0.0503 secs.
  Stddev:	0.0553 secs.
  Requests/sec:	16.4710

Response time histogram:
  0.0015 [1]	|∎∎
  0.0285 [17]	|∎∎∎∎∎∎∎∎∎∎∎∎∎∎∎∎∎∎∎∎∎∎∎∎∎∎∎∎∎∎∎∎∎∎∎∎∎∎∎∎
  0.0554 [1]	|∎∎
  0.0823 [16]	|∎∎∎∎∎∎∎∎∎∎∎∎∎∎∎∎∎∎∎∎∎∎∎∎∎∎∎∎∎∎∎∎∎∎∎∎∎
  0.1092 [3]	|∎∎∎∎∎∎∎
  0.1362 [0]	|
  0.1631 [0]	|
  0.1900 [1]	|∎∎
  0.2169 [0]	|
  0.2439 [0]	|
  0.2708 [1]	|∎∎

Latency distribution:
  10% in 0.0018 secs.
  25% in 0.0027 secs.
  50% in 0.0709 secs.
  75% in 0.0765 secs.
  90% in 0.0973 secs.
  95% in 0.1756 secs.

