bench with linearizable range
2023/07/02 21:13:51 INFO: [core] [Channel #1 SubChannel #2] Subchannel Connectivity change to CONNECTING
2023/07/02 21:13:51 INFO: [core] [Channel #1 SubChannel #2] Subchannel picks a new address "localhost:2379" to connect
2023/07/02 21:13:51 INFO: [core] [Channel #1 SubChannel #2] Subchannel Connectivity change to READY
2023/07/02 21:13:51 INFO: [roundrobin] roundrobinPicker: Build called with info: {map[0xc000012390:{{
  "Addr": "localhost:2379",
  "ServerName": "localhost",
  "Attributes": null,
  "BalancerAttributes": null,
  "Type": 0,
  "Metadata": null
}}]}
2023/07/02 21:13:51 INFO: [core] [Channel #1] Channel Connectivity change to READY
4 / 100 [------>____________________________________________________________________________________________________________________________________________________________] 4.00% ? p/s7 / 100 [----------->_______________________________________________________________________________________________________________________________________________________] 7.00% ? p/s8 / 100 [------------->_____________________________________________________________________________________________________________________________________________________] 8.00% ? p/s12 / 100 [------------------->____________________________________________________________________________________________________________________________________________] 12.00% 13 p/s16 / 100 [------------------------->______________________________________________________________________________________________________________________________________] 16.00% 13 p/s20 / 100 [------------------------------->________________________________________________________________________________________________________________________________] 20.00% 13 p/s24 / 100 [-------------------------------------->_________________________________________________________________________________________________________________________] 24.00% 14 p/s28 / 100 [-------------------------------------------->___________________________________________________________________________________________________________________] 28.00% 14 p/s32 / 100 [--------------------------------------------------->____________________________________________________________________________________________________________] 32.00% 14 p/s36 / 100 [--------------------------------------------------------->______________________________________________________________________________________________________] 36.00% 14 p/s41 / 100 [----------------------------------------------------------------->______________________________________________________________________________________________] 41.00% 14 p/s45 / 100 [----------------------------------------------------------------------->________________________________________________________________________________________] 45.00% 14 p/s49 / 100 [------------------------------------------------------------------------------>_________________________________________________________________________________] 49.00% 15 p/s53 / 100 [------------------------------------------------------------------------------------>___________________________________________________________________________] 53.00% 15 p/s57 / 100 [------------------------------------------------------------------------------------------->____________________________________________________________________] 57.00% 15 p/s63 / 100 [---------------------------------------------------------------------------------------------------->___________________________________________________________] 63.00% 15 p/s67 / 100 [----------------------------------------------------------------------------------------------------------->____________________________________________________] 67.00% 15 p/s72 / 100 [------------------------------------------------------------------------------------------------------------------->____________________________________________] 72.00% 15 p/s76 / 100 [------------------------------------------------------------------------------------------------------------------------->______________________________________] 76.00% 16 p/s81 / 100 [--------------------------------------------------------------------------------------------------------------------------------->______________________________] 81.00% 16 p/s85 / 100 [--------------------------------------------------------------------------------------------------------------------------------------->________________________] 85.00% 16 p/s90 / 100 [----------------------------------------------------------------------------------------------------------------------------------------------->________________] 90.00% 16 p/s95 / 100 [------------------------------------------------------------------------------------------------------------------------------------------------------->________] 95.00% 16 p/s100 / 100 [--------------------------------------------------------------------------------------------------------------------------------------------------------------] 100.00% 22 p/s
Summary:
  Total:	4.7328 secs.
  Slowest:	0.1973 secs.
  Fastest:	0.0003 secs.
  Average:	0.0433 secs.
  Stddev:	0.0451 secs.
  Requests/sec:	21.1293

Response time histogram:
  0.0003 [1]	|
  0.0200 [52]	|∎∎∎∎∎∎∎∎∎∎∎∎∎∎∎∎∎∎∎∎∎∎∎∎∎∎∎∎∎∎∎∎∎∎∎∎∎∎∎∎
  0.0397 [1]	|
  0.0594 [0]	|
  0.0791 [6]	|∎∎∎∎
  0.0988 [36]	|∎∎∎∎∎∎∎∎∎∎∎∎∎∎∎∎∎∎∎∎∎∎∎∎∎∎∎
  0.1185 [3]	|∎∎
  0.1382 [0]	|
  0.1579 [0]	|
  0.1776 [0]	|
  0.1973 [1]	|

Latency distribution:
  10% in 0.0004 secs.
  25% in 0.0026 secs.
  50% in 0.0088 secs.
  75% in 0.0892 secs.
  90% in 0.0914 secs.
  95% in 0.0938 secs.
  99% in 0.1973 secs.
