bench with linearizable range
2023/07/02 21:13:36 INFO: [core] [Channel #1 SubChannel #2] Subchannel Connectivity change to CONNECTING
2023/07/02 21:13:36 INFO: [core] [Channel #1 SubChannel #2] Subchannel picks a new address "localhost:2379" to connect
2023/07/02 21:13:36 INFO: [core] [Channel #1 SubChannel #2] Subchannel Connectivity change to READY
2023/07/02 21:13:36 INFO: [roundrobin] roundrobinPicker: Build called with info: {map[0xc000400498:{{
  "Addr": "localhost:2379",
  "ServerName": "localhost",
  "Attributes": null,
  "BalancerAttributes": null,
  "Type": 0,
  "Metadata": null
}}]}
2023/07/02 21:13:36 INFO: [core] [Channel #1] Channel Connectivity change to READY
5 / 100 [-------->__________________________________________________________________________________________________________________________________________________________] 5.00% ? p/s10 / 100 [---------------->________________________________________________________________________________________________________________________________________________] 10.00% ? p/s14 / 100 [---------------------->__________________________________________________________________________________________________________________________________________] 14.00% ? p/s20 / 100 [------------------------------->________________________________________________________________________________________________________________________________] 20.00% 25 p/s25 / 100 [--------------------------------------->________________________________________________________________________________________________________________________] 25.00% 25 p/s30 / 100 [----------------------------------------------->________________________________________________________________________________________________________________] 30.00% 25 p/s34 / 100 [------------------------------------------------------>_________________________________________________________________________________________________________] 34.00% 25 p/s38 / 100 [------------------------------------------------------------>___________________________________________________________________________________________________] 38.00% 25 p/s40 / 100 [--------------------------------------------------------------->________________________________________________________________________________________________] 40.00% 25 p/s45 / 100 [----------------------------------------------------------------------->________________________________________________________________________________________] 45.00% 24 p/s49 / 100 [------------------------------------------------------------------------------>_________________________________________________________________________________] 49.00% 24 p/s54 / 100 [-------------------------------------------------------------------------------------->_________________________________________________________________________] 54.00% 24 p/s58 / 100 [-------------------------------------------------------------------------------------------->___________________________________________________________________] 58.00% 24 p/s62 / 100 [--------------------------------------------------------------------------------------------------->____________________________________________________________] 62.00% 24 p/s68 / 100 [------------------------------------------------------------------------------------------------------------>___________________________________________________] 68.00% 24 p/s72 / 100 [------------------------------------------------------------------------------------------------------------------->____________________________________________] 72.00% 24 p/s76 / 100 [------------------------------------------------------------------------------------------------------------------------->______________________________________] 76.00% 24 p/s81 / 100 [--------------------------------------------------------------------------------------------------------------------------------->______________________________] 81.00% 24 p/s85 / 100 [--------------------------------------------------------------------------------------------------------------------------------------->________________________] 85.00% 24 p/s91 / 100 [------------------------------------------------------------------------------------------------------------------------------------------------->______________] 91.00% 24 p/s95 / 100 [------------------------------------------------------------------------------------------------------------------------------------------------------->________] 95.00% 24 p/s98 / 100 [------------------------------------------------------------------------------------------------------------------------------------------------------------>___] 98.00% 24 p/s100 / 100 [--------------------------------------------------------------------------------------------------------------------------------------------------------------] 100.00% 23 p/s
Summary:
  Total:	4.5630 secs.
  Slowest:	0.1030 secs.
  Fastest:	0.0003 secs.
  Average:	0.0412 secs.
  Stddev:	0.0425 secs.
  Requests/sec:	21.9152

Response time histogram:
  0.0003 [1]	|
  0.0105 [53]	|∎∎∎∎∎∎∎∎∎∎∎∎∎∎∎∎∎∎∎∎∎∎∎∎∎∎∎∎∎∎∎∎∎∎∎∎∎∎∎∎
  0.0208 [0]	|
  0.0311 [0]	|
  0.0413 [0]	|
  0.0516 [0]	|
  0.0619 [0]	|
  0.0722 [1]	|
  0.0824 [12]	|∎∎∎∎∎∎∎∎∎
  0.0927 [23]	|∎∎∎∎∎∎∎∎∎∎∎∎∎∎∎∎∎
  0.1030 [10]	|∎∎∎∎∎∎∎

Latency distribution:
  10% in 0.0009 secs.
  25% in 0.0021 secs.
  50% in 0.0046 secs.
  75% in 0.0879 secs.
  90% in 0.0929 secs.
  95% in 0.0951 secs.
  99% in 0.1030 secs.
