2023/07/02 21:13:36 INFO: [core] [Channel #1 SubChannel #2] Subchannel Connectivity change to CONNECTING
2023/07/02 21:13:36 INFO: [core] [Channel #1 SubChannel #2] Subchannel picks a new address "localhost:2379" to connect
2023/07/02 21:13:36 INFO: [core] [Channel #1 SubChannel #2] Subchannel Connectivity change to READY
2023/07/02 21:13:36 INFO: [roundrobin] roundrobinPicker: Build called with info: {map[0xc000110378:{{
  "Addr": "localhost:2379",
  "ServerName": "localhost",
  "Attributes": null,
  "BalancerAttributes": null,
  "Type": 0,
  "Metadata": null
}}]}
2023/07/02 21:13:36 INFO: [core] [Channel #1] Channel Connectivity change to READY
3 / 40 [------------>_______________________________________________________________________________________________________________________________________________________] 7.50% ? p/s7 / 40 [---------------------------->______________________________________________________________________________________________________________________________________] 17.50% ? p/s11 / 40 [-------------------------------------------->_____________________________________________________________________________________________________________________] 27.50% ? p/s15 / 40 [------------------------------------------------------------>____________________________________________________________________________________________________] 37.50% 20 p/s19 / 40 [---------------------------------------------------------------------------->____________________________________________________________________________________] 47.50% 20 p/s23 / 40 [-------------------------------------------------------------------------------------------->____________________________________________________________________] 57.50% 20 p/s27 / 40 [------------------------------------------------------------------------------------------------------------>____________________________________________________] 67.50% 20 p/s31 / 40 [---------------------------------------------------------------------------------------------------------------------------->____________________________________] 77.50% 20 p/s32 / 40 [-------------------------------------------------------------------------------------------------------------------------------->________________________________] 80.00% 20 p/s36 / 40 [------------------------------------------------------------------------------------------------------------------------------------------------>________________] 90.00% 20 p/s40 / 40 [----------------------------------------------------------------------------------------------------------------------------------------------------------------] 100.00% 20 p/s
Summary:
  Total:	2.1690 secs.
  Slowest:	0.1761 secs.
  Fastest:	0.0018 secs.
  Average:	0.0442 secs.
  Stddev:	0.0421 secs.
  Requests/sec:	18.4416

Response time histogram:
  0.0018 [1]	|∎∎
  0.0193 [18]	|∎∎∎∎∎∎∎∎∎∎∎∎∎∎∎∎∎∎∎∎∎∎∎∎∎∎∎∎∎∎∎∎∎∎∎∎∎∎∎∎
  0.0367 [0]	|
  0.0541 [0]	|
  0.0715 [1]	|∎∎
  0.0890 [17]	|∎∎∎∎∎∎∎∎∎∎∎∎∎∎∎∎∎∎∎∎∎∎∎∎∎∎∎∎∎∎∎∎∎∎∎∎∎
  0.1064 [2]	|∎∎∎∎
  0.1238 [0]	|
  0.1412 [0]	|
  0.1587 [0]	|
  0.1761 [1]	|∎∎

Latency distribution:
  10% in 0.0025 secs.
  25% in 0.0028 secs.
  50% in 0.0730 secs.
  75% in 0.0742 secs.
  90% in 0.0760 secs.
  95% in 0.1001 secs.

