2023/07/02 22:04:10 INFO: [core] [Channel #1 SubChannel #2] Subchannel Connectivity change to CONNECTING
2023/07/02 22:04:10 INFO: [core] [Channel #1 SubChannel #2] Subchannel picks a new address "localhost:2379" to connect
2023/07/02 22:04:10 INFO: [core] [Channel #1 SubChannel #2] Subchannel Connectivity change to READY
2023/07/02 22:04:10 INFO: [roundrobin] roundrobinPicker: Build called with info: {map[0xc000590318:{{
  "Addr": "localhost:2379",
  "ServerName": "localhost",
  "Attributes": null,
  "BalancerAttributes": null,
  "Type": 0,
  "Metadata": null
}}]}
2023/07/02 22:04:10 INFO: [core] [Channel #1] Channel Connectivity change to READY
8 / 180 [------->________________________________________________________________________________________________________________________________________________________________] 4.44% ? p/s14 / 180 [------------>__________________________________________________________________________________________________________________________________________________________] 7.78% ? p/s20 / 180 [------------------>___________________________________________________________________________________________________________________________________________________] 11.11% ? p/s28 / 180 [------------------------->___________________________________________________________________________________________________________________________________________] 15.56% 33 p/s35 / 180 [-------------------------------->____________________________________________________________________________________________________________________________________] 19.44% 33 p/s42 / 180 [-------------------------------------->______________________________________________________________________________________________________________________________] 23.33% 33 p/s50 / 180 [--------------------------------------------->_______________________________________________________________________________________________________________________] 27.78% 34 p/s56 / 180 [--------------------------------------------------->_________________________________________________________________________________________________________________] 31.11% 34 p/s60 / 180 [------------------------------------------------------>______________________________________________________________________________________________________________] 33.33% 34 p/s64 / 180 [---------------------------------------------------------->__________________________________________________________________________________________________________] 35.56% 33 p/s71 / 180 [----------------------------------------------------------------->___________________________________________________________________________________________________] 39.44% 33 p/s78 / 180 [----------------------------------------------------------------------->_____________________________________________________________________________________________] 43.33% 33 p/s83 / 180 [---------------------------------------------------------------------------->________________________________________________________________________________________] 46.11% 33 p/s86 / 180 [------------------------------------------------------------------------------>______________________________________________________________________________________] 47.78% 33 p/s91 / 180 [----------------------------------------------------------------------------------->_________________________________________________________________________________] 50.56% 33 p/s98 / 180 [----------------------------------------------------------------------------------------->___________________________________________________________________________] 54.44% 32 p/s104 / 180 [---------------------------------------------------------------------------------------------->_____________________________________________________________________] 57.78% 32 p/s110 / 180 [---------------------------------------------------------------------------------------------------->_______________________________________________________________] 61.11% 32 p/s111 / 180 [----------------------------------------------------------------------------------------------------->______________________________________________________________] 61.67% 32 p/s113 / 180 [------------------------------------------------------------------------------------------------------>_____________________________________________________________] 62.78% 32 p/s114 / 180 [------------------------------------------------------------------------------------------------------->____________________________________________________________] 63.33% 32 p/s121 / 180 [-------------------------------------------------------------------------------------------------------------->_____________________________________________________] 67.22% 31 p/s126 / 180 [------------------------------------------------------------------------------------------------------------------>_________________________________________________] 70.00% 31 p/s128 / 180 [-------------------------------------------------------------------------------------------------------------------->_______________________________________________] 71.11% 31 p/s131 / 180 [----------------------------------------------------------------------------------------------------------------------->____________________________________________] 72.78% 30 p/s138 / 180 [----------------------------------------------------------------------------------------------------------------------------->______________________________________] 76.67% 30 p/s146 / 180 [------------------------------------------------------------------------------------------------------------------------------------->______________________________] 81.11% 30 p/s151 / 180 [----------------------------------------------------------------------------------------------------------------------------------------->__________________________] 83.89% 30 p/s153 / 180 [------------------------------------------------------------------------------------------------------------------------------------------->________________________] 85.00% 30 p/s159 / 180 [------------------------------------------------------------------------------------------------------------------------------------------------>___________________] 88.33% 30 p/s165 / 180 [------------------------------------------------------------------------------------------------------------------------------------------------------>_____________] 91.67% 30 p/s173 / 180 [------------------------------------------------------------------------------------------------------------------------------------------------------------->______] 96.11% 30 p/s177 / 180 [----------------------------------------------------------------------------------------------------------------------------------------------------------------->__] 98.33% 30 p/s177 / 180 [----------------------------------------------------------------------------------------------------------------------------------------------------------------->__] 98.33% 29 p/s177 / 180 [----------------------------------------------------------------------------------------------------------------------------------------------------------------->__] 98.33% 29 p/s179 / 180 [------------------------------------------------------------------------------------------------------------------------------------------------------------------->] 99.44% 29 p/s180 / 180 [-------------------------------------------------------------------------------------------------------------------------------------------------------------------] 100.00% 26 p/s
Summary:
  Total:	7.2285 secs.
  Slowest:	0.4984 secs.
  Fastest:	0.0015 secs.
  Average:	0.0244 secs.
  Stddev:	0.0527 secs.
  Requests/sec:	24.9014

Response time histogram:
  0.0015 [1]	|
  0.0512 [156]	|∎∎∎∎∎∎∎∎∎∎∎∎∎∎∎∎∎∎∎∎∎∎∎∎∎∎∎∎∎∎∎∎∎∎∎∎∎∎∎∎
  0.1008 [14]	|∎∎∎
  0.1505 [2]	|
  0.2002 [6]	|∎
  0.2499 [0]	|
  0.2996 [0]	|
  0.3493 [0]	|
  0.3990 [0]	|
  0.4487 [0]	|
  0.4984 [1]	|

Latency distribution:
  10% in 0.0016 secs.
  25% in 0.0017 secs.
  50% in 0.0020 secs.
  75% in 0.0257 secs.
  90% in 0.0736 secs.
  95% in 0.1015 secs.
  99% in 0.4984 secs.

