2023/07/02 21:58:25 INFO: [core] [Channel #1 SubChannel #2] Subchannel Connectivity change to CONNECTING
2023/07/02 21:58:25 INFO: [core] [Channel #1 SubChannel #2] Subchannel picks a new address "localhost:2379" to connect
2023/07/02 21:58:25 INFO: [core] [Channel #1 SubChannel #2] Subchannel Connectivity change to READY
2023/07/02 21:58:25 INFO: [roundrobin] roundrobinPicker: Build called with info: {map[0xc000122150:{{
  "Addr": "localhost:2379",
  "ServerName": "localhost",
  "Attributes": null,
  "BalancerAttributes": null,
  "Type": 0,
  "Metadata": null
}}]}
2023/07/02 21:58:25 INFO: [core] [Channel #1] Channel Connectivity change to READY
8 / 180 [------->________________________________________________________________________________________________________________________________________________________________] 4.44% ? p/s15 / 180 [------------->_________________________________________________________________________________________________________________________________________________________] 8.33% ? p/s21 / 180 [------------------->__________________________________________________________________________________________________________________________________________________] 11.67% ? p/s28 / 180 [------------------------->___________________________________________________________________________________________________________________________________________] 15.56% 33 p/s36 / 180 [-------------------------------->____________________________________________________________________________________________________________________________________] 20.00% 33 p/s43 / 180 [--------------------------------------->_____________________________________________________________________________________________________________________________] 23.89% 33 p/s48 / 180 [------------------------------------------->_________________________________________________________________________________________________________________________] 26.67% 33 p/s51 / 180 [---------------------------------------------->______________________________________________________________________________________________________________________] 28.33% 33 p/s53 / 180 [------------------------------------------------>____________________________________________________________________________________________________________________] 29.44% 33 p/s56 / 180 [--------------------------------------------------->_________________________________________________________________________________________________________________] 31.11% 32 p/s59 / 180 [------------------------------------------------------>______________________________________________________________________________________________________________] 32.78% 32 p/s65 / 180 [----------------------------------------------------------->_________________________________________________________________________________________________________] 36.11% 32 p/s72 / 180 [----------------------------------------------------------------->___________________________________________________________________________________________________] 40.00% 32 p/s74 / 180 [------------------------------------------------------------------->_________________________________________________________________________________________________] 41.11% 32 p/s75 / 180 [-------------------------------------------------------------------->________________________________________________________________________________________________] 41.67% 32 p/s78 / 180 [----------------------------------------------------------------------->_____________________________________________________________________________________________] 43.33% 30 p/s85 / 180 [----------------------------------------------------------------------------->_______________________________________________________________________________________] 47.22% 30 p/s91 / 180 [----------------------------------------------------------------------------------->_________________________________________________________________________________] 50.56% 30 p/s92 / 180 [------------------------------------------------------------------------------------>________________________________________________________________________________] 51.11% 30 p/s93 / 180 [------------------------------------------------------------------------------------->_______________________________________________________________________________] 51.67% 30 p/s96 / 180 [--------------------------------------------------------------------------------------->_____________________________________________________________________________] 53.33% 30 p/s98 / 180 [----------------------------------------------------------------------------------------->___________________________________________________________________________] 54.44% 29 p/s103 / 180 [--------------------------------------------------------------------------------------------->______________________________________________________________________] 57.22% 29 p/s105 / 180 [----------------------------------------------------------------------------------------------->____________________________________________________________________] 58.33% 29 p/s109 / 180 [--------------------------------------------------------------------------------------------------->________________________________________________________________] 60.56% 28 p/s116 / 180 [--------------------------------------------------------------------------------------------------------->__________________________________________________________] 64.44% 28 p/s123 / 180 [---------------------------------------------------------------------------------------------------------------->___________________________________________________] 68.33% 28 p/s129 / 180 [--------------------------------------------------------------------------------------------------------------------->______________________________________________] 71.67% 28 p/s133 / 180 [------------------------------------------------------------------------------------------------------------------------->__________________________________________] 73.89% 28 p/s136 / 180 [--------------------------------------------------------------------------------------------------------------------------->________________________________________] 75.56% 28 p/s141 / 180 [-------------------------------------------------------------------------------------------------------------------------------->___________________________________] 78.33% 28 p/s149 / 180 [--------------------------------------------------------------------------------------------------------------------------------------->____________________________] 82.78% 28 p/s153 / 180 [------------------------------------------------------------------------------------------------------------------------------------------->________________________] 85.00% 28 p/s153 / 180 [------------------------------------------------------------------------------------------------------------------------------------------->________________________] 85.00% 27 p/s155 / 180 [--------------------------------------------------------------------------------------------------------------------------------------------->______________________] 86.11% 27 p/s158 / 180 [----------------------------------------------------------------------------------------------------------------------------------------------->____________________] 87.78% 27 p/s163 / 180 [---------------------------------------------------------------------------------------------------------------------------------------------------->_______________] 90.56% 27 p/s170 / 180 [---------------------------------------------------------------------------------------------------------------------------------------------------------->_________] 94.44% 27 p/s174 / 180 [-------------------------------------------------------------------------------------------------------------------------------------------------------------->_____] 96.67% 27 p/s176 / 180 [---------------------------------------------------------------------------------------------------------------------------------------------------------------->___] 97.78% 26 p/s180 / 180 [-------------------------------------------------------------------------------------------------------------------------------------------------------------------] 100.00% 23 p/s
Summary:
  Total:	8.1477 secs.
  Slowest:	0.3514 secs.
  Fastest:	0.0015 secs.
  Average:	0.0308 secs.
  Stddev:	0.0526 secs.
  Requests/sec:	22.0921

Response time histogram:
  0.0015 [1]	|
  0.0365 [128]	|∎∎∎∎∎∎∎∎∎∎∎∎∎∎∎∎∎∎∎∎∎∎∎∎∎∎∎∎∎∎∎∎∎∎∎∎∎∎∎∎
  0.0715 [13]	|∎∎∎∎
  0.1065 [31]	|∎∎∎∎∎∎∎∎∎
  0.1415 [2]	|
  0.1765 [2]	|
  0.2115 [0]	|
  0.2464 [0]	|
  0.2814 [1]	|
  0.3164 [1]	|
  0.3514 [1]	|

Latency distribution:
  10% in 0.0017 secs.
  25% in 0.0019 secs.
  50% in 0.0022 secs.
  75% in 0.0492 secs.
  90% in 0.0992 secs.
  95% in 0.1020 secs.
  99% in 0.3514 secs.

