bench with linearizable range
2023/07/02 21:13:54 INFO: [core] [Channel #1 SubChannel #2] Subchannel Connectivity change to CONNECTING
2023/07/02 21:13:54 INFO: [core] [Channel #1 SubChannel #2] Subchannel picks a new address "localhost:2379" to connect
2023/07/02 21:13:54 INFO: [core] [Channel #1 SubChannel #2] Subchannel Connectivity change to READY
2023/07/02 21:13:54 INFO: [roundrobin] roundrobinPicker: Build called with info: {map[0xc000110378:{{
  "Addr": "localhost:2379",
  "ServerName": "localhost",
  "Attributes": null,
  "BalancerAttributes": null,
  "Type": 0,
  "Metadata": null
}}]}
2023/07/02 21:13:54 INFO: [core] [Channel #1] Channel Connectivity change to READY
5 / 100 [-------->__________________________________________________________________________________________________________________________________________________________] 5.00% ? p/s9 / 100 [-------------->____________________________________________________________________________________________________________________________________________________] 9.00% ? p/s14 / 100 [---------------------->__________________________________________________________________________________________________________________________________________] 14.00% ? p/s18 / 100 [---------------------------->___________________________________________________________________________________________________________________________________] 18.00% 22 p/s23 / 100 [------------------------------------>___________________________________________________________________________________________________________________________] 23.00% 22 p/s27 / 100 [------------------------------------------->____________________________________________________________________________________________________________________] 27.00% 22 p/s32 / 100 [--------------------------------------------------->____________________________________________________________________________________________________________] 32.00% 22 p/s37 / 100 [----------------------------------------------------------->____________________________________________________________________________________________________] 37.00% 22 p/s45 / 100 [----------------------------------------------------------------------->________________________________________________________________________________________] 45.00% 22 p/s53 / 100 [------------------------------------------------------------------------------------>___________________________________________________________________________] 53.00% 23 p/s64 / 100 [------------------------------------------------------------------------------------------------------>_________________________________________________________] 64.00% 23 p/s81 / 100 [--------------------------------------------------------------------------------------------------------------------------------->______________________________] 81.00% 23 p/s100 / 100 [--------------------------------------------------------------------------------------------------------------------------------------------------------------] 100.00% 42 p/s
Summary:
  Total:	2.5902 secs.
  Slowest:	0.1033 secs.
  Fastest:	0.0002 secs.
  Average:	0.0194 secs.
  Stddev:	0.0330 secs.
  Requests/sec:	38.6077

Response time histogram:
  0.0002 [1]	|
  0.0105 [74]	|∎∎∎∎∎∎∎∎∎∎∎∎∎∎∎∎∎∎∎∎∎∎∎∎∎∎∎∎∎∎∎∎∎∎∎∎∎∎∎∎
  0.0208 [1]	|
  0.0311 [2]	|∎
  0.0414 [0]	|
  0.0517 [1]	|
  0.0621 [2]	|∎
  0.0724 [2]	|∎
  0.0827 [7]	|∎∎∎
  0.0930 [8]	|∎∎∎∎
  0.1033 [2]	|∎

Latency distribution:
  10% in 0.0003 secs.
  25% in 0.0004 secs.
  50% in 0.0006 secs.
  75% in 0.0197 secs.
  90% in 0.0834 secs.
  95% in 0.0895 secs.
  99% in 0.1033 secs.
