2023/07/02 21:13:54 INFO: [core] [Channel #1 SubChannel #2] Subchannel Connectivity change to CONNECTING
2023/07/02 21:13:54 INFO: [core] [Channel #1 SubChannel #2] Subchannel picks a new address "localhost:2379" to connect
2023/07/02 21:13:54 INFO: [core] [Channel #1 SubChannel #2] Subchannel Connectivity change to READY
2023/07/02 21:13:54 INFO: [roundrobin] roundrobinPicker: Build called with info: {map[0xc00038ae40:{{
  "Addr": "localhost:2379",
  "ServerName": "localhost",
  "Attributes": null,
  "BalancerAttributes": null,
  "Type": 0,
  "Metadata": null
}}]}
2023/07/02 21:13:54 INFO: [core] [Channel #1] Channel Connectivity change to READY
4 / 40 [---------------->__________________________________________________________________________________________________________________________________________________] 10.00% ? p/s7 / 40 [---------------------------->______________________________________________________________________________________________________________________________________] 17.50% ? p/s11 / 40 [-------------------------------------------->_____________________________________________________________________________________________________________________] 27.50% ? p/s15 / 40 [------------------------------------------------------------>____________________________________________________________________________________________________] 37.50% 18 p/s19 / 40 [---------------------------------------------------------------------------->____________________________________________________________________________________] 47.50% 18 p/s22 / 40 [---------------------------------------------------------------------------------------->________________________________________________________________________] 55.00% 18 p/s26 / 40 [-------------------------------------------------------------------------------------------------------->________________________________________________________] 65.00% 18 p/s30 / 40 [------------------------------------------------------------------------------------------------------------------------>________________________________________] 75.00% 18 p/s34 / 40 [---------------------------------------------------------------------------------------------------------------------------------------->________________________] 85.00% 18 p/s38 / 40 [-------------------------------------------------------------------------------------------------------------------------------------------------------->________] 95.00% 18 p/s40 / 40 [----------------------------------------------------------------------------------------------------------------------------------------------------------------] 100.00% 22 p/s
Summary:
  Total:	2.0219 secs.
  Slowest:	0.1037 secs.
  Fastest:	0.0017 secs.
  Average:	0.0404 secs.
  Stddev:	0.0370 secs.
  Requests/sec:	19.7830

Response time histogram:
  0.0017 [1]	|∎∎
  0.0119 [18]	|∎∎∎∎∎∎∎∎∎∎∎∎∎∎∎∎∎∎∎∎∎∎∎∎∎∎∎∎∎∎∎∎∎∎∎∎∎∎∎∎
  0.0221 [0]	|
  0.0323 [1]	|∎∎
  0.0425 [0]	|
  0.0527 [0]	|
  0.0629 [0]	|
  0.0731 [8]	|∎∎∎∎∎∎∎∎∎∎∎∎∎∎∎∎∎
  0.0833 [10]	|∎∎∎∎∎∎∎∎∎∎∎∎∎∎∎∎∎∎∎∎∎∎
  0.0935 [0]	|
  0.1037 [2]	|∎∎∎∎

Latency distribution:
  10% in 0.0018 secs.
  25% in 0.0027 secs.
  50% in 0.0701 secs.
  75% in 0.0748 secs.
  90% in 0.0761 secs.
  95% in 0.1017 secs.

