2023/07/02 21:34:06 INFO: [core] [Channel #1 SubChannel #2] Subchannel Connectivity change to CONNECTING
2023/07/02 21:34:06 INFO: [core] [Channel #1 SubChannel #2] Subchannel picks a new address "localhost:2379" to connect
2023/07/02 21:34:06 INFO: [core] [Channel #1 SubChannel #2] Subchannel Connectivity change to READY
2023/07/02 21:34:06 INFO: [roundrobin] roundrobinPicker: Build called with info: {map[0xc0001102e8:{{
  "Addr": "localhost:2379",
  "ServerName": "localhost",
  "Attributes": null,
  "BalancerAttributes": null,
  "Type": 0,
  "Metadata": null
}}]}
2023/07/02 21:34:06 INFO: [core] [Channel #1] Channel Connectivity change to READY
8 / 180 [------->________________________________________________________________________________________________________________________________________________________________] 4.44% ? p/s16 / 180 [-------------->________________________________________________________________________________________________________________________________________________________] 8.89% ? p/s22 / 180 [-------------------->_________________________________________________________________________________________________________________________________________________] 12.22% ? p/s29 / 180 [-------------------------->__________________________________________________________________________________________________________________________________________] 16.11% 35 p/s34 / 180 [------------------------------->_____________________________________________________________________________________________________________________________________] 18.89% 35 p/s40 / 180 [------------------------------------>________________________________________________________________________________________________________________________________] 22.22% 35 p/s46 / 180 [------------------------------------------>__________________________________________________________________________________________________________________________] 25.56% 35 p/s50 / 180 [--------------------------------------------->_______________________________________________________________________________________________________________________] 27.78% 35 p/s52 / 180 [----------------------------------------------->_____________________________________________________________________________________________________________________] 28.89% 35 p/s52 / 180 [----------------------------------------------->_____________________________________________________________________________________________________________________] 28.89% 33 p/s54 / 180 [------------------------------------------------->___________________________________________________________________________________________________________________] 30.00% 33 p/s59 / 180 [------------------------------------------------------>______________________________________________________________________________________________________________] 32.78% 33 p/s64 / 180 [---------------------------------------------------------->__________________________________________________________________________________________________________] 35.56% 32 p/s66 / 180 [------------------------------------------------------------>________________________________________________________________________________________________________] 36.67% 32 p/s70 / 180 [---------------------------------------------------------------->____________________________________________________________________________________________________] 38.89% 32 p/s76 / 180 [--------------------------------------------------------------------->_______________________________________________________________________________________________] 42.22% 31 p/s84 / 180 [---------------------------------------------------------------------------->________________________________________________________________________________________] 46.67% 31 p/s89 / 180 [--------------------------------------------------------------------------------->___________________________________________________________________________________] 49.44% 31 p/s93 / 180 [------------------------------------------------------------------------------------->_______________________________________________________________________________] 51.67% 31 p/s97 / 180 [---------------------------------------------------------------------------------------->____________________________________________________________________________] 53.89% 31 p/s102 / 180 [-------------------------------------------------------------------------------------------->_______________________________________________________________________] 56.67% 31 p/s110 / 180 [---------------------------------------------------------------------------------------------------->_______________________________________________________________] 61.11% 31 p/s115 / 180 [-------------------------------------------------------------------------------------------------------->___________________________________________________________] 63.89% 31 p/s118 / 180 [----------------------------------------------------------------------------------------------------------->________________________________________________________] 65.56% 31 p/s122 / 180 [--------------------------------------------------------------------------------------------------------------->____________________________________________________] 67.78% 30 p/s126 / 180 [------------------------------------------------------------------------------------------------------------------>_________________________________________________] 70.00% 30 p/s134 / 180 [-------------------------------------------------------------------------------------------------------------------------->_________________________________________] 74.44% 30 p/s139 / 180 [------------------------------------------------------------------------------------------------------------------------------>_____________________________________] 77.22% 30 p/s139 / 180 [------------------------------------------------------------------------------------------------------------------------------>_____________________________________] 77.22% 30 p/s139 / 180 [------------------------------------------------------------------------------------------------------------------------------>_____________________________________] 77.22% 30 p/s140 / 180 [------------------------------------------------------------------------------------------------------------------------------->____________________________________] 77.78% 28 p/s145 / 180 [------------------------------------------------------------------------------------------------------------------------------------>_______________________________] 80.56% 28 p/s150 / 180 [---------------------------------------------------------------------------------------------------------------------------------------->___________________________] 83.33% 28 p/s152 / 180 [------------------------------------------------------------------------------------------------------------------------------------------>_________________________] 84.44% 28 p/s156 / 180 [---------------------------------------------------------------------------------------------------------------------------------------------->_____________________] 86.67% 28 p/s162 / 180 [--------------------------------------------------------------------------------------------------------------------------------------------------->________________] 90.00% 28 p/s169 / 180 [--------------------------------------------------------------------------------------------------------------------------------------------------------->__________] 93.89% 28 p/s173 / 180 [------------------------------------------------------------------------------------------------------------------------------------------------------------->______] 96.11% 28 p/s175 / 180 [--------------------------------------------------------------------------------------------------------------------------------------------------------------->____] 97.22% 28 p/s176 / 180 [---------------------------------------------------------------------------------------------------------------------------------------------------------------->___] 97.78% 27 p/s180 / 180 [-------------------------------------------------------------------------------------------------------------------------------------------------------------------] 100.00% 23 p/s
Summary:
  Total:	8.1133 secs.
  Slowest:	0.5760 secs.
  Fastest:	0.0015 secs.
  Average:	0.0301 secs.
  Stddev:	0.0626 secs.
  Requests/sec:	22.1858

Response time histogram:
  0.0015 [1]	|
  0.0589 [146]	|∎∎∎∎∎∎∎∎∎∎∎∎∎∎∎∎∎∎∎∎∎∎∎∎∎∎∎∎∎∎∎∎∎∎∎∎∎∎∎∎
  0.1164 [26]	|∎∎∎∎∎∎∎
  0.1738 [2]	|
  0.2313 [2]	|
  0.2887 [1]	|
  0.3462 [0]	|
  0.4037 [1]	|
  0.4611 [0]	|
  0.5186 [0]	|
  0.5760 [1]	|

Latency distribution:
  10% in 0.0018 secs.
  25% in 0.0019 secs.
  50% in 0.0021 secs.
  75% in 0.0493 secs.
  90% in 0.0776 secs.
  95% in 0.1019 secs.
  99% in 0.5760 secs.

