2023/06/29 20:39:41 INFO: [core] [Channel #1 SubChannel #2] Subchannel Connectivity change to CONNECTING
2023/06/29 20:39:41 INFO: [core] [Channel #1 SubChannel #2] Subchannel picks a new address "localhost:2379" to connect
2023/06/29 20:39:41 INFO: [core] [Channel #1 SubChannel #2] Subchannel Connectivity change to READY
2023/06/29 20:39:41 INFO: [roundrobin] roundrobinPicker: Build called with info: {map[0xc000110000:{{
  "Addr": "localhost:2379",
  "ServerName": "localhost",
  "Attributes": null,
  "BalancerAttributes": null,
  "Type": 0,
  "Metadata": null
}}]}
2023/06/29 20:39:41 INFO: [core] [Channel #1] Channel Connectivity change to READY
4 / 180 [--->_________________________________________________________________________________________________________________________________________________________________________] 2.22% ? p/s8 / 180 [------->_____________________________________________________________________________________________________________________________________________________________________] 4.44% ? p/s12 / 180 [----------->________________________________________________________________________________________________________________________________________________________________] 6.67% ? p/s16 / 180 [--------------->___________________________________________________________________________________________________________________________________________________________] 8.89% 20 p/s20 / 180 [------------------>_______________________________________________________________________________________________________________________________________________________] 11.11% 20 p/s24 / 180 [---------------------->___________________________________________________________________________________________________________________________________________________] 13.33% 20 p/s28 / 180 [-------------------------->_______________________________________________________________________________________________________________________________________________] 15.56% 20 p/s32 / 180 [------------------------------>___________________________________________________________________________________________________________________________________________] 17.78% 20 p/s36 / 180 [--------------------------------->________________________________________________________________________________________________________________________________________] 20.00% 20 p/s40 / 180 [------------------------------------->____________________________________________________________________________________________________________________________________] 22.22% 20 p/s43 / 180 [---------------------------------------->_________________________________________________________________________________________________________________________________] 23.89% 20 p/s45 / 180 [------------------------------------------>_______________________________________________________________________________________________________________________________] 25.00% 20 p/s50 / 180 [----------------------------------------------->__________________________________________________________________________________________________________________________] 27.78% 20 p/s54 / 180 [-------------------------------------------------->_______________________________________________________________________________________________________________________] 30.00% 20 p/s58 / 180 [------------------------------------------------------>___________________________________________________________________________________________________________________] 32.22% 20 p/s62 / 180 [---------------------------------------------------------->_______________________________________________________________________________________________________________] 34.44% 20 p/s66 / 180 [-------------------------------------------------------------->___________________________________________________________________________________________________________] 36.67% 20 p/s70 / 180 [------------------------------------------------------------------>_______________________________________________________________________________________________________] 38.89% 20 p/s73 / 180 [-------------------------------------------------------------------->_____________________________________________________________________________________________________] 40.56% 20 p/s75 / 180 [---------------------------------------------------------------------->___________________________________________________________________________________________________] 41.67% 20 p/s76 / 180 [----------------------------------------------------------------------->__________________________________________________________________________________________________] 42.22% 20 p/s81 / 180 [---------------------------------------------------------------------------->_____________________________________________________________________________________________] 45.00% 19 p/s85 / 180 [-------------------------------------------------------------------------------->_________________________________________________________________________________________] 47.22% 19 p/s89 / 180 [------------------------------------------------------------------------------------>_____________________________________________________________________________________] 49.44% 19 p/s92 / 180 [-------------------------------------------------------------------------------------->___________________________________________________________________________________] 51.11% 19 p/s97 / 180 [------------------------------------------------------------------------------------------->______________________________________________________________________________] 53.89% 19 p/s101 / 180 [---------------------------------------------------------------------------------------------->__________________________________________________________________________] 56.11% 19 p/s105 / 180 [-------------------------------------------------------------------------------------------------->______________________________________________________________________] 58.33% 19 p/s109 / 180 [------------------------------------------------------------------------------------------------------>__________________________________________________________________] 60.56% 19 p/s113 / 180 [---------------------------------------------------------------------------------------------------------->______________________________________________________________] 62.78% 19 p/s117 / 180 [------------------------------------------------------------------------------------------------------------->___________________________________________________________] 65.00% 19 p/s121 / 180 [----------------------------------------------------------------------------------------------------------------->_______________________________________________________] 67.22% 19 p/s123 / 180 [------------------------------------------------------------------------------------------------------------------->_____________________________________________________] 68.33% 19 p/s125 / 180 [--------------------------------------------------------------------------------------------------------------------->___________________________________________________] 69.44% 19 p/s126 / 180 [---------------------------------------------------------------------------------------------------------------------->__________________________________________________] 70.00% 19 p/s128 / 180 [------------------------------------------------------------------------------------------------------------------------>________________________________________________] 71.11% 19 p/s130 / 180 [-------------------------------------------------------------------------------------------------------------------------->______________________________________________] 72.22% 18 p/s132 / 180 [--------------------------------------------------------------------------------------------------------------------------->_____________________________________________] 73.33% 18 p/s134 / 180 [----------------------------------------------------------------------------------------------------------------------------->___________________________________________] 74.44% 18 p/s137 / 180 [-------------------------------------------------------------------------------------------------------------------------------->________________________________________] 76.11% 18 p/s141 / 180 [------------------------------------------------------------------------------------------------------------------------------------>____________________________________] 78.33% 18 p/s144 / 180 [--------------------------------------------------------------------------------------------------------------------------------------->_________________________________] 80.00% 18 p/s149 / 180 [------------------------------------------------------------------------------------------------------------------------------------------->_____________________________] 82.78% 18 p/s153 / 180 [----------------------------------------------------------------------------------------------------------------------------------------------->_________________________] 85.00% 18 p/s157 / 180 [--------------------------------------------------------------------------------------------------------------------------------------------------->_____________________] 87.22% 18 p/s160 / 180 [------------------------------------------------------------------------------------------------------------------------------------------------------>__________________] 88.89% 18 p/s164 / 180 [--------------------------------------------------------------------------------------------------------------------------------------------------------->_______________] 91.11% 18 p/s169 / 180 [-------------------------------------------------------------------------------------------------------------------------------------------------------------->__________] 93.89% 18 p/s172 / 180 [----------------------------------------------------------------------------------------------------------------------------------------------------------------->_______] 95.56% 18 p/s176 / 180 [--------------------------------------------------------------------------------------------------------------------------------------------------------------------->___] 97.78% 18 p/s180 / 180 [------------------------------------------------------------------------------------------------------------------------------------------------------------------------] 100.00% 18 p/s
Summary:
  Total:	10.1394 secs.
  Slowest:	0.2000 secs.
  Fastest:	0.0018 secs.
  Average:	0.0186 secs.
  Stddev:	0.0363 secs.
  Requests/sec:	17.7525

Response time histogram:
  0.0018 [1]	|
  0.0216 [142]	|∎∎∎∎∎∎∎∎∎∎∎∎∎∎∎∎∎∎∎∎∎∎∎∎∎∎∎∎∎∎∎∎∎∎∎∎∎∎∎∎
  0.0414 [13]	|∎∎∎
  0.0612 [9]	|∎∎
  0.0810 [1]	|
  0.1009 [2]	|
  0.1207 [5]	|∎
  0.1405 [1]	|
  0.1603 [4]	|∎
  0.1801 [0]	|
  0.2000 [2]	|

Latency distribution:
  10% in 0.0021 secs.
  25% in 0.0025 secs.
  50% in 0.0035 secs.
  75% in 0.0138 secs.
  90% in 0.0522 secs.
  95% in 0.1069 secs.
  99% in 0.2000 secs.

