2023/07/02 21:29:32 INFO: [core] [Channel #1 SubChannel #2] Subchannel Connectivity change to CONNECTING
2023/07/02 21:29:32 INFO: [core] [Channel #1 SubChannel #2] Subchannel picks a new address "localhost:2379" to connect
2023/07/02 21:29:32 INFO: [core] [Channel #1 SubChannel #2] Subchannel Connectivity change to READY
2023/07/02 21:29:32 INFO: [roundrobin] roundrobinPicker: Build called with info: {map[0xc00011a018:{{
  "Addr": "localhost:2379",
  "ServerName": "localhost",
  "Attributes": null,
  "BalancerAttributes": null,
  "Type": 0,
  "Metadata": null
}}]}
2023/07/02 21:29:32 INFO: [core] [Channel #1] Channel Connectivity change to READY
8 / 180 [------->________________________________________________________________________________________________________________________________________________________________] 4.44% ? p/s15 / 180 [------------->_________________________________________________________________________________________________________________________________________________________] 8.33% ? p/s22 / 180 [-------------------->_________________________________________________________________________________________________________________________________________________] 12.22% ? p/s29 / 180 [-------------------------->__________________________________________________________________________________________________________________________________________] 16.11% 35 p/s37 / 180 [--------------------------------->___________________________________________________________________________________________________________________________________] 20.56% 35 p/s44 / 180 [---------------------------------------->____________________________________________________________________________________________________________________________] 24.44% 35 p/s51 / 180 [---------------------------------------------->______________________________________________________________________________________________________________________] 28.33% 35 p/s55 / 180 [-------------------------------------------------->__________________________________________________________________________________________________________________] 30.56% 35 p/s55 / 180 [-------------------------------------------------->__________________________________________________________________________________________________________________] 30.56% 35 p/s58 / 180 [----------------------------------------------------->_______________________________________________________________________________________________________________] 32.22% 34 p/s62 / 180 [-------------------------------------------------------->____________________________________________________________________________________________________________] 34.44% 34 p/s69 / 180 [--------------------------------------------------------------->_____________________________________________________________________________________________________] 38.33% 34 p/s73 / 180 [------------------------------------------------------------------>__________________________________________________________________________________________________] 40.56% 33 p/s76 / 180 [--------------------------------------------------------------------->_______________________________________________________________________________________________] 42.22% 33 p/s80 / 180 [------------------------------------------------------------------------->___________________________________________________________________________________________] 44.44% 33 p/s87 / 180 [------------------------------------------------------------------------------->_____________________________________________________________________________________] 48.33% 32 p/s95 / 180 [--------------------------------------------------------------------------------------->_____________________________________________________________________________] 52.78% 32 p/s101 / 180 [-------------------------------------------------------------------------------------------->_______________________________________________________________________] 56.11% 32 p/s104 / 180 [---------------------------------------------------------------------------------------------->_____________________________________________________________________] 57.78% 32 p/s110 / 180 [---------------------------------------------------------------------------------------------------->_______________________________________________________________] 61.11% 32 p/s117 / 180 [---------------------------------------------------------------------------------------------------------->_________________________________________________________] 65.00% 32 p/s125 / 180 [----------------------------------------------------------------------------------------------------------------->__________________________________________________] 69.44% 32 p/s130 / 180 [---------------------------------------------------------------------------------------------------------------------->_____________________________________________] 72.22% 32 p/s130 / 180 [---------------------------------------------------------------------------------------------------------------------->_____________________________________________] 72.22% 32 p/s132 / 180 [------------------------------------------------------------------------------------------------------------------------>___________________________________________] 73.33% 31 p/s136 / 180 [--------------------------------------------------------------------------------------------------------------------------->________________________________________] 75.56% 31 p/s142 / 180 [--------------------------------------------------------------------------------------------------------------------------------->__________________________________] 78.89% 31 p/s146 / 180 [------------------------------------------------------------------------------------------------------------------------------------->______________________________] 81.11% 31 p/s149 / 180 [--------------------------------------------------------------------------------------------------------------------------------------->____________________________] 82.78% 31 p/s154 / 180 [-------------------------------------------------------------------------------------------------------------------------------------------->_______________________] 85.56% 31 p/s161 / 180 [-------------------------------------------------------------------------------------------------------------------------------------------------->_________________] 89.44% 30 p/s166 / 180 [------------------------------------------------------------------------------------------------------------------------------------------------------->____________] 92.22% 30 p/s173 / 180 [------------------------------------------------------------------------------------------------------------------------------------------------------------->______] 96.11% 30 p/s176 / 180 [---------------------------------------------------------------------------------------------------------------------------------------------------------------->___] 97.78% 30 p/s180 / 180 [-------------------------------------------------------------------------------------------------------------------------------------------------------------------] 100.00% 27 p/s
Summary:
  Total:	6.9137 secs.
  Slowest:	0.4008 secs.
  Fastest:	0.0015 secs.
  Average:	0.0225 secs.
  Stddev:	0.0498 secs.
  Requests/sec:	26.0354

Response time histogram:
  0.0015 [1]	|
  0.0414 [143]	|∎∎∎∎∎∎∎∎∎∎∎∎∎∎∎∎∎∎∎∎∎∎∎∎∎∎∎∎∎∎∎∎∎∎∎∎∎∎∎∎
  0.0814 [25]	|∎∎∎∎∎∎
  0.1213 [7]	|∎
  0.1612 [1]	|
  0.2011 [0]	|
  0.2411 [0]	|
  0.2810 [1]	|
  0.3209 [0]	|
  0.3609 [1]	|
  0.4008 [1]	|

Latency distribution:
  10% in 0.0017 secs.
  25% in 0.0018 secs.
  50% in 0.0019 secs.
  75% in 0.0242 secs.
  90% in 0.0714 secs.
  95% in 0.1012 secs.
  99% in 0.4008 secs.

