2023/07/02 21:34:56 INFO: [core] [Channel #1 SubChannel #2] Subchannel Connectivity change to CONNECTING
2023/07/02 21:34:56 INFO: [core] [Channel #1 SubChannel #2] Subchannel picks a new address "localhost:2379" to connect
2023/07/02 21:34:56 INFO: [core] [Channel #1 SubChannel #2] Subchannel Connectivity change to READY
2023/07/02 21:34:56 INFO: [roundrobin] roundrobinPicker: Build called with info: {map[0xc000012390:{{
  "Addr": "localhost:2379",
  "ServerName": "localhost",
  "Attributes": null,
  "BalancerAttributes": null,
  "Type": 0,
  "Metadata": null
}}]}
2023/07/02 21:34:56 INFO: [core] [Channel #1] Channel Connectivity change to READY
7 / 180 [------>_________________________________________________________________________________________________________________________________________________________________] 3.89% ? p/s14 / 180 [------------>__________________________________________________________________________________________________________________________________________________________] 7.78% ? p/s21 / 180 [------------------->__________________________________________________________________________________________________________________________________________________] 11.67% ? p/s28 / 180 [------------------------->___________________________________________________________________________________________________________________________________________] 15.56% 35 p/s36 / 180 [-------------------------------->____________________________________________________________________________________________________________________________________] 20.00% 35 p/s43 / 180 [--------------------------------------->_____________________________________________________________________________________________________________________________] 23.89% 35 p/s50 / 180 [--------------------------------------------->_______________________________________________________________________________________________________________________] 27.78% 35 p/s56 / 180 [--------------------------------------------------->_________________________________________________________________________________________________________________] 31.11% 35 p/s58 / 180 [----------------------------------------------------->_______________________________________________________________________________________________________________] 32.22% 35 p/s61 / 180 [------------------------------------------------------->_____________________________________________________________________________________________________________] 33.89% 34 p/s70 / 180 [---------------------------------------------------------------->____________________________________________________________________________________________________] 38.89% 34 p/s76 / 180 [--------------------------------------------------------------------->_______________________________________________________________________________________________] 42.22% 34 p/s82 / 180 [--------------------------------------------------------------------------->_________________________________________________________________________________________] 45.56% 34 p/s86 / 180 [------------------------------------------------------------------------------>______________________________________________________________________________________] 47.78% 34 p/s90 / 180 [---------------------------------------------------------------------------------->__________________________________________________________________________________] 50.00% 34 p/s97 / 180 [---------------------------------------------------------------------------------------->____________________________________________________________________________] 53.89% 34 p/s106 / 180 [------------------------------------------------------------------------------------------------>___________________________________________________________________] 58.89% 34 p/s109 / 180 [--------------------------------------------------------------------------------------------------->________________________________________________________________] 60.56% 34 p/s109 / 180 [--------------------------------------------------------------------------------------------------->________________________________________________________________] 60.56% 33 p/s110 / 180 [---------------------------------------------------------------------------------------------------->_______________________________________________________________] 61.11% 33 p/s112 / 180 [------------------------------------------------------------------------------------------------------>_____________________________________________________________] 62.22% 33 p/s115 / 180 [-------------------------------------------------------------------------------------------------------->___________________________________________________________] 63.89% 31 p/s120 / 180 [------------------------------------------------------------------------------------------------------------->______________________________________________________] 66.67% 31 p/s122 / 180 [--------------------------------------------------------------------------------------------------------------->____________________________________________________] 67.78% 31 p/s126 / 180 [------------------------------------------------------------------------------------------------------------------>_________________________________________________] 70.00% 30 p/s134 / 180 [-------------------------------------------------------------------------------------------------------------------------->_________________________________________] 74.44% 30 p/s142 / 180 [--------------------------------------------------------------------------------------------------------------------------------->__________________________________] 78.89% 30 p/s148 / 180 [-------------------------------------------------------------------------------------------------------------------------------------->_____________________________] 82.22% 31 p/s148 / 180 [-------------------------------------------------------------------------------------------------------------------------------------->_____________________________] 82.22% 31 p/s154 / 180 [-------------------------------------------------------------------------------------------------------------------------------------------->_______________________] 85.56% 31 p/s162 / 180 [--------------------------------------------------------------------------------------------------------------------------------------------------->________________] 90.00% 30 p/s169 / 180 [--------------------------------------------------------------------------------------------------------------------------------------------------------->__________] 93.89% 30 p/s175 / 180 [--------------------------------------------------------------------------------------------------------------------------------------------------------------->____] 97.22% 30 p/s175 / 180 [--------------------------------------------------------------------------------------------------------------------------------------------------------------->____] 97.22% 30 p/s177 / 180 [----------------------------------------------------------------------------------------------------------------------------------------------------------------->__] 98.33% 30 p/s179 / 180 [------------------------------------------------------------------------------------------------------------------------------------------------------------------->] 99.44% 30 p/s180 / 180 [-------------------------------------------------------------------------------------------------------------------------------------------------------------------] 100.00% 26 p/s
Summary:
  Total:	7.2153 secs.
  Slowest:	0.3751 secs.
  Fastest:	0.0014 secs.
  Average:	0.0236 secs.
  Stddev:	0.0544 secs.
  Requests/sec:	24.9471

Response time histogram:
  0.0014 [1]	|
  0.0388 [146]	|∎∎∎∎∎∎∎∎∎∎∎∎∎∎∎∎∎∎∎∎∎∎∎∎∎∎∎∎∎∎∎∎∎∎∎∎∎∎∎∎
  0.0761 [20]	|∎∎∎∎∎
  0.1135 [6]	|∎
  0.1509 [0]	|
  0.1882 [3]	|
  0.2256 [0]	|
  0.2630 [0]	|
  0.3003 [2]	|
  0.3377 [1]	|
  0.3751 [1]	|

Latency distribution:
  10% in 0.0017 secs.
  25% in 0.0018 secs.
  50% in 0.0020 secs.
  75% in 0.0240 secs.
  90% in 0.0748 secs.
  95% in 0.0995 secs.
  99% in 0.3751 secs.

