2023/07/02 21:27:57 INFO: [core] [Channel #1 SubChannel #2] Subchannel Connectivity change to CONNECTING
2023/07/02 21:27:57 INFO: [core] [Channel #1 SubChannel #2] Subchannel picks a new address "localhost:2379" to connect
2023/07/02 21:27:57 INFO: [core] [Channel #1 SubChannel #2] Subchannel Connectivity change to READY
2023/07/02 21:27:57 INFO: [roundrobin] roundrobinPicker: Build called with info: {map[0xc000110378:{{
  "Addr": "localhost:2379",
  "ServerName": "localhost",
  "Attributes": null,
  "BalancerAttributes": null,
  "Type": 0,
  "Metadata": null
}}]}
2023/07/02 21:27:57 INFO: [core] [Channel #1] Channel Connectivity change to READY
8 / 180 [------->________________________________________________________________________________________________________________________________________________________________] 4.44% ? p/s15 / 180 [------------->_________________________________________________________________________________________________________________________________________________________] 8.33% ? p/s22 / 180 [-------------------->_________________________________________________________________________________________________________________________________________________] 12.22% ? p/s29 / 180 [-------------------------->__________________________________________________________________________________________________________________________________________] 16.11% 35 p/s37 / 180 [--------------------------------->___________________________________________________________________________________________________________________________________] 20.56% 35 p/s44 / 180 [---------------------------------------->____________________________________________________________________________________________________________________________] 24.44% 35 p/s51 / 180 [---------------------------------------------->______________________________________________________________________________________________________________________] 28.33% 35 p/s57 / 180 [---------------------------------------------------->________________________________________________________________________________________________________________] 31.67% 35 p/s60 / 180 [------------------------------------------------------>______________________________________________________________________________________________________________] 33.33% 35 p/s68 / 180 [-------------------------------------------------------------->______________________________________________________________________________________________________] 37.78% 35 p/s75 / 180 [-------------------------------------------------------------------->________________________________________________________________________________________________] 41.67% 35 p/s83 / 180 [---------------------------------------------------------------------------->________________________________________________________________________________________] 46.11% 35 p/s88 / 180 [-------------------------------------------------------------------------------->____________________________________________________________________________________] 48.89% 35 p/s90 / 180 [---------------------------------------------------------------------------------->__________________________________________________________________________________] 50.00% 35 p/s90 / 180 [---------------------------------------------------------------------------------->__________________________________________________________________________________] 50.00% 35 p/s92 / 180 [------------------------------------------------------------------------------------>________________________________________________________________________________] 51.11% 33 p/s97 / 180 [---------------------------------------------------------------------------------------->____________________________________________________________________________] 53.89% 33 p/s103 / 180 [--------------------------------------------------------------------------------------------->______________________________________________________________________] 57.22% 33 p/s105 / 180 [----------------------------------------------------------------------------------------------->____________________________________________________________________] 58.33% 32 p/s112 / 180 [------------------------------------------------------------------------------------------------------>_____________________________________________________________] 62.22% 32 p/s120 / 180 [------------------------------------------------------------------------------------------------------------->______________________________________________________] 66.67% 32 p/s128 / 180 [-------------------------------------------------------------------------------------------------------------------->_______________________________________________] 71.11% 32 p/s133 / 180 [------------------------------------------------------------------------------------------------------------------------->__________________________________________] 73.89% 32 p/s135 / 180 [-------------------------------------------------------------------------------------------------------------------------->_________________________________________] 75.00% 32 p/s141 / 180 [-------------------------------------------------------------------------------------------------------------------------------->___________________________________] 78.33% 32 p/s149 / 180 [--------------------------------------------------------------------------------------------------------------------------------------->____________________________] 82.78% 32 p/s155 / 180 [--------------------------------------------------------------------------------------------------------------------------------------------->______________________] 86.11% 32 p/s161 / 180 [-------------------------------------------------------------------------------------------------------------------------------------------------->_________________] 89.44% 32 p/s163 / 180 [---------------------------------------------------------------------------------------------------------------------------------------------------->_______________] 90.56% 32 p/s167 / 180 [-------------------------------------------------------------------------------------------------------------------------------------------------------->___________] 92.78% 32 p/s173 / 180 [------------------------------------------------------------------------------------------------------------------------------------------------------------->______] 96.11% 31 p/s180 / 180 [-------------------------------------------------------------------------------------------------------------------------------------------------------------------] 100.00% 29 p/s
Summary:
  Total:	6.3864 secs.
  Slowest:	0.4776 secs.
  Fastest:	0.0014 secs.
  Average:	0.0192 secs.
  Stddev:	0.0452 secs.
  Requests/sec:	28.1848

Response time histogram:
  0.0014 [1]	|
  0.0490 [156]	|∎∎∎∎∎∎∎∎∎∎∎∎∎∎∎∎∎∎∎∎∎∎∎∎∎∎∎∎∎∎∎∎∎∎∎∎∎∎∎∎
  0.0966 [15]	|∎∎∎
  0.1443 [5]	|∎
  0.1919 [2]	|
  0.2395 [0]	|
  0.2871 [0]	|
  0.3347 [0]	|
  0.3823 [0]	|
  0.4299 [0]	|
  0.4776 [1]	|

Latency distribution:
  10% in 0.0017 secs.
  25% in 0.0018 secs.
  50% in 0.0020 secs.
  75% in 0.0238 secs.
  90% in 0.0515 secs.
  95% in 0.0780 secs.
  99% in 0.4776 secs.

