2023/06/29 22:19:53 INFO: [core] [Channel #1 SubChannel #2] Subchannel Connectivity change to CONNECTING
2023/06/29 22:19:53 INFO: [core] [Channel #1 SubChannel #2] Subchannel picks a new address "localhost:2379" to connect
2023/06/29 22:19:53 INFO: [core] [Channel #1 SubChannel #2] Subchannel Connectivity change to READY
2023/06/29 22:19:53 INFO: [roundrobin] roundrobinPicker: Build called with info: {map[0xc000386f00:{{
  "Addr": "localhost:2379",
  "ServerName": "localhost",
  "Attributes": null,
  "BalancerAttributes": null,
  "Type": 0,
  "Metadata": null
}}]}
2023/06/29 22:19:53 INFO: [core] [Channel #1] Channel Connectivity change to READY
4 / 180 [--->_______________________________________________________________________________________________________________________________________________________________] 2.22% ? p/s8 / 180 [------->___________________________________________________________________________________________________________________________________________________________] 4.44% ? p/s11 / 180 [--------->________________________________________________________________________________________________________________________________________________________] 6.11% ? p/s11 / 180 [--------->_______________________________________________________________________________________________________________________________________________________] 6.11% 12 p/s11 / 180 [--------->_______________________________________________________________________________________________________________________________________________________] 6.11% 12 p/s12 / 180 [---------->______________________________________________________________________________________________________________________________________________________] 6.67% 12 p/s12 / 180 [---------->______________________________________________________________________________________________________________________________________________________] 6.67% 11 p/s12 / 180 [---------->______________________________________________________________________________________________________________________________________________________] 6.67% 11 p/s12 / 180 [---------->______________________________________________________________________________________________________________________________________________________] 6.67% 11 p/s12 / 180 [---------->______________________________________________________________________________________________________________________________________________________] 6.67% 10 p/s13 / 180 [----------->_____________________________________________________________________________________________________________________________________________________] 7.22% 10 p/s13 / 180 [----------->_____________________________________________________________________________________________________________________________________________________] 7.22% 10 p/s13 / 180 [----------->_____________________________________________________________________________________________________________________________________________________] 7.22% 10 p/s15 / 180 [------------->___________________________________________________________________________________________________________________________________________________] 8.33% 10 p/s19 / 180 [---------------->_______________________________________________________________________________________________________________________________________________] 10.56% 10 p/s23 / 180 [-------------------->___________________________________________________________________________________________________________________________________________] 12.78% 10 p/s27 / 180 [----------------------->________________________________________________________________________________________________________________________________________] 15.00% 10 p/s31 / 180 [--------------------------->____________________________________________________________________________________________________________________________________] 17.22% 10 p/s35 / 180 [------------------------------->________________________________________________________________________________________________________________________________] 19.44% 11 p/s39 / 180 [---------------------------------->_____________________________________________________________________________________________________________________________] 21.67% 11 p/s43 / 180 [-------------------------------------->_________________________________________________________________________________________________________________________] 23.89% 11 p/s47 / 180 [----------------------------------------->______________________________________________________________________________________________________________________] 26.11% 11 p/s51 / 180 [--------------------------------------------->__________________________________________________________________________________________________________________] 28.33% 11 p/s55 / 180 [------------------------------------------------>_______________________________________________________________________________________________________________] 30.56% 11 p/s59 / 180 [---------------------------------------------------->___________________________________________________________________________________________________________] 32.78% 12 p/s63 / 180 [------------------------------------------------------->________________________________________________________________________________________________________] 35.00% 12 p/s67 / 180 [----------------------------------------------------------->____________________________________________________________________________________________________] 37.22% 12 p/s71 / 180 [--------------------------------------------------------------->________________________________________________________________________________________________] 39.44% 12 p/s75 / 180 [------------------------------------------------------------------>_____________________________________________________________________________________________] 41.67% 12 p/s79 / 180 [---------------------------------------------------------------------->_________________________________________________________________________________________] 43.89% 12 p/s83 / 180 [------------------------------------------------------------------------->______________________________________________________________________________________] 46.11% 13 p/s87 / 180 [----------------------------------------------------------------------------->__________________________________________________________________________________] 48.33% 13 p/s91 / 180 [-------------------------------------------------------------------------------->_______________________________________________________________________________] 50.56% 13 p/s95 / 180 [------------------------------------------------------------------------------------>___________________________________________________________________________] 52.78% 13 p/s99 / 180 [--------------------------------------------------------------------------------------->________________________________________________________________________] 55.00% 13 p/s103 / 180 [------------------------------------------------------------------------------------------>____________________________________________________________________] 57.22% 13 p/s107 / 180 [---------------------------------------------------------------------------------------------->________________________________________________________________] 59.44% 14 p/s111 / 180 [-------------------------------------------------------------------------------------------------->____________________________________________________________] 61.67% 14 p/s115 / 180 [----------------------------------------------------------------------------------------------------->_________________________________________________________] 63.89% 14 p/s119 / 180 [--------------------------------------------------------------------------------------------------------->_____________________________________________________] 66.11% 14 p/s123 / 180 [------------------------------------------------------------------------------------------------------------>__________________________________________________] 68.33% 14 p/s127 / 180 [---------------------------------------------------------------------------------------------------------------->______________________________________________] 70.56% 14 p/s131 / 180 [------------------------------------------------------------------------------------------------------------------->___________________________________________] 72.78% 15 p/s135 / 180 [----------------------------------------------------------------------------------------------------------------------->_______________________________________] 75.00% 15 p/s139 / 180 [-------------------------------------------------------------------------------------------------------------------------->____________________________________] 77.22% 15 p/s143 / 180 [------------------------------------------------------------------------------------------------------------------------------>________________________________] 79.44% 15 p/s147 / 180 [--------------------------------------------------------------------------------------------------------------------------------->_____________________________] 81.67% 15 p/s151 / 180 [------------------------------------------------------------------------------------------------------------------------------------->_________________________] 83.89% 15 p/s155 / 180 [---------------------------------------------------------------------------------------------------------------------------------------->______________________] 86.11% 15 p/s159 / 180 [-------------------------------------------------------------------------------------------------------------------------------------------->__________________] 88.33% 15 p/s163 / 180 [----------------------------------------------------------------------------------------------------------------------------------------------->_______________] 90.56% 15 p/s167 / 180 [--------------------------------------------------------------------------------------------------------------------------------------------------->___________] 92.78% 16 p/s171 / 180 [------------------------------------------------------------------------------------------------------------------------------------------------------->_______] 95.00% 16 p/s175 / 180 [---------------------------------------------------------------------------------------------------------------------------------------------------------->____] 97.22% 16 p/s179 / 180 [-------------------------------------------------------------------------------------------------------------------------------------------------------------->] 99.44% 16 p/s180 / 180 [--------------------------------------------------------------------------------------------------------------------------------------------------------------] 100.00% 17 p/s
Summary:
  Total:	11.0313 secs.
  Slowest:	0.9063 secs.
  Fastest:	0.0016 secs.
  Average:	0.0146 secs.
  Stddev:	0.0960 secs.
  Requests/sec:	16.3172

Response time histogram:
  0.0016 [1]	|
  0.0921 [176]	|∎∎∎∎∎∎∎∎∎∎∎∎∎∎∎∎∎∎∎∎∎∎∎∎∎∎∎∎∎∎∎∎∎∎∎∎∎∎∎∎
  0.1826 [0]	|
  0.2730 [0]	|
  0.3635 [0]	|
  0.4540 [0]	|
  0.5444 [0]	|
  0.6349 [1]	|
  0.7254 [0]	|
  0.8159 [1]	|
  0.9063 [1]	|

Latency distribution:
  10% in 0.0017 secs.
  25% in 0.0017 secs.
  50% in 0.0018 secs.
  75% in 0.0020 secs.
  90% in 0.0027 secs.
  95% in 0.0043 secs.
  99% in 0.9063 secs.

