bench with linearizable range
2023/06/29 22:19:53 INFO: [core] [Channel #1 SubChannel #2] Subchannel Connectivity change to CONNECTING
2023/06/29 22:19:53 INFO: [core] [Channel #1 SubChannel #2] Subchannel picks a new address "localhost:2379" to connect
2023/06/29 22:19:53 INFO: [core] [Channel #1 SubChannel #2] Subchannel Connectivity change to READY
2023/06/29 22:19:53 INFO: [roundrobin] roundrobinPicker: Build called with info: {map[0xc000012138:{{
  "Addr": "localhost:2379",
  "ServerName": "localhost",
  "Attributes": null,
  "BalancerAttributes": null,
  "Type": 0,
  "Metadata": null
}}]}
2023/06/29 22:19:53 INFO: [core] [Channel #1] Channel Connectivity change to READY
20 / 1000 [--->_____________________________________________________________________________________________________________________________________________________________] 2.00% ? p/s40 / 1000 [------>__________________________________________________________________________________________________________________________________________________________] 4.00% ? p/s58 / 1000 [--------->_______________________________________________________________________________________________________________________________________________________] 5.80% ? p/s61 / 1000 [--------->______________________________________________________________________________________________________________________________________________________] 6.10% 68 p/s62 / 1000 [--------->______________________________________________________________________________________________________________________________________________________] 6.20% 68 p/s64 / 1000 [---------->_____________________________________________________________________________________________________________________________________________________] 6.40% 68 p/s64 / 1000 [---------->_____________________________________________________________________________________________________________________________________________________] 6.40% 64 p/s65 / 1000 [---------->_____________________________________________________________________________________________________________________________________________________] 6.50% 64 p/s65 / 1000 [---------->_____________________________________________________________________________________________________________________________________________________] 6.50% 64 p/s66 / 1000 [---------->_____________________________________________________________________________________________________________________________________________________] 6.60% 60 p/s66 / 1000 [---------->_____________________________________________________________________________________________________________________________________________________] 6.60% 60 p/s66 / 1000 [---------->_____________________________________________________________________________________________________________________________________________________] 6.60% 60 p/s66 / 1000 [---------->_____________________________________________________________________________________________________________________________________________________] 6.60% 56 p/s66 / 1000 [---------->_____________________________________________________________________________________________________________________________________________________] 6.60% 56 p/s82 / 1000 [------------->__________________________________________________________________________________________________________________________________________________] 8.20% 56 p/s102 / 1000 [---------------->_____________________________________________________________________________________________________________________________________________] 10.20% 57 p/s122 / 1000 [------------------->__________________________________________________________________________________________________________________________________________] 12.20% 57 p/s142 / 1000 [---------------------->_______________________________________________________________________________________________________________________________________] 14.20% 57 p/s162 / 1000 [------------------------->____________________________________________________________________________________________________________________________________] 16.20% 59 p/s182 / 1000 [---------------------------->_________________________________________________________________________________________________________________________________] 18.20% 59 p/s202 / 1000 [------------------------------->______________________________________________________________________________________________________________________________] 20.20% 59 p/s222 / 1000 [----------------------------------->__________________________________________________________________________________________________________________________] 22.20% 62 p/s242 / 1000 [-------------------------------------->_______________________________________________________________________________________________________________________] 24.20% 62 p/s262 / 1000 [----------------------------------------->____________________________________________________________________________________________________________________] 26.20% 62 p/s282 / 1000 [-------------------------------------------->_________________________________________________________________________________________________________________] 28.20% 65 p/s302 / 1000 [----------------------------------------------->______________________________________________________________________________________________________________] 30.20% 65 p/s322 / 1000 [-------------------------------------------------->___________________________________________________________________________________________________________] 32.20% 65 p/s342 / 1000 [------------------------------------------------------>_______________________________________________________________________________________________________] 34.20% 67 p/s362 / 1000 [--------------------------------------------------------->____________________________________________________________________________________________________] 36.20% 67 p/s382 / 1000 [------------------------------------------------------------>_________________________________________________________________________________________________] 38.20% 67 p/s402 / 1000 [--------------------------------------------------------------->______________________________________________________________________________________________] 40.20% 69 p/s422 / 1000 [------------------------------------------------------------------>___________________________________________________________________________________________] 42.20% 69 p/s442 / 1000 [--------------------------------------------------------------------->________________________________________________________________________________________] 44.20% 69 p/s462 / 1000 [------------------------------------------------------------------------>_____________________________________________________________________________________] 46.20% 71 p/s482 / 1000 [---------------------------------------------------------------------------->_________________________________________________________________________________] 48.20% 71 p/s502 / 1000 [------------------------------------------------------------------------------->______________________________________________________________________________] 50.20% 71 p/s522 / 1000 [---------------------------------------------------------------------------------->___________________________________________________________________________] 52.20% 73 p/s542 / 1000 [------------------------------------------------------------------------------------->________________________________________________________________________] 54.20% 73 p/s562 / 1000 [---------------------------------------------------------------------------------------->_____________________________________________________________________] 56.20% 73 p/s582 / 1000 [------------------------------------------------------------------------------------------->__________________________________________________________________] 58.20% 75 p/s602 / 1000 [----------------------------------------------------------------------------------------------->______________________________________________________________] 60.20% 75 p/s622 / 1000 [-------------------------------------------------------------------------------------------------->___________________________________________________________] 62.20% 75 p/s642 / 1000 [----------------------------------------------------------------------------------------------------->________________________________________________________] 64.20% 76 p/s662 / 1000 [-------------------------------------------------------------------------------------------------------->_____________________________________________________] 66.20% 76 p/s682 / 1000 [----------------------------------------------------------------------------------------------------------->__________________________________________________] 68.20% 76 p/s702 / 1000 [-------------------------------------------------------------------------------------------------------------->_______________________________________________] 70.20% 78 p/s722 / 1000 [------------------------------------------------------------------------------------------------------------------>___________________________________________] 72.20% 78 p/s742 / 1000 [--------------------------------------------------------------------------------------------------------------------->________________________________________] 74.20% 78 p/s762 / 1000 [------------------------------------------------------------------------------------------------------------------------>_____________________________________] 76.20% 79 p/s782 / 1000 [--------------------------------------------------------------------------------------------------------------------------->__________________________________] 78.20% 79 p/s802 / 1000 [------------------------------------------------------------------------------------------------------------------------------>_______________________________] 80.20% 79 p/s822 / 1000 [--------------------------------------------------------------------------------------------------------------------------------->____________________________] 82.20% 81 p/s842 / 1000 [------------------------------------------------------------------------------------------------------------------------------------->________________________] 84.20% 81 p/s862 / 1000 [---------------------------------------------------------------------------------------------------------------------------------------->_____________________] 86.20% 81 p/s882 / 1000 [------------------------------------------------------------------------------------------------------------------------------------------->__________________] 88.20% 82 p/s902 / 1000 [---------------------------------------------------------------------------------------------------------------------------------------------->_______________] 90.20% 82 p/s922 / 1000 [------------------------------------------------------------------------------------------------------------------------------------------------->____________] 92.20% 82 p/s942 / 1000 [---------------------------------------------------------------------------------------------------------------------------------------------------->_________] 94.20% 83 p/s962 / 1000 [------------------------------------------------------------------------------------------------------------------------------------------------------->______] 96.20% 83 p/s982 / 1000 [----------------------------------------------------------------------------------------------------------------------------------------------------------->__] 98.20% 83 p/s1000 / 1000 [------------------------------------------------------------------------------------------------------------------------------------------------------------] 100.00% 84 p/s
Summary:
  Total:	12.1737 secs.
  Slowest:	0.9383 secs.
  Fastest:	0.0002 secs.
  Average:	0.0028 secs.
  Stddev:	0.0354 secs.
  Requests/sec:	82.1443

Response time histogram:
  0.0002 [1]	|
  0.0940 [994]	|∎∎∎∎∎∎∎∎∎∎∎∎∎∎∎∎∎∎∎∎∎∎∎∎∎∎∎∎∎∎∎∎∎∎∎∎∎∎∎∎
  0.1878 [1]	|
  0.2816 [0]	|
  0.3754 [3]	|
  0.4692 [0]	|
  0.5630 [0]	|
  0.6568 [0]	|
  0.7506 [0]	|
  0.8444 [0]	|
  0.9383 [1]	|

Latency distribution:
  10% in 0.0003 secs.
  25% in 0.0003 secs.
  50% in 0.0004 secs.
  75% in 0.0006 secs.
  90% in 0.0007 secs.
  95% in 0.0009 secs.
  99% in 0.0159 secs.
  99.9% in 0.9383 secs.
