bench with linearizable range
2023/07/02 21:13:53 INFO: [core] [Channel #1 SubChannel #2] Subchannel Connectivity change to CONNECTING
2023/07/02 21:13:53 INFO: [core] [Channel #1 SubChannel #2] Subchannel picks a new address "localhost:2379" to connect
2023/07/02 21:13:53 INFO: [core] [Channel #1 SubChannel #2] Subchannel Connectivity change to READY
2023/07/02 21:13:53 INFO: [roundrobin] roundrobinPicker: Build called with info: {map[0xc000500450:{{
  "Addr": "localhost:2379",
  "ServerName": "localhost",
  "Attributes": null,
  "BalancerAttributes": null,
  "Type": 0,
  "Metadata": null
}}]}
2023/07/02 21:13:53 INFO: [core] [Channel #1] Channel Connectivity change to READY
6 / 100 [--------->_________________________________________________________________________________________________________________________________________________________] 6.00% ? p/s10 / 100 [---------------->________________________________________________________________________________________________________________________________________________] 10.00% ? p/s14 / 100 [---------------------->__________________________________________________________________________________________________________________________________________] 14.00% ? p/s18 / 100 [---------------------------->___________________________________________________________________________________________________________________________________] 18.00% 20 p/s22 / 100 [----------------------------------->____________________________________________________________________________________________________________________________] 22.00% 20 p/s26 / 100 [----------------------------------------->______________________________________________________________________________________________________________________] 26.00% 20 p/s31 / 100 [------------------------------------------------->______________________________________________________________________________________________________________] 31.00% 20 p/s35 / 100 [------------------------------------------------------->________________________________________________________________________________________________________] 35.00% 20 p/s39 / 100 [-------------------------------------------------------------->_________________________________________________________________________________________________] 39.00% 20 p/s44 / 100 [---------------------------------------------------------------------->_________________________________________________________________________________________] 44.00% 20 p/s48 / 100 [---------------------------------------------------------------------------->___________________________________________________________________________________] 48.00% 20 p/s52 / 100 [----------------------------------------------------------------------------------->____________________________________________________________________________] 52.00% 20 p/s56 / 100 [----------------------------------------------------------------------------------------->______________________________________________________________________] 56.00% 20 p/s64 / 100 [------------------------------------------------------------------------------------------------------>_________________________________________________________] 64.00% 20 p/s73 / 100 [-------------------------------------------------------------------------------------------------------------------->___________________________________________] 73.00% 20 p/s87 / 100 [------------------------------------------------------------------------------------------------------------------------------------------->____________________] 87.00% 22 p/s100 / 100 [--------------------------------------------------------------------------------------------------------------------------------------------------------------] 100.00% 32 p/s
Summary:
  Total:	3.3509 secs.
  Slowest:	0.1003 secs.
  Fastest:	0.0003 secs.
  Average:	0.0281 secs.
  Stddev:	0.0383 secs.
  Requests/sec:	29.8431

Response time histogram:
  0.0003 [1]	|
  0.0103 [65]	|∎∎∎∎∎∎∎∎∎∎∎∎∎∎∎∎∎∎∎∎∎∎∎∎∎∎∎∎∎∎∎∎∎∎∎∎∎∎∎∎
  0.0203 [1]	|
  0.0303 [2]	|∎
  0.0403 [0]	|
  0.0503 [0]	|
  0.0603 [3]	|∎
  0.0703 [0]	|
  0.0803 [6]	|∎∎∎
  0.0903 [12]	|∎∎∎∎∎∎∎
  0.1003 [10]	|∎∎∎∎∎∎

Latency distribution:
  10% in 0.0003 secs.
  25% in 0.0005 secs.
  50% in 0.0032 secs.
  75% in 0.0756 secs.
  90% in 0.0908 secs.
  95% in 0.0915 secs.
  99% in 0.1003 secs.
