2023/07/02 21:13:53 INFO: [core] [Channel #1 SubChannel #2] Subchannel Connectivity change to CONNECTING
2023/07/02 21:13:53 INFO: [core] [Channel #1 SubChannel #2] Subchannel picks a new address "localhost:2379" to connect
2023/07/02 21:13:53 INFO: [core] [Channel #1 SubChannel #2] Subchannel Connectivity change to READY
2023/07/02 21:13:53 INFO: [roundrobin] roundrobinPicker: Build called with info: {map[0xc000400438:{{
  "Addr": "localhost:2379",
  "ServerName": "localhost",
  "Attributes": null,
  "BalancerAttributes": null,
  "Type": 0,
  "Metadata": null
}}]}
2023/07/02 21:13:53 INFO: [core] [Channel #1] Channel Connectivity change to READY
4 / 40 [---------------->__________________________________________________________________________________________________________________________________________________] 10.00% ? p/s7 / 40 [---------------------------->______________________________________________________________________________________________________________________________________] 17.50% ? p/s11 / 40 [-------------------------------------------->_____________________________________________________________________________________________________________________] 27.50% ? p/s14 / 40 [-------------------------------------------------------->________________________________________________________________________________________________________] 35.00% 17 p/s18 / 40 [------------------------------------------------------------------------>________________________________________________________________________________________] 45.00% 17 p/s22 / 40 [---------------------------------------------------------------------------------------->________________________________________________________________________] 55.00% 17 p/s25 / 40 [---------------------------------------------------------------------------------------------------->____________________________________________________________] 62.50% 17 p/s29 / 40 [-------------------------------------------------------------------------------------------------------------------->____________________________________________] 72.50% 17 p/s33 / 40 [------------------------------------------------------------------------------------------------------------------------------------>____________________________] 82.50% 17 p/s36 / 40 [------------------------------------------------------------------------------------------------------------------------------------------------>________________] 90.00% 17 p/s39 / 40 [------------------------------------------------------------------------------------------------------------------------------------------------------------>____] 97.50% 17 p/s40 / 40 [----------------------------------------------------------------------------------------------------------------------------------------------------------------] 100.00% 20 p/s
Summary:
  Total:	2.2223 secs.
  Slowest:	0.1048 secs.
  Fastest:	0.0016 secs.
  Average:	0.0459 secs.
  Stddev:	0.0388 secs.
  Requests/sec:	17.9997

Response time histogram:
  0.0016 [1]	|∎∎
  0.0119 [16]	|∎∎∎∎∎∎∎∎∎∎∎∎∎∎∎∎∎∎∎∎∎∎∎∎∎∎∎∎∎∎∎∎∎∎∎∎∎∎∎∎
  0.0223 [0]	|
  0.0326 [1]	|∎∎
  0.0429 [0]	|
  0.0532 [0]	|
  0.0635 [0]	|
  0.0739 [7]	|∎∎∎∎∎∎∎∎∎∎∎∎∎∎∎∎∎
  0.0842 [10]	|∎∎∎∎∎∎∎∎∎∎∎∎∎∎∎∎∎∎∎∎∎∎∎∎∎
  0.0945 [0]	|
  0.1048 [5]	|∎∎∎∎∎∎∎∎∎∎∎∎

Latency distribution:
  10% in 0.0024 secs.
  25% in 0.0031 secs.
  50% in 0.0714 secs.
  75% in 0.0762 secs.
  90% in 0.0980 secs.
  95% in 0.1016 secs.

