bench with linearizable range
2023/06/29 22:01:01 INFO: [core] [Channel #1 SubChannel #2] Subchannel Connectivity change to CONNECTING
2023/06/29 22:01:01 INFO: [core] [Channel #1 SubChannel #2] Subchannel picks a new address "localhost:2379" to connect
2023/06/29 22:01:01 INFO: [core] [Channel #1 SubChannel #2] Subchannel Connectivity change to READY
2023/06/29 22:01:01 INFO: [roundrobin] roundrobinPicker: Build called with info: {map[0xc000012570:{{
  "Addr": "localhost:2379",
  "ServerName": "localhost",
  "Attributes": null,
  "BalancerAttributes": null,
  "Type": 0,
  "Metadata": null
}}]}
2023/06/29 22:01:01 INFO: [core] [Channel #1] Channel Connectivity change to READY
20 / 1000 [--->_____________________________________________________________________________________________________________________________________________________________] 2.00% ? p/s40 / 1000 [------>__________________________________________________________________________________________________________________________________________________________] 4.00% ? p/s60 / 1000 [--------->_______________________________________________________________________________________________________________________________________________________] 6.00% ? p/s70 / 1000 [----------->____________________________________________________________________________________________________________________________________________________] 7.00% 83 p/s74 / 1000 [----------->____________________________________________________________________________________________________________________________________________________] 7.40% 83 p/s75 / 1000 [----------->____________________________________________________________________________________________________________________________________________________] 7.50% 83 p/s82 / 1000 [------------->__________________________________________________________________________________________________________________________________________________] 8.20% 79 p/s102 / 1000 [---------------->_____________________________________________________________________________________________________________________________________________] 10.20% 79 p/s122 / 1000 [------------------->__________________________________________________________________________________________________________________________________________] 12.20% 79 p/s142 / 1000 [---------------------->_______________________________________________________________________________________________________________________________________] 14.20% 81 p/s162 / 1000 [------------------------->____________________________________________________________________________________________________________________________________] 16.20% 81 p/s182 / 1000 [---------------------------->_________________________________________________________________________________________________________________________________] 18.20% 81 p/s202 / 1000 [------------------------------->______________________________________________________________________________________________________________________________] 20.20% 82 p/s222 / 1000 [----------------------------------->__________________________________________________________________________________________________________________________] 22.20% 82 p/s242 / 1000 [-------------------------------------->_______________________________________________________________________________________________________________________] 24.20% 82 p/s262 / 1000 [----------------------------------------->____________________________________________________________________________________________________________________] 26.20% 83 p/s282 / 1000 [-------------------------------------------->_________________________________________________________________________________________________________________] 28.20% 83 p/s302 / 1000 [----------------------------------------------->______________________________________________________________________________________________________________] 30.20% 83 p/s322 / 1000 [-------------------------------------------------->___________________________________________________________________________________________________________] 32.20% 84 p/s342 / 1000 [------------------------------------------------------>_______________________________________________________________________________________________________] 34.20% 84 p/s362 / 1000 [--------------------------------------------------------->____________________________________________________________________________________________________] 36.20% 84 p/s382 / 1000 [------------------------------------------------------------>_________________________________________________________________________________________________] 38.20% 85 p/s402 / 1000 [--------------------------------------------------------------->______________________________________________________________________________________________] 40.20% 85 p/s422 / 1000 [------------------------------------------------------------------>___________________________________________________________________________________________] 42.20% 85 p/s442 / 1000 [--------------------------------------------------------------------->________________________________________________________________________________________] 44.20% 86 p/s462 / 1000 [------------------------------------------------------------------------>_____________________________________________________________________________________] 46.20% 86 p/s482 / 1000 [---------------------------------------------------------------------------->_________________________________________________________________________________] 48.20% 86 p/s502 / 1000 [------------------------------------------------------------------------------->______________________________________________________________________________] 50.20% 87 p/s522 / 1000 [---------------------------------------------------------------------------------->___________________________________________________________________________] 52.20% 87 p/s542 / 1000 [------------------------------------------------------------------------------------->________________________________________________________________________] 54.20% 87 p/s562 / 1000 [---------------------------------------------------------------------------------------->_____________________________________________________________________] 56.20% 88 p/s582 / 1000 [------------------------------------------------------------------------------------------->__________________________________________________________________] 58.20% 88 p/s602 / 1000 [----------------------------------------------------------------------------------------------->______________________________________________________________] 60.20% 88 p/s622 / 1000 [-------------------------------------------------------------------------------------------------->___________________________________________________________] 62.20% 89 p/s642 / 1000 [----------------------------------------------------------------------------------------------------->________________________________________________________] 64.20% 89 p/s662 / 1000 [-------------------------------------------------------------------------------------------------------->_____________________________________________________] 66.20% 89 p/s682 / 1000 [----------------------------------------------------------------------------------------------------------->__________________________________________________] 68.20% 89 p/s702 / 1000 [-------------------------------------------------------------------------------------------------------------->_______________________________________________] 70.20% 89 p/s722 / 1000 [------------------------------------------------------------------------------------------------------------------>___________________________________________] 72.20% 89 p/s742 / 1000 [--------------------------------------------------------------------------------------------------------------------->________________________________________] 74.20% 90 p/s762 / 1000 [------------------------------------------------------------------------------------------------------------------------>_____________________________________] 76.20% 90 p/s782 / 1000 [--------------------------------------------------------------------------------------------------------------------------->__________________________________] 78.20% 90 p/s802 / 1000 [------------------------------------------------------------------------------------------------------------------------------>_______________________________] 80.20% 91 p/s822 / 1000 [--------------------------------------------------------------------------------------------------------------------------------->____________________________] 82.20% 91 p/s842 / 1000 [------------------------------------------------------------------------------------------------------------------------------------->________________________] 84.20% 91 p/s862 / 1000 [---------------------------------------------------------------------------------------------------------------------------------------->_____________________] 86.20% 91 p/s882 / 1000 [------------------------------------------------------------------------------------------------------------------------------------------->__________________] 88.20% 91 p/s902 / 1000 [---------------------------------------------------------------------------------------------------------------------------------------------->_______________] 90.20% 91 p/s922 / 1000 [------------------------------------------------------------------------------------------------------------------------------------------------->____________] 92.20% 92 p/s942 / 1000 [---------------------------------------------------------------------------------------------------------------------------------------------------->_________] 94.20% 92 p/s962 / 1000 [------------------------------------------------------------------------------------------------------------------------------------------------------->______] 96.20% 92 p/s982 / 1000 [----------------------------------------------------------------------------------------------------------------------------------------------------------->__] 98.20% 92 p/s1000 / 1000 [------------------------------------------------------------------------------------------------------------------------------------------------------------] 100.00% 96 p/s
Summary:
  Total:	10.5776 secs.
  Slowest:	0.2037 secs.
  Fastest:	0.0002 secs.
  Average:	0.0011 secs.
  Stddev:	0.0090 secs.
  Requests/sec:	94.5393

Response time histogram:
  0.0002 [1]	|
  0.0206 [988]	|∎∎∎∎∎∎∎∎∎∎∎∎∎∎∎∎∎∎∎∎∎∎∎∎∎∎∎∎∎∎∎∎∎∎∎∎∎∎∎∎
  0.0409 [6]	|
  0.0613 [3]	|
  0.0816 [0]	|
  0.1020 [0]	|
  0.1223 [0]	|
  0.1427 [0]	|
  0.1630 [0]	|
  0.1834 [1]	|
  0.2037 [1]	|

Latency distribution:
  10% in 0.0003 secs.
  25% in 0.0003 secs.
  50% in 0.0003 secs.
  75% in 0.0004 secs.
  90% in 0.0005 secs.
  95% in 0.0010 secs.
  99% in 0.0261 secs.
  99.9% in 0.2037 secs.
