2023/07/02 21:30:50 INFO: [core] [Channel #1 SubChannel #2] Subchannel Connectivity change to CONNECTING
2023/07/02 21:30:50 INFO: [core] [Channel #1 SubChannel #2] Subchannel picks a new address "localhost:2379" to connect
2023/07/02 21:30:50 INFO: [core] [Channel #1 SubChannel #2] Subchannel Connectivity change to READY
2023/07/02 21:30:50 INFO: [roundrobin] roundrobinPicker: Build called with info: {map[0xc0001102e8:{{
  "Addr": "localhost:2379",
  "ServerName": "localhost",
  "Attributes": null,
  "BalancerAttributes": null,
  "Type": 0,
  "Metadata": null
}}]}
2023/07/02 21:30:50 INFO: [core] [Channel #1] Channel Connectivity change to READY
8 / 180 [------->________________________________________________________________________________________________________________________________________________________________] 4.44% ? p/s16 / 180 [-------------->________________________________________________________________________________________________________________________________________________________] 8.89% ? p/s23 / 180 [--------------------->________________________________________________________________________________________________________________________________________________] 12.78% ? p/s30 / 180 [--------------------------->_________________________________________________________________________________________________________________________________________] 16.67% 37 p/s37 / 180 [--------------------------------->___________________________________________________________________________________________________________________________________] 20.56% 37 p/s44 / 180 [---------------------------------------->____________________________________________________________________________________________________________________________] 24.44% 37 p/s51 / 180 [---------------------------------------------->______________________________________________________________________________________________________________________] 28.33% 37 p/s57 / 180 [---------------------------------------------------->________________________________________________________________________________________________________________] 31.67% 37 p/s57 / 180 [---------------------------------------------------->________________________________________________________________________________________________________________] 31.67% 37 p/s58 / 180 [----------------------------------------------------->_______________________________________________________________________________________________________________] 32.22% 35 p/s60 / 180 [------------------------------------------------------>______________________________________________________________________________________________________________] 33.33% 35 p/s66 / 180 [------------------------------------------------------------>________________________________________________________________________________________________________] 36.67% 35 p/s71 / 180 [----------------------------------------------------------------->___________________________________________________________________________________________________] 39.44% 34 p/s76 / 180 [--------------------------------------------------------------------->_______________________________________________________________________________________________] 42.22% 34 p/s78 / 180 [----------------------------------------------------------------------->_____________________________________________________________________________________________] 43.33% 34 p/s82 / 180 [--------------------------------------------------------------------------->_________________________________________________________________________________________] 45.56% 33 p/s90 / 180 [---------------------------------------------------------------------------------->__________________________________________________________________________________] 50.00% 33 p/s96 / 180 [--------------------------------------------------------------------------------------->_____________________________________________________________________________] 53.33% 33 p/s99 / 180 [------------------------------------------------------------------------------------------>__________________________________________________________________________] 55.00% 33 p/s102 / 180 [-------------------------------------------------------------------------------------------->_______________________________________________________________________] 56.67% 33 p/s108 / 180 [-------------------------------------------------------------------------------------------------->_________________________________________________________________] 60.00% 33 p/s116 / 180 [--------------------------------------------------------------------------------------------------------->__________________________________________________________] 64.44% 32 p/s122 / 180 [--------------------------------------------------------------------------------------------------------------->____________________________________________________] 67.78% 32 p/s122 / 180 [--------------------------------------------------------------------------------------------------------------->____________________________________________________] 67.78% 32 p/s123 / 180 [---------------------------------------------------------------------------------------------------------------->___________________________________________________] 68.33% 31 p/s125 / 180 [----------------------------------------------------------------------------------------------------------------->__________________________________________________] 69.44% 31 p/s133 / 180 [------------------------------------------------------------------------------------------------------------------------->__________________________________________] 73.89% 31 p/s138 / 180 [----------------------------------------------------------------------------------------------------------------------------->______________________________________] 76.67% 31 p/s141 / 180 [-------------------------------------------------------------------------------------------------------------------------------->___________________________________] 78.33% 31 p/s144 / 180 [----------------------------------------------------------------------------------------------------------------------------------->________________________________] 80.00% 31 p/s150 / 180 [---------------------------------------------------------------------------------------------------------------------------------------->___________________________] 83.33% 30 p/s158 / 180 [----------------------------------------------------------------------------------------------------------------------------------------------->____________________] 87.78% 30 p/s162 / 180 [--------------------------------------------------------------------------------------------------------------------------------------------------->________________] 90.00% 30 p/s164 / 180 [----------------------------------------------------------------------------------------------------------------------------------------------------->______________] 91.11% 30 p/s168 / 180 [--------------------------------------------------------------------------------------------------------------------------------------------------------->__________] 93.33% 30 p/s175 / 180 [--------------------------------------------------------------------------------------------------------------------------------------------------------------->____] 97.22% 30 p/s180 / 180 [-------------------------------------------------------------------------------------------------------------------------------------------------------------------] 100.00% 25 p/s
Summary:
  Total:	7.3333 secs.
  Slowest:	0.3750 secs.
  Fastest:	0.0015 secs.
  Average:	0.0251 secs.
  Stddev:	0.0511 secs.
  Requests/sec:	24.5457

Response time histogram:
  0.0015 [1]	|
  0.0388 [140]	|∎∎∎∎∎∎∎∎∎∎∎∎∎∎∎∎∎∎∎∎∎∎∎∎∎∎∎∎∎∎∎∎∎∎∎∎∎∎∎∎
  0.0762 [20]	|∎∎∎∎∎
  0.1136 [14]	|∎∎∎∎
  0.1509 [1]	|
  0.1883 [1]	|
  0.2256 [1]	|
  0.2630 [0]	|
  0.3003 [0]	|
  0.3377 [0]	|
  0.3750 [2]	|

Latency distribution:
  10% in 0.0017 secs.
  25% in 0.0018 secs.
  50% in 0.0021 secs.
  75% in 0.0244 secs.
  90% in 0.0771 secs.
  95% in 0.0989 secs.
  99% in 0.3750 secs.

