2023/06/29 20:36:18 INFO: [core] [Channel #1 SubChannel #2] Subchannel Connectivity change to CONNECTING
2023/06/29 20:36:18 INFO: [core] [Channel #1 SubChannel #2] Subchannel picks a new address "localhost:2379" to connect
2023/06/29 20:36:18 INFO: [core] [Channel #1 SubChannel #2] Subchannel Connectivity change to READY
2023/06/29 20:36:18 INFO: [roundrobin] roundrobinPicker: Build called with info: {map[0xc000110180:{{
  "Addr": "localhost:2379",
  "ServerName": "localhost",
  "Attributes": null,
  "BalancerAttributes": null,
  "Type": 0,
  "Metadata": null
}}]}
2023/06/29 20:36:18 INFO: [core] [Channel #1] Channel Connectivity change to READY
4 / 180 [--->_________________________________________________________________________________________________________________________________________________________________________] 2.22% ? p/s8 / 180 [------->_____________________________________________________________________________________________________________________________________________________________________] 4.44% ? p/s12 / 180 [----------->________________________________________________________________________________________________________________________________________________________________] 6.67% ? p/s16 / 180 [--------------->___________________________________________________________________________________________________________________________________________________________] 8.89% 20 p/s20 / 180 [------------------>_______________________________________________________________________________________________________________________________________________________] 11.11% 20 p/s24 / 180 [---------------------->___________________________________________________________________________________________________________________________________________________] 13.33% 20 p/s28 / 180 [-------------------------->_______________________________________________________________________________________________________________________________________________] 15.56% 20 p/s32 / 180 [------------------------------>___________________________________________________________________________________________________________________________________________] 17.78% 20 p/s36 / 180 [--------------------------------->________________________________________________________________________________________________________________________________________] 20.00% 20 p/s40 / 180 [------------------------------------->____________________________________________________________________________________________________________________________________] 22.22% 20 p/s44 / 180 [----------------------------------------->________________________________________________________________________________________________________________________________] 24.44% 20 p/s48 / 180 [--------------------------------------------->____________________________________________________________________________________________________________________________] 26.67% 20 p/s52 / 180 [------------------------------------------------->________________________________________________________________________________________________________________________] 28.89% 20 p/s56 / 180 [---------------------------------------------------->_____________________________________________________________________________________________________________________] 31.11% 20 p/s60 / 180 [-------------------------------------------------------->_________________________________________________________________________________________________________________] 33.33% 20 p/s64 / 180 [------------------------------------------------------------>_____________________________________________________________________________________________________________] 35.56% 20 p/s68 / 180 [---------------------------------------------------------------->_________________________________________________________________________________________________________] 37.78% 20 p/s72 / 180 [------------------------------------------------------------------->______________________________________________________________________________________________________] 40.00% 20 p/s76 / 180 [----------------------------------------------------------------------->__________________________________________________________________________________________________] 42.22% 20 p/s80 / 180 [--------------------------------------------------------------------------->______________________________________________________________________________________________] 44.44% 20 p/s84 / 180 [------------------------------------------------------------------------------->__________________________________________________________________________________________] 46.67% 20 p/s88 / 180 [----------------------------------------------------------------------------------->______________________________________________________________________________________] 48.89% 20 p/s92 / 180 [-------------------------------------------------------------------------------------->___________________________________________________________________________________] 51.11% 20 p/s96 / 180 [------------------------------------------------------------------------------------------>_______________________________________________________________________________] 53.33% 20 p/s100 / 180 [--------------------------------------------------------------------------------------------->___________________________________________________________________________] 55.56% 20 p/s104 / 180 [------------------------------------------------------------------------------------------------->_______________________________________________________________________] 57.78% 20 p/s108 / 180 [----------------------------------------------------------------------------------------------------->___________________________________________________________________] 60.00% 20 p/s112 / 180 [--------------------------------------------------------------------------------------------------------->_______________________________________________________________] 62.22% 20 p/s116 / 180 [------------------------------------------------------------------------------------------------------------>____________________________________________________________] 64.44% 20 p/s120 / 180 [---------------------------------------------------------------------------------------------------------------->________________________________________________________] 66.67% 20 p/s124 / 180 [-------------------------------------------------------------------------------------------------------------------->____________________________________________________] 68.89% 20 p/s128 / 180 [------------------------------------------------------------------------------------------------------------------------>________________________________________________] 71.11% 20 p/s132 / 180 [--------------------------------------------------------------------------------------------------------------------------->_____________________________________________] 73.33% 20 p/s136 / 180 [------------------------------------------------------------------------------------------------------------------------------->_________________________________________] 75.56% 20 p/s140 / 180 [----------------------------------------------------------------------------------------------------------------------------------->_____________________________________] 77.78% 20 p/s144 / 180 [--------------------------------------------------------------------------------------------------------------------------------------->_________________________________] 80.00% 20 p/s148 / 180 [------------------------------------------------------------------------------------------------------------------------------------------>______________________________] 82.22% 20 p/s152 / 180 [---------------------------------------------------------------------------------------------------------------------------------------------->__________________________] 84.44% 20 p/s156 / 180 [-------------------------------------------------------------------------------------------------------------------------------------------------->______________________] 86.67% 20 p/s160 / 180 [------------------------------------------------------------------------------------------------------------------------------------------------------>__________________] 88.89% 20 p/s164 / 180 [--------------------------------------------------------------------------------------------------------------------------------------------------------->_______________] 91.11% 20 p/s168 / 180 [------------------------------------------------------------------------------------------------------------------------------------------------------------->___________] 93.33% 20 p/s172 / 180 [----------------------------------------------------------------------------------------------------------------------------------------------------------------->_______] 95.56% 20 p/s176 / 180 [--------------------------------------------------------------------------------------------------------------------------------------------------------------------->___] 97.78% 20 p/s180 / 180 [------------------------------------------------------------------------------------------------------------------------------------------------------------------------] 100.00% 21 p/s
Summary:
  Total:	8.9528 secs.
  Slowest:	0.0036 secs.
  Fastest:	0.0017 secs.
  Average:	0.0020 secs.
  Stddev:	0.0004 secs.
  Requests/sec:	20.1054

Response time histogram:
  0.0017 [2]	|∎
  0.0019 [66]	|∎∎∎∎∎∎∎∎∎∎∎∎∎∎∎∎∎∎∎∎∎∎∎∎∎∎∎∎∎∎∎∎∎∎∎∎∎
  0.0020 [71]	|∎∎∎∎∎∎∎∎∎∎∎∎∎∎∎∎∎∎∎∎∎∎∎∎∎∎∎∎∎∎∎∎∎∎∎∎∎∎∎∎
  0.0022 [21]	|∎∎∎∎∎∎∎∎∎∎∎
  0.0024 [8]	|∎∎∎∎
  0.0026 [3]	|∎
  0.0028 [0]	|
  0.0030 [0]	|
  0.0032 [2]	|∎
  0.0034 [3]	|∎
  0.0036 [4]	|∎∎

Latency distribution:
  10% in 0.0018 secs.
  25% in 0.0018 secs.
  50% in 0.0019 secs.
  75% in 0.0020 secs.
  90% in 0.0023 secs.
  95% in 0.0031 secs.
  99% in 0.0036 secs.

