bench with linearizable range
2023/06/29 20:36:18 INFO: [core] [Channel #1 SubChannel #2] Subchannel Connectivity change to CONNECTING
2023/06/29 20:36:18 INFO: [core] [Channel #1 SubChannel #2] Subchannel picks a new address "localhost:2379" to connect
2023/06/29 20:36:18 INFO: [core] [Channel #1 SubChannel #2] Subchannel Connectivity change to READY
2023/06/29 20:36:18 INFO: [roundrobin] roundrobinPicker: Build called with info: {map[0xc00040e000:{{
  "Addr": "localhost:2379",
  "ServerName": "localhost",
  "Attributes": null,
  "BalancerAttributes": null,
  "Type": 0,
  "Metadata": null
}}]}
2023/06/29 20:36:18 INFO: [core] [Channel #1] Channel Connectivity change to READY
1 / 11 [--------------->______________________________________________________________________________________________________________________________________________________________] 9.09% ? p/s1 / 11 [--------------->______________________________________________________________________________________________________________________________________________________________] 9.09% ? p/s1 / 11 [--------------->______________________________________________________________________________________________________________________________________________________________] 9.09% ? p/s1 / 11 [--------------->______________________________________________________________________________________________________________________________________________________________] 9.09% ? p/s1 / 11 [--------------->______________________________________________________________________________________________________________________________________________________________] 9.09% ? p/s2 / 11 [------------------------------->_____________________________________________________________________________________________________________________________________________] 18.18% ? p/s2 / 11 [------------------------------->_____________________________________________________________________________________________________________________________________________] 18.18% 2 p/s2 / 11 [------------------------------->_____________________________________________________________________________________________________________________________________________] 18.18% 2 p/s2 / 11 [------------------------------->_____________________________________________________________________________________________________________________________________________] 18.18% 2 p/s2 / 11 [------------------------------->_____________________________________________________________________________________________________________________________________________] 18.18% 2 p/s3 / 11 [----------------------------------------------->_____________________________________________________________________________________________________________________________] 27.27% 2 p/s3 / 11 [----------------------------------------------->_____________________________________________________________________________________________________________________________] 27.27% 2 p/s3 / 11 [----------------------------------------------->_____________________________________________________________________________________________________________________________] 27.27% 2 p/s3 / 11 [----------------------------------------------->_____________________________________________________________________________________________________________________________] 27.27% 2 p/s3 / 11 [----------------------------------------------->_____________________________________________________________________________________________________________________________] 27.27% 2 p/s4 / 11 [-------------------------------------------------------------->______________________________________________________________________________________________________________] 36.36% 2 p/s4 / 11 [-------------------------------------------------------------->______________________________________________________________________________________________________________] 36.36% 2 p/s4 / 11 [-------------------------------------------------------------->______________________________________________________________________________________________________________] 36.36% 2 p/s4 / 11 [-------------------------------------------------------------->______________________________________________________________________________________________________________] 36.36% 1 p/s4 / 11 [-------------------------------------------------------------->______________________________________________________________________________________________________________] 36.36% 1 p/s5 / 11 [------------------------------------------------------------------------------>______________________________________________________________________________________________] 45.45% 1 p/s5 / 11 [------------------------------------------------------------------------------>______________________________________________________________________________________________] 45.45% 1 p/s5 / 11 [------------------------------------------------------------------------------>______________________________________________________________________________________________] 45.45% 1 p/s5 / 11 [------------------------------------------------------------------------------>______________________________________________________________________________________________] 45.45% 1 p/s5 / 11 [------------------------------------------------------------------------------>______________________________________________________________________________________________] 45.45% 1 p/s6 / 11 [---------------------------------------------------------------------------------------------->______________________________________________________________________________] 54.55% 1 p/s6 / 11 [---------------------------------------------------------------------------------------------->______________________________________________________________________________] 54.55% 1 p/s6 / 11 [---------------------------------------------------------------------------------------------->______________________________________________________________________________] 54.55% 1 p/s6 / 11 [---------------------------------------------------------------------------------------------->______________________________________________________________________________] 54.55% 1 p/s6 / 11 [---------------------------------------------------------------------------------------------->______________________________________________________________________________] 54.55% 1 p/s7 / 11 [-------------------------------------------------------------------------------------------------------------->______________________________________________________________] 63.64% 1 p/s7 / 11 [-------------------------------------------------------------------------------------------------------------->______________________________________________________________] 63.64% 1 p/s7 / 11 [-------------------------------------------------------------------------------------------------------------->______________________________________________________________] 63.64% 1 p/s7 / 11 [-------------------------------------------------------------------------------------------------------------->______________________________________________________________] 63.64% 1 p/s7 / 11 [-------------------------------------------------------------------------------------------------------------->______________________________________________________________] 63.64% 1 p/s8 / 11 [----------------------------------------------------------------------------------------------------------------------------->_______________________________________________] 72.73% 1 p/s8 / 11 [----------------------------------------------------------------------------------------------------------------------------->_______________________________________________] 72.73% 1 p/s8 / 11 [----------------------------------------------------------------------------------------------------------------------------->_______________________________________________] 72.73% 1 p/s8 / 11 [----------------------------------------------------------------------------------------------------------------------------->_______________________________________________] 72.73% 1 p/s8 / 11 [----------------------------------------------------------------------------------------------------------------------------->_______________________________________________] 72.73% 1 p/s9 / 11 [--------------------------------------------------------------------------------------------------------------------------------------------->_______________________________] 81.82% 1 p/s9 / 11 [--------------------------------------------------------------------------------------------------------------------------------------------->_______________________________] 81.82% 1 p/s9 / 11 [--------------------------------------------------------------------------------------------------------------------------------------------->_______________________________] 81.82% 1 p/s9 / 11 [--------------------------------------------------------------------------------------------------------------------------------------------->_______________________________] 81.82% 1 p/s9 / 11 [--------------------------------------------------------------------------------------------------------------------------------------------->_______________________________] 81.82% 1 p/s10 / 11 [------------------------------------------------------------------------------------------------------------------------------------------------------------>_______________] 90.91% 1 p/s10 / 11 [------------------------------------------------------------------------------------------------------------------------------------------------------------>_______________] 90.91% 1 p/s10 / 11 [------------------------------------------------------------------------------------------------------------------------------------------------------------>_______________] 90.91% 1 p/s10 / 11 [------------------------------------------------------------------------------------------------------------------------------------------------------------>_______________] 90.91% 1 p/s10 / 11 [------------------------------------------------------------------------------------------------------------------------------------------------------------>_______________] 90.91% 1 p/s11 / 11 [---------------------------------------------------------------------------------------------------------------------------------------------------------------------------] 100.00% 1 p/s
Summary:
  Total:	10.0049 secs.
  Slowest:	0.0083 secs.
  Fastest:	0.0028 secs.
  Average:	0.0044 secs.
  Stddev:	0.0014 secs.
  Requests/sec:	1.0995

Response time histogram:
  0.0028 [1]	|∎∎∎∎∎∎∎∎∎∎∎∎∎
  0.0033 [2]	|∎∎∎∎∎∎∎∎∎∎∎∎∎∎∎∎∎∎∎∎∎∎∎∎∎∎
  0.0039 [1]	|∎∎∎∎∎∎∎∎∎∎∎∎∎
  0.0044 [3]	|∎∎∎∎∎∎∎∎∎∎∎∎∎∎∎∎∎∎∎∎∎∎∎∎∎∎∎∎∎∎∎∎∎∎∎∎∎∎∎∎
  0.0050 [1]	|∎∎∎∎∎∎∎∎∎∎∎∎∎
  0.0055 [2]	|∎∎∎∎∎∎∎∎∎∎∎∎∎∎∎∎∎∎∎∎∎∎∎∎∎∎
  0.0061 [0]	|
  0.0066 [0]	|
  0.0072 [0]	|
  0.0077 [0]	|
  0.0083 [1]	|∎∎∎∎∎∎∎∎∎∎∎∎∎

Latency distribution:
  10% in 0.0033 secs.
  25% in 0.0035 secs.
  50% in 0.0044 secs.
  75% in 0.0051 secs.
  90% in 0.0083 secs.
