2023/07/02 21:14:32 INFO: [core] [Channel #1 SubChannel #2] Subchannel Connectivity change to CONNECTING
2023/07/02 21:14:32 INFO: [core] [Channel #1 SubChannel #2] Subchannel picks a new address "localhost:2379" to connect
2023/07/02 21:14:32 INFO: [core] [Channel #1 SubChannel #2] Subchannel Connectivity change to READY
2023/07/02 21:14:32 INFO: [roundrobin] roundrobinPicker: Build called with info: {map[0xc000400000:{{
  "Addr": "localhost:2379",
  "ServerName": "localhost",
  "Attributes": null,
  "BalancerAttributes": null,
  "Type": 0,
  "Metadata": null
}}]}
2023/07/02 21:14:32 INFO: [core] [Channel #1] Channel Connectivity change to READY
3 / 40 [------------>_______________________________________________________________________________________________________________________________________________________] 7.50% ? p/s7 / 40 [---------------------------->______________________________________________________________________________________________________________________________________] 17.50% ? p/s11 / 40 [-------------------------------------------->_____________________________________________________________________________________________________________________] 27.50% ? p/s11 / 40 [-------------------------------------------->____________________________________________________________________________________________________________________] 27.50% 13 p/s13 / 40 [---------------------------------------------------->____________________________________________________________________________________________________________] 32.50% 13 p/s15 / 40 [------------------------------------------------------------>____________________________________________________________________________________________________] 37.50% 13 p/s18 / 40 [------------------------------------------------------------------------>________________________________________________________________________________________] 45.00% 13 p/s21 / 40 [------------------------------------------------------------------------------------>____________________________________________________________________________] 52.50% 13 p/s24 / 40 [------------------------------------------------------------------------------------------------>________________________________________________________________] 60.00% 13 p/s28 / 40 [---------------------------------------------------------------------------------------------------------------->________________________________________________] 70.00% 13 p/s32 / 40 [-------------------------------------------------------------------------------------------------------------------------------->________________________________] 80.00% 13 p/s36 / 40 [------------------------------------------------------------------------------------------------------------------------------------------------>________________] 90.00% 13 p/s39 / 40 [------------------------------------------------------------------------------------------------------------------------------------------------------------>____] 97.50% 14 p/s40 / 40 [----------------------------------------------------------------------------------------------------------------------------------------------------------------] 100.00% 17 p/s
Summary:
  Total:	2.6151 secs.
  Slowest:	0.3704 secs.
  Fastest:	0.0019 secs.
  Average:	0.0556 secs.
  Stddev:	0.0663 secs.
  Requests/sec:	15.2956

Response time histogram:
  0.0019 [1]	|∎∎
  0.0387 [17]	|∎∎∎∎∎∎∎∎∎∎∎∎∎∎∎∎∎∎∎∎∎∎∎∎∎∎∎∎∎∎∎∎∎∎∎∎∎∎∎∎
  0.0756 [10]	|∎∎∎∎∎∎∎∎∎∎∎∎∎∎∎∎∎∎∎∎∎∎∎
  0.1124 [10]	|∎∎∎∎∎∎∎∎∎∎∎∎∎∎∎∎∎∎∎∎∎∎∎
  0.1493 [0]	|
  0.1861 [1]	|∎∎
  0.2230 [0]	|
  0.2598 [0]	|
  0.2967 [0]	|
  0.3335 [0]	|
  0.3704 [1]	|∎∎

Latency distribution:
  10% in 0.0021 secs.
  25% in 0.0034 secs.
  50% in 0.0719 secs.
  75% in 0.0791 secs.
  90% in 0.0996 secs.
  95% in 0.1720 secs.

