bench with linearizable range
2023/07/02 21:14:32 INFO: [core] [Channel #1 SubChannel #2] Subchannel Connectivity change to CONNECTING
2023/07/02 21:14:32 INFO: [core] [Channel #1 SubChannel #2] Subchannel picks a new address "localhost:2379" to connect
2023/07/02 21:14:32 INFO: [core] [Channel #1 SubChannel #2] Subchannel Connectivity change to READY
2023/07/02 21:14:32 INFO: [roundrobin] roundrobinPicker: Build called with info: {map[0xc000122120:{{
  "Addr": "localhost:2379",
  "ServerName": "localhost",
  "Attributes": null,
  "BalancerAttributes": null,
  "Type": 0,
  "Metadata": null
}}]}
2023/07/02 21:14:32 INFO: [core] [Channel #1] Channel Connectivity change to READY
4 / 100 [------>____________________________________________________________________________________________________________________________________________________________] 4.00% ? p/s9 / 100 [-------------->____________________________________________________________________________________________________________________________________________________] 9.00% ? p/s12 / 100 [------------------->_____________________________________________________________________________________________________________________________________________] 12.00% ? p/s12 / 100 [------------------->____________________________________________________________________________________________________________________________________________] 12.00% 13 p/s13 / 100 [-------------------->___________________________________________________________________________________________________________________________________________] 13.00% 13 p/s16 / 100 [------------------------->______________________________________________________________________________________________________________________________________] 16.00% 13 p/s21 / 100 [--------------------------------->______________________________________________________________________________________________________________________________] 21.00% 13 p/s25 / 100 [--------------------------------------->________________________________________________________________________________________________________________________] 25.00% 13 p/s28 / 100 [-------------------------------------------->___________________________________________________________________________________________________________________] 28.00% 13 p/s34 / 100 [------------------------------------------------------>_________________________________________________________________________________________________________] 34.00% 14 p/s38 / 100 [------------------------------------------------------------>___________________________________________________________________________________________________] 38.00% 14 p/s42 / 100 [------------------------------------------------------------------->____________________________________________________________________________________________] 42.00% 14 p/s47 / 100 [--------------------------------------------------------------------------->____________________________________________________________________________________] 47.00% 14 p/s51 / 100 [--------------------------------------------------------------------------------->______________________________________________________________________________] 51.00% 14 p/s56 / 100 [----------------------------------------------------------------------------------------->______________________________________________________________________] 56.00% 14 p/s59 / 100 [---------------------------------------------------------------------------------------------->_________________________________________________________________] 59.00% 15 p/s64 / 100 [------------------------------------------------------------------------------------------------------>_________________________________________________________] 64.00% 15 p/s69 / 100 [-------------------------------------------------------------------------------------------------------------->_________________________________________________] 69.00% 15 p/s73 / 100 [-------------------------------------------------------------------------------------------------------------------->___________________________________________] 73.00% 15 p/s78 / 100 [---------------------------------------------------------------------------------------------------------------------------->___________________________________] 78.00% 15 p/s82 / 100 [----------------------------------------------------------------------------------------------------------------------------------->____________________________] 82.00% 15 p/s87 / 100 [------------------------------------------------------------------------------------------------------------------------------------------->____________________] 87.00% 16 p/s92 / 100 [--------------------------------------------------------------------------------------------------------------------------------------------------->____________] 92.00% 16 p/s96 / 100 [--------------------------------------------------------------------------------------------------------------------------------------------------------->______] 96.00% 16 p/s99 / 100 [-------------------------------------------------------------------------------------------------------------------------------------------------------------->_] 99.00% 16 p/s100 / 100 [--------------------------------------------------------------------------------------------------------------------------------------------------------------] 100.00% 21 p/s
Summary:
  Total:	5.0147 secs.
  Slowest:	0.3967 secs.
  Fastest:	0.0002 secs.
  Average:	0.0458 secs.
  Stddev:	0.0554 secs.
  Requests/sec:	19.9413

Response time histogram:
  0.0002 [1]	|
  0.0399 [52]	|∎∎∎∎∎∎∎∎∎∎∎∎∎∎∎∎∎∎∎∎∎∎∎∎∎∎∎∎∎∎∎∎∎∎∎∎∎∎∎∎
  0.0795 [4]	|∎∎∎
  0.1192 [42]	|∎∎∎∎∎∎∎∎∎∎∎∎∎∎∎∎∎∎∎∎∎∎∎∎∎∎∎∎∎∎∎∎
  0.1588 [0]	|
  0.1985 [0]	|
  0.2381 [0]	|
  0.2778 [0]	|
  0.3174 [0]	|
  0.3571 [0]	|
  0.3967 [1]	|

Latency distribution:
  10% in 0.0004 secs.
  25% in 0.0018 secs.
  50% in 0.0067 secs.
  75% in 0.0886 secs.
  90% in 0.0924 secs.
  95% in 0.0965 secs.
  99% in 0.3967 secs.
