2023/07/02 21:13:39 INFO: [core] [Channel #1 SubChannel #2] Subchannel Connectivity change to READY
2023/07/02 21:13:39 INFO: [roundrobin] roundrobinPicker: Build called with info: {map[0xc000400498:{{
  "Addr": "localhost:2379",
  "ServerName": "localhost",
  "Attributes": null,
  "BalancerAttributes": null,
  "Type": 0,
  "Metadata": null
}}]}
2023/07/02 21:13:39 INFO: [core] [Channel #1] Channel Connectivity change to READY
3 / 40 [------------>_______________________________________________________________________________________________________________________________________________________] 7.50% ? p/s7 / 40 [---------------------------->______________________________________________________________________________________________________________________________________] 17.50% ? p/s11 / 40 [-------------------------------------------->_____________________________________________________________________________________________________________________] 27.50% ? p/s15 / 40 [------------------------------------------------------------>____________________________________________________________________________________________________] 37.50% 20 p/s19 / 40 [---------------------------------------------------------------------------->____________________________________________________________________________________] 47.50% 20 p/s23 / 40 [-------------------------------------------------------------------------------------------->____________________________________________________________________] 57.50% 20 p/s26 / 40 [-------------------------------------------------------------------------------------------------------->________________________________________________________] 65.00% 20 p/s28 / 40 [---------------------------------------------------------------------------------------------------------------->________________________________________________] 70.00% 20 p/s32 / 40 [-------------------------------------------------------------------------------------------------------------------------------->________________________________] 80.00% 20 p/s36 / 40 [------------------------------------------------------------------------------------------------------------------------------------------------>________________] 90.00% 20 p/s40 / 40 [----------------------------------------------------------------------------------------------------------------------------------------------------------------] 100.00% 20 p/s
Summary:
  Total:	2.1608 secs.
  Slowest:	0.1987 secs.
  Fastest:	0.0015 secs.
  Average:	0.0441 secs.
  Stddev:	0.0433 secs.
  Requests/sec:	18.5119

Response time histogram:
  0.0015 [1]	|∎∎
  0.0212 [18]	|∎∎∎∎∎∎∎∎∎∎∎∎∎∎∎∎∎∎∎∎∎∎∎∎∎∎∎∎∎∎∎∎∎∎∎∎∎∎∎∎
  0.0410 [0]	|
  0.0607 [1]	|∎∎
  0.0804 [18]	|∎∎∎∎∎∎∎∎∎∎∎∎∎∎∎∎∎∎∎∎∎∎∎∎∎∎∎∎∎∎∎∎∎∎∎∎∎∎∎∎
  0.1001 [1]	|∎∎
  0.1198 [0]	|
  0.1396 [0]	|
  0.1593 [0]	|
  0.1790 [0]	|
  0.1987 [1]	|∎∎

Latency distribution:
  10% in 0.0024 secs.
  25% in 0.0032 secs.
  50% in 0.0702 secs.
  75% in 0.0752 secs.
  90% in 0.0771 secs.
  95% in 0.0968 secs.

