bench with linearizable range
2023/07/02 21:13:39 INFO: [core] [Channel #1 SubChannel #2] Subchannel Connectivity change to CONNECTING
2023/07/02 21:13:39 INFO: [core] [Channel #1 SubChannel #2] Subchannel picks a new address "localhost:2379" to connect
2023/07/02 21:13:39 INFO: [core] [Channel #1 SubChannel #2] Subchannel Connectivity change to READY
2023/07/02 21:13:39 INFO: [roundrobin] roundrobinPicker: Build called with info: {map[0xc000122750:{{
  "Addr": "localhost:2379",
  "ServerName": "localhost",
  "Attributes": null,
  "BalancerAttributes": null,
  "Type": 0,
  "Metadata": null
}}]}
2023/07/02 21:13:39 INFO: [core] [Channel #1] Channel Connectivity change to READY
3 / 100 [---->______________________________________________________________________________________________________________________________________________________________] 3.00% ? p/s7 / 100 [----------->_______________________________________________________________________________________________________________________________________________________] 7.00% ? p/s12 / 100 [------------------->_____________________________________________________________________________________________________________________________________________] 12.00% ? p/s16 / 100 [------------------------->______________________________________________________________________________________________________________________________________] 16.00% 22 p/s22 / 100 [----------------------------------->____________________________________________________________________________________________________________________________] 22.00% 22 p/s26 / 100 [----------------------------------------->______________________________________________________________________________________________________________________] 26.00% 22 p/s30 / 100 [----------------------------------------------->________________________________________________________________________________________________________________] 30.00% 22 p/s33 / 100 [---------------------------------------------------->___________________________________________________________________________________________________________] 33.00% 22 p/s38 / 100 [------------------------------------------------------------>___________________________________________________________________________________________________] 38.00% 22 p/s43 / 100 [-------------------------------------------------------------------->___________________________________________________________________________________________] 43.00% 22 p/s47 / 100 [--------------------------------------------------------------------------->____________________________________________________________________________________] 47.00% 22 p/s51 / 100 [--------------------------------------------------------------------------------->______________________________________________________________________________] 51.00% 22 p/s55 / 100 [--------------------------------------------------------------------------------------->________________________________________________________________________] 55.00% 22 p/s59 / 100 [---------------------------------------------------------------------------------------------->_________________________________________________________________] 59.00% 22 p/s63 / 100 [---------------------------------------------------------------------------------------------------->___________________________________________________________] 63.00% 22 p/s68 / 100 [------------------------------------------------------------------------------------------------------------>___________________________________________________] 68.00% 22 p/s70 / 100 [--------------------------------------------------------------------------------------------------------------->________________________________________________] 70.00% 22 p/s72 / 100 [------------------------------------------------------------------------------------------------------------------->____________________________________________] 72.00% 22 p/s76 / 100 [------------------------------------------------------------------------------------------------------------------------->______________________________________] 76.00% 21 p/s82 / 100 [----------------------------------------------------------------------------------------------------------------------------------->____________________________] 82.00% 21 p/s85 / 100 [--------------------------------------------------------------------------------------------------------------------------------------->________________________] 85.00% 21 p/s88 / 100 [-------------------------------------------------------------------------------------------------------------------------------------------->___________________] 88.00% 21 p/s92 / 100 [--------------------------------------------------------------------------------------------------------------------------------------------------->____________] 92.00% 21 p/s96 / 100 [--------------------------------------------------------------------------------------------------------------------------------------------------------->______] 96.00% 21 p/s99 / 100 [-------------------------------------------------------------------------------------------------------------------------------------------------------------->_] 99.00% 21 p/s100 / 100 [--------------------------------------------------------------------------------------------------------------------------------------------------------------] 100.00% 21 p/s
Summary:
  Total:	5.0581 secs.
  Slowest:	0.1922 secs.
  Fastest:	0.0003 secs.
  Average:	0.0465 secs.
  Stddev:	0.0487 secs.
  Requests/sec:	19.7701

Response time histogram:
  0.0003 [1]	|
  0.0195 [51]	|∎∎∎∎∎∎∎∎∎∎∎∎∎∎∎∎∎∎∎∎∎∎∎∎∎∎∎∎∎∎∎∎∎∎∎∎∎∎∎∎
  0.0386 [0]	|
  0.0578 [1]	|
  0.0770 [2]	|∎
  0.0962 [37]	|∎∎∎∎∎∎∎∎∎∎∎∎∎∎∎∎∎∎∎∎∎∎∎∎∎∎∎∎∎
  0.1154 [5]	|∎∎∎
  0.1346 [0]	|
  0.1538 [0]	|
  0.1730 [0]	|
  0.1922 [3]	|∎∎

Latency distribution:
  10% in 0.0008 secs.
  25% in 0.0027 secs.
  50% in 0.0072 secs.
  75% in 0.0890 secs.
  90% in 0.0944 secs.
  95% in 0.1021 secs.
  99% in 0.1922 secs.
