2023/07/02 21:14:39 INFO: [core] [Channel #1 SubChannel #2] Subchannel Connectivity change to CONNECTING
2023/07/02 21:14:39 INFO: [core] [Channel #1 SubChannel #2] Subchannel picks a new address "localhost:2379" to connect
2023/07/02 21:14:39 INFO: [core] [Channel #1 SubChannel #2] Subchannel Connectivity change to READY
2023/07/02 21:14:39 INFO: [roundrobin] roundrobinPicker: Build called with info: {map[0xc000013530:{{
  "Addr": "localhost:2379",
  "ServerName": "localhost",
  "Attributes": null,
  "BalancerAttributes": null,
  "Type": 0,
  "Metadata": null
}}]}
2023/07/02 21:14:39 INFO: [core] [Channel #1] Channel Connectivity change to READY
3 / 40 [------------>_______________________________________________________________________________________________________________________________________________________] 7.50% ? p/s7 / 40 [---------------------------->______________________________________________________________________________________________________________________________________] 17.50% ? p/s11 / 40 [-------------------------------------------->_____________________________________________________________________________________________________________________] 27.50% ? p/s15 / 40 [------------------------------------------------------------>____________________________________________________________________________________________________] 37.50% 20 p/s19 / 40 [---------------------------------------------------------------------------->____________________________________________________________________________________] 47.50% 20 p/s23 / 40 [-------------------------------------------------------------------------------------------->____________________________________________________________________] 57.50% 20 p/s27 / 40 [------------------------------------------------------------------------------------------------------------>____________________________________________________] 67.50% 20 p/s31 / 40 [---------------------------------------------------------------------------------------------------------------------------->____________________________________] 77.50% 20 p/s35 / 40 [-------------------------------------------------------------------------------------------------------------------------------------------->____________________] 87.50% 20 p/s40 / 40 [----------------------------------------------------------------------------------------------------------------------------------------------------------------] 100.00% 22 p/s
Summary:
  Total:	1.9913 secs.
  Slowest:	0.0970 secs.
  Fastest:	0.0014 secs.
  Average:	0.0384 secs.
  Stddev:	0.0368 secs.
  Requests/sec:	20.0875

Response time histogram:
  0.0014 [1]	|∎∎
  0.0110 [19]	|∎∎∎∎∎∎∎∎∎∎∎∎∎∎∎∎∎∎∎∎∎∎∎∎∎∎∎∎∎∎∎∎∎∎∎∎∎∎∎∎
  0.0205 [0]	|
  0.0301 [1]	|∎∎
  0.0396 [0]	|
  0.0492 [0]	|
  0.0588 [0]	|
  0.0683 [0]	|
  0.0779 [17]	|∎∎∎∎∎∎∎∎∎∎∎∎∎∎∎∎∎∎∎∎∎∎∎∎∎∎∎∎∎∎∎∎∎∎∎
  0.0874 [0]	|
  0.0970 [2]	|∎∎∎∎

Latency distribution:
  10% in 0.0018 secs.
  25% in 0.0025 secs.
  50% in 0.0242 secs.
  75% in 0.0747 secs.
  90% in 0.0764 secs.
  95% in 0.0953 secs.

