bench with linearizable range
2023/07/02 21:14:39 INFO: [core] [Channel #1 SubChannel #2] Subchannel Connectivity change to CONNECTING
2023/07/02 21:14:39 INFO: [core] [Channel #1 SubChannel #2] Subchannel picks a new address "localhost:2379" to connect
2023/07/02 21:14:39 INFO: [core] [Channel #1 SubChannel #2] Subchannel Connectivity change to READY
2023/07/02 21:14:39 INFO: [roundrobin] roundrobinPicker: Build called with info: {map[0xc000402378:{{
  "Addr": "localhost:2379",
  "ServerName": "localhost",
  "Attributes": null,
  "BalancerAttributes": null,
  "Type": 0,
  "Metadata": null
}}]}
2023/07/02 21:14:39 INFO: [core] [Channel #1] Channel Connectivity change to READY
3 / 100 [---->______________________________________________________________________________________________________________________________________________________________] 3.00% ? p/s8 / 100 [------------->_____________________________________________________________________________________________________________________________________________________] 8.00% ? p/s12 / 100 [------------------->_____________________________________________________________________________________________________________________________________________] 12.00% ? p/s17 / 100 [--------------------------->____________________________________________________________________________________________________________________________________] 17.00% 23 p/s21 / 100 [--------------------------------->______________________________________________________________________________________________________________________________] 21.00% 23 p/s26 / 100 [----------------------------------------->______________________________________________________________________________________________________________________] 26.00% 23 p/s30 / 100 [----------------------------------------------->________________________________________________________________________________________________________________] 30.00% 23 p/s37 / 100 [----------------------------------------------------------->____________________________________________________________________________________________________] 37.00% 23 p/s44 / 100 [---------------------------------------------------------------------->_________________________________________________________________________________________] 44.00% 23 p/s57 / 100 [------------------------------------------------------------------------------------------->____________________________________________________________________] 57.00% 25 p/s67 / 100 [----------------------------------------------------------------------------------------------------------->____________________________________________________] 67.00% 25 p/s85 / 100 [--------------------------------------------------------------------------------------------------------------------------------------->________________________] 85.00% 25 p/s100 / 100 [--------------------------------------------------------------------------------------------------------------------------------------------------------------] 100.00% 43 p/s
Summary:
  Total:	2.5483 secs.
  Slowest:	0.0973 secs.
  Fastest:	0.0002 secs.
  Average:	0.0185 secs.
  Stddev:	0.0335 secs.
  Requests/sec:	39.2414

Response time histogram:
  0.0002 [1]	|
  0.0099 [76]	|∎∎∎∎∎∎∎∎∎∎∎∎∎∎∎∎∎∎∎∎∎∎∎∎∎∎∎∎∎∎∎∎∎∎∎∎∎∎∎∎
  0.0196 [1]	|
  0.0294 [1]	|
  0.0391 [1]	|
  0.0488 [0]	|
  0.0585 [0]	|
  0.0682 [0]	|
  0.0779 [3]	|∎
  0.0876 [6]	|∎∎∎
  0.0973 [11]	|∎∎∎∎∎

Latency distribution:
  10% in 0.0003 secs.
  25% in 0.0003 secs.
  50% in 0.0006 secs.
  75% in 0.0044 secs.
  90% in 0.0885 secs.
  95% in 0.0895 secs.
  99% in 0.0973 secs.
