bench with linearizable range
2023/07/02 21:14:22 INFO: [core] [Channel #1 SubChannel #2] Subchannel Connectivity change to CONNECTING
2023/07/02 21:14:22 INFO: [core] [Channel #1 SubChannel #2] Subchannel picks a new address "localhost:2379" to connect
2023/07/02 21:14:22 INFO: [core] [Channel #1 SubChannel #2] Subchannel Connectivity change to READY
2023/07/02 21:14:22 INFO: [roundrobin] roundrobinPicker: Build called with info: {map[0xc00043c198:{{
  "Addr": "localhost:2379",
  "ServerName": "localhost",
  "Attributes": null,
  "BalancerAttributes": null,
  "Type": 0,
  "Metadata": null
}}]}
2023/07/02 21:14:22 INFO: [core] [Channel #1] Channel Connectivity change to READY
4 / 100 [------>____________________________________________________________________________________________________________________________________________________________] 4.00% ? p/s9 / 100 [-------------->____________________________________________________________________________________________________________________________________________________] 9.00% ? p/s14 / 100 [---------------------->__________________________________________________________________________________________________________________________________________] 14.00% ? p/s19 / 100 [------------------------------>_________________________________________________________________________________________________________________________________] 19.00% 25 p/s25 / 100 [--------------------------------------->________________________________________________________________________________________________________________________] 25.00% 25 p/s29 / 100 [---------------------------------------------->_________________________________________________________________________________________________________________] 29.00% 25 p/s34 / 100 [------------------------------------------------------>_________________________________________________________________________________________________________] 34.00% 25 p/s38 / 100 [------------------------------------------------------------>___________________________________________________________________________________________________] 38.00% 25 p/s44 / 100 [---------------------------------------------------------------------->_________________________________________________________________________________________] 44.00% 25 p/s49 / 100 [------------------------------------------------------------------------------>_________________________________________________________________________________] 49.00% 25 p/s54 / 100 [-------------------------------------------------------------------------------------->_________________________________________________________________________] 54.00% 25 p/s59 / 100 [---------------------------------------------------------------------------------------------->_________________________________________________________________] 59.00% 25 p/s64 / 100 [------------------------------------------------------------------------------------------------------>_________________________________________________________] 64.00% 25 p/s69 / 100 [-------------------------------------------------------------------------------------------------------------->_________________________________________________] 69.00% 25 p/s73 / 100 [-------------------------------------------------------------------------------------------------------------------->___________________________________________] 73.00% 25 p/s77 / 100 [--------------------------------------------------------------------------------------------------------------------------->____________________________________] 77.00% 25 p/s82 / 100 [----------------------------------------------------------------------------------------------------------------------------------->____________________________] 82.00% 25 p/s86 / 100 [----------------------------------------------------------------------------------------------------------------------------------------->______________________] 86.00% 25 p/s90 / 100 [----------------------------------------------------------------------------------------------------------------------------------------------->________________] 90.00% 25 p/s94 / 100 [------------------------------------------------------------------------------------------------------------------------------------------------------>_________] 94.00% 25 p/s98 / 100 [------------------------------------------------------------------------------------------------------------------------------------------------------------>___] 98.00% 25 p/s100 / 100 [--------------------------------------------------------------------------------------------------------------------------------------------------------------] 100.00% 25 p/s
Summary:
  Total:	4.2543 secs.
  Slowest:	0.0948 secs.
  Fastest:	0.0003 secs.
  Average:	0.0380 secs.
  Stddev:	0.0412 secs.
  Requests/sec:	23.5057

Response time histogram:
  0.0003 [1]	|
  0.0098 [54]	|∎∎∎∎∎∎∎∎∎∎∎∎∎∎∎∎∎∎∎∎∎∎∎∎∎∎∎∎∎∎∎∎∎∎∎∎∎∎∎∎
  0.0192 [2]	|∎
  0.0287 [0]	|
  0.0381 [0]	|
  0.0476 [1]	|
  0.0570 [0]	|
  0.0665 [0]	|
  0.0759 [1]	|
  0.0854 [14]	|∎∎∎∎∎∎∎∎∎∎
  0.0948 [27]	|∎∎∎∎∎∎∎∎∎∎∎∎∎∎∎∎∎∎∎∎

Latency distribution:
  10% in 0.0005 secs.
  25% in 0.0019 secs.
  50% in 0.0052 secs.
  75% in 0.0862 secs.
  90% in 0.0900 secs.
  95% in 0.0915 secs.
  99% in 0.0948 secs.
