2023/07/02 21:14:22 INFO: [core] [Channel #1 SubChannel #2] Subchannel Connectivity change to CONNECTING
2023/07/02 21:14:22 INFO: [core] [Channel #1 SubChannel #2] Subchannel picks a new address "localhost:2379" to connect
2023/07/02 21:14:22 INFO: [core] [Channel #1 SubChannel #2] Subchannel Connectivity change to READY
2023/07/02 21:14:22 INFO: [roundrobin] roundrobinPicker: Build called with info: {map[0xc000012330:{{
  "Addr": "localhost:2379",
  "ServerName": "localhost",
  "Attributes": null,
  "BalancerAttributes": null,
  "Type": 0,
  "Metadata": null
}}]}
2023/07/02 21:14:22 INFO: [core] [Channel #1] Channel Connectivity change to READY
4 / 40 [---------------->__________________________________________________________________________________________________________________________________________________] 10.00% ? p/s8 / 40 [-------------------------------->__________________________________________________________________________________________________________________________________] 20.00% ? p/s12 / 40 [------------------------------------------------>_________________________________________________________________________________________________________________] 30.00% ? p/s16 / 40 [---------------------------------------------------------------->________________________________________________________________________________________________] 40.00% 20 p/s20 / 40 [-------------------------------------------------------------------------------->________________________________________________________________________________] 50.00% 20 p/s24 / 40 [------------------------------------------------------------------------------------------------>________________________________________________________________] 60.00% 20 p/s28 / 40 [---------------------------------------------------------------------------------------------------------------->________________________________________________] 70.00% 20 p/s32 / 40 [-------------------------------------------------------------------------------------------------------------------------------->________________________________] 80.00% 20 p/s36 / 40 [------------------------------------------------------------------------------------------------------------------------------------------------>________________] 90.00% 20 p/s40 / 40 [----------------------------------------------------------------------------------------------------------------------------------------------------------------] 100.00% 23 p/s
Summary:
  Total:	1.9463 secs.
  Slowest:	0.0788 secs.
  Fastest:	0.0015 secs.
  Average:	0.0377 secs.
  Stddev:	0.0355 secs.
  Requests/sec:	20.5518

Response time histogram:
  0.0015 [1]	|∎∎
  0.0092 [19]	|∎∎∎∎∎∎∎∎∎∎∎∎∎∎∎∎∎∎∎∎∎∎∎∎∎∎∎∎∎∎∎∎∎∎∎∎∎∎∎∎
  0.0170 [0]	|
  0.0247 [0]	|
  0.0324 [0]	|
  0.0401 [0]	|
  0.0479 [1]	|∎∎
  0.0556 [0]	|
  0.0633 [0]	|
  0.0711 [2]	|∎∎∎∎
  0.0788 [17]	|∎∎∎∎∎∎∎∎∎∎∎∎∎∎∎∎∎∎∎∎∎∎∎∎∎∎∎∎∎∎∎∎∎∎∎

Latency distribution:
  10% in 0.0018 secs.
  25% in 0.0026 secs.
  50% in 0.0437 secs.
  75% in 0.0742 secs.
  90% in 0.0761 secs.
  95% in 0.0780 secs.

