bench with linearizable range
2023/07/02 21:14:24 INFO: [core] [Channel #1 SubChannel #2] Subchannel Connectivity change to CONNECTING
2023/07/02 21:14:24 INFO: [core] [Channel #1 SubChannel #2] Subchannel picks a new address "localhost:2379" to connect
2023/07/02 21:14:24 INFO: [core] [Channel #1 SubChannel #2] Subchannel Connectivity change to READY
2023/07/02 21:14:24 INFO: [roundrobin] roundrobinPicker: Build called with info: {map[0xc0004003c0:{{
  "Addr": "localhost:2379",
  "ServerName": "localhost",
  "Attributes": null,
  "BalancerAttributes": null,
  "Type": 0,
  "Metadata": null
}}]}
2023/07/02 21:14:24 INFO: [core] [Channel #1] Channel Connectivity change to READY
4 / 100 [------>____________________________________________________________________________________________________________________________________________________________] 4.00% ? p/s9 / 100 [-------------->____________________________________________________________________________________________________________________________________________________] 9.00% ? p/s14 / 100 [---------------------->__________________________________________________________________________________________________________________________________________] 14.00% ? p/s19 / 100 [------------------------------>_________________________________________________________________________________________________________________________________] 19.00% 25 p/s23 / 100 [------------------------------------>___________________________________________________________________________________________________________________________] 23.00% 25 p/s27 / 100 [------------------------------------------->____________________________________________________________________________________________________________________] 27.00% 25 p/s32 / 100 [--------------------------------------------------->____________________________________________________________________________________________________________] 32.00% 25 p/s36 / 100 [--------------------------------------------------------->______________________________________________________________________________________________________] 36.00% 25 p/s40 / 100 [--------------------------------------------------------------->________________________________________________________________________________________________] 40.00% 25 p/s44 / 100 [---------------------------------------------------------------------->_________________________________________________________________________________________] 44.00% 25 p/s49 / 100 [------------------------------------------------------------------------------>_________________________________________________________________________________] 49.00% 25 p/s53 / 100 [------------------------------------------------------------------------------------>___________________________________________________________________________] 53.00% 25 p/s57 / 100 [------------------------------------------------------------------------------------------->____________________________________________________________________] 57.00% 24 p/s62 / 100 [--------------------------------------------------------------------------------------------------->____________________________________________________________] 62.00% 24 p/s66 / 100 [--------------------------------------------------------------------------------------------------------->______________________________________________________] 66.00% 24 p/s70 / 100 [--------------------------------------------------------------------------------------------------------------->________________________________________________] 70.00% 24 p/s75 / 100 [----------------------------------------------------------------------------------------------------------------------->________________________________________] 75.00% 24 p/s79 / 100 [------------------------------------------------------------------------------------------------------------------------------>_________________________________] 79.00% 24 p/s83 / 100 [------------------------------------------------------------------------------------------------------------------------------------>___________________________] 83.00% 24 p/s87 / 100 [------------------------------------------------------------------------------------------------------------------------------------------->____________________] 87.00% 24 p/s91 / 100 [------------------------------------------------------------------------------------------------------------------------------------------------->______________] 91.00% 24 p/s93 / 100 [---------------------------------------------------------------------------------------------------------------------------------------------------->___________] 93.00% 24 p/s97 / 100 [----------------------------------------------------------------------------------------------------------------------------------------------------------->____] 97.00% 24 p/s100 / 100 [--------------------------------------------------------------------------------------------------------------------------------------------------------------] 100.00% 22 p/s
Summary:
  Total:	4.7349 secs.
  Slowest:	0.1915 secs.
  Fastest:	0.0003 secs.
  Average:	0.0434 secs.
  Stddev:	0.0445 secs.
  Requests/sec:	21.1196

Response time histogram:
  0.0003 [1]	|
  0.0194 [52]	|∎∎∎∎∎∎∎∎∎∎∎∎∎∎∎∎∎∎∎∎∎∎∎∎∎∎∎∎∎∎∎∎∎∎∎∎∎∎∎∎
  0.0385 [0]	|
  0.0576 [1]	|
  0.0767 [1]	|
  0.0959 [43]	|∎∎∎∎∎∎∎∎∎∎∎∎∎∎∎∎∎∎∎∎∎∎∎∎∎∎∎∎∎∎∎∎∎
  0.1150 [1]	|
  0.1341 [0]	|
  0.1532 [0]	|
  0.1723 [0]	|
  0.1915 [1]	|

Latency distribution:
  10% in 0.0008 secs.
  25% in 0.0029 secs.
  50% in 0.0060 secs.
  75% in 0.0884 secs.
  90% in 0.0910 secs.
  95% in 0.0931 secs.
  99% in 0.1915 secs.
