bench with linearizable range
2023/06/29 21:59:16 INFO: [core] [Channel #1 SubChannel #2] Subchannel Connectivity change to CONNECTING
2023/06/29 21:59:16 INFO: [core] [Channel #1 SubChannel #2] Subchannel picks a new address "localhost:2379" to connect
2023/06/29 21:59:16 INFO: [core] [Channel #1 SubChannel #2] Subchannel Connectivity change to READY
2023/06/29 21:59:16 INFO: [roundrobin] roundrobinPicker: Build called with info: {map[0xc00019c558:{{
  "Addr": "localhost:2379",
  "ServerName": "localhost",
  "Attributes": null,
  "BalancerAttributes": null,
  "Type": 0,
  "Metadata": null
}}]}
2023/06/29 21:59:16 INFO: [core] [Channel #1] Channel Connectivity change to READY
20 / 1000 [--->_____________________________________________________________________________________________________________________________________________________________] 2.00% ? p/s40 / 1000 [------>__________________________________________________________________________________________________________________________________________________________] 4.00% ? p/s60 / 1000 [--------->_______________________________________________________________________________________________________________________________________________________] 6.00% ? p/s67 / 1000 [---------->_____________________________________________________________________________________________________________________________________________________] 6.70% 78 p/s70 / 1000 [----------->____________________________________________________________________________________________________________________________________________________] 7.00% 78 p/s74 / 1000 [----------->____________________________________________________________________________________________________________________________________________________] 7.40% 78 p/s75 / 1000 [----------->____________________________________________________________________________________________________________________________________________________] 7.50% 74 p/s79 / 1000 [------------>___________________________________________________________________________________________________________________________________________________] 7.90% 74 p/s99 / 1000 [--------------->________________________________________________________________________________________________________________________________________________] 9.90% 74 p/s119 / 1000 [------------------>___________________________________________________________________________________________________________________________________________] 11.90% 74 p/s139 / 1000 [--------------------->________________________________________________________________________________________________________________________________________] 13.90% 74 p/s159 / 1000 [------------------------->____________________________________________________________________________________________________________________________________] 15.90% 74 p/s179 / 1000 [---------------------------->_________________________________________________________________________________________________________________________________] 17.90% 76 p/s199 / 1000 [------------------------------->______________________________________________________________________________________________________________________________] 19.90% 76 p/s219 / 1000 [---------------------------------->___________________________________________________________________________________________________________________________] 21.90% 76 p/s239 / 1000 [------------------------------------->________________________________________________________________________________________________________________________] 23.90% 77 p/s259 / 1000 [---------------------------------------->_____________________________________________________________________________________________________________________] 25.90% 77 p/s279 / 1000 [-------------------------------------------->_________________________________________________________________________________________________________________] 27.90% 77 p/s299 / 1000 [----------------------------------------------->______________________________________________________________________________________________________________] 29.90% 79 p/s319 / 1000 [-------------------------------------------------->___________________________________________________________________________________________________________] 31.90% 79 p/s339 / 1000 [----------------------------------------------------->________________________________________________________________________________________________________] 33.90% 79 p/s359 / 1000 [-------------------------------------------------------->_____________________________________________________________________________________________________] 35.90% 80 p/s379 / 1000 [----------------------------------------------------------->__________________________________________________________________________________________________] 37.90% 80 p/s399 / 1000 [--------------------------------------------------------------->______________________________________________________________________________________________] 39.90% 80 p/s419 / 1000 [------------------------------------------------------------------>___________________________________________________________________________________________] 41.90% 81 p/s439 / 1000 [--------------------------------------------------------------------->________________________________________________________________________________________] 43.90% 81 p/s459 / 1000 [------------------------------------------------------------------------>_____________________________________________________________________________________] 45.90% 81 p/s479 / 1000 [--------------------------------------------------------------------------->__________________________________________________________________________________] 47.90% 83 p/s499 / 1000 [------------------------------------------------------------------------------>_______________________________________________________________________________] 49.90% 83 p/s519 / 1000 [---------------------------------------------------------------------------------->___________________________________________________________________________] 51.90% 83 p/s539 / 1000 [------------------------------------------------------------------------------------->________________________________________________________________________] 53.90% 84 p/s559 / 1000 [---------------------------------------------------------------------------------------->_____________________________________________________________________] 55.90% 84 p/s579 / 1000 [------------------------------------------------------------------------------------------->__________________________________________________________________] 57.90% 84 p/s599 / 1000 [---------------------------------------------------------------------------------------------->_______________________________________________________________] 59.90% 85 p/s619 / 1000 [------------------------------------------------------------------------------------------------->____________________________________________________________] 61.90% 85 p/s639 / 1000 [---------------------------------------------------------------------------------------------------->_________________________________________________________] 63.90% 85 p/s659 / 1000 [-------------------------------------------------------------------------------------------------------->_____________________________________________________] 65.90% 86 p/s679 / 1000 [----------------------------------------------------------------------------------------------------------->__________________________________________________] 67.90% 86 p/s699 / 1000 [-------------------------------------------------------------------------------------------------------------->_______________________________________________] 69.90% 86 p/s719 / 1000 [----------------------------------------------------------------------------------------------------------------->____________________________________________] 71.90% 87 p/s739 / 1000 [-------------------------------------------------------------------------------------------------------------------->_________________________________________] 73.90% 87 p/s759 / 1000 [----------------------------------------------------------------------------------------------------------------------->______________________________________] 75.90% 87 p/s779 / 1000 [--------------------------------------------------------------------------------------------------------------------------->__________________________________] 77.90% 88 p/s799 / 1000 [------------------------------------------------------------------------------------------------------------------------------>_______________________________] 79.90% 88 p/s819 / 1000 [--------------------------------------------------------------------------------------------------------------------------------->____________________________] 81.90% 88 p/s839 / 1000 [------------------------------------------------------------------------------------------------------------------------------------>_________________________] 83.90% 88 p/s859 / 1000 [--------------------------------------------------------------------------------------------------------------------------------------->______________________] 85.90% 88 p/s879 / 1000 [------------------------------------------------------------------------------------------------------------------------------------------>___________________] 87.90% 88 p/s899 / 1000 [---------------------------------------------------------------------------------------------------------------------------------------------->_______________] 89.90% 89 p/s919 / 1000 [------------------------------------------------------------------------------------------------------------------------------------------------->____________] 91.90% 89 p/s939 / 1000 [---------------------------------------------------------------------------------------------------------------------------------------------------->_________] 93.90% 89 p/s959 / 1000 [------------------------------------------------------------------------------------------------------------------------------------------------------->______] 95.90% 90 p/s979 / 1000 [---------------------------------------------------------------------------------------------------------------------------------------------------------->___] 97.90% 90 p/s999 / 1000 [------------------------------------------------------------------------------------------------------------------------------------------------------------->] 99.90% 90 p/s1000 / 1000 [------------------------------------------------------------------------------------------------------------------------------------------------------------] 100.00% 94 p/s
Summary:
  Total:	10.8079 secs.
  Slowest:	0.3719 secs.
  Fastest:	0.0002 secs.
  Average:	0.0014 secs.
  Stddev:	0.0131 secs.
  Requests/sec:	92.5248

Response time histogram:
  0.0002 [1]	|
  0.0374 [991]	|∎∎∎∎∎∎∎∎∎∎∎∎∎∎∎∎∎∎∎∎∎∎∎∎∎∎∎∎∎∎∎∎∎∎∎∎∎∎∎∎
  0.0745 [6]	|
  0.1117 [1]	|
  0.1489 [0]	|
  0.1861 [0]	|
  0.2232 [0]	|
  0.2604 [0]	|
  0.2976 [0]	|
  0.3347 [0]	|
  0.3719 [1]	|

Latency distribution:
  10% in 0.0003 secs.
  25% in 0.0003 secs.
  50% in 0.0004 secs.
  75% in 0.0005 secs.
  90% in 0.0006 secs.
  95% in 0.0009 secs.
  99% in 0.0265 secs.
  99.9% in 0.3719 secs.
