2023/06/29 21:59:16 INFO: [core] [Channel #1 SubChannel #2] Subchannel Connectivity change to CONNECTING
2023/06/29 21:59:16 INFO: [core] [Channel #1 SubChannel #2] Subchannel picks a new address "localhost:2379" to connect
2023/06/29 21:59:16 INFO: [core] [Channel #1 SubChannel #2] Subchannel Connectivity change to READY
2023/06/29 21:59:16 INFO: [roundrobin] roundrobinPicker: Build called with info: {map[0xc0000122b8:{{
  "Addr": "localhost:2379",
  "ServerName": "localhost",
  "Attributes": null,
  "BalancerAttributes": null,
  "Type": 0,
  "Metadata": null
}}]}
2023/06/29 21:59:16 INFO: [core] [Channel #1] Channel Connectivity change to READY
4 / 180 [--->_______________________________________________________________________________________________________________________________________________________________] 2.22% ? p/s8 / 180 [------->___________________________________________________________________________________________________________________________________________________________] 4.44% ? p/s12 / 180 [---------->_______________________________________________________________________________________________________________________________________________________] 6.67% ? p/s13 / 180 [----------->_____________________________________________________________________________________________________________________________________________________] 7.22% 15 p/s14 / 180 [------------>____________________________________________________________________________________________________________________________________________________] 7.78% 15 p/s14 / 180 [------------>____________________________________________________________________________________________________________________________________________________] 7.78% 15 p/s15 / 180 [------------->___________________________________________________________________________________________________________________________________________________] 8.33% 14 p/s18 / 180 [--------------->________________________________________________________________________________________________________________________________________________] 10.00% 14 p/s22 / 180 [------------------->____________________________________________________________________________________________________________________________________________] 12.22% 14 p/s26 / 180 [----------------------->________________________________________________________________________________________________________________________________________] 14.44% 15 p/s30 / 180 [-------------------------->_____________________________________________________________________________________________________________________________________] 16.67% 15 p/s34 / 180 [------------------------------>_________________________________________________________________________________________________________________________________] 18.89% 15 p/s38 / 180 [--------------------------------->______________________________________________________________________________________________________________________________] 21.11% 15 p/s42 / 180 [------------------------------------->__________________________________________________________________________________________________________________________] 23.33% 15 p/s46 / 180 [---------------------------------------->_______________________________________________________________________________________________________________________] 25.56% 15 p/s50 / 180 [-------------------------------------------->___________________________________________________________________________________________________________________] 27.78% 15 p/s54 / 180 [----------------------------------------------->________________________________________________________________________________________________________________] 30.00% 15 p/s58 / 180 [--------------------------------------------------->____________________________________________________________________________________________________________] 32.22% 15 p/s62 / 180 [------------------------------------------------------->________________________________________________________________________________________________________] 34.44% 16 p/s66 / 180 [---------------------------------------------------------->_____________________________________________________________________________________________________] 36.67% 16 p/s70 / 180 [-------------------------------------------------------------->_________________________________________________________________________________________________] 38.89% 16 p/s74 / 180 [----------------------------------------------------------------->______________________________________________________________________________________________] 41.11% 16 p/s78 / 180 [--------------------------------------------------------------------->__________________________________________________________________________________________] 43.33% 16 p/s82 / 180 [------------------------------------------------------------------------>_______________________________________________________________________________________] 45.56% 16 p/s86 / 180 [---------------------------------------------------------------------------->___________________________________________________________________________________] 47.78% 16 p/s90 / 180 [------------------------------------------------------------------------------->________________________________________________________________________________] 50.00% 16 p/s94 / 180 [----------------------------------------------------------------------------------->____________________________________________________________________________] 52.22% 16 p/s98 / 180 [--------------------------------------------------------------------------------------->________________________________________________________________________] 54.44% 16 p/s102 / 180 [------------------------------------------------------------------------------------------>____________________________________________________________________] 56.67% 16 p/s106 / 180 [--------------------------------------------------------------------------------------------->_________________________________________________________________] 58.89% 16 p/s110 / 180 [------------------------------------------------------------------------------------------------->_____________________________________________________________] 61.11% 17 p/s114 / 180 [---------------------------------------------------------------------------------------------------->__________________________________________________________] 63.33% 17 p/s118 / 180 [-------------------------------------------------------------------------------------------------------->______________________________________________________] 65.56% 17 p/s122 / 180 [----------------------------------------------------------------------------------------------------------->___________________________________________________] 67.78% 17 p/s126 / 180 [--------------------------------------------------------------------------------------------------------------->_______________________________________________] 70.00% 17 p/s130 / 180 [------------------------------------------------------------------------------------------------------------------>____________________________________________] 72.22% 17 p/s134 / 180 [---------------------------------------------------------------------------------------------------------------------->________________________________________] 74.44% 17 p/s138 / 180 [------------------------------------------------------------------------------------------------------------------------->_____________________________________] 76.67% 17 p/s142 / 180 [----------------------------------------------------------------------------------------------------------------------------->_________________________________] 78.89% 17 p/s146 / 180 [-------------------------------------------------------------------------------------------------------------------------------->______________________________] 81.11% 17 p/s150 / 180 [------------------------------------------------------------------------------------------------------------------------------------>__________________________] 83.33% 17 p/s154 / 180 [---------------------------------------------------------------------------------------------------------------------------------------->______________________] 85.56% 17 p/s158 / 180 [------------------------------------------------------------------------------------------------------------------------------------------->___________________] 87.78% 17 p/s162 / 180 [----------------------------------------------------------------------------------------------------------------------------------------------->_______________] 90.00% 17 p/s166 / 180 [-------------------------------------------------------------------------------------------------------------------------------------------------->____________] 92.22% 17 p/s170 / 180 [------------------------------------------------------------------------------------------------------------------------------------------------------>________] 94.44% 18 p/s174 / 180 [--------------------------------------------------------------------------------------------------------------------------------------------------------->_____] 96.67% 18 p/s178 / 180 [------------------------------------------------------------------------------------------------------------------------------------------------------------->_] 98.89% 18 p/s180 / 180 [--------------------------------------------------------------------------------------------------------------------------------------------------------------] 100.00% 19 p/s
Summary:
  Total:	9.6661 secs.
  Slowest:	0.4033 secs.
  Fastest:	0.0015 secs.
  Average:	0.0071 secs.
  Stddev:	0.0379 secs.
  Requests/sec:	18.6217

Response time histogram:
  0.0015 [1]	|
  0.0417 [175]	|∎∎∎∎∎∎∎∎∎∎∎∎∎∎∎∎∎∎∎∎∎∎∎∎∎∎∎∎∎∎∎∎∎∎∎∎∎∎∎∎
  0.0819 [1]	|
  0.1221 [0]	|
  0.1622 [0]	|
  0.2024 [1]	|
  0.2426 [0]	|
  0.2828 [1]	|
  0.3229 [0]	|
  0.3631 [0]	|
  0.4033 [1]	|

Latency distribution:
  10% in 0.0017 secs.
  25% in 0.0017 secs.
  50% in 0.0019 secs.
  75% in 0.0020 secs.
  90% in 0.0031 secs.
  95% in 0.0045 secs.
  99% in 0.4033 secs.

