2023/07/02 21:14:30 INFO: [core] [Channel #1 SubChannel #2] Subchannel Connectivity change to CONNECTING
2023/07/02 21:14:30 INFO: [core] [Channel #1 SubChannel #2] Subchannel picks a new address "localhost:2379" to connect
2023/07/02 21:14:30 INFO: [core] [Channel #1 SubChannel #2] Subchannel Connectivity change to READY
2023/07/02 21:14:30 INFO: [roundrobin] roundrobinPicker: Build called with info: {map[0xc000110a38:{{
  "Addr": "localhost:2379",
  "ServerName": "localhost",
  "Attributes": null,
  "BalancerAttributes": null,
  "Type": 0,
  "Metadata": null
}}]}
2023/07/02 21:14:30 INFO: [core] [Channel #1] Channel Connectivity change to READY
3 / 40 [------------>_______________________________________________________________________________________________________________________________________________________] 7.50% ? p/s6 / 40 [------------------------>__________________________________________________________________________________________________________________________________________] 15.00% ? p/s10 / 40 [---------------------------------------->_________________________________________________________________________________________________________________________] 25.00% ? p/s15 / 40 [------------------------------------------------------------>____________________________________________________________________________________________________] 37.50% 20 p/s19 / 40 [---------------------------------------------------------------------------->____________________________________________________________________________________] 47.50% 20 p/s23 / 40 [-------------------------------------------------------------------------------------------->____________________________________________________________________] 57.50% 20 p/s27 / 40 [------------------------------------------------------------------------------------------------------------>____________________________________________________] 67.50% 20 p/s31 / 40 [---------------------------------------------------------------------------------------------------------------------------->____________________________________] 77.50% 20 p/s34 / 40 [---------------------------------------------------------------------------------------------------------------------------------------->________________________] 85.00% 20 p/s38 / 40 [-------------------------------------------------------------------------------------------------------------------------------------------------------->________] 95.00% 20 p/s40 / 40 [----------------------------------------------------------------------------------------------------------------------------------------------------------------] 100.00% 22 p/s
Summary:
  Total:	2.0216 secs.
  Slowest:	0.1007 secs.
  Fastest:	0.0017 secs.
  Average:	0.0404 secs.
  Stddev:	0.0370 secs.
  Requests/sec:	19.7867

Response time histogram:
  0.0017 [1]	|∎∎
  0.0116 [18]	|∎∎∎∎∎∎∎∎∎∎∎∎∎∎∎∎∎∎∎∎∎∎∎∎∎∎∎∎∎∎∎∎∎∎∎∎∎∎∎∎
  0.0215 [1]	|∎∎
  0.0314 [0]	|
  0.0413 [0]	|
  0.0512 [1]	|∎∎
  0.0611 [0]	|
  0.0710 [0]	|
  0.0809 [16]	|∎∎∎∎∎∎∎∎∎∎∎∎∎∎∎∎∎∎∎∎∎∎∎∎∎∎∎∎∎∎∎∎∎∎∎
  0.0908 [0]	|
  0.1007 [3]	|∎∎∎∎∎∎

Latency distribution:
  10% in 0.0024 secs.
  25% in 0.0029 secs.
  50% in 0.0511 secs.
  75% in 0.0748 secs.
  90% in 0.0770 secs.
  95% in 0.1005 secs.

