bench with linearizable range
2023/07/02 21:14:30 INFO: [core] [Channel #1 SubChannel #2] Subchannel Connectivity change to CONNECTING
2023/07/02 21:14:30 INFO: [core] [Channel #1 SubChannel #2] Subchannel picks a new address "localhost:2379" to connect
2023/07/02 21:14:30 INFO: [core] [Channel #1 SubChannel #2] Subchannel Connectivity change to READY
2023/07/02 21:14:30 INFO: [roundrobin] roundrobinPicker: Build called with info: {map[0xc0004128e8:{{
  "Addr": "localhost:2379",
  "ServerName": "localhost",
  "Attributes": null,
  "BalancerAttributes": null,
  "Type": 0,
  "Metadata": null
}}]}
2023/07/02 21:14:30 INFO: [core] [Channel #1] Channel Connectivity change to READY
4 / 100 [------>____________________________________________________________________________________________________________________________________________________________] 4.00% ? p/s7 / 100 [----------->_______________________________________________________________________________________________________________________________________________________] 7.00% ? p/s11 / 100 [----------------->_______________________________________________________________________________________________________________________________________________] 11.00% ? p/s17 / 100 [--------------------------->____________________________________________________________________________________________________________________________________] 17.00% 22 p/s22 / 100 [----------------------------------->____________________________________________________________________________________________________________________________] 22.00% 22 p/s26 / 100 [----------------------------------------->______________________________________________________________________________________________________________________] 26.00% 22 p/s30 / 100 [----------------------------------------------->________________________________________________________________________________________________________________] 30.00% 22 p/s34 / 100 [------------------------------------------------------>_________________________________________________________________________________________________________] 34.00% 22 p/s38 / 100 [------------------------------------------------------------>___________________________________________________________________________________________________] 38.00% 22 p/s43 / 100 [-------------------------------------------------------------------->___________________________________________________________________________________________] 43.00% 22 p/s47 / 100 [--------------------------------------------------------------------------->____________________________________________________________________________________] 47.00% 22 p/s53 / 100 [------------------------------------------------------------------------------------>___________________________________________________________________________] 53.00% 22 p/s57 / 100 [------------------------------------------------------------------------------------------->____________________________________________________________________] 57.00% 22 p/s57 / 100 [------------------------------------------------------------------------------------------->____________________________________________________________________] 57.00% 22 p/s58 / 100 [-------------------------------------------------------------------------------------------->___________________________________________________________________] 58.00% 22 p/s61 / 100 [------------------------------------------------------------------------------------------------->______________________________________________________________] 61.00% 21 p/s66 / 100 [--------------------------------------------------------------------------------------------------------->______________________________________________________] 66.00% 21 p/s70 / 100 [--------------------------------------------------------------------------------------------------------------->________________________________________________] 70.00% 21 p/s74 / 100 [---------------------------------------------------------------------------------------------------------------------->_________________________________________] 74.00% 21 p/s80 / 100 [------------------------------------------------------------------------------------------------------------------------------->________________________________] 80.00% 21 p/s84 / 100 [-------------------------------------------------------------------------------------------------------------------------------------->_________________________] 84.00% 21 p/s89 / 100 [---------------------------------------------------------------------------------------------------------------------------------------------->_________________] 89.00% 21 p/s94 / 100 [------------------------------------------------------------------------------------------------------------------------------------------------------>_________] 94.00% 21 p/s98 / 100 [------------------------------------------------------------------------------------------------------------------------------------------------------------>___] 98.00% 21 p/s100 / 100 [--------------------------------------------------------------------------------------------------------------------------------------------------------------] 100.00% 22 p/s
Summary:
  Total:	4.8214 secs.
  Slowest:	0.3867 secs.
  Fastest:	0.0002 secs.
  Average:	0.0438 secs.
  Stddev:	0.0547 secs.
  Requests/sec:	20.7407

Response time histogram:
  0.0002 [1]	|
  0.0389 [54]	|∎∎∎∎∎∎∎∎∎∎∎∎∎∎∎∎∎∎∎∎∎∎∎∎∎∎∎∎∎∎∎∎∎∎∎∎∎∎∎∎
  0.0775 [3]	|∎∎
  0.1162 [41]	|∎∎∎∎∎∎∎∎∎∎∎∎∎∎∎∎∎∎∎∎∎∎∎∎∎∎∎∎∎∎
  0.1548 [0]	|
  0.1935 [0]	|
  0.2321 [0]	|
  0.2708 [0]	|
  0.3094 [0]	|
  0.3481 [0]	|
  0.3867 [1]	|

Latency distribution:
  10% in 0.0005 secs.
  25% in 0.0019 secs.
  50% in 0.0043 secs.
  75% in 0.0878 secs.
  90% in 0.0923 secs.
  95% in 0.0962 secs.
  99% in 0.3867 secs.
