2023/07/02 21:27:33 INFO: [core] [Channel #1 SubChannel #2] Subchannel Connectivity change to CONNECTING
2023/07/02 21:27:33 INFO: [core] [Channel #1 SubChannel #2] Subchannel picks a new address "localhost:2379" to connect
2023/07/02 21:27:33 INFO: [core] [Channel #1 SubChannel #2] Subchannel Connectivity change to READY
2023/07/02 21:27:33 INFO: [roundrobin] roundrobinPicker: Build called with info: {map[0xc000110378:{{
  "Addr": "localhost:2379",
  "ServerName": "localhost",
  "Attributes": null,
  "BalancerAttributes": null,
  "Type": 0,
  "Metadata": null
}}]}
2023/07/02 21:27:33 INFO: [core] [Channel #1] Channel Connectivity change to READY
8 / 180 [------->________________________________________________________________________________________________________________________________________________________________] 4.44% ? p/s15 / 180 [------------->_________________________________________________________________________________________________________________________________________________________] 8.33% ? p/s21 / 180 [------------------->__________________________________________________________________________________________________________________________________________________] 11.67% ? p/s28 / 180 [------------------------->___________________________________________________________________________________________________________________________________________] 15.56% 33 p/s35 / 180 [-------------------------------->____________________________________________________________________________________________________________________________________] 19.44% 33 p/s42 / 180 [-------------------------------------->______________________________________________________________________________________________________________________________] 23.33% 33 p/s49 / 180 [-------------------------------------------->________________________________________________________________________________________________________________________] 27.22% 33 p/s55 / 180 [-------------------------------------------------->__________________________________________________________________________________________________________________] 30.56% 33 p/s56 / 180 [--------------------------------------------------->_________________________________________________________________________________________________________________] 31.11% 33 p/s63 / 180 [--------------------------------------------------------->___________________________________________________________________________________________________________] 35.00% 33 p/s70 / 180 [---------------------------------------------------------------->____________________________________________________________________________________________________] 38.89% 33 p/s76 / 180 [--------------------------------------------------------------------->_______________________________________________________________________________________________] 42.22% 33 p/s82 / 180 [--------------------------------------------------------------------------->_________________________________________________________________________________________] 45.56% 33 p/s85 / 180 [----------------------------------------------------------------------------->_______________________________________________________________________________________] 47.22% 33 p/s91 / 180 [----------------------------------------------------------------------------------->_________________________________________________________________________________] 50.56% 33 p/s98 / 180 [----------------------------------------------------------------------------------------->___________________________________________________________________________] 54.44% 32 p/s106 / 180 [------------------------------------------------------------------------------------------------>___________________________________________________________________] 58.89% 32 p/s110 / 180 [---------------------------------------------------------------------------------------------------->_______________________________________________________________] 61.11% 32 p/s110 / 180 [---------------------------------------------------------------------------------------------------->_______________________________________________________________] 61.11% 32 p/s112 / 180 [------------------------------------------------------------------------------------------------------>_____________________________________________________________] 62.22% 32 p/s117 / 180 [---------------------------------------------------------------------------------------------------------->_________________________________________________________] 65.00% 32 p/s125 / 180 [----------------------------------------------------------------------------------------------------------------->__________________________________________________] 69.44% 31 p/s129 / 180 [--------------------------------------------------------------------------------------------------------------------->______________________________________________] 71.67% 31 p/s132 / 180 [------------------------------------------------------------------------------------------------------------------------>___________________________________________] 73.33% 31 p/s139 / 180 [------------------------------------------------------------------------------------------------------------------------------>_____________________________________] 77.22% 31 p/s146 / 180 [------------------------------------------------------------------------------------------------------------------------------------->______________________________] 81.11% 31 p/s154 / 180 [-------------------------------------------------------------------------------------------------------------------------------------------->_______________________] 85.56% 31 p/s157 / 180 [----------------------------------------------------------------------------------------------------------------------------------------------->____________________] 87.22% 31 p/s159 / 180 [------------------------------------------------------------------------------------------------------------------------------------------------>___________________] 88.33% 31 p/s164 / 180 [----------------------------------------------------------------------------------------------------------------------------------------------------->______________] 91.11% 31 p/s171 / 180 [----------------------------------------------------------------------------------------------------------------------------------------------------------->________] 95.00% 30 p/s178 / 180 [------------------------------------------------------------------------------------------------------------------------------------------------------------------>_] 98.89% 30 p/s180 / 180 [-------------------------------------------------------------------------------------------------------------------------------------------------------------------] 100.00% 29 p/s
Summary:
  Total:	6.4478 secs.
  Slowest:	0.4261 secs.
  Fastest:	0.0015 secs.
  Average:	0.0194 secs.
  Stddev:	0.0438 secs.
  Requests/sec:	27.9163

Response time histogram:
  0.0015 [1]	|
  0.0439 [145]	|∎∎∎∎∎∎∎∎∎∎∎∎∎∎∎∎∎∎∎∎∎∎∎∎∎∎∎∎∎∎∎∎∎∎∎∎∎∎∎∎
  0.0864 [26]	|∎∎∎∎∎∎∎
  0.1289 [3]	|
  0.1713 [1]	|
  0.2138 [3]	|
  0.2562 [0]	|
  0.2987 [0]	|
  0.3412 [0]	|
  0.3836 [0]	|
  0.4261 [1]	|

Latency distribution:
  10% in 0.0016 secs.
  25% in 0.0018 secs.
  50% in 0.0020 secs.
  75% in 0.0241 secs.
  90% in 0.0496 secs.
  95% in 0.0777 secs.
  99% in 0.4261 secs.

