2023/07/02 21:14:25 INFO: [core] [Channel #1 SubChannel #2] Subchannel Connectivity change to CONNECTING
2023/07/02 21:14:25 INFO: [core] [Channel #1 SubChannel #2] Subchannel picks a new address "localhost:2379" to connect
2023/07/02 21:14:25 INFO: [core] [Channel #1 SubChannel #2] Subchannel Connectivity change to READY
2023/07/02 21:14:25 INFO: [roundrobin] roundrobinPicker: Build called with info: {map[0xc00019a138:{{
  "Addr": "localhost:2379",
  "ServerName": "localhost",
  "Attributes": null,
  "BalancerAttributes": null,
  "Type": 0,
  "Metadata": null
}}]}
2023/07/02 21:14:25 INFO: [core] [Channel #1] Channel Connectivity change to READY
4 / 40 [---------------->__________________________________________________________________________________________________________________________________________________] 10.00% ? p/s7 / 40 [---------------------------->______________________________________________________________________________________________________________________________________] 17.50% ? p/s11 / 40 [-------------------------------------------->_____________________________________________________________________________________________________________________] 27.50% ? p/s15 / 40 [------------------------------------------------------------>____________________________________________________________________________________________________] 37.50% 18 p/s19 / 40 [---------------------------------------------------------------------------->____________________________________________________________________________________] 47.50% 18 p/s23 / 40 [-------------------------------------------------------------------------------------------->____________________________________________________________________] 57.50% 18 p/s27 / 40 [------------------------------------------------------------------------------------------------------------>____________________________________________________] 67.50% 18 p/s30 / 40 [------------------------------------------------------------------------------------------------------------------------>________________________________________] 75.00% 18 p/s34 / 40 [---------------------------------------------------------------------------------------------------------------------------------------->________________________] 85.00% 18 p/s38 / 40 [-------------------------------------------------------------------------------------------------------------------------------------------------------->________] 95.00% 18 p/s40 / 40 [----------------------------------------------------------------------------------------------------------------------------------------------------------------] 100.00% 22 p/s
Summary:
  Total:	2.0377 secs.
  Slowest:	0.0946 secs.
  Fastest:	0.0020 secs.
  Average:	0.0412 secs.
  Stddev:	0.0363 secs.
  Requests/sec:	19.6302

Response time histogram:
  0.0020 [1]	|∎∎
  0.0112 [17]	|∎∎∎∎∎∎∎∎∎∎∎∎∎∎∎∎∎∎∎∎∎∎∎∎∎∎∎∎∎∎∎∎∎∎∎∎∎∎∎∎
  0.0205 [1]	|∎∎
  0.0298 [0]	|
  0.0390 [0]	|
  0.0483 [1]	|∎∎
  0.0576 [0]	|
  0.0668 [0]	|
  0.0761 [12]	|∎∎∎∎∎∎∎∎∎∎∎∎∎∎∎∎∎∎∎∎∎∎∎∎∎∎∎∎
  0.0854 [6]	|∎∎∎∎∎∎∎∎∎∎∎∎∎∎
  0.0946 [2]	|∎∎∎∎

Latency distribution:
  10% in 0.0025 secs.
  25% in 0.0030 secs.
  50% in 0.0709 secs.
  75% in 0.0757 secs.
  90% in 0.0791 secs.
  95% in 0.0942 secs.

