bench with linearizable range
2023/07/02 21:14:25 INFO: [core] [Channel #1 SubChannel #2] Subchannel Connectivity change to CONNECTING
2023/07/02 21:14:25 INFO: [core] [Channel #1 SubChannel #2] Subchannel picks a new address "localhost:2379" to connect
2023/07/02 21:14:25 INFO: [core] [Channel #1 SubChannel #2] Subchannel Connectivity change to READY
2023/07/02 21:14:25 INFO: [roundrobin] roundrobinPicker: Build called with info: {map[0xc000012420:{{
  "Addr": "localhost:2379",
  "ServerName": "localhost",
  "Attributes": null,
  "BalancerAttributes": null,
  "Type": 0,
  "Metadata": null
}}]}
2023/07/02 21:14:25 INFO: [core] [Channel #1] Channel Connectivity change to READY
4 / 100 [------>____________________________________________________________________________________________________________________________________________________________] 4.00% ? p/s8 / 100 [------------->_____________________________________________________________________________________________________________________________________________________] 8.00% ? p/s12 / 100 [------------------->_____________________________________________________________________________________________________________________________________________] 12.00% ? p/s16 / 100 [------------------------->______________________________________________________________________________________________________________________________________] 16.00% 20 p/s20 / 100 [------------------------------->________________________________________________________________________________________________________________________________] 20.00% 20 p/s24 / 100 [-------------------------------------->_________________________________________________________________________________________________________________________] 24.00% 20 p/s28 / 100 [-------------------------------------------->___________________________________________________________________________________________________________________] 28.00% 20 p/s32 / 100 [--------------------------------------------------->____________________________________________________________________________________________________________] 32.00% 20 p/s37 / 100 [----------------------------------------------------------->____________________________________________________________________________________________________] 37.00% 20 p/s42 / 100 [------------------------------------------------------------------->____________________________________________________________________________________________] 42.00% 20 p/s46 / 100 [------------------------------------------------------------------------->______________________________________________________________________________________] 46.00% 20 p/s51 / 100 [--------------------------------------------------------------------------------->______________________________________________________________________________] 51.00% 20 p/s55 / 100 [--------------------------------------------------------------------------------------->________________________________________________________________________] 55.00% 20 p/s59 / 100 [---------------------------------------------------------------------------------------------->_________________________________________________________________] 59.00% 20 p/s63 / 100 [---------------------------------------------------------------------------------------------------->___________________________________________________________] 63.00% 20 p/s67 / 100 [----------------------------------------------------------------------------------------------------------->____________________________________________________] 67.00% 20 p/s69 / 100 [-------------------------------------------------------------------------------------------------------------->_________________________________________________] 69.00% 20 p/s73 / 100 [-------------------------------------------------------------------------------------------------------------------->___________________________________________] 73.00% 20 p/s77 / 100 [--------------------------------------------------------------------------------------------------------------------------->____________________________________] 77.00% 20 p/s82 / 100 [----------------------------------------------------------------------------------------------------------------------------------->____________________________] 82.00% 20 p/s86 / 100 [----------------------------------------------------------------------------------------------------------------------------------------->______________________] 86.00% 20 p/s90 / 100 [----------------------------------------------------------------------------------------------------------------------------------------------->________________] 90.00% 20 p/s95 / 100 [------------------------------------------------------------------------------------------------------------------------------------------------------->________] 95.00% 20 p/s99 / 100 [-------------------------------------------------------------------------------------------------------------------------------------------------------------->_] 99.00% 20 p/s100 / 100 [--------------------------------------------------------------------------------------------------------------------------------------------------------------] 100.00% 22 p/s
Summary:
  Total:	4.8348 secs.
  Slowest:	0.1912 secs.
  Fastest:	0.0002 secs.
  Average:	0.0443 secs.
  Stddev:	0.0449 secs.
  Requests/sec:	20.6835

Response time histogram:
  0.0002 [1]	|
  0.0193 [51]	|∎∎∎∎∎∎∎∎∎∎∎∎∎∎∎∎∎∎∎∎∎∎∎∎∎∎∎∎∎∎∎∎∎∎∎∎∎∎∎∎
  0.0384 [1]	|
  0.0575 [0]	|
  0.0766 [2]	|∎
  0.0957 [44]	|∎∎∎∎∎∎∎∎∎∎∎∎∎∎∎∎∎∎∎∎∎∎∎∎∎∎∎∎∎∎∎∎∎∎
  0.1148 [0]	|
  0.1339 [0]	|
  0.1530 [0]	|
  0.1721 [0]	|
  0.1912 [1]	|

Latency distribution:
  10% in 0.0016 secs.
  25% in 0.0026 secs.
  50% in 0.0066 secs.
  75% in 0.0890 secs.
  90% in 0.0910 secs.
  95% in 0.0931 secs.
  99% in 0.1912 secs.
