2023/07/02 22:05:35 INFO: [core] [Channel #1 SubChannel #2] Subchannel Connectivity change to CONNECTING
2023/07/02 22:05:35 INFO: [core] [Channel #1 SubChannel #2] Subchannel picks a new address "localhost:2379" to connect
2023/07/02 22:05:35 INFO: [core] [Channel #1 SubChannel #2] Subchannel Connectivity change to READY
2023/07/02 22:05:35 INFO: [roundrobin] roundrobinPicker: Build called with info: {map[0xc00040a420:{{
  "Addr": "localhost:2379",
  "ServerName": "localhost",
  "Attributes": null,
  "BalancerAttributes": null,
  "Type": 0,
  "Metadata": null
}}]}
2023/07/02 22:05:35 INFO: [core] [Channel #1] Channel Connectivity change to READY
8 / 180 [------->________________________________________________________________________________________________________________________________________________________________] 4.44% ? p/s14 / 180 [------------>__________________________________________________________________________________________________________________________________________________________] 7.78% ? p/s20 / 180 [------------------>___________________________________________________________________________________________________________________________________________________] 11.11% ? p/s26 / 180 [----------------------->_____________________________________________________________________________________________________________________________________________] 14.44% 30 p/s33 / 180 [------------------------------>______________________________________________________________________________________________________________________________________] 18.33% 30 p/s41 / 180 [------------------------------------->_______________________________________________________________________________________________________________________________] 22.78% 30 p/s48 / 180 [------------------------------------------->_________________________________________________________________________________________________________________________] 26.67% 30 p/s54 / 180 [------------------------------------------------->___________________________________________________________________________________________________________________] 30.00% 30 p/s58 / 180 [----------------------------------------------------->_______________________________________________________________________________________________________________] 32.22% 30 p/s62 / 180 [-------------------------------------------------------->____________________________________________________________________________________________________________] 34.44% 30 p/s67 / 180 [------------------------------------------------------------->_______________________________________________________________________________________________________] 37.22% 30 p/s74 / 180 [------------------------------------------------------------------->_________________________________________________________________________________________________] 41.11% 30 p/s80 / 180 [------------------------------------------------------------------------->___________________________________________________________________________________________] 44.44% 30 p/s83 / 180 [---------------------------------------------------------------------------->________________________________________________________________________________________] 46.11% 30 p/s86 / 180 [------------------------------------------------------------------------------>______________________________________________________________________________________] 47.78% 30 p/s88 / 180 [-------------------------------------------------------------------------------->____________________________________________________________________________________] 48.89% 29 p/s94 / 180 [-------------------------------------------------------------------------------------->______________________________________________________________________________] 52.22% 29 p/s102 / 180 [-------------------------------------------------------------------------------------------->_______________________________________________________________________] 56.67% 29 p/s104 / 180 [---------------------------------------------------------------------------------------------->_____________________________________________________________________] 57.78% 29 p/s104 / 180 [---------------------------------------------------------------------------------------------->_____________________________________________________________________] 57.78% 29 p/s106 / 180 [------------------------------------------------------------------------------------------------>___________________________________________________________________] 58.89% 29 p/s108 / 180 [-------------------------------------------------------------------------------------------------->_________________________________________________________________] 60.00% 27 p/s113 / 180 [------------------------------------------------------------------------------------------------------>_____________________________________________________________] 62.78% 27 p/s114 / 180 [------------------------------------------------------------------------------------------------------->____________________________________________________________] 63.33% 27 p/s117 / 180 [---------------------------------------------------------------------------------------------------------->_________________________________________________________] 65.00% 27 p/s123 / 180 [---------------------------------------------------------------------------------------------------------------->___________________________________________________] 68.33% 27 p/s130 / 180 [---------------------------------------------------------------------------------------------------------------------->_____________________________________________] 72.22% 27 p/s137 / 180 [---------------------------------------------------------------------------------------------------------------------------->_______________________________________] 76.11% 27 p/s138 / 180 [----------------------------------------------------------------------------------------------------------------------------->______________________________________] 76.67% 27 p/s141 / 180 [-------------------------------------------------------------------------------------------------------------------------------->___________________________________] 78.33% 27 p/s148 / 180 [-------------------------------------------------------------------------------------------------------------------------------------->_____________________________] 82.22% 26 p/s156 / 180 [---------------------------------------------------------------------------------------------------------------------------------------------->_____________________] 86.67% 26 p/s163 / 180 [---------------------------------------------------------------------------------------------------------------------------------------------------->_______________] 90.56% 26 p/s166 / 180 [------------------------------------------------------------------------------------------------------------------------------------------------------->____________] 92.22% 27 p/s166 / 180 [------------------------------------------------------------------------------------------------------------------------------------------------------->____________] 92.22% 27 p/s167 / 180 [-------------------------------------------------------------------------------------------------------------------------------------------------------->___________] 92.78% 27 p/s169 / 180 [--------------------------------------------------------------------------------------------------------------------------------------------------------->__________] 93.89% 25 p/s172 / 180 [------------------------------------------------------------------------------------------------------------------------------------------------------------>_______] 95.56% 25 p/s174 / 180 [-------------------------------------------------------------------------------------------------------------------------------------------------------------->_____] 96.67% 25 p/s177 / 180 [----------------------------------------------------------------------------------------------------------------------------------------------------------------->__] 98.33% 24 p/s180 / 180 [-------------------------------------------------------------------------------------------------------------------------------------------------------------------] 100.00% 23 p/s
Summary:
  Total:	8.0786 secs.
  Slowest:	0.4768 secs.
  Fastest:	0.0014 secs.
  Average:	0.0305 secs.
  Stddev:	0.0586 secs.
  Requests/sec:	22.2812

Response time histogram:
  0.0014 [1]	|
  0.0490 [134]	|∎∎∎∎∎∎∎∎∎∎∎∎∎∎∎∎∎∎∎∎∎∎∎∎∎∎∎∎∎∎∎∎∎∎∎∎∎∎∎∎
  0.0965 [28]	|∎∎∎∎∎∎∎∎
  0.1440 [10]	|∎∎
  0.1916 [4]	|∎
  0.2391 [1]	|
  0.2866 [0]	|
  0.3342 [0]	|
  0.3817 [0]	|
  0.4293 [1]	|
  0.4768 [1]	|

Latency distribution:
  10% in 0.0017 secs.
  25% in 0.0018 secs.
  50% in 0.0021 secs.
  75% in 0.0491 secs.
  90% in 0.0960 secs.
  95% in 0.1032 secs.
  99% in 0.4768 secs.

