bench with linearizable range
2023/07/02 21:14:28 INFO: [core] [Channel #1 SubChannel #2] Subchannel Connectivity change to CONNECTING
2023/07/02 21:14:28 INFO: [core] [Channel #1 SubChannel #2] Subchannel picks a new address "localhost:2379" to connect
2023/07/02 21:14:28 INFO: [core] [Channel #1 SubChannel #2] Subchannel Connectivity change to READY
2023/07/02 21:14:28 INFO: [roundrobin] roundrobinPicker: Build called with info: {map[0xc000406000:{{
  "Addr": "localhost:2379",
  "ServerName": "localhost",
  "Attributes": null,
  "BalancerAttributes": null,
  "Type": 0,
  "Metadata": null
}}]}
2023/07/02 21:14:28 INFO: [core] [Channel #1] Channel Connectivity change to READY
4 / 100 [------>____________________________________________________________________________________________________________________________________________________________] 4.00% ? p/s6 / 100 [--------->_________________________________________________________________________________________________________________________________________________________] 6.00% ? p/s10 / 100 [---------------->________________________________________________________________________________________________________________________________________________] 10.00% ? p/s14 / 100 [---------------------->_________________________________________________________________________________________________________________________________________] 14.00% 17 p/s19 / 100 [------------------------------>_________________________________________________________________________________________________________________________________] 19.00% 17 p/s23 / 100 [------------------------------------>___________________________________________________________________________________________________________________________] 23.00% 17 p/s27 / 100 [------------------------------------------->____________________________________________________________________________________________________________________] 27.00% 17 p/s31 / 100 [------------------------------------------------->______________________________________________________________________________________________________________] 31.00% 17 p/s35 / 100 [------------------------------------------------------->________________________________________________________________________________________________________] 35.00% 17 p/s39 / 100 [-------------------------------------------------------------->_________________________________________________________________________________________________] 39.00% 17 p/s43 / 100 [-------------------------------------------------------------------->___________________________________________________________________________________________] 43.00% 17 p/s47 / 100 [--------------------------------------------------------------------------->____________________________________________________________________________________] 47.00% 17 p/s52 / 100 [----------------------------------------------------------------------------------->____________________________________________________________________________] 52.00% 17 p/s58 / 100 [-------------------------------------------------------------------------------------------->___________________________________________________________________] 58.00% 17 p/s63 / 100 [---------------------------------------------------------------------------------------------------->___________________________________________________________] 63.00% 17 p/s67 / 100 [----------------------------------------------------------------------------------------------------------->____________________________________________________] 67.00% 18 p/s71 / 100 [----------------------------------------------------------------------------------------------------------------->______________________________________________] 71.00% 18 p/s75 / 100 [----------------------------------------------------------------------------------------------------------------------->________________________________________] 75.00% 18 p/s79 / 100 [------------------------------------------------------------------------------------------------------------------------------>_________________________________] 79.00% 18 p/s84 / 100 [-------------------------------------------------------------------------------------------------------------------------------------->_________________________] 84.00% 18 p/s88 / 100 [-------------------------------------------------------------------------------------------------------------------------------------------->___________________] 88.00% 18 p/s94 / 100 [------------------------------------------------------------------------------------------------------------------------------------------------------>_________] 94.00% 19 p/s98 / 100 [------------------------------------------------------------------------------------------------------------------------------------------------------------>___] 98.00% 19 p/s98 / 100 [------------------------------------------------------------------------------------------------------------------------------------------------------------>___] 98.00% 19 p/s100 / 100 [--------------------------------------------------------------------------------------------------------------------------------------------------------------] 100.00% 21 p/s
Summary:
  Total:	4.9252 secs.
  Slowest:	0.3855 secs.
  Fastest:	0.0003 secs.
  Average:	0.0450 secs.
  Stddev:	0.0561 secs.
  Requests/sec:	20.3037

Response time histogram:
  0.0003 [1]	|
  0.0388 [54]	|∎∎∎∎∎∎∎∎∎∎∎∎∎∎∎∎∎∎∎∎∎∎∎∎∎∎∎∎∎∎∎∎∎∎∎∎∎∎∎∎
  0.0773 [3]	|∎∎
  0.1158 [40]	|∎∎∎∎∎∎∎∎∎∎∎∎∎∎∎∎∎∎∎∎∎∎∎∎∎∎∎∎∎
  0.1544 [0]	|
  0.1929 [1]	|
  0.2314 [0]	|
  0.2700 [0]	|
  0.3085 [0]	|
  0.3470 [0]	|
  0.3855 [1]	|

Latency distribution:
  10% in 0.0005 secs.
  25% in 0.0025 secs.
  50% in 0.0059 secs.
  75% in 0.0881 secs.
  90% in 0.0928 secs.
  95% in 0.0939 secs.
  99% in 0.3855 secs.
