2023/07/02 21:14:28 INFO: [core] [Channel #1 SubChannel #2] Subchannel Connectivity change to READY
2023/07/02 21:14:28 INFO: [roundrobin] roundrobinPicker: Build called with info: {map[0xc000526000:{{
  "Addr": "localhost:2379",
  "ServerName": "localhost",
  "Attributes": null,
  "BalancerAttributes": null,
  "Type": 0,
  "Metadata": null
}}]}
2023/07/02 21:14:28 INFO: [core] [Channel #1] Channel Connectivity change to READY
4 / 40 [---------------->__________________________________________________________________________________________________________________________________________________] 10.00% ? p/s6 / 40 [------------------------>__________________________________________________________________________________________________________________________________________] 15.00% ? p/s10 / 40 [---------------------------------------->_________________________________________________________________________________________________________________________] 25.00% ? p/s14 / 40 [-------------------------------------------------------->________________________________________________________________________________________________________] 35.00% 17 p/s18 / 40 [------------------------------------------------------------------------>________________________________________________________________________________________] 45.00% 17 p/s22 / 40 [---------------------------------------------------------------------------------------->________________________________________________________________________] 55.00% 17 p/s26 / 40 [-------------------------------------------------------------------------------------------------------->________________________________________________________] 65.00% 17 p/s30 / 40 [------------------------------------------------------------------------------------------------------------------------>________________________________________] 75.00% 17 p/s33 / 40 [------------------------------------------------------------------------------------------------------------------------------------>____________________________] 82.50% 17 p/s37 / 40 [---------------------------------------------------------------------------------------------------------------------------------------------------->____________] 92.50% 17 p/s40 / 40 [----------------------------------------------------------------------------------------------------------------------------------------------------------------] 100.00% 21 p/s
Summary:
  Total:	2.1222 secs.
  Slowest:	0.1730 secs.
  Fastest:	0.0015 secs.
  Average:	0.0421 secs.
  Stddev:	0.0415 secs.
  Requests/sec:	18.8481

Response time histogram:
  0.0015 [1]	|∎∎
  0.0186 [18]	|∎∎∎∎∎∎∎∎∎∎∎∎∎∎∎∎∎∎∎∎∎∎∎∎∎∎∎∎∎∎∎∎∎∎∎∎∎∎∎∎
  0.0358 [1]	|∎∎
  0.0529 [0]	|
  0.0701 [0]	|
  0.0872 [18]	|∎∎∎∎∎∎∎∎∎∎∎∎∎∎∎∎∎∎∎∎∎∎∎∎∎∎∎∎∎∎∎∎∎∎∎∎∎∎∎∎
  0.1044 [1]	|∎∎
  0.1216 [0]	|
  0.1387 [0]	|
  0.1559 [0]	|
  0.1730 [1]	|∎∎

Latency distribution:
  10% in 0.0021 secs.
  25% in 0.0029 secs.
  50% in 0.0706 secs.
  75% in 0.0739 secs.
  90% in 0.0783 secs.
  95% in 0.0997 secs.

