2023/07/02 22:03:41 INFO: [core] [Channel #1 SubChannel #2] Subchannel Connectivity change to CONNECTING
2023/07/02 22:03:41 INFO: [core] [Channel #1 SubChannel #2] Subchannel picks a new address "localhost:2379" to connect
2023/07/02 22:03:41 INFO: [core] [Channel #1 SubChannel #2] Subchannel Connectivity change to READY
2023/07/02 22:03:41 INFO: [roundrobin] roundrobinPicker: Build called with info: {map[0xc000388000:{{
  "Addr": "localhost:2379",
  "ServerName": "localhost",
  "Attributes": null,
  "BalancerAttributes": null,
  "Type": 0,
  "Metadata": null
}}]}
2023/07/02 22:03:41 INFO: [core] [Channel #1] Channel Connectivity change to READY
8 / 180 [------->________________________________________________________________________________________________________________________________________________________________] 4.44% ? p/s14 / 180 [------------>__________________________________________________________________________________________________________________________________________________________] 7.78% ? p/s20 / 180 [------------------>___________________________________________________________________________________________________________________________________________________] 11.11% ? p/s26 / 180 [----------------------->_____________________________________________________________________________________________________________________________________________] 14.44% 30 p/s34 / 180 [------------------------------->_____________________________________________________________________________________________________________________________________] 18.89% 30 p/s39 / 180 [----------------------------------->_________________________________________________________________________________________________________________________________] 21.67% 30 p/s45 / 180 [----------------------------------------->___________________________________________________________________________________________________________________________] 25.00% 30 p/s48 / 180 [------------------------------------------->_________________________________________________________________________________________________________________________] 26.67% 30 p/s48 / 180 [------------------------------------------->_________________________________________________________________________________________________________________________] 26.67% 30 p/s48 / 180 [------------------------------------------->_________________________________________________________________________________________________________________________] 26.67% 28 p/s50 / 180 [--------------------------------------------->_______________________________________________________________________________________________________________________] 27.78% 28 p/s53 / 180 [------------------------------------------------>____________________________________________________________________________________________________________________] 29.44% 28 p/s58 / 180 [----------------------------------------------------->_______________________________________________________________________________________________________________] 32.22% 28 p/s62 / 180 [-------------------------------------------------------->____________________________________________________________________________________________________________] 34.44% 28 p/s65 / 180 [----------------------------------------------------------->_________________________________________________________________________________________________________] 36.11% 28 p/s71 / 180 [----------------------------------------------------------------->___________________________________________________________________________________________________] 39.44% 27 p/s77 / 180 [---------------------------------------------------------------------->______________________________________________________________________________________________] 42.78% 27 p/s84 / 180 [---------------------------------------------------------------------------->________________________________________________________________________________________] 46.67% 27 p/s87 / 180 [------------------------------------------------------------------------------->_____________________________________________________________________________________] 48.33% 27 p/s91 / 180 [----------------------------------------------------------------------------------->_________________________________________________________________________________] 50.56% 27 p/s96 / 180 [--------------------------------------------------------------------------------------->_____________________________________________________________________________] 53.33% 27 p/s104 / 180 [---------------------------------------------------------------------------------------------->_____________________________________________________________________] 57.78% 27 p/s110 / 180 [---------------------------------------------------------------------------------------------------->_______________________________________________________________] 61.11% 27 p/s111 / 180 [----------------------------------------------------------------------------------------------------->______________________________________________________________] 61.67% 27 p/s111 / 180 [----------------------------------------------------------------------------------------------------->______________________________________________________________] 61.67% 26 p/s113 / 180 [------------------------------------------------------------------------------------------------------>_____________________________________________________________] 62.78% 26 p/s118 / 180 [----------------------------------------------------------------------------------------------------------->________________________________________________________] 65.56% 26 p/s124 / 180 [---------------------------------------------------------------------------------------------------------------->___________________________________________________] 68.89% 26 p/s127 / 180 [------------------------------------------------------------------------------------------------------------------->________________________________________________] 70.56% 26 p/s130 / 180 [---------------------------------------------------------------------------------------------------------------------->_____________________________________________] 72.22% 26 p/s136 / 180 [--------------------------------------------------------------------------------------------------------------------------->________________________________________] 75.56% 26 p/s143 / 180 [---------------------------------------------------------------------------------------------------------------------------------->_________________________________] 79.44% 26 p/s149 / 180 [--------------------------------------------------------------------------------------------------------------------------------------->____________________________] 82.78% 26 p/s151 / 180 [----------------------------------------------------------------------------------------------------------------------------------------->__________________________] 83.89% 26 p/s154 / 180 [-------------------------------------------------------------------------------------------------------------------------------------------->_______________________] 85.56% 26 p/s159 / 180 [------------------------------------------------------------------------------------------------------------------------------------------------>___________________] 88.33% 26 p/s165 / 180 [------------------------------------------------------------------------------------------------------------------------------------------------------>_____________] 91.67% 25 p/s169 / 180 [--------------------------------------------------------------------------------------------------------------------------------------------------------->__________] 93.89% 25 p/s169 / 180 [--------------------------------------------------------------------------------------------------------------------------------------------------------->__________] 93.89% 25 p/s169 / 180 [--------------------------------------------------------------------------------------------------------------------------------------------------------->__________] 93.89% 24 p/s171 / 180 [----------------------------------------------------------------------------------------------------------------------------------------------------------->________] 95.00% 24 p/s175 / 180 [--------------------------------------------------------------------------------------------------------------------------------------------------------------->____] 97.22% 24 p/s179 / 180 [------------------------------------------------------------------------------------------------------------------------------------------------------------------->] 99.44% 24 p/s180 / 180 [-------------------------------------------------------------------------------------------------------------------------------------------------------------------] 100.00% 21 p/s
Summary:
  Total:	8.7742 secs.
  Slowest:	0.5497 secs.
  Fastest:	0.0015 secs.
  Average:	0.0347 secs.
  Stddev:	0.0713 secs.
  Requests/sec:	20.5147

Response time histogram:
  0.0015 [1]	|
  0.0563 [139]	|∎∎∎∎∎∎∎∎∎∎∎∎∎∎∎∎∎∎∎∎∎∎∎∎∎∎∎∎∎∎∎∎∎∎∎∎∎∎∎∎
  0.1111 [35]	|∎∎∎∎∎∎∎∎∎∎
  0.1660 [0]	|
  0.2208 [2]	|
  0.2756 [0]	|
  0.3304 [0]	|
  0.3853 [0]	|
  0.4401 [1]	|
  0.4949 [0]	|
  0.5497 [2]	|

Latency distribution:
  10% in 0.0017 secs.
  25% in 0.0019 secs.
  50% in 0.0023 secs.
  75% in 0.0495 secs.
  90% in 0.0962 secs.
  95% in 0.1003 secs.
  99% in 0.5497 secs.

