bench with linearizable range
2023/07/02 21:13:42 INFO: [core] [Channel #1 SubChannel #2] Subchannel Connectivity change to CONNECTING
2023/07/02 21:13:42 INFO: [core] [Channel #1 SubChannel #2] Subchannel picks a new address "localhost:2379" to connect
2023/07/02 21:13:42 INFO: [core] [Channel #1 SubChannel #2] Subchannel Connectivity change to READY
2023/07/02 21:13:42 INFO: [roundrobin] roundrobinPicker: Build called with info: {map[0xc000110000:{{
  "Addr": "localhost:2379",
  "ServerName": "localhost",
  "Attributes": null,
  "BalancerAttributes": null,
  "Type": 0,
  "Metadata": null
}}]}
2023/07/02 21:13:42 INFO: [core] [Channel #1] Channel Connectivity change to READY
4 / 100 [------>____________________________________________________________________________________________________________________________________________________________] 4.00% ? p/s7 / 100 [----------->_______________________________________________________________________________________________________________________________________________________] 7.00% ? p/s8 / 100 [------------->_____________________________________________________________________________________________________________________________________________________] 8.00% ? p/s12 / 100 [------------------->____________________________________________________________________________________________________________________________________________] 12.00% 13 p/s17 / 100 [--------------------------->____________________________________________________________________________________________________________________________________] 17.00% 13 p/s20 / 100 [------------------------------->________________________________________________________________________________________________________________________________] 20.00% 13 p/s23 / 100 [------------------------------------>___________________________________________________________________________________________________________________________] 23.00% 14 p/s27 / 100 [------------------------------------------->____________________________________________________________________________________________________________________] 27.00% 14 p/s32 / 100 [--------------------------------------------------->____________________________________________________________________________________________________________] 32.00% 14 p/s35 / 100 [------------------------------------------------------->________________________________________________________________________________________________________] 35.00% 14 p/s39 / 100 [-------------------------------------------------------------->_________________________________________________________________________________________________] 39.00% 14 p/s43 / 100 [-------------------------------------------------------------------->___________________________________________________________________________________________] 43.00% 14 p/s47 / 100 [--------------------------------------------------------------------------->____________________________________________________________________________________] 47.00% 14 p/s51 / 100 [--------------------------------------------------------------------------------->______________________________________________________________________________] 51.00% 14 p/s55 / 100 [--------------------------------------------------------------------------------------->________________________________________________________________________] 55.00% 14 p/s57 / 100 [------------------------------------------------------------------------------------------->____________________________________________________________________] 57.00% 15 p/s60 / 100 [----------------------------------------------------------------------------------------------->________________________________________________________________] 60.00% 15 p/s64 / 100 [------------------------------------------------------------------------------------------------------>_________________________________________________________] 64.00% 15 p/s69 / 100 [-------------------------------------------------------------------------------------------------------------->_________________________________________________] 69.00% 15 p/s73 / 100 [-------------------------------------------------------------------------------------------------------------------->___________________________________________] 73.00% 15 p/s77 / 100 [--------------------------------------------------------------------------------------------------------------------------->____________________________________] 77.00% 15 p/s81 / 100 [--------------------------------------------------------------------------------------------------------------------------------->______________________________] 81.00% 15 p/s85 / 100 [--------------------------------------------------------------------------------------------------------------------------------------->________________________] 85.00% 15 p/s89 / 100 [---------------------------------------------------------------------------------------------------------------------------------------------->_________________] 89.00% 15 p/s93 / 100 [---------------------------------------------------------------------------------------------------------------------------------------------------->___________] 93.00% 16 p/s97 / 100 [----------------------------------------------------------------------------------------------------------------------------------------------------------->____] 97.00% 16 p/s100 / 100 [--------------------------------------------------------------------------------------------------------------------------------------------------------------] 100.00% 19 p/s
Summary:
  Total:	5.3597 secs.
  Slowest:	0.1912 secs.
  Fastest:	0.0003 secs.
  Average:	0.0499 secs.
  Stddev:	0.0510 secs.
  Requests/sec:	18.6578

Response time histogram:
  0.0003 [1]	|
  0.0194 [49]	|∎∎∎∎∎∎∎∎∎∎∎∎∎∎∎∎∎∎∎∎∎∎∎∎∎∎∎∎∎∎∎∎∎∎∎∎∎∎∎∎
  0.0385 [0]	|
  0.0576 [1]	|
  0.0767 [1]	|
  0.0958 [36]	|∎∎∎∎∎∎∎∎∎∎∎∎∎∎∎∎∎∎∎∎∎∎∎∎∎∎∎∎∎
  0.1148 [8]	|∎∎∎∎∎∎
  0.1339 [0]	|
  0.1530 [0]	|
  0.1721 [0]	|
  0.1912 [4]	|∎∎∎

Latency distribution:
  10% in 0.0007 secs.
  25% in 0.0028 secs.
  50% in 0.0490 secs.
  75% in 0.0897 secs.
  90% in 0.0994 secs.
  95% in 0.1047 secs.
  99% in 0.1912 secs.
