2023/07/02 21:13:42 INFO: [core] [Channel #1 SubChannel #2] Subchannel Connectivity change to CONNECTING
2023/07/02 21:13:42 INFO: [core] [Channel #1 SubChannel #2] Subchannel picks a new address "localhost:2379" to connect
2023/07/02 21:13:42 INFO: [core] [Channel #1 SubChannel #2] Subchannel Connectivity change to READY
2023/07/02 21:13:42 INFO: [roundrobin] roundrobinPicker: Build called with info: {map[0xc000012210:{{
  "Addr": "localhost:2379",
  "ServerName": "localhost",
  "Attributes": null,
  "BalancerAttributes": null,
  "Type": 0,
  "Metadata": null
}}]}
2023/07/02 21:13:42 INFO: [core] [Channel #1] Channel Connectivity change to READY
4 / 40 [---------------->__________________________________________________________________________________________________________________________________________________] 10.00% ? p/s6 / 40 [------------------------>__________________________________________________________________________________________________________________________________________] 15.00% ? p/s7 / 40 [---------------------------->______________________________________________________________________________________________________________________________________] 17.50% ? p/s11 / 40 [-------------------------------------------->____________________________________________________________________________________________________________________] 27.50% 12 p/s15 / 40 [------------------------------------------------------------>____________________________________________________________________________________________________] 37.50% 12 p/s18 / 40 [------------------------------------------------------------------------>________________________________________________________________________________________] 45.00% 12 p/s20 / 40 [-------------------------------------------------------------------------------->________________________________________________________________________________] 50.00% 12 p/s24 / 40 [------------------------------------------------------------------------------------------------>________________________________________________________________] 60.00% 12 p/s28 / 40 [---------------------------------------------------------------------------------------------------------------->________________________________________________] 70.00% 12 p/s30 / 40 [------------------------------------------------------------------------------------------------------------------------>________________________________________] 75.00% 12 p/s33 / 40 [------------------------------------------------------------------------------------------------------------------------------------>____________________________] 82.50% 12 p/s36 / 40 [------------------------------------------------------------------------------------------------------------------------------------------------>________________] 90.00% 12 p/s40 / 40 [----------------------------------------------------------------------------------------------------------------------------------------------------------------] 100.00% 17 p/s
Summary:
  Total:	2.5509 secs.
  Slowest:	0.1768 secs.
  Fastest:	0.0016 secs.
  Average:	0.0542 secs.
  Stddev:	0.0544 secs.
  Requests/sec:	15.6806

Response time histogram:
  0.0016 [1]	|∎∎
  0.0192 [17]	|∎∎∎∎∎∎∎∎∎∎∎∎∎∎∎∎∎∎∎∎∎∎∎∎∎∎∎∎∎∎∎∎∎∎∎∎∎∎∎∎
  0.0367 [0]	|
  0.0542 [1]	|∎∎
  0.0717 [2]	|∎∎∎∎
  0.0892 [11]	|∎∎∎∎∎∎∎∎∎∎∎∎∎∎∎∎∎∎∎∎∎∎∎∎∎
  0.1067 [4]	|∎∎∎∎∎∎∎∎∎
  0.1243 [0]	|
  0.1418 [0]	|
  0.1593 [0]	|
  0.1768 [4]	|∎∎∎∎∎∎∎∎∎

Latency distribution:
  10% in 0.0019 secs.
  25% in 0.0029 secs.
  50% in 0.0702 secs.
  75% in 0.0780 secs.
  90% in 0.1724 secs.
  95% in 0.1750 secs.

