bench with linearizable range
2023/07/03 10:31:50 INFO: [core] [Channel #1 SubChannel #2] Subchannel Connectivity change to READY
2023/07/03 10:31:50 INFO: [roundrobin] roundrobinPicker: Build called with info: {map[0xc000012450:{{
  "Addr": "localhost:2379",
  "ServerName": "localhost",
  "Attributes": null,
  "BalancerAttributes": null,
  "Type": 0,
  "Metadata": null
}}]}
2023/07/03 10:31:50 INFO: [core] [Channel #1] Channel Connectivity change to READY
1 / 1 [-------------------------------------------------------------------------------------------------------------------------------------------------------------------] 100.00% ? p/s
Summary:
  Total:	0.0084 secs.
  Slowest:	0.0081 secs.
  Fastest:	0.0081 secs.
  Average:	0.0081 secs.
  Stddev:	0.0000 secs.
  Requests/sec:	119.2122

Response time histogram:
  0.0081 [1]	|∎∎∎∎∎∎∎∎∎∎∎∎∎∎∎∎∎∎∎∎∎∎∎∎∎∎∎∎∎∎∎∎∎∎∎∎∎∎∎∎
  0.0081 [0]	|
  0.0081 [0]	|
  0.0081 [0]	|
  0.0081 [0]	|
  0.0081 [0]	|
  0.0081 [0]	|
  0.0081 [0]	|
  0.0081 [0]	|
  0.0081 [0]	|
  0.0081 [0]	|

Latency distribution:
