bench with linearizable range
2023/07/03 10:31:58 INFO: [core] [Channel #1 SubChannel #2] Subchannel Connectivity change to CONNECTING
2023/07/03 10:31:58 INFO: [core] [Channel #1 SubChannel #2] Subchannel picks a new address "localhost:2379" to connect
2023/07/03 10:31:58 INFO: [core] [Channel #1 SubChannel #2] Subchannel Connectivity change to READY
2023/07/03 10:31:58 INFO: [roundrobin] roundrobinPicker: Build called with info: {map[0xc0000120a8:{{
  "Addr": "localhost:2379",
  "ServerName": "localhost",
  "Attributes": null,
  "BalancerAttributes": null,
  "Type": 0,
  "Metadata": null
}}]}
2023/07/03 10:31:58 INFO: [core] [Channel #1] Channel Connectivity change to READY
1 / 1 [-------------------------------------------------------------------------------------------------------------------------------------------------------------------] 100.00% ? p/s
Summary:
  Total:	0.0014 secs.
  Slowest:	0.0013 secs.
  Fastest:	0.0013 secs.
  Average:	0.0013 secs.
  Stddev:	0.0000 secs.
  Requests/sec:	734.6999

Response time histogram:
  0.0013 [1]	|∎∎∎∎∎∎∎∎∎∎∎∎∎∎∎∎∎∎∎∎∎∎∎∎∎∎∎∎∎∎∎∎∎∎∎∎∎∎∎∎
  0.0013 [0]	|
  0.0013 [0]	|
  0.0013 [0]	|
  0.0013 [0]	|
  0.0013 [0]	|
  0.0013 [0]	|
  0.0013 [0]	|
  0.0013 [0]	|
  0.0013 [0]	|
  0.0013 [0]	|

Latency distribution:
