2023/06/29 22:02:29 INFO: [core] [Channel #1 SubChannel #2] Subchannel Connectivity change to CONNECTING
2023/06/29 22:02:29 INFO: [core] [Channel #1 SubChannel #2] Subchannel picks a new address "localhost:2379" to connect
2023/06/29 22:02:29 INFO: [core] [Channel #1 SubChannel #2] Subchannel Connectivity change to READY
2023/06/29 22:02:29 INFO: [roundrobin] roundrobinPicker: Build called with info: {map[0xc000388390:{{
  "Addr": "localhost:2379",
  "ServerName": "localhost",
  "Attributes": null,
  "BalancerAttributes": null,
  "Type": 0,
  "Metadata": null
}}]}
2023/06/29 22:02:29 INFO: [core] [Channel #1] Channel Connectivity change to READY
4 / 180 [--->_______________________________________________________________________________________________________________________________________________________________] 2.22% ? p/s8 / 180 [------->___________________________________________________________________________________________________________________________________________________________] 4.44% ? p/s12 / 180 [---------->_______________________________________________________________________________________________________________________________________________________] 6.67% ? p/s14 / 180 [------------>____________________________________________________________________________________________________________________________________________________] 7.78% 17 p/s15 / 180 [------------->___________________________________________________________________________________________________________________________________________________] 8.33% 17 p/s15 / 180 [------------->___________________________________________________________________________________________________________________________________________________] 8.33% 17 p/s15 / 180 [------------->___________________________________________________________________________________________________________________________________________________] 8.33% 16 p/s20 / 180 [----------------->______________________________________________________________________________________________________________________________________________] 11.11% 16 p/s24 / 180 [--------------------->__________________________________________________________________________________________________________________________________________] 13.33% 16 p/s28 / 180 [------------------------>_______________________________________________________________________________________________________________________________________] 15.56% 16 p/s32 / 180 [---------------------------->___________________________________________________________________________________________________________________________________] 17.78% 16 p/s36 / 180 [------------------------------->________________________________________________________________________________________________________________________________] 20.00% 16 p/s40 / 180 [----------------------------------->____________________________________________________________________________________________________________________________] 22.22% 16 p/s44 / 180 [--------------------------------------->________________________________________________________________________________________________________________________] 24.44% 16 p/s48 / 180 [------------------------------------------>_____________________________________________________________________________________________________________________] 26.67% 16 p/s52 / 180 [---------------------------------------------->_________________________________________________________________________________________________________________] 28.89% 17 p/s56 / 180 [------------------------------------------------->______________________________________________________________________________________________________________] 31.11% 17 p/s60 / 180 [----------------------------------------------------->__________________________________________________________________________________________________________] 33.33% 17 p/s64 / 180 [-------------------------------------------------------->_______________________________________________________________________________________________________] 35.56% 17 p/s68 / 180 [------------------------------------------------------------>___________________________________________________________________________________________________] 37.78% 17 p/s72 / 180 [--------------------------------------------------------------->________________________________________________________________________________________________] 40.00% 17 p/s76 / 180 [------------------------------------------------------------------->____________________________________________________________________________________________] 42.22% 17 p/s80 / 180 [----------------------------------------------------------------------->________________________________________________________________________________________] 44.44% 17 p/s84 / 180 [-------------------------------------------------------------------------->_____________________________________________________________________________________] 46.67% 17 p/s88 / 180 [------------------------------------------------------------------------------>_________________________________________________________________________________] 48.89% 17 p/s92 / 180 [--------------------------------------------------------------------------------->______________________________________________________________________________] 51.11% 17 p/s96 / 180 [------------------------------------------------------------------------------------->__________________________________________________________________________] 53.33% 17 p/s100 / 180 [---------------------------------------------------------------------------------------->______________________________________________________________________] 55.56% 17 p/s104 / 180 [------------------------------------------------------------------------------------------->___________________________________________________________________] 57.78% 17 p/s108 / 180 [----------------------------------------------------------------------------------------------->_______________________________________________________________] 60.00% 17 p/s112 / 180 [-------------------------------------------------------------------------------------------------->____________________________________________________________] 62.22% 18 p/s116 / 180 [------------------------------------------------------------------------------------------------------>________________________________________________________] 64.44% 18 p/s120 / 180 [--------------------------------------------------------------------------------------------------------->_____________________________________________________] 66.67% 18 p/s124 / 180 [------------------------------------------------------------------------------------------------------------->_________________________________________________] 68.89% 18 p/s128 / 180 [----------------------------------------------------------------------------------------------------------------->_____________________________________________] 71.11% 18 p/s132 / 180 [-------------------------------------------------------------------------------------------------------------------->__________________________________________] 73.33% 18 p/s136 / 180 [------------------------------------------------------------------------------------------------------------------------>______________________________________] 75.56% 18 p/s140 / 180 [--------------------------------------------------------------------------------------------------------------------------->___________________________________] 77.78% 18 p/s144 / 180 [------------------------------------------------------------------------------------------------------------------------------->_______________________________] 80.00% 18 p/s148 / 180 [---------------------------------------------------------------------------------------------------------------------------------->____________________________] 82.22% 18 p/s152 / 180 [-------------------------------------------------------------------------------------------------------------------------------------->________________________] 84.44% 18 p/s156 / 180 [----------------------------------------------------------------------------------------------------------------------------------------->_____________________] 86.67% 18 p/s160 / 180 [--------------------------------------------------------------------------------------------------------------------------------------------->_________________] 88.89% 18 p/s164 / 180 [------------------------------------------------------------------------------------------------------------------------------------------------>______________] 91.11% 18 p/s168 / 180 [---------------------------------------------------------------------------------------------------------------------------------------------------->__________] 93.33% 18 p/s172 / 180 [------------------------------------------------------------------------------------------------------------------------------------------------------->_______] 95.56% 18 p/s176 / 180 [----------------------------------------------------------------------------------------------------------------------------------------------------------->___] 97.78% 18 p/s180 / 180 [--------------------------------------------------------------------------------------------------------------------------------------------------------------] 100.00% 19 p/s
Summary:
  Total:	9.5880 secs.
  Slowest:	0.4753 secs.
  Fastest:	0.0015 secs.
  Average:	0.0067 secs.
  Stddev:	0.0390 secs.
  Requests/sec:	18.7735

Response time histogram:
  0.0015 [1]	|
  0.0489 [175]	|∎∎∎∎∎∎∎∎∎∎∎∎∎∎∎∎∎∎∎∎∎∎∎∎∎∎∎∎∎∎∎∎∎∎∎∎∎∎∎∎
  0.0963 [2]	|
  0.1436 [0]	|
  0.1910 [0]	|
  0.2384 [1]	|
  0.2858 [0]	|
  0.3332 [0]	|
  0.3806 [0]	|
  0.4280 [0]	|
  0.4753 [1]	|

Latency distribution:
  10% in 0.0017 secs.
  25% in 0.0017 secs.
  50% in 0.0018 secs.
  75% in 0.0020 secs.
  90% in 0.0031 secs.
  95% in 0.0047 secs.
  99% in 0.4753 secs.

