bench with linearizable range
2023/07/02 21:13:48 INFO: [core] [Channel #1 SubChannel #2] Subchannel Connectivity change to CONNECTING
2023/07/02 21:13:48 INFO: [core] [Channel #1 SubChannel #2] Subchannel picks a new address "localhost:2379" to connect
2023/07/02 21:13:48 INFO: [core] [Channel #1 SubChannel #2] Subchannel Connectivity change to READY
2023/07/02 21:13:48 INFO: [roundrobin] roundrobinPicker: Build called with info: {map[0xc000110d98:{{
  "Addr": "localhost:2379",
  "ServerName": "localhost",
  "Attributes": null,
  "BalancerAttributes": null,
  "Type": 0,
  "Metadata": null
}}]}
2023/07/02 21:13:48 INFO: [core] [Channel #1] Channel Connectivity change to READY
4 / 100 [------>____________________________________________________________________________________________________________________________________________________________] 4.00% ? p/s9 / 100 [-------------->____________________________________________________________________________________________________________________________________________________] 9.00% ? p/s13 / 100 [-------------------->____________________________________________________________________________________________________________________________________________] 13.00% ? p/s19 / 100 [------------------------------>_________________________________________________________________________________________________________________________________] 19.00% 25 p/s20 / 100 [------------------------------->________________________________________________________________________________________________________________________________] 20.00% 25 p/s24 / 100 [-------------------------------------->_________________________________________________________________________________________________________________________] 24.00% 25 p/s28 / 100 [-------------------------------------------->___________________________________________________________________________________________________________________] 28.00% 24 p/s29 / 100 [---------------------------------------------->_________________________________________________________________________________________________________________] 29.00% 24 p/s30 / 100 [----------------------------------------------->________________________________________________________________________________________________________________] 30.00% 24 p/s31 / 100 [------------------------------------------------->______________________________________________________________________________________________________________] 31.00% 23 p/s35 / 100 [------------------------------------------------------->________________________________________________________________________________________________________] 35.00% 23 p/s39 / 100 [-------------------------------------------------------------->_________________________________________________________________________________________________] 39.00% 23 p/s43 / 100 [-------------------------------------------------------------------->___________________________________________________________________________________________] 43.00% 23 p/s46 / 100 [------------------------------------------------------------------------->______________________________________________________________________________________] 46.00% 23 p/s52 / 100 [----------------------------------------------------------------------------------->____________________________________________________________________________] 52.00% 23 p/s56 / 100 [----------------------------------------------------------------------------------------->______________________________________________________________________] 56.00% 23 p/s59 / 100 [---------------------------------------------------------------------------------------------->_________________________________________________________________] 59.00% 23 p/s60 / 100 [----------------------------------------------------------------------------------------------->________________________________________________________________] 60.00% 23 p/s64 / 100 [------------------------------------------------------------------------------------------------------>_________________________________________________________] 64.00% 22 p/s68 / 100 [------------------------------------------------------------------------------------------------------------>___________________________________________________] 68.00% 22 p/s72 / 100 [------------------------------------------------------------------------------------------------------------------->____________________________________________] 72.00% 22 p/s76 / 100 [------------------------------------------------------------------------------------------------------------------------->______________________________________] 76.00% 22 p/s80 / 100 [------------------------------------------------------------------------------------------------------------------------------->________________________________] 80.00% 22 p/s84 / 100 [-------------------------------------------------------------------------------------------------------------------------------------->_________________________] 84.00% 22 p/s88 / 100 [-------------------------------------------------------------------------------------------------------------------------------------------->___________________] 88.00% 22 p/s94 / 100 [------------------------------------------------------------------------------------------------------------------------------------------------------>_________] 94.00% 22 p/s98 / 100 [------------------------------------------------------------------------------------------------------------------------------------------------------------>___] 98.00% 22 p/s100 / 100 [--------------------------------------------------------------------------------------------------------------------------------------------------------------] 100.00% 19 p/s
Summary:
  Total:	5.4399 secs.
  Slowest:	0.2985 secs.
  Fastest:	0.0002 secs.
  Average:	0.0503 secs.
  Stddev:	0.0560 secs.
  Requests/sec:	18.3827

Response time histogram:
  0.0002 [1]	|
  0.0300 [49]	|∎∎∎∎∎∎∎∎∎∎∎∎∎∎∎∎∎∎∎∎∎∎∎∎∎∎∎∎∎∎∎∎∎∎∎∎∎∎∎∎
  0.0599 [1]	|
  0.0897 [24]	|∎∎∎∎∎∎∎∎∎∎∎∎∎∎∎∎∎∎∎
  0.1195 [21]	|∎∎∎∎∎∎∎∎∎∎∎∎∎∎∎∎∎
  0.1493 [0]	|
  0.1792 [0]	|
  0.2090 [3]	|∎∎
  0.2388 [0]	|
  0.2686 [0]	|
  0.2985 [1]	|

Latency distribution:
  10% in 0.0004 secs.
  25% in 0.0025 secs.
  50% in 0.0346 secs.
  75% in 0.0899 secs.
  90% in 0.0938 secs.
  95% in 0.1039 secs.
  99% in 0.2985 secs.
