2023/07/02 21:13:48 INFO: [core] [Channel #1 SubChannel #2] Subchannel Connectivity change to CONNECTING
2023/07/02 21:13:48 INFO: [core] [Channel #1 SubChannel #2] Subchannel picks a new address "localhost:2379" to connect
2023/07/02 21:13:48 INFO: [core] [Channel #1 SubChannel #2] Subchannel Connectivity change to READY
2023/07/02 21:13:48 INFO: [roundrobin] roundrobinPicker: Build called with info: {map[0xc0001102a0:{{
  "Addr": "localhost:2379",
  "ServerName": "localhost",
  "Attributes": null,
  "BalancerAttributes": null,
  "Type": 0,
  "Metadata": null
}}]}
2023/07/02 21:13:48 INFO: [core] [Channel #1] Channel Connectivity change to READY
3 / 40 [------------>_______________________________________________________________________________________________________________________________________________________] 7.50% ? p/s7 / 40 [---------------------------->______________________________________________________________________________________________________________________________________] 17.50% ? p/s11 / 40 [-------------------------------------------->_____________________________________________________________________________________________________________________] 27.50% ? p/s15 / 40 [------------------------------------------------------------>____________________________________________________________________________________________________] 37.50% 20 p/s16 / 40 [---------------------------------------------------------------->________________________________________________________________________________________________] 40.00% 20 p/s19 / 40 [---------------------------------------------------------------------------->____________________________________________________________________________________] 47.50% 20 p/s22 / 40 [---------------------------------------------------------------------------------------->________________________________________________________________________] 55.00% 19 p/s23 / 40 [-------------------------------------------------------------------------------------------->____________________________________________________________________] 57.50% 19 p/s24 / 40 [------------------------------------------------------------------------------------------------>________________________________________________________________] 60.00% 19 p/s25 / 40 [---------------------------------------------------------------------------------------------------->____________________________________________________________] 62.50% 19 p/s28 / 40 [---------------------------------------------------------------------------------------------------------------->________________________________________________] 70.00% 19 p/s32 / 40 [-------------------------------------------------------------------------------------------------------------------------------->________________________________] 80.00% 19 p/s36 / 40 [------------------------------------------------------------------------------------------------------------------------------------------------>________________] 90.00% 19 p/s39 / 40 [------------------------------------------------------------------------------------------------------------------------------------------------------------>____] 97.50% 19 p/s40 / 40 [----------------------------------------------------------------------------------------------------------------------------------------------------------------] 100.00% 15 p/s
Summary:
  Total:	2.8325 secs.
  Slowest:	0.2982 secs.
  Fastest:	0.0017 secs.
  Average:	0.0626 secs.
  Stddev:	0.0629 secs.
  Requests/sec:	14.1216

Response time histogram:
  0.0017 [1]	|∎∎
  0.0313 [14]	|∎∎∎∎∎∎∎∎∎∎∎∎∎∎∎∎∎∎∎∎∎∎∎∎∎∎∎∎∎∎∎∎∎∎∎∎∎
  0.0610 [1]	|∎∎
  0.0906 [15]	|∎∎∎∎∎∎∎∎∎∎∎∎∎∎∎∎∎∎∎∎∎∎∎∎∎∎∎∎∎∎∎∎∎∎∎∎∎∎∎∎
  0.1203 [6]	|∎∎∎∎∎∎∎∎∎∎∎∎∎∎∎∎
  0.1499 [0]	|
  0.1796 [0]	|
  0.2092 [2]	|∎∎∎∎∎
  0.2389 [0]	|
  0.2685 [0]	|
  0.2982 [1]	|∎∎

Latency distribution:
  10% in 0.0028 secs.
  25% in 0.0034 secs.
  50% in 0.0724 secs.
  75% in 0.0789 secs.
  90% in 0.1009 secs.
  95% in 0.2036 secs.

