2023/07/02 21:43:40 INFO: [core] [Channel #1 SubChannel #2] Subchannel Connectivity change to CONNECTING
2023/07/02 21:43:40 INFO: [core] [Channel #1 SubChannel #2] Subchannel picks a new address "localhost:2379" to connect
2023/07/02 21:43:40 INFO: [core] [Channel #1 SubChannel #2] Subchannel Connectivity change to READY
2023/07/02 21:43:40 INFO: [roundrobin] roundrobinPicker: Build called with info: {map[0xc000458348:{{
  "Addr": "localhost:2379",
  "ServerName": "localhost",
  "Attributes": null,
  "BalancerAttributes": null,
  "Type": 0,
  "Metadata": null
}}]}
2023/07/02 21:43:40 INFO: [core] [Channel #1] Channel Connectivity change to READY
8 / 180 [------->________________________________________________________________________________________________________________________________________________________________] 4.44% ? p/s15 / 180 [------------->_________________________________________________________________________________________________________________________________________________________] 8.33% ? p/s22 / 180 [-------------------->_________________________________________________________________________________________________________________________________________________] 12.22% ? p/s29 / 180 [-------------------------->__________________________________________________________________________________________________________________________________________] 16.11% 35 p/s34 / 180 [------------------------------->_____________________________________________________________________________________________________________________________________] 18.89% 35 p/s41 / 180 [------------------------------------->_______________________________________________________________________________________________________________________________] 22.78% 35 p/s48 / 180 [------------------------------------------->_________________________________________________________________________________________________________________________] 26.67% 35 p/s53 / 180 [------------------------------------------------>____________________________________________________________________________________________________________________] 29.44% 35 p/s55 / 180 [-------------------------------------------------->__________________________________________________________________________________________________________________] 30.56% 35 p/s59 / 180 [------------------------------------------------------>______________________________________________________________________________________________________________] 32.78% 34 p/s64 / 180 [---------------------------------------------------------->__________________________________________________________________________________________________________] 35.56% 34 p/s70 / 180 [---------------------------------------------------------------->____________________________________________________________________________________________________] 38.89% 34 p/s77 / 180 [---------------------------------------------------------------------->______________________________________________________________________________________________] 42.78% 34 p/s81 / 180 [-------------------------------------------------------------------------->__________________________________________________________________________________________] 45.00% 34 p/s84 / 180 [---------------------------------------------------------------------------->________________________________________________________________________________________] 46.67% 34 p/s88 / 180 [-------------------------------------------------------------------------------->____________________________________________________________________________________] 48.89% 33 p/s90 / 180 [---------------------------------------------------------------------------------->__________________________________________________________________________________] 50.00% 33 p/s95 / 180 [--------------------------------------------------------------------------------------->_____________________________________________________________________________] 52.78% 33 p/s99 / 180 [------------------------------------------------------------------------------------------>__________________________________________________________________________] 55.00% 32 p/s99 / 180 [------------------------------------------------------------------------------------------>__________________________________________________________________________] 55.00% 32 p/s99 / 180 [------------------------------------------------------------------------------------------>__________________________________________________________________________] 55.00% 32 p/s99 / 180 [------------------------------------------------------------------------------------------>__________________________________________________________________________] 55.00% 30 p/s103 / 180 [--------------------------------------------------------------------------------------------->______________________________________________________________________] 57.22% 30 p/s105 / 180 [----------------------------------------------------------------------------------------------->____________________________________________________________________] 58.33% 30 p/s108 / 180 [-------------------------------------------------------------------------------------------------->_________________________________________________________________] 60.00% 29 p/s113 / 180 [------------------------------------------------------------------------------------------------------>_____________________________________________________________] 62.78% 29 p/s120 / 180 [------------------------------------------------------------------------------------------------------------->______________________________________________________] 66.67% 29 p/s128 / 180 [-------------------------------------------------------------------------------------------------------------------->_______________________________________________] 71.11% 29 p/s131 / 180 [----------------------------------------------------------------------------------------------------------------------->____________________________________________] 72.78% 29 p/s134 / 180 [-------------------------------------------------------------------------------------------------------------------------->_________________________________________] 74.44% 29 p/s140 / 180 [------------------------------------------------------------------------------------------------------------------------------->____________________________________] 77.78% 28 p/s148 / 180 [-------------------------------------------------------------------------------------------------------------------------------------->_____________________________] 82.22% 28 p/s154 / 180 [-------------------------------------------------------------------------------------------------------------------------------------------->_______________________] 85.56% 28 p/s157 / 180 [----------------------------------------------------------------------------------------------------------------------------------------------->____________________] 87.22% 28 p/s158 / 180 [----------------------------------------------------------------------------------------------------------------------------------------------->____________________] 87.78% 28 p/s158 / 180 [----------------------------------------------------------------------------------------------------------------------------------------------->____________________] 87.78% 28 p/s160 / 180 [------------------------------------------------------------------------------------------------------------------------------------------------->__________________] 88.89% 27 p/s164 / 180 [----------------------------------------------------------------------------------------------------------------------------------------------------->______________] 91.11% 27 p/s165 / 180 [------------------------------------------------------------------------------------------------------------------------------------------------------>_____________] 91.67% 27 p/s167 / 180 [-------------------------------------------------------------------------------------------------------------------------------------------------------->___________] 92.78% 26 p/s173 / 180 [------------------------------------------------------------------------------------------------------------------------------------------------------------->______] 96.11% 26 p/s180 / 180 [-------------------------------------------------------------------------------------------------------------------------------------------------------------------] 100.00% 22 p/s
Summary:
  Total:	8.3773 secs.
  Slowest:	0.6731 secs.
  Fastest:	0.0014 secs.
  Average:	0.0319 secs.
  Stddev:	0.0712 secs.
  Requests/sec:	21.4867

Response time histogram:
  0.0014 [1]	|
  0.0686 [142]	|∎∎∎∎∎∎∎∎∎∎∎∎∎∎∎∎∎∎∎∎∎∎∎∎∎∎∎∎∎∎∎∎∎∎∎∎∎∎∎∎
  0.1358 [30]	|∎∎∎∎∎∎∎∎
  0.2029 [5]	|∎
  0.2701 [0]	|
  0.3373 [0]	|
  0.4044 [0]	|
  0.4716 [0]	|
  0.5387 [1]	|
  0.6059 [0]	|
  0.6731 [1]	|

Latency distribution:
  10% in 0.0017 secs.
  25% in 0.0018 secs.
  50% in 0.0022 secs.
  75% in 0.0490 secs.
  90% in 0.0767 secs.
  95% in 0.1018 secs.
  99% in 0.6731 secs.

