2023/07/02 21:13:45 INFO: [core] [Channel #1 SubChannel #2] Subchannel Connectivity change to CONNECTING
2023/07/02 21:13:45 INFO: [core] [Channel #1 SubChannel #2] Subchannel picks a new address "localhost:2379" to connect
2023/07/02 21:13:45 INFO: [core] [Channel #1 SubChannel #2] Subchannel Connectivity change to READY
2023/07/02 21:13:45 INFO: [roundrobin] roundrobinPicker: Build called with info: {map[0xc0001110f8:{{
  "Addr": "localhost:2379",
  "ServerName": "localhost",
  "Attributes": null,
  "BalancerAttributes": null,
  "Type": 0,
  "Metadata": null
}}]}
2023/07/02 21:13:45 INFO: [core] [Channel #1] Channel Connectivity change to READY
2 / 40 [-------->___________________________________________________________________________________________________________________________________________________________] 5.00% ? p/s5 / 40 [-------------------->______________________________________________________________________________________________________________________________________________] 12.50% ? p/s9 / 40 [------------------------------------>______________________________________________________________________________________________________________________________] 22.50% ? p/s13 / 40 [---------------------------------------------------->____________________________________________________________________________________________________________] 32.50% 18 p/s17 / 40 [-------------------------------------------------------------------->____________________________________________________________________________________________] 42.50% 18 p/s19 / 40 [---------------------------------------------------------------------------->____________________________________________________________________________________] 47.50% 18 p/s23 / 40 [-------------------------------------------------------------------------------------------->____________________________________________________________________] 57.50% 18 p/s26 / 40 [-------------------------------------------------------------------------------------------------------->________________________________________________________] 65.00% 18 p/s30 / 40 [------------------------------------------------------------------------------------------------------------------------>________________________________________] 75.00% 18 p/s34 / 40 [---------------------------------------------------------------------------------------------------------------------------------------->________________________] 85.00% 18 p/s38 / 40 [-------------------------------------------------------------------------------------------------------------------------------------------------------->________] 95.00% 18 p/s40 / 40 [----------------------------------------------------------------------------------------------------------------------------------------------------------------] 100.00% 19 p/s
Summary:
  Total:	2.3454 secs.
  Slowest:	0.1753 secs.
  Fastest:	0.0022 secs.
  Average:	0.0493 secs.
  Stddev:	0.0469 secs.
  Requests/sec:	17.0545

Response time histogram:
  0.0022 [1]	|∎∎
  0.0195 [17]	|∎∎∎∎∎∎∎∎∎∎∎∎∎∎∎∎∎∎∎∎∎∎∎∎∎∎∎∎∎∎∎∎∎∎∎∎∎∎∎∎
  0.0368 [0]	|
  0.0541 [1]	|∎∎
  0.0714 [0]	|
  0.0887 [15]	|∎∎∎∎∎∎∎∎∎∎∎∎∎∎∎∎∎∎∎∎∎∎∎∎∎∎∎∎∎∎∎∎∎∎∎
  0.1060 [4]	|∎∎∎∎∎∎∎∎∎
  0.1234 [0]	|
  0.1407 [0]	|
  0.1580 [0]	|
  0.1753 [2]	|∎∎∎∎

Latency distribution:
  10% in 0.0027 secs.
  25% in 0.0036 secs.
  50% in 0.0732 secs.
  75% in 0.0747 secs.
  90% in 0.0999 secs.
  95% in 0.1723 secs.

