bench with linearizable range
2023/07/02 21:13:45 INFO: [core] [Channel #1 SubChannel #2] Subchannel Connectivity change to CONNECTING
2023/07/02 21:13:45 INFO: [core] [Channel #1 SubChannel #2] Subchannel picks a new address "localhost:2379" to connect
2023/07/02 21:13:45 INFO: [core] [Channel #1 SubChannel #2] Subchannel Connectivity change to READY
2023/07/02 21:13:45 INFO: [roundrobin] roundrobinPicker: Build called with info: {map[0xc000124528:{{
  "Addr": "localhost:2379",
  "ServerName": "localhost",
  "Attributes": null,
  "BalancerAttributes": null,
  "Type": 0,
  "Metadata": null
}}]}
2023/07/02 21:13:45 INFO: [core] [Channel #1] Channel Connectivity change to READY
3 / 100 [---->______________________________________________________________________________________________________________________________________________________________] 3.00% ? p/s6 / 100 [--------->_________________________________________________________________________________________________________________________________________________________] 6.00% ? p/s11 / 100 [----------------->_______________________________________________________________________________________________________________________________________________] 11.00% ? p/s16 / 100 [------------------------->______________________________________________________________________________________________________________________________________] 16.00% 22 p/s20 / 100 [------------------------------->________________________________________________________________________________________________________________________________] 20.00% 22 p/s24 / 100 [-------------------------------------->_________________________________________________________________________________________________________________________] 24.00% 22 p/s28 / 100 [-------------------------------------------->___________________________________________________________________________________________________________________] 28.00% 22 p/s32 / 100 [--------------------------------------------------->____________________________________________________________________________________________________________] 32.00% 22 p/s36 / 100 [--------------------------------------------------------->______________________________________________________________________________________________________] 36.00% 22 p/s40 / 100 [--------------------------------------------------------------->________________________________________________________________________________________________] 40.00% 21 p/s44 / 100 [---------------------------------------------------------------------->_________________________________________________________________________________________] 44.00% 21 p/s47 / 100 [--------------------------------------------------------------------------->____________________________________________________________________________________] 47.00% 21 p/s51 / 100 [--------------------------------------------------------------------------------->______________________________________________________________________________] 51.00% 21 p/s55 / 100 [--------------------------------------------------------------------------------------->________________________________________________________________________] 55.00% 21 p/s59 / 100 [---------------------------------------------------------------------------------------------->_________________________________________________________________] 59.00% 21 p/s63 / 100 [---------------------------------------------------------------------------------------------------->___________________________________________________________] 63.00% 21 p/s68 / 100 [------------------------------------------------------------------------------------------------------------>___________________________________________________] 68.00% 21 p/s72 / 100 [------------------------------------------------------------------------------------------------------------------->____________________________________________] 72.00% 21 p/s78 / 100 [---------------------------------------------------------------------------------------------------------------------------->___________________________________] 78.00% 21 p/s79 / 100 [------------------------------------------------------------------------------------------------------------------------------>_________________________________] 79.00% 21 p/s83 / 100 [------------------------------------------------------------------------------------------------------------------------------------>___________________________] 83.00% 21 p/s86 / 100 [----------------------------------------------------------------------------------------------------------------------------------------->______________________] 86.00% 21 p/s88 / 100 [-------------------------------------------------------------------------------------------------------------------------------------------->___________________] 88.00% 21 p/s89 / 100 [---------------------------------------------------------------------------------------------------------------------------------------------->_________________] 89.00% 21 p/s90 / 100 [----------------------------------------------------------------------------------------------------------------------------------------------->________________] 90.00% 20 p/s94 / 100 [------------------------------------------------------------------------------------------------------------------------------------------------------>_________] 94.00% 20 p/s98 / 100 [------------------------------------------------------------------------------------------------------------------------------------------------------------>___] 98.00% 20 p/s100 / 100 [--------------------------------------------------------------------------------------------------------------------------------------------------------------] 100.00% 19 p/s
Summary:
  Total:	5.4407 secs.
  Slowest:	0.2892 secs.
  Fastest:	0.0002 secs.
  Average:	0.0505 secs.
  Stddev:	0.0552 secs.
  Requests/sec:	18.3801

Response time histogram:
  0.0002 [1]	|
  0.0291 [49]	|∎∎∎∎∎∎∎∎∎∎∎∎∎∎∎∎∎∎∎∎∎∎∎∎∎∎∎∎∎∎∎∎∎∎∎∎∎∎∎∎
  0.0580 [1]	|
  0.0869 [15]	|∎∎∎∎∎∎∎∎∎∎∎∎
  0.1158 [30]	|∎∎∎∎∎∎∎∎∎∎∎∎∎∎∎∎∎∎∎∎∎∎∎∎
  0.1447 [0]	|
  0.1736 [0]	|
  0.2025 [2]	|∎
  0.2314 [1]	|
  0.2603 [0]	|
  0.2892 [1]	|

Latency distribution:
  10% in 0.0010 secs.
  25% in 0.0027 secs.
  50% in 0.0407 secs.
  75% in 0.0893 secs.
  90% in 0.0930 secs.
  95% in 0.1035 secs.
  99% in 0.2892 secs.
