bench with linearizable range
2023/06/29 22:23:36 INFO: [core] [Channel #1 SubChannel #2] Subchannel Connectivity change to CONNECTING
2023/06/29 22:23:36 INFO: [core] [Channel #1 SubChannel #2] Subchannel picks a new address "localhost:2379" to connect
2023/06/29 22:23:36 INFO: [core] [Channel #1 SubChannel #2] Subchannel Connectivity change to READY
2023/06/29 22:23:36 INFO: [roundrobin] roundrobinPicker: Build called with info: {map[0xc000110090:{{
  "Addr": "localhost:2379",
  "ServerName": "localhost",
  "Attributes": null,
  "BalancerAttributes": null,
  "Type": 0,
  "Metadata": null
}}]}
2023/06/29 22:23:36 INFO: [core] [Channel #1] Channel Connectivity change to READY
20 / 1000 [--->_____________________________________________________________________________________________________________________________________________________________] 2.00% ? p/s40 / 1000 [------>__________________________________________________________________________________________________________________________________________________________] 4.00% ? p/s57 / 1000 [--------->_______________________________________________________________________________________________________________________________________________________] 5.70% ? p/s59 / 1000 [--------->______________________________________________________________________________________________________________________________________________________] 5.90% 65 p/s62 / 1000 [--------->______________________________________________________________________________________________________________________________________________________] 6.20% 65 p/s63 / 1000 [---------->_____________________________________________________________________________________________________________________________________________________] 6.30% 65 p/s64 / 1000 [---------->_____________________________________________________________________________________________________________________________________________________] 6.40% 61 p/s64 / 1000 [---------->_____________________________________________________________________________________________________________________________________________________] 6.40% 61 p/s65 / 1000 [---------->_____________________________________________________________________________________________________________________________________________________] 6.50% 61 p/s65 / 1000 [---------->_____________________________________________________________________________________________________________________________________________________] 6.50% 58 p/s65 / 1000 [---------->_____________________________________________________________________________________________________________________________________________________] 6.50% 58 p/s65 / 1000 [---------->_____________________________________________________________________________________________________________________________________________________] 6.50% 58 p/s65 / 1000 [---------->_____________________________________________________________________________________________________________________________________________________] 6.50% 54 p/s75 / 1000 [----------->____________________________________________________________________________________________________________________________________________________] 7.50% 54 p/s95 / 1000 [--------------->________________________________________________________________________________________________________________________________________________] 9.50% 54 p/s115 / 1000 [------------------>___________________________________________________________________________________________________________________________________________] 11.50% 56 p/s135 / 1000 [--------------------->________________________________________________________________________________________________________________________________________] 13.50% 56 p/s155 / 1000 [------------------------>_____________________________________________________________________________________________________________________________________] 15.50% 56 p/s175 / 1000 [--------------------------->__________________________________________________________________________________________________________________________________] 17.50% 59 p/s195 / 1000 [------------------------------>_______________________________________________________________________________________________________________________________] 19.50% 59 p/s215 / 1000 [--------------------------------->____________________________________________________________________________________________________________________________] 21.50% 59 p/s235 / 1000 [------------------------------------->________________________________________________________________________________________________________________________] 23.50% 61 p/s255 / 1000 [---------------------------------------->_____________________________________________________________________________________________________________________] 25.50% 61 p/s275 / 1000 [------------------------------------------->__________________________________________________________________________________________________________________] 27.50% 61 p/s295 / 1000 [---------------------------------------------->_______________________________________________________________________________________________________________] 29.50% 64 p/s315 / 1000 [------------------------------------------------->____________________________________________________________________________________________________________] 31.50% 64 p/s335 / 1000 [---------------------------------------------------->_________________________________________________________________________________________________________] 33.50% 64 p/s355 / 1000 [-------------------------------------------------------->_____________________________________________________________________________________________________] 35.50% 66 p/s375 / 1000 [----------------------------------------------------------->__________________________________________________________________________________________________] 37.50% 66 p/s395 / 1000 [-------------------------------------------------------------->_______________________________________________________________________________________________] 39.50% 66 p/s415 / 1000 [----------------------------------------------------------------->____________________________________________________________________________________________] 41.50% 68 p/s435 / 1000 [-------------------------------------------------------------------->_________________________________________________________________________________________] 43.50% 68 p/s455 / 1000 [----------------------------------------------------------------------->______________________________________________________________________________________] 45.50% 68 p/s474 / 1000 [-------------------------------------------------------------------------->___________________________________________________________________________________] 47.40% 70 p/s495 / 1000 [------------------------------------------------------------------------------>_______________________________________________________________________________] 49.50% 70 p/s515 / 1000 [--------------------------------------------------------------------------------->____________________________________________________________________________] 51.50% 70 p/s535 / 1000 [------------------------------------------------------------------------------------>_________________________________________________________________________] 53.50% 72 p/s555 / 1000 [--------------------------------------------------------------------------------------->______________________________________________________________________] 55.50% 72 p/s575 / 1000 [------------------------------------------------------------------------------------------>___________________________________________________________________] 57.50% 72 p/s595 / 1000 [---------------------------------------------------------------------------------------------->_______________________________________________________________] 59.50% 74 p/s615 / 1000 [------------------------------------------------------------------------------------------------->____________________________________________________________] 61.50% 74 p/s635 / 1000 [---------------------------------------------------------------------------------------------------->_________________________________________________________] 63.50% 74 p/s655 / 1000 [------------------------------------------------------------------------------------------------------->______________________________________________________] 65.50% 76 p/s675 / 1000 [---------------------------------------------------------------------------------------------------------->___________________________________________________] 67.50% 76 p/s695 / 1000 [------------------------------------------------------------------------------------------------------------->________________________________________________] 69.50% 76 p/s715 / 1000 [---------------------------------------------------------------------------------------------------------------->_____________________________________________] 71.50% 77 p/s735 / 1000 [-------------------------------------------------------------------------------------------------------------------->_________________________________________] 73.50% 77 p/s755 / 1000 [----------------------------------------------------------------------------------------------------------------------->______________________________________] 75.50% 77 p/s775 / 1000 [-------------------------------------------------------------------------------------------------------------------------->___________________________________] 77.50% 79 p/s794 / 1000 [----------------------------------------------------------------------------------------------------------------------------->________________________________] 79.40% 79 p/s815 / 1000 [-------------------------------------------------------------------------------------------------------------------------------->_____________________________] 81.50% 79 p/s835 / 1000 [----------------------------------------------------------------------------------------------------------------------------------->__________________________] 83.50% 80 p/s855 / 1000 [--------------------------------------------------------------------------------------------------------------------------------------->______________________] 85.50% 80 p/s875 / 1000 [------------------------------------------------------------------------------------------------------------------------------------------>___________________] 87.50% 80 p/s895 / 1000 [--------------------------------------------------------------------------------------------------------------------------------------------->________________] 89.50% 81 p/s915 / 1000 [------------------------------------------------------------------------------------------------------------------------------------------------>_____________] 91.50% 81 p/s935 / 1000 [--------------------------------------------------------------------------------------------------------------------------------------------------->__________] 93.50% 81 p/s955 / 1000 [------------------------------------------------------------------------------------------------------------------------------------------------------>_______] 95.50% 83 p/s975 / 1000 [---------------------------------------------------------------------------------------------------------------------------------------------------------->___] 97.50% 83 p/s995 / 1000 [------------------------------------------------------------------------------------------------------------------------------------------------------------->] 99.50% 83 p/s1000 / 1000 [------------------------------------------------------------------------------------------------------------------------------------------------------------] 100.00% 84 p/s
Summary:
  Total:	12.0497 secs.
  Slowest:	0.9387 secs.
  Fastest:	0.0002 secs.
  Average:	0.0026 secs.
  Stddev:	0.0355 secs.
  Requests/sec:	82.9893

Response time histogram:
  0.0002 [1]	|
  0.0940 [994]	|∎∎∎∎∎∎∎∎∎∎∎∎∎∎∎∎∎∎∎∎∎∎∎∎∎∎∎∎∎∎∎∎∎∎∎∎∎∎∎∎
  0.1879 [2]	|
  0.2817 [1]	|
  0.3756 [0]	|
  0.4694 [0]	|
  0.5633 [1]	|
  0.6571 [0]	|
  0.7510 [0]	|
  0.8448 [0]	|
  0.9387 [1]	|

Latency distribution:
  10% in 0.0003 secs.
  25% in 0.0003 secs.
  50% in 0.0003 secs.
  75% in 0.0004 secs.
  90% in 0.0006 secs.
  95% in 0.0007 secs.
  99% in 0.0065 secs.
  99.9% in 0.9387 secs.
