bench with linearizable range
2023/06/29 22:19:14 INFO: [core] [Channel #1 SubChannel #2] Subchannel Connectivity change to CONNECTING
2023/06/29 22:19:14 INFO: [core] [Channel #1 SubChannel #2] Subchannel picks a new address "localhost:2379" to connect
2023/06/29 22:19:14 INFO: [core] [Channel #1 SubChannel #2] Subchannel Connectivity change to READY
2023/06/29 22:19:14 INFO: [roundrobin] roundrobinPicker: Build called with info: {map[0xc000110120:{{
  "Addr": "localhost:2379",
  "ServerName": "localhost",
  "Attributes": null,
  "BalancerAttributes": null,
  "Type": 0,
  "Metadata": null
}}]}
2023/06/29 22:19:14 INFO: [core] [Channel #1] Channel Connectivity change to READY
20 / 1000 [--->_____________________________________________________________________________________________________________________________________________________________] 2.00% ? p/s40 / 1000 [------>__________________________________________________________________________________________________________________________________________________________] 4.00% ? p/s58 / 1000 [--------->_______________________________________________________________________________________________________________________________________________________] 5.80% ? p/s60 / 1000 [--------->______________________________________________________________________________________________________________________________________________________] 6.00% 67 p/s64 / 1000 [---------->_____________________________________________________________________________________________________________________________________________________] 6.40% 67 p/s64 / 1000 [---------->_____________________________________________________________________________________________________________________________________________________] 6.40% 67 p/s64 / 1000 [---------->_____________________________________________________________________________________________________________________________________________________] 6.40% 63 p/s64 / 1000 [---------->_____________________________________________________________________________________________________________________________________________________] 6.40% 63 p/s65 / 1000 [---------->_____________________________________________________________________________________________________________________________________________________] 6.50% 63 p/s65 / 1000 [---------->_____________________________________________________________________________________________________________________________________________________] 6.50% 59 p/s65 / 1000 [---------->_____________________________________________________________________________________________________________________________________________________] 6.50% 59 p/s65 / 1000 [---------->_____________________________________________________________________________________________________________________________________________________] 6.50% 59 p/s65 / 1000 [---------->_____________________________________________________________________________________________________________________________________________________] 6.50% 55 p/s84 / 1000 [------------->__________________________________________________________________________________________________________________________________________________] 8.40% 55 p/s104 / 1000 [---------------->_____________________________________________________________________________________________________________________________________________] 10.40% 55 p/s124 / 1000 [------------------->__________________________________________________________________________________________________________________________________________] 12.40% 58 p/s144 / 1000 [---------------------->_______________________________________________________________________________________________________________________________________] 14.40% 58 p/s164 / 1000 [------------------------->____________________________________________________________________________________________________________________________________] 16.40% 58 p/s184 / 1000 [----------------------------->________________________________________________________________________________________________________________________________] 18.40% 61 p/s204 / 1000 [-------------------------------->_____________________________________________________________________________________________________________________________] 20.40% 61 p/s224 / 1000 [----------------------------------->__________________________________________________________________________________________________________________________] 22.40% 61 p/s244 / 1000 [-------------------------------------->_______________________________________________________________________________________________________________________] 24.40% 63 p/s264 / 1000 [----------------------------------------->____________________________________________________________________________________________________________________] 26.40% 63 p/s284 / 1000 [-------------------------------------------->_________________________________________________________________________________________________________________] 28.40% 63 p/s304 / 1000 [------------------------------------------------>_____________________________________________________________________________________________________________] 30.40% 66 p/s324 / 1000 [--------------------------------------------------->__________________________________________________________________________________________________________] 32.40% 66 p/s344 / 1000 [------------------------------------------------------>_______________________________________________________________________________________________________] 34.40% 66 p/s364 / 1000 [--------------------------------------------------------->____________________________________________________________________________________________________] 36.40% 68 p/s384 / 1000 [------------------------------------------------------------>_________________________________________________________________________________________________] 38.40% 68 p/s404 / 1000 [--------------------------------------------------------------->______________________________________________________________________________________________] 40.40% 68 p/s424 / 1000 [------------------------------------------------------------------>___________________________________________________________________________________________] 42.40% 70 p/s444 / 1000 [---------------------------------------------------------------------->_______________________________________________________________________________________] 44.40% 70 p/s464 / 1000 [------------------------------------------------------------------------->____________________________________________________________________________________] 46.40% 70 p/s484 / 1000 [---------------------------------------------------------------------------->_________________________________________________________________________________] 48.40% 72 p/s504 / 1000 [------------------------------------------------------------------------------->______________________________________________________________________________] 50.40% 72 p/s524 / 1000 [---------------------------------------------------------------------------------->___________________________________________________________________________] 52.40% 72 p/s544 / 1000 [------------------------------------------------------------------------------------->________________________________________________________________________] 54.40% 74 p/s564 / 1000 [----------------------------------------------------------------------------------------->____________________________________________________________________] 56.40% 74 p/s584 / 1000 [-------------------------------------------------------------------------------------------->_________________________________________________________________] 58.40% 74 p/s604 / 1000 [----------------------------------------------------------------------------------------------->______________________________________________________________] 60.40% 75 p/s624 / 1000 [-------------------------------------------------------------------------------------------------->___________________________________________________________] 62.40% 75 p/s644 / 1000 [----------------------------------------------------------------------------------------------------->________________________________________________________] 64.40% 75 p/s664 / 1000 [-------------------------------------------------------------------------------------------------------->_____________________________________________________] 66.40% 77 p/s684 / 1000 [------------------------------------------------------------------------------------------------------------>_________________________________________________] 68.40% 77 p/s704 / 1000 [--------------------------------------------------------------------------------------------------------------->______________________________________________] 70.40% 77 p/s724 / 1000 [------------------------------------------------------------------------------------------------------------------>___________________________________________] 72.40% 78 p/s744 / 1000 [--------------------------------------------------------------------------------------------------------------------->________________________________________] 74.40% 78 p/s764 / 1000 [------------------------------------------------------------------------------------------------------------------------>_____________________________________] 76.40% 78 p/s784 / 1000 [--------------------------------------------------------------------------------------------------------------------------->__________________________________] 78.40% 80 p/s804 / 1000 [------------------------------------------------------------------------------------------------------------------------------->______________________________] 80.40% 80 p/s824 / 1000 [---------------------------------------------------------------------------------------------------------------------------------->___________________________] 82.40% 80 p/s844 / 1000 [------------------------------------------------------------------------------------------------------------------------------------->________________________] 84.40% 81 p/s864 / 1000 [---------------------------------------------------------------------------------------------------------------------------------------->_____________________] 86.40% 81 p/s884 / 1000 [------------------------------------------------------------------------------------------------------------------------------------------->__________________] 88.40% 81 p/s904 / 1000 [---------------------------------------------------------------------------------------------------------------------------------------------->_______________] 90.40% 82 p/s924 / 1000 [------------------------------------------------------------------------------------------------------------------------------------------------->____________] 92.40% 82 p/s944 / 1000 [----------------------------------------------------------------------------------------------------------------------------------------------------->________] 94.40% 82 p/s964 / 1000 [-------------------------------------------------------------------------------------------------------------------------------------------------------->_____] 96.40% 83 p/s984 / 1000 [----------------------------------------------------------------------------------------------------------------------------------------------------------->__] 98.40% 83 p/s1000 / 1000 [------------------------------------------------------------------------------------------------------------------------------------------------------------] 100.00% 85 p/s
Summary:
  Total:	11.9574 secs.
  Slowest:	0.9399 secs.
  Fastest:	0.0002 secs.
  Average:	0.0025 secs.
  Stddev:	0.0376 secs.
  Requests/sec:	83.6305

Response time histogram:
  0.0002 [1]	|
  0.0942 [995]	|∎∎∎∎∎∎∎∎∎∎∎∎∎∎∎∎∎∎∎∎∎∎∎∎∎∎∎∎∎∎∎∎∎∎∎∎∎∎∎∎
  0.1882 [2]	|
  0.2821 [0]	|
  0.3761 [0]	|
  0.4701 [0]	|
  0.5640 [0]	|
  0.6580 [0]	|
  0.7520 [1]	|
  0.8459 [0]	|
  0.9399 [1]	|

Latency distribution:
  10% in 0.0003 secs.
  25% in 0.0003 secs.
  50% in 0.0004 secs.
  75% in 0.0005 secs.
  90% in 0.0006 secs.
  95% in 0.0008 secs.
  99% in 0.0080 secs.
  99.9% in 0.9399 secs.
