2023/06/29 22:19:14 INFO: [core] [Channel #1 SubChannel #2] Subchannel Connectivity change to CONNECTING
2023/06/29 22:19:14 INFO: [core] [Channel #1 SubChannel #2] Subchannel picks a new address "localhost:2379" to connect
2023/06/29 22:19:14 INFO: [core] [Channel #1 SubChannel #2] Subchannel Connectivity change to READY
2023/06/29 22:19:14 INFO: [roundrobin] roundrobinPicker: Build called with info: {map[0xc000402000:{{
  "Addr": "localhost:2379",
  "ServerName": "localhost",
  "Attributes": null,
  "BalancerAttributes": null,
  "Type": 0,
  "Metadata": null
}}]}
2023/06/29 22:19:14 INFO: [core] [Channel #1] Channel Connectivity change to READY
4 / 180 [--->_______________________________________________________________________________________________________________________________________________________________] 2.22% ? p/s8 / 180 [------->___________________________________________________________________________________________________________________________________________________________] 4.44% ? p/s11 / 180 [--------->________________________________________________________________________________________________________________________________________________________] 6.11% ? p/s11 / 180 [--------->_______________________________________________________________________________________________________________________________________________________] 6.11% 12 p/s12 / 180 [---------->______________________________________________________________________________________________________________________________________________________] 6.67% 12 p/s12 / 180 [---------->______________________________________________________________________________________________________________________________________________________] 6.67% 12 p/s12 / 180 [---------->______________________________________________________________________________________________________________________________________________________] 6.67% 11 p/s12 / 180 [---------->______________________________________________________________________________________________________________________________________________________] 6.67% 11 p/s12 / 180 [---------->______________________________________________________________________________________________________________________________________________________] 6.67% 11 p/s{"level":"warn","ts":"2023-06-29T22:19:16.522525-0400","logger":"etcd-client","caller":"v3/retry_interceptor.go:65","msg":"retrying of unary invoker failed","target":"etcd-endpoints://0xc00047c000/localhost:2379","method":"/etcdserverpb.KV/Put","attempt":0,"error":"rpc error: code = Unknown desc = etcdserver: too many requests"}
14 / 180 [------------>____________________________________________________________________________________________________________________________________________________] 7.78% 11 p/s14 / 180 [------------>____________________________________________________________________________________________________________________________________________________] 7.78% 11 p/s14 / 180 [------------>____________________________________________________________________________________________________________________________________________________] 7.78% 11 p/s16 / 180 [-------------->__________________________________________________________________________________________________________________________________________________] 8.89% 10 p/s20 / 180 [----------------->______________________________________________________________________________________________________________________________________________] 11.11% 10 p/s24 / 180 [--------------------->__________________________________________________________________________________________________________________________________________] 13.33% 10 p/s28 / 180 [------------------------>_______________________________________________________________________________________________________________________________________] 15.56% 11 p/s32 / 180 [---------------------------->___________________________________________________________________________________________________________________________________] 17.78% 11 p/s36 / 180 [------------------------------->________________________________________________________________________________________________________________________________] 20.00% 11 p/s40 / 180 [----------------------------------->____________________________________________________________________________________________________________________________] 22.22% 11 p/s44 / 180 [--------------------------------------->________________________________________________________________________________________________________________________] 24.44% 11 p/s48 / 180 [------------------------------------------>_____________________________________________________________________________________________________________________] 26.67% 11 p/s52 / 180 [---------------------------------------------->_________________________________________________________________________________________________________________] 28.89% 12 p/s56 / 180 [------------------------------------------------->______________________________________________________________________________________________________________] 31.11% 12 p/s60 / 180 [----------------------------------------------------->__________________________________________________________________________________________________________] 33.33% 12 p/s64 / 180 [-------------------------------------------------------->_______________________________________________________________________________________________________] 35.56% 12 p/s68 / 180 [------------------------------------------------------------>___________________________________________________________________________________________________] 37.78% 12 p/s72 / 180 [--------------------------------------------------------------->________________________________________________________________________________________________] 40.00% 12 p/s76 / 180 [------------------------------------------------------------------->____________________________________________________________________________________________] 42.22% 13 p/s80 / 180 [----------------------------------------------------------------------->________________________________________________________________________________________] 44.44% 13 p/s84 / 180 [-------------------------------------------------------------------------->_____________________________________________________________________________________] 46.67% 13 p/s88 / 180 [------------------------------------------------------------------------------>_________________________________________________________________________________] 48.89% 13 p/s92 / 180 [--------------------------------------------------------------------------------->______________________________________________________________________________] 51.11% 13 p/s96 / 180 [------------------------------------------------------------------------------------->__________________________________________________________________________] 53.33% 13 p/s100 / 180 [---------------------------------------------------------------------------------------->______________________________________________________________________] 55.56% 14 p/s104 / 180 [------------------------------------------------------------------------------------------->___________________________________________________________________] 57.78% 14 p/s108 / 180 [----------------------------------------------------------------------------------------------->_______________________________________________________________] 60.00% 14 p/s112 / 180 [-------------------------------------------------------------------------------------------------->____________________________________________________________] 62.22% 14 p/s116 / 180 [------------------------------------------------------------------------------------------------------>________________________________________________________] 64.44% 14 p/s120 / 180 [--------------------------------------------------------------------------------------------------------->_____________________________________________________] 66.67% 14 p/s124 / 180 [------------------------------------------------------------------------------------------------------------->_________________________________________________] 68.89% 15 p/s128 / 180 [----------------------------------------------------------------------------------------------------------------->_____________________________________________] 71.11% 15 p/s132 / 180 [-------------------------------------------------------------------------------------------------------------------->__________________________________________] 73.33% 15 p/s136 / 180 [------------------------------------------------------------------------------------------------------------------------>______________________________________] 75.56% 15 p/s140 / 180 [--------------------------------------------------------------------------------------------------------------------------->___________________________________] 77.78% 15 p/s144 / 180 [------------------------------------------------------------------------------------------------------------------------------->_______________________________] 80.00% 15 p/s148 / 180 [---------------------------------------------------------------------------------------------------------------------------------->____________________________] 82.22% 15 p/s152 / 180 [-------------------------------------------------------------------------------------------------------------------------------------->________________________] 84.44% 15 p/s156 / 180 [----------------------------------------------------------------------------------------------------------------------------------------->_____________________] 86.67% 15 p/s160 / 180 [--------------------------------------------------------------------------------------------------------------------------------------------->_________________] 88.89% 16 p/s164 / 180 [------------------------------------------------------------------------------------------------------------------------------------------------>______________] 91.11% 16 p/s168 / 180 [---------------------------------------------------------------------------------------------------------------------------------------------------->__________] 93.33% 16 p/s172 / 180 [------------------------------------------------------------------------------------------------------------------------------------------------------->_______] 95.56% 16 p/s176 / 180 [----------------------------------------------------------------------------------------------------------------------------------------------------------->___] 97.78% 16 p/s180 / 180 [--------------------------------------------------------------------------------------------------------------------------------------------------------------] 100.00% 17 p/s
Summary:
  Total:	10.7725 secs.
  Slowest:	0.9784 secs.
  Fastest:	0.0016 secs.
  Average:	0.0132 secs.
  Stddev:	0.0911 secs.
  Requests/sec:	16.6163

Response time histogram:
  0.0016 [1]	|
  0.0993 [175]	|∎∎∎∎∎∎∎∎∎∎∎∎∎∎∎∎∎∎∎∎∎∎∎∎∎∎∎∎∎∎∎∎∎∎∎∎∎∎∎∎
  0.1969 [0]	|
  0.2946 [0]	|
  0.3923 [1]	|
  0.4900 [0]	|
  0.5877 [0]	|
  0.6854 [1]	|
  0.7831 [0]	|
  0.8807 [0]	|
  0.9784 [1]	|

Latency distribution:
  10% in 0.0017 secs.
  25% in 0.0018 secs.
  50% in 0.0019 secs.
  75% in 0.0020 secs.
  90% in 0.0027 secs.
  95% in 0.0034 secs.
  99% in 0.9784 secs.

Error distribution:
  [1]	etcdserver: too many requests

