2023/07/02 22:04:27 INFO: [core] [Channel #1 SubChannel #2] Subchannel Connectivity change to CONNECTING
2023/07/02 22:04:27 INFO: [core] [Channel #1 SubChannel #2] Subchannel picks a new address "localhost:2379" to connect
2023/07/02 22:04:27 INFO: [core] [Channel #1 SubChannel #2] Subchannel Connectivity change to READY
2023/07/02 22:04:27 INFO: [roundrobin] roundrobinPicker: Build called with info: {map[0xc000012570:{{
  "Addr": "localhost:2379",
  "ServerName": "localhost",
  "Attributes": null,
  "BalancerAttributes": null,
  "Type": 0,
  "Metadata": null
}}]}
2023/07/02 22:04:27 INFO: [core] [Channel #1] Channel Connectivity change to READY
8 / 180 [------->________________________________________________________________________________________________________________________________________________________________] 4.44% ? p/s14 / 180 [------------>__________________________________________________________________________________________________________________________________________________________] 7.78% ? p/s21 / 180 [------------------->__________________________________________________________________________________________________________________________________________________] 11.67% ? p/s28 / 180 [------------------------->___________________________________________________________________________________________________________________________________________] 15.56% 33 p/s36 / 180 [-------------------------------->____________________________________________________________________________________________________________________________________] 20.00% 33 p/s43 / 180 [--------------------------------------->_____________________________________________________________________________________________________________________________] 23.89% 33 p/s50 / 180 [--------------------------------------------->_______________________________________________________________________________________________________________________] 27.78% 34 p/s55 / 180 [-------------------------------------------------->__________________________________________________________________________________________________________________] 30.56% 34 p/s59 / 180 [------------------------------------------------------>______________________________________________________________________________________________________________] 32.78% 34 p/s64 / 180 [---------------------------------------------------------->__________________________________________________________________________________________________________] 35.56% 33 p/s70 / 180 [---------------------------------------------------------------->____________________________________________________________________________________________________] 38.89% 33 p/s77 / 180 [---------------------------------------------------------------------->______________________________________________________________________________________________] 42.78% 33 p/s83 / 180 [---------------------------------------------------------------------------->________________________________________________________________________________________] 46.11% 33 p/s86 / 180 [------------------------------------------------------------------------------>______________________________________________________________________________________] 47.78% 33 p/s91 / 180 [----------------------------------------------------------------------------------->_________________________________________________________________________________] 50.56% 33 p/s99 / 180 [------------------------------------------------------------------------------------------>__________________________________________________________________________] 55.00% 32 p/s106 / 180 [------------------------------------------------------------------------------------------------>___________________________________________________________________] 58.89% 32 p/s112 / 180 [------------------------------------------------------------------------------------------------------>_____________________________________________________________] 62.22% 32 p/s114 / 180 [------------------------------------------------------------------------------------------------------->____________________________________________________________] 63.33% 32 p/s114 / 180 [------------------------------------------------------------------------------------------------------->____________________________________________________________] 63.33% 32 p/s115 / 180 [-------------------------------------------------------------------------------------------------------->___________________________________________________________] 63.89% 32 p/s118 / 180 [----------------------------------------------------------------------------------------------------------->________________________________________________________] 65.56% 30 p/s121 / 180 [-------------------------------------------------------------------------------------------------------------->_____________________________________________________] 67.22% 30 p/s124 / 180 [---------------------------------------------------------------------------------------------------------------->___________________________________________________] 68.89% 30 p/s126 / 180 [------------------------------------------------------------------------------------------------------------------>_________________________________________________] 70.00% 29 p/s132 / 180 [------------------------------------------------------------------------------------------------------------------------>___________________________________________] 73.33% 29 p/s140 / 180 [------------------------------------------------------------------------------------------------------------------------------->____________________________________] 77.78% 29 p/s147 / 180 [------------------------------------------------------------------------------------------------------------------------------------->______________________________] 81.67% 30 p/s150 / 180 [---------------------------------------------------------------------------------------------------------------------------------------->___________________________] 83.33% 30 p/s155 / 180 [--------------------------------------------------------------------------------------------------------------------------------------------->______________________] 86.11% 30 p/s163 / 180 [---------------------------------------------------------------------------------------------------------------------------------------------------->_______________] 90.56% 29 p/s171 / 180 [----------------------------------------------------------------------------------------------------------------------------------------------------------->________] 95.00% 29 p/s177 / 180 [----------------------------------------------------------------------------------------------------------------------------------------------------------------->__] 98.33% 29 p/s180 / 180 [-------------------------------------------------------------------------------------------------------------------------------------------------------------------] 100.00% 27 p/s
Summary:
  Total:	6.7543 secs.
  Slowest:	0.3728 secs.
  Fastest:	0.0014 secs.
  Average:	0.0217 secs.
  Stddev:	0.0421 secs.
  Requests/sec:	26.6499

Response time histogram:
  0.0014 [1]	|
  0.0386 [142]	|∎∎∎∎∎∎∎∎∎∎∎∎∎∎∎∎∎∎∎∎∎∎∎∎∎∎∎∎∎∎∎∎∎∎∎∎∎∎∎∎
  0.0757 [21]	|∎∎∎∎∎
  0.1128 [13]	|∎∎∎
  0.1500 [0]	|
  0.1871 [1]	|
  0.2242 [1]	|
  0.2614 [0]	|
  0.2985 [0]	|
  0.3357 [0]	|
  0.3728 [1]	|

Latency distribution:
  10% in 0.0017 secs.
  25% in 0.0017 secs.
  50% in 0.0020 secs.
  75% in 0.0243 secs.
  90% in 0.0738 secs.
  95% in 0.0995 secs.
  99% in 0.3728 secs.

