2023/06/29 22:16:48 INFO: [core] [Channel #1 SubChannel #2] Subchannel Connectivity change to CONNECTING
2023/06/29 22:16:48 INFO: [core] [Channel #1 SubChannel #2] Subchannel picks a new address "localhost:2379" to connect
2023/06/29 22:16:48 INFO: [core] [Channel #1 SubChannel #2] Subchannel Connectivity change to READY
2023/06/29 22:16:48 INFO: [roundrobin] roundrobinPicker: Build called with info: {map[0xc00038c2e8:{{
  "Addr": "localhost:2379",
  "ServerName": "localhost",
  "Attributes": null,
  "BalancerAttributes": null,
  "Type": 0,
  "Metadata": null
}}]}
2023/06/29 22:16:48 INFO: [core] [Channel #1] Channel Connectivity change to READY
4 / 180 [--->_______________________________________________________________________________________________________________________________________________________________] 2.22% ? p/s8 / 180 [------->___________________________________________________________________________________________________________________________________________________________] 4.44% ? p/s10 / 180 [-------->_________________________________________________________________________________________________________________________________________________________] 5.56% ? p/s10 / 180 [-------->________________________________________________________________________________________________________________________________________________________] 5.56% 10 p/s10 / 180 [-------->________________________________________________________________________________________________________________________________________________________] 5.56% 10 p/s10 / 180 [-------->________________________________________________________________________________________________________________________________________________________] 5.56% 10 p/s11 / 180 [--------->________________________________________________________________________________________________________________________________________________________] 6.11% 9 p/s11 / 180 [--------->________________________________________________________________________________________________________________________________________________________] 6.11% 9 p/s11 / 180 [--------->________________________________________________________________________________________________________________________________________________________] 6.11% 9 p/s11 / 180 [--------->________________________________________________________________________________________________________________________________________________________] 6.11% 9 p/s11 / 180 [--------->________________________________________________________________________________________________________________________________________________________] 6.11% 9 p/s11 / 180 [--------->________________________________________________________________________________________________________________________________________________________] 6.11% 9 p/s11 / 180 [--------->________________________________________________________________________________________________________________________________________________________] 6.11% 8 p/s11 / 180 [--------->________________________________________________________________________________________________________________________________________________________] 6.11% 8 p/s14 / 180 [------------>_____________________________________________________________________________________________________________________________________________________] 7.78% 8 p/s18 / 180 [---------------->________________________________________________________________________________________________________________________________________________] 10.00% 8 p/s22 / 180 [------------------->_____________________________________________________________________________________________________________________________________________] 12.22% 8 p/s26 / 180 [----------------------->_________________________________________________________________________________________________________________________________________] 14.44% 8 p/s30 / 180 [-------------------------->______________________________________________________________________________________________________________________________________] 16.67% 9 p/s34 / 180 [------------------------------>__________________________________________________________________________________________________________________________________] 18.89% 9 p/s38 / 180 [--------------------------------->_______________________________________________________________________________________________________________________________] 21.11% 9 p/s42 / 180 [------------------------------------->__________________________________________________________________________________________________________________________] 23.33% 10 p/s46 / 180 [---------------------------------------->_______________________________________________________________________________________________________________________] 25.56% 10 p/s50 / 180 [-------------------------------------------->___________________________________________________________________________________________________________________] 27.78% 10 p/s54 / 180 [----------------------------------------------->________________________________________________________________________________________________________________] 30.00% 11 p/s58 / 180 [--------------------------------------------------->____________________________________________________________________________________________________________] 32.22% 11 p/s62 / 180 [------------------------------------------------------->________________________________________________________________________________________________________] 34.44% 11 p/s66 / 180 [---------------------------------------------------------->_____________________________________________________________________________________________________] 36.67% 11 p/s70 / 180 [-------------------------------------------------------------->_________________________________________________________________________________________________] 38.89% 11 p/s74 / 180 [----------------------------------------------------------------->______________________________________________________________________________________________] 41.11% 11 p/s78 / 180 [--------------------------------------------------------------------->__________________________________________________________________________________________] 43.33% 12 p/s82 / 180 [------------------------------------------------------------------------>_______________________________________________________________________________________] 45.56% 12 p/s86 / 180 [---------------------------------------------------------------------------->___________________________________________________________________________________] 47.78% 12 p/s90 / 180 [------------------------------------------------------------------------------->________________________________________________________________________________] 50.00% 12 p/s94 / 180 [----------------------------------------------------------------------------------->____________________________________________________________________________] 52.22% 12 p/s98 / 180 [--------------------------------------------------------------------------------------->________________________________________________________________________] 54.44% 12 p/s102 / 180 [------------------------------------------------------------------------------------------>____________________________________________________________________] 56.67% 13 p/s106 / 180 [--------------------------------------------------------------------------------------------->_________________________________________________________________] 58.89% 13 p/s110 / 180 [------------------------------------------------------------------------------------------------->_____________________________________________________________] 61.11% 13 p/s114 / 180 [---------------------------------------------------------------------------------------------------->__________________________________________________________] 63.33% 13 p/s118 / 180 [-------------------------------------------------------------------------------------------------------->______________________________________________________] 65.56% 13 p/s122 / 180 [----------------------------------------------------------------------------------------------------------->___________________________________________________] 67.78% 13 p/s126 / 180 [--------------------------------------------------------------------------------------------------------------->_______________________________________________] 70.00% 14 p/s130 / 180 [------------------------------------------------------------------------------------------------------------------>____________________________________________] 72.22% 14 p/s134 / 180 [---------------------------------------------------------------------------------------------------------------------->________________________________________] 74.44% 14 p/s138 / 180 [------------------------------------------------------------------------------------------------------------------------->_____________________________________] 76.67% 14 p/s142 / 180 [----------------------------------------------------------------------------------------------------------------------------->_________________________________] 78.89% 14 p/s146 / 180 [-------------------------------------------------------------------------------------------------------------------------------->______________________________] 81.11% 14 p/s150 / 180 [------------------------------------------------------------------------------------------------------------------------------------>__________________________] 83.33% 14 p/s154 / 180 [---------------------------------------------------------------------------------------------------------------------------------------->______________________] 85.56% 14 p/s158 / 180 [------------------------------------------------------------------------------------------------------------------------------------------->___________________] 87.78% 14 p/s162 / 180 [----------------------------------------------------------------------------------------------------------------------------------------------->_______________] 90.00% 15 p/s166 / 180 [-------------------------------------------------------------------------------------------------------------------------------------------------->____________] 92.22% 15 p/s170 / 180 [------------------------------------------------------------------------------------------------------------------------------------------------------>________] 94.44% 15 p/s174 / 180 [--------------------------------------------------------------------------------------------------------------------------------------------------------->_____] 96.67% 15 p/s178 / 180 [------------------------------------------------------------------------------------------------------------------------------------------------------------->_] 98.89% 15 p/s180 / 180 [--------------------------------------------------------------------------------------------------------------------------------------------------------------] 100.00% 16 p/s
Summary:
  Total:	11.2578 secs.
  Slowest:	1.5057 secs.
  Fastest:	0.0016 secs.
  Average:	0.0153 secs.
  Stddev:	0.1298 secs.
  Requests/sec:	15.9889

Response time histogram:
  0.0016 [1]	|
  0.1520 [177]	|∎∎∎∎∎∎∎∎∎∎∎∎∎∎∎∎∎∎∎∎∎∎∎∎∎∎∎∎∎∎∎∎∎∎∎∎∎∎∎∎
  0.3024 [0]	|
  0.4528 [0]	|
  0.6032 [0]	|
  0.7536 [0]	|
  0.9040 [1]	|
  1.0545 [0]	|
  1.2049 [0]	|
  1.3553 [0]	|
  1.5057 [1]	|

Latency distribution:
  10% in 0.0017 secs.
  25% in 0.0018 secs.
  50% in 0.0019 secs.
  75% in 0.0021 secs.
  90% in 0.0022 secs.
  95% in 0.0034 secs.
  99% in 1.5057 secs.

