bench with linearizable range
2023/07/02 21:57:29 INFO: [core] [Channel #1 SubChannel #2] Subchannel Connectivity change to CONNECTING
2023/07/02 21:57:29 INFO: [core] [Channel #1 SubChannel #2] Subchannel picks a new address "localhost:2379" to connect
2023/07/02 21:57:29 INFO: [core] [Channel #1 SubChannel #2] Subchannel Connectivity change to READY
2023/07/02 21:57:29 INFO: [roundrobin] roundrobinPicker: Build called with info: {map[0xc000012438:{{
  "Addr": "localhost:2379",
  "ServerName": "localhost",
  "Attributes": null,
  "BalancerAttributes": null,
  "Type": 0,
  "Metadata": null
}}]}
2023/07/02 21:57:29 INFO: [core] [Channel #1] Channel Connectivity change to READY
20 / 1000 [--->__________________________________________________________________________________________________________________________________________________________________] 2.00% ? p/s34 / 1000 [----->________________________________________________________________________________________________________________________________________________________________] 3.40% ? p/s51 / 1000 [-------->_____________________________________________________________________________________________________________________________________________________________] 5.10% ? p/s67 / 1000 [----------->_________________________________________________________________________________________________________________________________________________________] 6.70% 78 p/s82 / 1000 [------------->_______________________________________________________________________________________________________________________________________________________] 8.20% 78 p/s96 / 1000 [--------------->_____________________________________________________________________________________________________________________________________________________] 9.60% 78 p/s111 / 1000 [------------------>________________________________________________________________________________________________________________________________________________] 11.10% 78 p/s127 / 1000 [-------------------->______________________________________________________________________________________________________________________________________________] 12.70% 78 p/s144 / 1000 [----------------------->___________________________________________________________________________________________________________________________________________] 14.40% 78 p/s155 / 1000 [------------------------->_________________________________________________________________________________________________________________________________________] 15.50% 78 p/s171 / 1000 [--------------------------->_______________________________________________________________________________________________________________________________________] 17.10% 78 p/s189 / 1000 [------------------------------>____________________________________________________________________________________________________________________________________] 18.90% 78 p/s204 / 1000 [--------------------------------->_________________________________________________________________________________________________________________________________] 20.40% 78 p/s218 / 1000 [----------------------------------->_______________________________________________________________________________________________________________________________] 21.80% 78 p/s229 / 1000 [------------------------------------->_____________________________________________________________________________________________________________________________] 22.90% 78 p/s241 / 1000 [--------------------------------------->___________________________________________________________________________________________________________________________] 24.10% 77 p/s256 / 1000 [----------------------------------------->_________________________________________________________________________________________________________________________] 25.60% 77 p/s271 / 1000 [-------------------------------------------->______________________________________________________________________________________________________________________] 27.10% 77 p/s286 / 1000 [---------------------------------------------->____________________________________________________________________________________________________________________] 28.60% 77 p/s302 / 1000 [------------------------------------------------->_________________________________________________________________________________________________________________] 30.20% 77 p/s314 / 1000 [--------------------------------------------------->_______________________________________________________________________________________________________________] 31.40% 77 p/s329 / 1000 [----------------------------------------------------->_____________________________________________________________________________________________________________] 32.90% 77 p/s343 / 1000 [------------------------------------------------------->___________________________________________________________________________________________________________] 34.30% 77 p/s358 / 1000 [---------------------------------------------------------->________________________________________________________________________________________________________] 35.80% 77 p/s374 / 1000 [------------------------------------------------------------>______________________________________________________________________________________________________] 37.40% 76 p/s392 / 1000 [--------------------------------------------------------------->___________________________________________________________________________________________________] 39.20% 76 p/s412 / 1000 [------------------------------------------------------------------->_______________________________________________________________________________________________] 41.20% 76 p/s432 / 1000 [---------------------------------------------------------------------->____________________________________________________________________________________________] 43.20% 78 p/s452 / 1000 [------------------------------------------------------------------------->_________________________________________________________________________________________] 45.20% 78 p/s472 / 1000 [---------------------------------------------------------------------------->______________________________________________________________________________________] 47.20% 78 p/s492 / 1000 [-------------------------------------------------------------------------------->__________________________________________________________________________________] 49.20% 79 p/s512 / 1000 [----------------------------------------------------------------------------------->_______________________________________________________________________________] 51.20% 79 p/s532 / 1000 [-------------------------------------------------------------------------------------->____________________________________________________________________________] 53.20% 79 p/s552 / 1000 [----------------------------------------------------------------------------------------->_________________________________________________________________________] 55.20% 81 p/s572 / 1000 [--------------------------------------------------------------------------------------------->_____________________________________________________________________] 57.20% 81 p/s592 / 1000 [------------------------------------------------------------------------------------------------>__________________________________________________________________] 59.20% 81 p/s612 / 1000 [--------------------------------------------------------------------------------------------------->_______________________________________________________________] 61.20% 82 p/s632 / 1000 [------------------------------------------------------------------------------------------------------->___________________________________________________________] 63.20% 82 p/s652 / 1000 [---------------------------------------------------------------------------------------------------------->________________________________________________________] 65.20% 82 p/s672 / 1000 [------------------------------------------------------------------------------------------------------------->_____________________________________________________] 67.20% 83 p/s692 / 1000 [---------------------------------------------------------------------------------------------------------------->__________________________________________________] 69.20% 83 p/s708 / 1000 [------------------------------------------------------------------------------------------------------------------->_______________________________________________] 70.80% 83 p/s724 / 1000 [---------------------------------------------------------------------------------------------------------------------->____________________________________________] 72.40% 83 p/s744 / 1000 [------------------------------------------------------------------------------------------------------------------------->_________________________________________] 74.40% 83 p/s764 / 1000 [---------------------------------------------------------------------------------------------------------------------------->______________________________________] 76.40% 83 p/s784 / 1000 [------------------------------------------------------------------------------------------------------------------------------->___________________________________] 78.40% 84 p/s804 / 1000 [----------------------------------------------------------------------------------------------------------------------------------->_______________________________] 80.40% 84 p/s824 / 1000 [-------------------------------------------------------------------------------------------------------------------------------------->____________________________] 82.40% 84 p/s844 / 1000 [----------------------------------------------------------------------------------------------------------------------------------------->_________________________] 84.40% 85 p/s864 / 1000 [-------------------------------------------------------------------------------------------------------------------------------------------->______________________] 86.40% 85 p/s884 / 1000 [------------------------------------------------------------------------------------------------------------------------------------------------>__________________] 88.40% 85 p/s904 / 1000 [--------------------------------------------------------------------------------------------------------------------------------------------------->_______________] 90.40% 86 p/s924 / 1000 [------------------------------------------------------------------------------------------------------------------------------------------------------>____________] 92.40% 86 p/s944 / 1000 [--------------------------------------------------------------------------------------------------------------------------------------------------------->_________] 94.40% 86 p/s964 / 1000 [------------------------------------------------------------------------------------------------------------------------------------------------------------->_____] 96.40% 87 p/s984 / 1000 [---------------------------------------------------------------------------------------------------------------------------------------------------------------->__] 98.40% 87 p/s1000 / 1000 [-----------------------------------------------------------------------------------------------------------------------------------------------------------------] 100.00% 90 p/s
Summary:
  Total:	11.3540 secs.
  Slowest:	0.0797 secs.
  Fastest:	0.0002 secs.
  Average:	0.0023 secs.
  Stddev:	0.0085 secs.
  Requests/sec:	88.0750

Response time histogram:
  0.0002 [1]	|
  0.0082 [948]	|∎∎∎∎∎∎∎∎∎∎∎∎∎∎∎∎∎∎∎∎∎∎∎∎∎∎∎∎∎∎∎∎∎∎∎∎∎∎∎∎
  0.0161 [2]	|
  0.0240 [9]	|
  0.0320 [13]	|
  0.0399 [14]	|
  0.0479 [2]	|
  0.0558 [6]	|
  0.0638 [1]	|
  0.0717 [2]	|
  0.0797 [2]	|

Latency distribution:
  10% in 0.0003 secs.
  25% in 0.0003 secs.
  50% in 0.0004 secs.
  75% in 0.0005 secs.
  90% in 0.0014 secs.
  95% in 0.0119 secs.
  99% in 0.0494 secs.
  99.9% in 0.0797 secs.
