2023/07/02 21:57:29 INFO: [core] [Channel #1 SubChannel #2] Subchannel Connectivity change to CONNECTING
2023/07/02 21:57:29 INFO: [core] [Channel #1 SubChannel #2] Subchannel picks a new address "localhost:2379" to connect
2023/07/02 21:57:29 INFO: [core] [Channel #1 SubChannel #2] Subchannel Connectivity change to READY
2023/07/02 21:57:29 INFO: [roundrobin] roundrobinPicker: Build called with info: {map[0xc000122378:{{
  "Addr": "localhost:2379",
  "ServerName": "localhost",
  "Attributes": null,
  "BalancerAttributes": null,
  "Type": 0,
  "Metadata": null
}}]}
2023/07/02 21:57:29 INFO: [core] [Channel #1] Channel Connectivity change to READY
8 / 180 [------->________________________________________________________________________________________________________________________________________________________________] 4.44% ? p/s16 / 180 [-------------->________________________________________________________________________________________________________________________________________________________] 8.89% ? p/s24 / 180 [---------------------->_______________________________________________________________________________________________________________________________________________] 13.33% ? p/s31 / 180 [---------------------------->________________________________________________________________________________________________________________________________________] 17.22% 38 p/s38 / 180 [---------------------------------->__________________________________________________________________________________________________________________________________] 21.11% 38 p/s46 / 180 [------------------------------------------>__________________________________________________________________________________________________________________________] 25.56% 38 p/s53 / 180 [------------------------------------------------>____________________________________________________________________________________________________________________] 29.44% 38 p/s60 / 180 [------------------------------------------------------>______________________________________________________________________________________________________________] 33.33% 38 p/s68 / 180 [-------------------------------------------------------------->______________________________________________________________________________________________________] 37.78% 38 p/s73 / 180 [------------------------------------------------------------------>__________________________________________________________________________________________________] 40.56% 38 p/s81 / 180 [-------------------------------------------------------------------------->__________________________________________________________________________________________] 45.00% 38 p/s89 / 180 [--------------------------------------------------------------------------------->___________________________________________________________________________________] 49.44% 38 p/s96 / 180 [--------------------------------------------------------------------------------------->_____________________________________________________________________________] 53.33% 38 p/s103 / 180 [--------------------------------------------------------------------------------------------->______________________________________________________________________] 57.22% 38 p/s109 / 180 [--------------------------------------------------------------------------------------------------->________________________________________________________________] 60.56% 38 p/s115 / 180 [-------------------------------------------------------------------------------------------------------->___________________________________________________________] 63.89% 38 p/s122 / 180 [--------------------------------------------------------------------------------------------------------------->____________________________________________________] 67.78% 38 p/s129 / 180 [--------------------------------------------------------------------------------------------------------------------->______________________________________________] 71.67% 38 p/s136 / 180 [--------------------------------------------------------------------------------------------------------------------------->________________________________________] 75.56% 37 p/s143 / 180 [---------------------------------------------------------------------------------------------------------------------------------->_________________________________] 79.44% 37 p/s149 / 180 [--------------------------------------------------------------------------------------------------------------------------------------->____________________________] 82.78% 37 p/s156 / 180 [---------------------------------------------------------------------------------------------------------------------------------------------->_____________________] 86.67% 37 p/s163 / 180 [---------------------------------------------------------------------------------------------------------------------------------------------------->_______________] 90.56% 37 p/s171 / 180 [----------------------------------------------------------------------------------------------------------------------------------------------------------->________] 95.00% 37 p/s178 / 180 [------------------------------------------------------------------------------------------------------------------------------------------------------------------>_] 98.89% 37 p/s180 / 180 [-------------------------------------------------------------------------------------------------------------------------------------------------------------------] 100.00% 37 p/s
Summary:
  Total:	5.0364 secs.
  Slowest:	0.0753 secs.
  Fastest:	0.0013 secs.
  Average:	0.0107 secs.
  Stddev:	0.0167 secs.
  Requests/sec:	35.7397

Response time histogram:
  0.0013 [1]	|
  0.0087 [134]	|∎∎∎∎∎∎∎∎∎∎∎∎∎∎∎∎∎∎∎∎∎∎∎∎∎∎∎∎∎∎∎∎∎∎∎∎∎∎∎∎
  0.0161 [0]	|
  0.0235 [7]	|∎∎
  0.0309 [18]	|∎∎∎∎∎
  0.0383 [1]	|
  0.0457 [1]	|
  0.0531 [15]	|∎∎∎∎
  0.0605 [0]	|
  0.0679 [0]	|
  0.0753 [3]	|

Latency distribution:
  10% in 0.0016 secs.
  25% in 0.0018 secs.
  50% in 0.0019 secs.
  75% in 0.0224 secs.
  90% in 0.0468 secs.
  95% in 0.0493 secs.
  99% in 0.0753 secs.

