bench with linearizable range
2023/07/02 21:57:35 INFO: [core] [Channel #1 SubChannel #2] Subchannel Connectivity change to CONNECTING
2023/07/02 21:57:35 INFO: [core] [Channel #1 SubChannel #2] Subchannel picks a new address "localhost:2379" to connect
2023/07/02 21:57:35 INFO: [core] [Channel #1 SubChannel #2] Subchannel Connectivity change to READY
2023/07/02 21:57:35 INFO: [roundrobin] roundrobinPicker: Build called with info: {map[0xc0000124e0:{{
  "Addr": "localhost:2379",
  "ServerName": "localhost",
  "Attributes": null,
  "BalancerAttributes": null,
  "Type": 0,
  "Metadata": null
}}]}
2023/07/02 21:57:35 INFO: [core] [Channel #1] Channel Connectivity change to READY
1 / 1 [------------------------------------------------------------------------------------------------------------------------------------------------------------------------] 100.00% ? p/s
Summary:
  Total:	0.0020 secs.
  Slowest:	0.0019 secs.
  Fastest:	0.0019 secs.
  Average:	0.0019 secs.
  Stddev:	0.0000 secs.
  Requests/sec:	508.5694

Response time histogram:
  0.0019 [1]	|∎∎∎∎∎∎∎∎∎∎∎∎∎∎∎∎∎∎∎∎∎∎∎∎∎∎∎∎∎∎∎∎∎∎∎∎∎∎∎∎
  0.0019 [0]	|
  0.0019 [0]	|
  0.0019 [0]	|
  0.0019 [0]	|
  0.0019 [0]	|
  0.0019 [0]	|
  0.0019 [0]	|
  0.0019 [0]	|
  0.0019 [0]	|
  0.0019 [0]	|

Latency distribution:
