2023/07/03 11:08:09 INFO: [core] [Channel #1 SubChannel #2] Subchannel Connectivity change to CONNECTING
2023/07/03 11:08:09 INFO: [core] [Channel #1 SubChannel #2] Subchannel picks a new address "localhost:2379" to connect
2023/07/03 11:08:09 INFO: [core] [Channel #1 SubChannel #2] Subchannel Connectivity change to READY
2023/07/03 11:08:09 INFO: [roundrobin] roundrobinPicker: Build called with info: {map[0xc0004064c8:{{
  "Addr": "localhost:2379",
  "ServerName": "localhost",
  "Attributes": null,
  "BalancerAttributes": null,
  "Type": 0,
  "Metadata": null
}}]}
2023/07/03 11:08:09 INFO: [core] [Channel #1] Channel Connectivity change to READY
8 / 180 [------->___________________________________________________________________________________________________________________________________________________________] 4.44% ? p/s16 / 180 [-------------->___________________________________________________________________________________________________________________________________________________] 8.89% ? p/s24 / 180 [--------------------->___________________________________________________________________________________________________________________________________________] 13.33% ? p/s32 / 180 [---------------------------->___________________________________________________________________________________________________________________________________] 17.78% 40 p/s40 / 180 [----------------------------------->____________________________________________________________________________________________________________________________] 22.22% 40 p/s48 / 180 [------------------------------------------>_____________________________________________________________________________________________________________________] 26.67% 40 p/s56 / 180 [------------------------------------------------->______________________________________________________________________________________________________________] 31.11% 40 p/s64 / 180 [-------------------------------------------------------->_______________________________________________________________________________________________________] 35.56% 40 p/s72 / 180 [--------------------------------------------------------------->________________________________________________________________________________________________] 40.00% 40 p/s80 / 180 [----------------------------------------------------------------------->________________________________________________________________________________________] 44.44% 40 p/s88 / 180 [------------------------------------------------------------------------------>_________________________________________________________________________________] 48.89% 40 p/s96 / 180 [------------------------------------------------------------------------------------->__________________________________________________________________________] 53.33% 40 p/s104 / 180 [------------------------------------------------------------------------------------------->___________________________________________________________________] 57.78% 40 p/s112 / 180 [-------------------------------------------------------------------------------------------------->____________________________________________________________] 62.22% 40 p/s120 / 180 [--------------------------------------------------------------------------------------------------------->_____________________________________________________] 66.67% 40 p/s128 / 180 [----------------------------------------------------------------------------------------------------------------->_____________________________________________] 71.11% 40 p/s136 / 180 [------------------------------------------------------------------------------------------------------------------------>______________________________________] 75.56% 40 p/s144 / 180 [------------------------------------------------------------------------------------------------------------------------------->_______________________________] 80.00% 40 p/s152 / 180 [-------------------------------------------------------------------------------------------------------------------------------------->________________________] 84.44% 40 p/s160 / 180 [--------------------------------------------------------------------------------------------------------------------------------------------->_________________] 88.89% 40 p/s168 / 180 [---------------------------------------------------------------------------------------------------------------------------------------------------->__________] 93.33% 40 p/s176 / 180 [----------------------------------------------------------------------------------------------------------------------------------------------------------->___] 97.78% 40 p/s180 / 180 [--------------------------------------------------------------------------------------------------------------------------------------------------------------] 100.00% 42 p/s
Summary:
  Total:	4.4794 secs.
  Slowest:	0.0133 secs.
  Fastest:	0.0014 secs.
  Average:	0.0032 secs.
  Stddev:	0.0017 secs.
  Requests/sec:	40.1839

Response time histogram:
  0.0014 [1]	|
  0.0026 [68]	|∎∎∎∎∎∎∎∎∎∎∎∎∎∎∎∎∎∎∎∎∎∎∎∎∎∎∎∎∎∎∎∎∎
  0.0038 [81]	|∎∎∎∎∎∎∎∎∎∎∎∎∎∎∎∎∎∎∎∎∎∎∎∎∎∎∎∎∎∎∎∎∎∎∎∎∎∎∎∎
  0.0050 [16]	|∎∎∎∎∎∎∎
  0.0062 [3]	|∎
  0.0074 [3]	|∎
  0.0086 [3]	|∎
  0.0098 [4]	|∎
  0.0109 [0]	|
  0.0121 [0]	|
  0.0133 [1]	|

Latency distribution:
  10% in 0.0017 secs.
  25% in 0.0018 secs.
  50% in 0.0034 secs.
  75% in 0.0036 secs.
  90% in 0.0049 secs.
  95% in 0.0071 secs.
  99% in 0.0133 secs.

