bench with linearizable range
2023/07/03 11:08:11 INFO: [core] [Channel #1 SubChannel #2] Subchannel Connectivity change to READY
2023/07/03 11:08:11 INFO: [roundrobin] roundrobinPicker: Build called with info: {map[0xc000387170:{{
  "Addr": "localhost:2379",
  "ServerName": "localhost",
  "Attributes": null,
  "BalancerAttributes": null,
  "Type": 0,
  "Metadata": null
}}]}
2023/07/03 11:08:11 INFO: [core] [Channel #1] Channel Connectivity change to READY
1 / 1 [-------------------------------------------------------------------------------------------------------------------------------------------------------------------] 100.00% ? p/s
Summary:
  Total:	0.0011 secs.
  Slowest:	0.0010 secs.
  Fastest:	0.0010 secs.
  Average:	0.0010 secs.
  Stddev:	0.0000 secs.
  Requests/sec:	942.1519

Response time histogram:
  0.0010 [1]	|∎∎∎∎∎∎∎∎∎∎∎∎∎∎∎∎∎∎∎∎∎∎∎∎∎∎∎∎∎∎∎∎∎∎∎∎∎∎∎∎
  0.0010 [0]	|
  0.0010 [0]	|
  0.0010 [0]	|
  0.0010 [0]	|
  0.0010 [0]	|
  0.0010 [0]	|
  0.0010 [0]	|
  0.0010 [0]	|
  0.0010 [0]	|
  0.0010 [0]	|

Latency distribution:
