2023/07/02 21:14:36 INFO: [core] [Channel #1 SubChannel #2] Subchannel Connectivity change to CONNECTING
2023/07/02 21:14:36 INFO: [core] [Channel #1 SubChannel #2] Subchannel picks a new address "localhost:2379" to connect
2023/07/02 21:14:36 INFO: [core] [Channel #1 SubChannel #2] Subchannel Connectivity change to READY
2023/07/02 21:14:36 INFO: [roundrobin] roundrobinPicker: Build called with info: {map[0xc000122558:{{
  "Addr": "localhost:2379",
  "ServerName": "localhost",
  "Attributes": null,
  "BalancerAttributes": null,
  "Type": 0,
  "Metadata": null
}}]}
2023/07/02 21:14:36 INFO: [core] [Channel #1] Channel Connectivity change to READY
4 / 40 [---------------->__________________________________________________________________________________________________________________________________________________] 10.00% ? p/s8 / 40 [-------------------------------->__________________________________________________________________________________________________________________________________] 20.00% ? p/s11 / 40 [-------------------------------------------->_____________________________________________________________________________________________________________________] 27.50% ? p/s15 / 40 [------------------------------------------------------------>____________________________________________________________________________________________________] 37.50% 18 p/s17 / 40 [-------------------------------------------------------------------->____________________________________________________________________________________________] 42.50% 18 p/s22 / 40 [---------------------------------------------------------------------------------------->________________________________________________________________________] 55.00% 18 p/s26 / 40 [-------------------------------------------------------------------------------------------------------->________________________________________________________] 65.00% 18 p/s30 / 40 [------------------------------------------------------------------------------------------------------------------------>________________________________________] 75.00% 18 p/s32 / 40 [-------------------------------------------------------------------------------------------------------------------------------->________________________________] 80.00% 18 p/s34 / 40 [---------------------------------------------------------------------------------------------------------------------------------------->________________________] 85.00% 18 p/s38 / 40 [-------------------------------------------------------------------------------------------------------------------------------------------------------->________] 95.00% 18 p/s40 / 40 [----------------------------------------------------------------------------------------------------------------------------------------------------------------] 100.00% 19 p/s
Summary:
  Total:	2.2988 secs.
  Slowest:	0.2015 secs.
  Fastest:	0.0017 secs.
  Average:	0.0475 secs.
  Stddev:	0.0448 secs.
  Requests/sec:	17.4005

Response time histogram:
  0.0017 [1]	|∎∎
  0.0217 [17]	|∎∎∎∎∎∎∎∎∎∎∎∎∎∎∎∎∎∎∎∎∎∎∎∎∎∎∎∎∎∎∎∎∎∎∎∎∎
  0.0417 [0]	|
  0.0617 [0]	|
  0.0816 [18]	|∎∎∎∎∎∎∎∎∎∎∎∎∎∎∎∎∎∎∎∎∎∎∎∎∎∎∎∎∎∎∎∎∎∎∎∎∎∎∎∎
  0.1016 [3]	|∎∎∎∎∎∎
  0.1216 [0]	|
  0.1416 [0]	|
  0.1616 [0]	|
  0.1816 [0]	|
  0.2015 [1]	|∎∎

Latency distribution:
  10% in 0.0020 secs.
  25% in 0.0030 secs.
  50% in 0.0725 secs.
  75% in 0.0751 secs.
  90% in 0.0973 secs.
  95% in 0.1003 secs.

