bench with linearizable range
2023/07/02 21:14:36 INFO: [core] [Channel #1 SubChannel #2] Subchannel Connectivity change to CONNECTING
2023/07/02 21:14:36 INFO: [core] [Channel #1 SubChannel #2] Subchannel picks a new address "localhost:2379" to connect
2023/07/02 21:14:36 INFO: [core] [Channel #1 SubChannel #2] Subchannel Connectivity change to READY
2023/07/02 21:14:36 INFO: [roundrobin] roundrobinPicker: Build called with info: {map[0xc000386288:{{
  "Addr": "localhost:2379",
  "ServerName": "localhost",
  "Attributes": null,
  "BalancerAttributes": null,
  "Type": 0,
  "Metadata": null
}}]}
2023/07/02 21:14:36 INFO: [core] [Channel #1] Channel Connectivity change to READY
5 / 100 [-------->__________________________________________________________________________________________________________________________________________________________] 5.00% ? p/s9 / 100 [-------------->____________________________________________________________________________________________________________________________________________________] 9.00% ? p/s14 / 100 [---------------------->__________________________________________________________________________________________________________________________________________] 14.00% ? p/s17 / 100 [--------------------------->____________________________________________________________________________________________________________________________________] 17.00% 20 p/s20 / 100 [------------------------------->________________________________________________________________________________________________________________________________] 20.00% 20 p/s24 / 100 [-------------------------------------->_________________________________________________________________________________________________________________________] 24.00% 20 p/s29 / 100 [---------------------------------------------->_________________________________________________________________________________________________________________] 29.00% 20 p/s34 / 100 [------------------------------------------------------>_________________________________________________________________________________________________________] 34.00% 20 p/s38 / 100 [------------------------------------------------------------>___________________________________________________________________________________________________] 38.00% 20 p/s41 / 100 [----------------------------------------------------------------->______________________________________________________________________________________________] 41.00% 20 p/s45 / 100 [----------------------------------------------------------------------->________________________________________________________________________________________] 45.00% 20 p/s50 / 100 [------------------------------------------------------------------------------->________________________________________________________________________________] 50.00% 20 p/s54 / 100 [-------------------------------------------------------------------------------------->_________________________________________________________________________] 54.00% 20 p/s58 / 100 [-------------------------------------------------------------------------------------------->___________________________________________________________________] 58.00% 20 p/s62 / 100 [--------------------------------------------------------------------------------------------------->____________________________________________________________] 62.00% 20 p/s66 / 100 [--------------------------------------------------------------------------------------------------------->______________________________________________________] 66.00% 20 p/s71 / 100 [----------------------------------------------------------------------------------------------------------------->______________________________________________] 71.00% 20 p/s73 / 100 [-------------------------------------------------------------------------------------------------------------------->___________________________________________] 73.00% 20 p/s79 / 100 [------------------------------------------------------------------------------------------------------------------------------>_________________________________] 79.00% 20 p/s84 / 100 [-------------------------------------------------------------------------------------------------------------------------------------->_________________________] 84.00% 20 p/s89 / 100 [---------------------------------------------------------------------------------------------------------------------------------------------->_________________] 89.00% 20 p/s92 / 100 [--------------------------------------------------------------------------------------------------------------------------------------------------->____________] 92.00% 20 p/s100 / 100 [--------------------------------------------------------------------------------------------------------------------------------------------------------------] 100.00% 23 p/s
Summary:
  Total:	4.5971 secs.
  Slowest:	0.1024 secs.
  Fastest:	0.0002 secs.
  Average:	0.0417 secs.
  Stddev:	0.0426 secs.
  Requests/sec:	21.7530

Response time histogram:
  0.0002 [1]	|
  0.0105 [53]	|∎∎∎∎∎∎∎∎∎∎∎∎∎∎∎∎∎∎∎∎∎∎∎∎∎∎∎∎∎∎∎∎∎∎∎∎∎∎∎∎
  0.0207 [0]	|
  0.0309 [0]	|
  0.0411 [0]	|
  0.0513 [0]	|
  0.0615 [0]	|
  0.0718 [2]	|∎
  0.0820 [7]	|∎∎∎∎∎
  0.0922 [29]	|∎∎∎∎∎∎∎∎∎∎∎∎∎∎∎∎∎∎∎∎∎
  0.1024 [8]	|∎∎∎∎∎∎

Latency distribution:
  10% in 0.0009 secs.
  25% in 0.0026 secs.
  50% in 0.0056 secs.
  75% in 0.0889 secs.
  90% in 0.0917 secs.
  95% in 0.0935 secs.
  99% in 0.1024 secs.
