bench with linearizable range
2023/07/02 21:14:35 INFO: [core] [Channel #1 SubChannel #2] Subchannel Connectivity change to CONNECTING
2023/07/02 21:14:35 INFO: [core] [Channel #1 SubChannel #2] Subchannel picks a new address "localhost:2379" to connect
2023/07/02 21:14:35 INFO: [core] [Channel #1 SubChannel #2] Subchannel Connectivity change to READY
2023/07/02 21:14:35 INFO: [roundrobin] roundrobinPicker: Build called with info: {map[0xc000110378:{{
  "Addr": "localhost:2379",
  "ServerName": "localhost",
  "Attributes": null,
  "BalancerAttributes": null,
  "Type": 0,
  "Metadata": null
}}]}
2023/07/02 21:14:35 INFO: [core] [Channel #1] Channel Connectivity change to READY
3 / 100 [---->______________________________________________________________________________________________________________________________________________________________] 3.00% ? p/s7 / 100 [----------->_______________________________________________________________________________________________________________________________________________________] 7.00% ? p/s12 / 100 [------------------->_____________________________________________________________________________________________________________________________________________] 12.00% ? p/s16 / 100 [------------------------->______________________________________________________________________________________________________________________________________] 16.00% 22 p/s22 / 100 [----------------------------------->____________________________________________________________________________________________________________________________] 22.00% 22 p/s25 / 100 [--------------------------------------->________________________________________________________________________________________________________________________] 25.00% 22 p/s30 / 100 [----------------------------------------------->________________________________________________________________________________________________________________] 30.00% 22 p/s35 / 100 [------------------------------------------------------->________________________________________________________________________________________________________] 35.00% 22 p/s39 / 100 [-------------------------------------------------------------->_________________________________________________________________________________________________] 39.00% 22 p/s42 / 100 [------------------------------------------------------------------->____________________________________________________________________________________________] 42.00% 22 p/s46 / 100 [------------------------------------------------------------------------->______________________________________________________________________________________] 46.00% 22 p/s51 / 100 [--------------------------------------------------------------------------------->______________________________________________________________________________] 51.00% 22 p/s55 / 100 [--------------------------------------------------------------------------------------->________________________________________________________________________] 55.00% 22 p/s59 / 100 [---------------------------------------------------------------------------------------------->_________________________________________________________________] 59.00% 22 p/s62 / 100 [--------------------------------------------------------------------------------------------------->____________________________________________________________] 62.00% 22 p/s66 / 100 [--------------------------------------------------------------------------------------------------------->______________________________________________________] 66.00% 21 p/s71 / 100 [----------------------------------------------------------------------------------------------------------------->______________________________________________] 71.00% 21 p/s75 / 100 [----------------------------------------------------------------------------------------------------------------------->________________________________________] 75.00% 21 p/s79 / 100 [------------------------------------------------------------------------------------------------------------------------------>_________________________________] 79.00% 21 p/s83 / 100 [------------------------------------------------------------------------------------------------------------------------------------>___________________________] 83.00% 21 p/s87 / 100 [------------------------------------------------------------------------------------------------------------------------------------------->____________________] 87.00% 21 p/s91 / 100 [------------------------------------------------------------------------------------------------------------------------------------------------->______________] 91.00% 21 p/s95 / 100 [------------------------------------------------------------------------------------------------------------------------------------------------------->________] 95.00% 21 p/s100 / 100 [--------------------------------------------------------------------------------------------------------------------------------------------------------------] 100.00% 22 p/s
Summary:
  Total:	4.7136 secs.
  Slowest:	0.1042 secs.
  Fastest:	0.0003 secs.
  Average:	0.0431 secs.
  Stddev:	0.0430 secs.
  Requests/sec:	21.2154

Response time histogram:
  0.0003 [1]	|
  0.0107 [51]	|∎∎∎∎∎∎∎∎∎∎∎∎∎∎∎∎∎∎∎∎∎∎∎∎∎∎∎∎∎∎∎∎∎∎∎∎∎∎∎∎
  0.0211 [1]	|
  0.0315 [0]	|
  0.0418 [0]	|
  0.0522 [0]	|
  0.0626 [0]	|
  0.0730 [0]	|
  0.0834 [9]	|∎∎∎∎∎∎∎
  0.0938 [33]	|∎∎∎∎∎∎∎∎∎∎∎∎∎∎∎∎∎∎∎∎∎∎∎∎∎
  0.1042 [5]	|∎∎∎

Latency distribution:
  10% in 0.0014 secs.
  25% in 0.0027 secs.
  50% in 0.0061 secs.
  75% in 0.0892 secs.
  90% in 0.0922 secs.
  95% in 0.0987 secs.
  99% in 0.1042 secs.
