2023/07/02 21:14:35 INFO: [core] [Channel #1 SubChannel #2] Subchannel Connectivity change to CONNECTING
2023/07/02 21:14:35 INFO: [core] [Channel #1 SubChannel #2] Subchannel picks a new address "localhost:2379" to connect
2023/07/02 21:14:35 INFO: [core] [Channel #1 SubChannel #2] Subchannel Connectivity change to READY
2023/07/02 21:14:35 INFO: [roundrobin] roundrobinPicker: Build called with info: {map[0xc000012558:{{
  "Addr": "localhost:2379",
  "ServerName": "localhost",
  "Attributes": null,
  "BalancerAttributes": null,
  "Type": 0,
  "Metadata": null
}}]}
2023/07/02 21:14:35 INFO: [core] [Channel #1] Channel Connectivity change to READY
3 / 40 [------------>_______________________________________________________________________________________________________________________________________________________] 7.50% ? p/s7 / 40 [---------------------------->______________________________________________________________________________________________________________________________________] 17.50% ? p/s11 / 40 [-------------------------------------------->_____________________________________________________________________________________________________________________] 27.50% ? p/s15 / 40 [------------------------------------------------------------>____________________________________________________________________________________________________] 37.50% 20 p/s18 / 40 [------------------------------------------------------------------------>________________________________________________________________________________________] 45.00% 20 p/s22 / 40 [---------------------------------------------------------------------------------------->________________________________________________________________________] 55.00% 20 p/s26 / 40 [-------------------------------------------------------------------------------------------------------->________________________________________________________] 65.00% 20 p/s29 / 40 [-------------------------------------------------------------------------------------------------------------------->____________________________________________] 72.50% 20 p/s33 / 40 [------------------------------------------------------------------------------------------------------------------------------------>____________________________] 82.50% 20 p/s36 / 40 [------------------------------------------------------------------------------------------------------------------------------------------------>________________] 90.00% 20 p/s39 / 40 [------------------------------------------------------------------------------------------------------------------------------------------------------------>____] 97.50% 20 p/s40 / 40 [----------------------------------------------------------------------------------------------------------------------------------------------------------------] 100.00% 20 p/s
Summary:
  Total:	2.2042 secs.
  Slowest:	0.0994 secs.
  Fastest:	0.0016 secs.
  Average:	0.0451 secs.
  Stddev:	0.0385 secs.
  Requests/sec:	18.1473

Response time histogram:
  0.0016 [1]	|∎∎
  0.0114 [17]	|∎∎∎∎∎∎∎∎∎∎∎∎∎∎∎∎∎∎∎∎∎∎∎∎∎∎∎∎∎∎∎∎∎∎∎∎∎∎∎∎
  0.0212 [0]	|
  0.0310 [0]	|
  0.0408 [0]	|
  0.0505 [0]	|
  0.0603 [0]	|
  0.0701 [1]	|∎∎
  0.0799 [16]	|∎∎∎∎∎∎∎∎∎∎∎∎∎∎∎∎∎∎∎∎∎∎∎∎∎∎∎∎∎∎∎∎∎∎∎∎∎
  0.0896 [1]	|∎∎
  0.0994 [4]	|∎∎∎∎∎∎∎∎∎

Latency distribution:
  10% in 0.0024 secs.
  25% in 0.0031 secs.
  50% in 0.0713 secs.
  75% in 0.0761 secs.
  90% in 0.0965 secs.
  95% in 0.0989 secs.

