bench with linearizable range
2023/06/29 22:05:04 INFO: [core] [Channel #1 SubChannel #2] Subchannel Connectivity change to READY
2023/06/29 22:05:04 INFO: [roundrobin] roundrobinPicker: Build called with info: {map[0xc000488f78:{{
  "Addr": "localhost:2379",
  "ServerName": "localhost",
  "Attributes": null,
  "BalancerAttributes": null,
  "Type": 0,
  "Metadata": null
}}]}
2023/06/29 22:05:04 INFO: [core] [Channel #1] Channel Connectivity change to READY
20 / 1000 [--->_____________________________________________________________________________________________________________________________________________________________] 2.00% ? p/s40 / 1000 [------>__________________________________________________________________________________________________________________________________________________________] 4.00% ? p/s59 / 1000 [--------->_______________________________________________________________________________________________________________________________________________________] 5.90% ? p/s67 / 1000 [---------->_____________________________________________________________________________________________________________________________________________________] 6.70% 78 p/s74 / 1000 [----------->____________________________________________________________________________________________________________________________________________________] 7.40% 78 p/s78 / 1000 [------------>___________________________________________________________________________________________________________________________________________________] 7.80% 78 p/s96 / 1000 [--------------->________________________________________________________________________________________________________________________________________________] 9.60% 76 p/s116 / 1000 [------------------>___________________________________________________________________________________________________________________________________________] 11.60% 76 p/s136 / 1000 [--------------------->________________________________________________________________________________________________________________________________________] 13.60% 76 p/s156 / 1000 [------------------------>_____________________________________________________________________________________________________________________________________] 15.60% 78 p/s176 / 1000 [--------------------------->__________________________________________________________________________________________________________________________________] 17.60% 78 p/s196 / 1000 [------------------------------>_______________________________________________________________________________________________________________________________] 19.60% 78 p/s216 / 1000 [---------------------------------->___________________________________________________________________________________________________________________________] 21.60% 79 p/s236 / 1000 [------------------------------------->________________________________________________________________________________________________________________________] 23.60% 79 p/s256 / 1000 [---------------------------------------->_____________________________________________________________________________________________________________________] 25.60% 79 p/s276 / 1000 [------------------------------------------->__________________________________________________________________________________________________________________] 27.60% 81 p/s296 / 1000 [---------------------------------------------->_______________________________________________________________________________________________________________] 29.60% 81 p/s316 / 1000 [------------------------------------------------->____________________________________________________________________________________________________________] 31.60% 81 p/s336 / 1000 [----------------------------------------------------->________________________________________________________________________________________________________] 33.60% 82 p/s356 / 1000 [-------------------------------------------------------->_____________________________________________________________________________________________________] 35.60% 82 p/s376 / 1000 [----------------------------------------------------------->__________________________________________________________________________________________________] 37.60% 82 p/s396 / 1000 [-------------------------------------------------------------->_______________________________________________________________________________________________] 39.60% 83 p/s416 / 1000 [----------------------------------------------------------------->____________________________________________________________________________________________] 41.60% 83 p/s436 / 1000 [-------------------------------------------------------------------->_________________________________________________________________________________________] 43.60% 83 p/s456 / 1000 [------------------------------------------------------------------------>_____________________________________________________________________________________] 45.60% 84 p/s476 / 1000 [--------------------------------------------------------------------------->__________________________________________________________________________________] 47.60% 84 p/s496 / 1000 [------------------------------------------------------------------------------>_______________________________________________________________________________] 49.60% 84 p/s516 / 1000 [--------------------------------------------------------------------------------->____________________________________________________________________________] 51.60% 85 p/s536 / 1000 [------------------------------------------------------------------------------------>_________________________________________________________________________] 53.60% 85 p/s556 / 1000 [--------------------------------------------------------------------------------------->______________________________________________________________________] 55.60% 85 p/s576 / 1000 [------------------------------------------------------------------------------------------->__________________________________________________________________] 57.60% 86 p/s596 / 1000 [---------------------------------------------------------------------------------------------->_______________________________________________________________] 59.60% 86 p/s616 / 1000 [------------------------------------------------------------------------------------------------->____________________________________________________________] 61.60% 86 p/s636 / 1000 [---------------------------------------------------------------------------------------------------->_________________________________________________________] 63.60% 87 p/s656 / 1000 [------------------------------------------------------------------------------------------------------->______________________________________________________] 65.60% 87 p/s676 / 1000 [---------------------------------------------------------------------------------------------------------->___________________________________________________] 67.60% 87 p/s696 / 1000 [------------------------------------------------------------------------------------------------------------->________________________________________________] 69.60% 88 p/s716 / 1000 [----------------------------------------------------------------------------------------------------------------->____________________________________________] 71.60% 88 p/s736 / 1000 [-------------------------------------------------------------------------------------------------------------------->_________________________________________] 73.60% 88 p/s756 / 1000 [----------------------------------------------------------------------------------------------------------------------->______________________________________] 75.60% 89 p/s776 / 1000 [-------------------------------------------------------------------------------------------------------------------------->___________________________________] 77.60% 89 p/s796 / 1000 [----------------------------------------------------------------------------------------------------------------------------->________________________________] 79.60% 89 p/s816 / 1000 [-------------------------------------------------------------------------------------------------------------------------------->_____________________________] 81.60% 89 p/s836 / 1000 [------------------------------------------------------------------------------------------------------------------------------------>_________________________] 83.60% 89 p/s856 / 1000 [--------------------------------------------------------------------------------------------------------------------------------------->______________________] 85.60% 89 p/s876 / 1000 [------------------------------------------------------------------------------------------------------------------------------------------>___________________] 87.60% 90 p/s896 / 1000 [--------------------------------------------------------------------------------------------------------------------------------------------->________________] 89.60% 90 p/s916 / 1000 [------------------------------------------------------------------------------------------------------------------------------------------------>_____________] 91.60% 90 p/s936 / 1000 [--------------------------------------------------------------------------------------------------------------------------------------------------->__________] 93.60% 91 p/s956 / 1000 [------------------------------------------------------------------------------------------------------------------------------------------------------->______] 95.60% 91 p/s976 / 1000 [---------------------------------------------------------------------------------------------------------------------------------------------------------->___] 97.60% 91 p/s996 / 1000 [------------------------------------------------------------------------------------------------------------------------------------------------------------->] 99.60% 91 p/s1000 / 1000 [------------------------------------------------------------------------------------------------------------------------------------------------------------] 100.00% 98 p/s
Summary:
  Total:	10.4386 secs.
  Slowest:	0.1720 secs.
  Fastest:	0.0002 secs.
  Average:	0.0012 secs.
  Stddev:	0.0070 secs.
  Requests/sec:	95.7986

Response time histogram:
  0.0002 [1]	|
  0.0174 [991]	|∎∎∎∎∎∎∎∎∎∎∎∎∎∎∎∎∎∎∎∎∎∎∎∎∎∎∎∎∎∎∎∎∎∎∎∎∎∎∎∎
  0.0346 [2]	|
  0.0517 [2]	|
  0.0689 [2]	|
  0.0861 [1]	|
  0.1033 [0]	|
  0.1204 [0]	|
  0.1376 [0]	|
  0.1548 [0]	|
  0.1720 [1]	|

Latency distribution:
  10% in 0.0003 secs.
  25% in 0.0003 secs.
  50% in 0.0004 secs.
  75% in 0.0006 secs.
  90% in 0.0014 secs.
  95% in 0.0019 secs.
  99% in 0.0153 secs.
  99.9% in 0.1720 secs.
