2023/07/02 21:14:29 INFO: [core] [Channel #1 SubChannel #2] Subchannel Connectivity change to CONNECTING
2023/07/02 21:14:29 INFO: [core] [Channel #1 SubChannel #2] Subchannel picks a new address "localhost:2379" to connect
2023/07/02 21:14:29 INFO: [core] [Channel #1 SubChannel #2] Subchannel Connectivity change to READY
2023/07/02 21:14:29 INFO: [roundrobin] roundrobinPicker: Build called with info: {map[0xc0001101c8:{{
  "Addr": "localhost:2379",
  "ServerName": "localhost",
  "Attributes": null,
  "BalancerAttributes": null,
  "Type": 0,
  "Metadata": null
}}]}
2023/07/02 21:14:29 INFO: [core] [Channel #1] Channel Connectivity change to READY
4 / 40 [---------------->__________________________________________________________________________________________________________________________________________________] 10.00% ? p/s8 / 40 [-------------------------------->__________________________________________________________________________________________________________________________________] 20.00% ? p/s12 / 40 [------------------------------------------------>_________________________________________________________________________________________________________________] 30.00% ? p/s15 / 40 [------------------------------------------------------------>____________________________________________________________________________________________________] 37.50% 18 p/s19 / 40 [---------------------------------------------------------------------------->____________________________________________________________________________________] 47.50% 18 p/s23 / 40 [-------------------------------------------------------------------------------------------->____________________________________________________________________] 57.50% 18 p/s26 / 40 [-------------------------------------------------------------------------------------------------------->________________________________________________________] 65.00% 18 p/s30 / 40 [------------------------------------------------------------------------------------------------------------------------>________________________________________] 75.00% 18 p/s32 / 40 [-------------------------------------------------------------------------------------------------------------------------------->________________________________] 80.00% 18 p/s36 / 40 [------------------------------------------------------------------------------------------------------------------------------------------------>________________] 90.00% 18 p/s40 / 40 [----------------------------------------------------------------------------------------------------------------------------------------------------------------] 100.00% 21 p/s
Summary:
  Total:	2.1248 secs.
  Slowest:	0.1700 secs.
  Fastest:	0.0015 secs.
  Average:	0.0429 secs.
  Stddev:	0.0420 secs.
  Requests/sec:	18.8256

Response time histogram:
  0.0015 [1]	|∎∎
  0.0184 [18]	|∎∎∎∎∎∎∎∎∎∎∎∎∎∎∎∎∎∎∎∎∎∎∎∎∎∎∎∎∎∎∎∎∎∎∎∎∎∎∎∎
  0.0352 [1]	|∎∎
  0.0521 [0]	|
  0.0689 [0]	|
  0.0858 [17]	|∎∎∎∎∎∎∎∎∎∎∎∎∎∎∎∎∎∎∎∎∎∎∎∎∎∎∎∎∎∎∎∎∎∎∎∎∎
  0.1026 [2]	|∎∎∎∎
  0.1195 [0]	|
  0.1363 [0]	|
  0.1532 [0]	|
  0.1700 [1]	|∎∎

Latency distribution:
  10% in 0.0019 secs.
  25% in 0.0029 secs.
  50% in 0.0714 secs.
  75% in 0.0748 secs.
  90% in 0.0788 secs.
  95% in 0.0997 secs.

