bench with linearizable range
2023/07/02 21:14:29 INFO: [core] [Channel #1 SubChannel #2] Subchannel Connectivity change to CONNECTING
2023/07/02 21:14:29 INFO: [core] [Channel #1 SubChannel #2] Subchannel picks a new address "localhost:2379" to connect
2023/07/02 21:14:29 INFO: [core] [Channel #1 SubChannel #2] Subchannel Connectivity change to READY
2023/07/02 21:14:29 INFO: [roundrobin] roundrobinPicker: Build called with info: {map[0xc000111998:{{
  "Addr": "localhost:2379",
  "ServerName": "localhost",
  "Attributes": null,
  "BalancerAttributes": null,
  "Type": 0,
  "Metadata": null
}}]}
2023/07/02 21:14:29 INFO: [core] [Channel #1] Channel Connectivity change to READY
4 / 100 [------>____________________________________________________________________________________________________________________________________________________________] 4.00% ? p/s8 / 100 [------------->_____________________________________________________________________________________________________________________________________________________] 8.00% ? p/s12 / 100 [------------------->_____________________________________________________________________________________________________________________________________________] 12.00% ? p/s16 / 100 [------------------------->______________________________________________________________________________________________________________________________________] 16.00% 20 p/s20 / 100 [------------------------------->________________________________________________________________________________________________________________________________] 20.00% 20 p/s24 / 100 [-------------------------------------->_________________________________________________________________________________________________________________________] 24.00% 20 p/s28 / 100 [-------------------------------------------->___________________________________________________________________________________________________________________] 28.00% 20 p/s33 / 100 [---------------------------------------------------->___________________________________________________________________________________________________________] 33.00% 20 p/s39 / 100 [-------------------------------------------------------------->_________________________________________________________________________________________________] 39.00% 20 p/s44 / 100 [---------------------------------------------------------------------->_________________________________________________________________________________________] 44.00% 20 p/s48 / 100 [---------------------------------------------------------------------------->___________________________________________________________________________________] 48.00% 20 p/s52 / 100 [----------------------------------------------------------------------------------->____________________________________________________________________________] 52.00% 20 p/s56 / 100 [----------------------------------------------------------------------------------------->______________________________________________________________________] 56.00% 20 p/s60 / 100 [----------------------------------------------------------------------------------------------->________________________________________________________________] 60.00% 20 p/s65 / 100 [------------------------------------------------------------------------------------------------------->________________________________________________________] 65.00% 20 p/s69 / 100 [-------------------------------------------------------------------------------------------------------------->_________________________________________________] 69.00% 20 p/s75 / 100 [----------------------------------------------------------------------------------------------------------------------->________________________________________] 75.00% 20 p/s79 / 100 [------------------------------------------------------------------------------------------------------------------------------>_________________________________] 79.00% 20 p/s79 / 100 [------------------------------------------------------------------------------------------------------------------------------>_________________________________] 79.00% 20 p/s80 / 100 [------------------------------------------------------------------------------------------------------------------------------->________________________________] 80.00% 20 p/s83 / 100 [------------------------------------------------------------------------------------------------------------------------------------>___________________________] 83.00% 20 p/s87 / 100 [------------------------------------------------------------------------------------------------------------------------------------------->____________________] 87.00% 20 p/s91 / 100 [------------------------------------------------------------------------------------------------------------------------------------------------->______________] 91.00% 20 p/s95 / 100 [------------------------------------------------------------------------------------------------------------------------------------------------------->________] 95.00% 20 p/s100 / 100 [--------------------------------------------------------------------------------------------------------------------------------------------------------------] 100.00% 21 p/s
Summary:
  Total:	4.9284 secs.
  Slowest:	0.3853 secs.
  Fastest:	0.0003 secs.
  Average:	0.0449 secs.
  Stddev:	0.0563 secs.
  Requests/sec:	20.2907

Response time histogram:
  0.0003 [1]	|
  0.0388 [54]	|∎∎∎∎∎∎∎∎∎∎∎∎∎∎∎∎∎∎∎∎∎∎∎∎∎∎∎∎∎∎∎∎∎∎∎∎∎∎∎∎
  0.0773 [2]	|∎
  0.1158 [41]	|∎∎∎∎∎∎∎∎∎∎∎∎∎∎∎∎∎∎∎∎∎∎∎∎∎∎∎∎∎∎
  0.1543 [0]	|
  0.1928 [0]	|
  0.2313 [1]	|
  0.2698 [0]	|
  0.3083 [0]	|
  0.3468 [0]	|
  0.3853 [1]	|

Latency distribution:
  10% in 0.0004 secs.
  25% in 0.0023 secs.
  50% in 0.0047 secs.
  75% in 0.0884 secs.
  90% in 0.0921 secs.
  95% in 0.0937 secs.
  99% in 0.3853 secs.
