2023/06/29 22:13:56 INFO: [core] [Channel #1 SubChannel #2] Subchannel Connectivity change to CONNECTING
2023/06/29 22:13:56 INFO: [core] [Channel #1 SubChannel #2] Subchannel picks a new address "localhost:2379" to connect
2023/06/29 22:13:56 INFO: [core] [Channel #1 SubChannel #2] Subchannel Connectivity change to READY
2023/06/29 22:13:56 INFO: [roundrobin] roundrobinPicker: Build called with info: {map[0xc000012450:{{
  "Addr": "localhost:2379",
  "ServerName": "localhost",
  "Attributes": null,
  "BalancerAttributes": null,
  "Type": 0,
  "Metadata": null
}}]}
2023/06/29 22:13:56 INFO: [core] [Channel #1] Channel Connectivity change to READY
4 / 180 [--->_______________________________________________________________________________________________________________________________________________________________] 2.22% ? p/s8 / 180 [------->___________________________________________________________________________________________________________________________________________________________] 4.44% ? p/s11 / 180 [--------->________________________________________________________________________________________________________________________________________________________] 6.11% ? p/s11 / 180 [--------->_______________________________________________________________________________________________________________________________________________________] 6.11% 12 p/s12 / 180 [---------->______________________________________________________________________________________________________________________________________________________] 6.67% 12 p/s12 / 180 [---------->______________________________________________________________________________________________________________________________________________________] 6.67% 12 p/s12 / 180 [---------->______________________________________________________________________________________________________________________________________________________] 6.67% 11 p/s12 / 180 [---------->______________________________________________________________________________________________________________________________________________________] 6.67% 11 p/s12 / 180 [---------->______________________________________________________________________________________________________________________________________________________] 6.67% 11 p/s14 / 180 [------------>____________________________________________________________________________________________________________________________________________________] 7.78% 11 p/s18 / 180 [--------------->________________________________________________________________________________________________________________________________________________] 10.00% 11 p/s22 / 180 [------------------->____________________________________________________________________________________________________________________________________________] 12.22% 11 p/s26 / 180 [----------------------->________________________________________________________________________________________________________________________________________] 14.44% 11 p/s30 / 180 [-------------------------->_____________________________________________________________________________________________________________________________________] 16.67% 11 p/s34 / 180 [------------------------------>_________________________________________________________________________________________________________________________________] 18.89% 11 p/s38 / 180 [--------------------------------->______________________________________________________________________________________________________________________________] 21.11% 12 p/s42 / 180 [------------------------------------->__________________________________________________________________________________________________________________________] 23.33% 12 p/s46 / 180 [---------------------------------------->_______________________________________________________________________________________________________________________] 25.56% 12 p/s50 / 180 [-------------------------------------------->___________________________________________________________________________________________________________________] 27.78% 12 p/s54 / 180 [----------------------------------------------->________________________________________________________________________________________________________________] 30.00% 12 p/s58 / 180 [--------------------------------------------------->____________________________________________________________________________________________________________] 32.22% 12 p/s62 / 180 [------------------------------------------------------->________________________________________________________________________________________________________] 34.44% 13 p/s66 / 180 [---------------------------------------------------------->_____________________________________________________________________________________________________] 36.67% 13 p/s70 / 180 [-------------------------------------------------------------->_________________________________________________________________________________________________] 38.89% 13 p/s74 / 180 [----------------------------------------------------------------->______________________________________________________________________________________________] 41.11% 13 p/s78 / 180 [--------------------------------------------------------------------->__________________________________________________________________________________________] 43.33% 13 p/s82 / 180 [------------------------------------------------------------------------>_______________________________________________________________________________________] 45.56% 13 p/s86 / 180 [---------------------------------------------------------------------------->___________________________________________________________________________________] 47.78% 14 p/s90 / 180 [------------------------------------------------------------------------------->________________________________________________________________________________] 50.00% 14 p/s94 / 180 [----------------------------------------------------------------------------------->____________________________________________________________________________] 52.22% 14 p/s98 / 180 [--------------------------------------------------------------------------------------->________________________________________________________________________] 54.44% 14 p/s102 / 180 [------------------------------------------------------------------------------------------>____________________________________________________________________] 56.67% 14 p/s106 / 180 [--------------------------------------------------------------------------------------------->_________________________________________________________________] 58.89% 14 p/s110 / 180 [------------------------------------------------------------------------------------------------->_____________________________________________________________] 61.11% 14 p/s114 / 180 [---------------------------------------------------------------------------------------------------->__________________________________________________________] 63.33% 14 p/s118 / 180 [-------------------------------------------------------------------------------------------------------->______________________________________________________] 65.56% 14 p/s122 / 180 [----------------------------------------------------------------------------------------------------------->___________________________________________________] 67.78% 15 p/s126 / 180 [--------------------------------------------------------------------------------------------------------------->_______________________________________________] 70.00% 15 p/s130 / 180 [------------------------------------------------------------------------------------------------------------------>____________________________________________] 72.22% 15 p/s134 / 180 [---------------------------------------------------------------------------------------------------------------------->________________________________________] 74.44% 15 p/s138 / 180 [------------------------------------------------------------------------------------------------------------------------->_____________________________________] 76.67% 15 p/s142 / 180 [----------------------------------------------------------------------------------------------------------------------------->_________________________________] 78.89% 15 p/s146 / 180 [-------------------------------------------------------------------------------------------------------------------------------->______________________________] 81.11% 15 p/s150 / 180 [------------------------------------------------------------------------------------------------------------------------------------>__________________________] 83.33% 15 p/s154 / 180 [---------------------------------------------------------------------------------------------------------------------------------------->______________________] 85.56% 15 p/s158 / 180 [------------------------------------------------------------------------------------------------------------------------------------------->___________________] 87.78% 16 p/s162 / 180 [----------------------------------------------------------------------------------------------------------------------------------------------->_______________] 90.00% 16 p/s166 / 180 [-------------------------------------------------------------------------------------------------------------------------------------------------->____________] 92.22% 16 p/s170 / 180 [------------------------------------------------------------------------------------------------------------------------------------------------------>________] 94.44% 16 p/s174 / 180 [--------------------------------------------------------------------------------------------------------------------------------------------------------->_____] 96.67% 16 p/s178 / 180 [------------------------------------------------------------------------------------------------------------------------------------------------------------->_] 98.89% 16 p/s180 / 180 [--------------------------------------------------------------------------------------------------------------------------------------------------------------] 100.00% 18 p/s
Summary:
  Total:	10.2754 secs.
  Slowest:	0.9998 secs.
  Fastest:	0.0016 secs.
  Average:	0.0100 secs.
  Stddev:	0.0803 secs.
  Requests/sec:	17.5176

Response time histogram:
  0.0016 [1]	|
  0.1014 [177]	|∎∎∎∎∎∎∎∎∎∎∎∎∎∎∎∎∎∎∎∎∎∎∎∎∎∎∎∎∎∎∎∎∎∎∎∎∎∎∎∎
  0.2012 [0]	|
  0.3010 [0]	|
  0.4009 [0]	|
  0.5007 [1]	|
  0.6005 [0]	|
  0.7003 [0]	|
  0.8002 [0]	|
  0.9000 [0]	|
  0.9998 [1]	|

Latency distribution:
  10% in 0.0017 secs.
  25% in 0.0018 secs.
  50% in 0.0019 secs.
  75% in 0.0021 secs.
  90% in 0.0025 secs.
  95% in 0.0040 secs.
  99% in 0.9998 secs.

