bench with linearizable range
2023/06/29 22:13:56 INFO: [core] [Channel #1 SubChannel #2] Subchannel Connectivity change to CONNECTING
2023/06/29 22:13:56 INFO: [core] [Channel #1 SubChannel #2] Subchannel picks a new address "localhost:2379" to connect
2023/06/29 22:13:56 INFO: [core] [Channel #1 SubChannel #2] Subchannel Connectivity change to READY
2023/06/29 22:13:56 INFO: [roundrobin] roundrobinPicker: Build called with info: {map[0xc00011a1c8:{{
  "Addr": "localhost:2379",
  "ServerName": "localhost",
  "Attributes": null,
  "BalancerAttributes": null,
  "Type": 0,
  "Metadata": null
}}]}
2023/06/29 22:13:56 INFO: [core] [Channel #1] Channel Connectivity change to READY
20 / 1000 [--->_____________________________________________________________________________________________________________________________________________________________] 2.00% ? p/s40 / 1000 [------>__________________________________________________________________________________________________________________________________________________________] 4.00% ? p/s58 / 1000 [--------->_______________________________________________________________________________________________________________________________________________________] 5.80% ? p/s59 / 1000 [--------->______________________________________________________________________________________________________________________________________________________] 5.90% 65 p/s60 / 1000 [--------->______________________________________________________________________________________________________________________________________________________] 6.00% 65 p/s61 / 1000 [--------->______________________________________________________________________________________________________________________________________________________] 6.10% 65 p/s61 / 1000 [--------->______________________________________________________________________________________________________________________________________________________] 6.10% 61 p/s61 / 1000 [--------->______________________________________________________________________________________________________________________________________________________] 6.10% 61 p/s62 / 1000 [--------->______________________________________________________________________________________________________________________________________________________] 6.20% 61 p/s62 / 1000 [--------->______________________________________________________________________________________________________________________________________________________] 6.20% 57 p/s62 / 1000 [--------->______________________________________________________________________________________________________________________________________________________] 6.20% 57 p/s81 / 1000 [------------>___________________________________________________________________________________________________________________________________________________] 8.10% 57 p/s100 / 1000 [--------------->______________________________________________________________________________________________________________________________________________] 10.00% 58 p/s120 / 1000 [------------------>___________________________________________________________________________________________________________________________________________] 12.00% 58 p/s140 / 1000 [---------------------->_______________________________________________________________________________________________________________________________________] 14.00% 58 p/s160 / 1000 [------------------------->____________________________________________________________________________________________________________________________________] 16.00% 60 p/s180 / 1000 [---------------------------->_________________________________________________________________________________________________________________________________] 18.00% 60 p/s200 / 1000 [------------------------------->______________________________________________________________________________________________________________________________] 20.00% 60 p/s220 / 1000 [---------------------------------->___________________________________________________________________________________________________________________________] 22.00% 63 p/s240 / 1000 [------------------------------------->________________________________________________________________________________________________________________________] 24.00% 63 p/s260 / 1000 [----------------------------------------->____________________________________________________________________________________________________________________] 26.00% 63 p/s280 / 1000 [-------------------------------------------->_________________________________________________________________________________________________________________] 28.00% 65 p/s300 / 1000 [----------------------------------------------->______________________________________________________________________________________________________________] 30.00% 65 p/s320 / 1000 [-------------------------------------------------->___________________________________________________________________________________________________________] 32.00% 65 p/s340 / 1000 [----------------------------------------------------->________________________________________________________________________________________________________] 34.00% 68 p/s360 / 1000 [-------------------------------------------------------->_____________________________________________________________________________________________________] 36.00% 68 p/s380 / 1000 [------------------------------------------------------------>_________________________________________________________________________________________________] 38.00% 68 p/s400 / 1000 [--------------------------------------------------------------->______________________________________________________________________________________________] 40.00% 70 p/s420 / 1000 [------------------------------------------------------------------>___________________________________________________________________________________________] 42.00% 70 p/s440 / 1000 [--------------------------------------------------------------------->________________________________________________________________________________________] 44.00% 70 p/s460 / 1000 [------------------------------------------------------------------------>_____________________________________________________________________________________] 46.00% 72 p/s480 / 1000 [--------------------------------------------------------------------------->__________________________________________________________________________________] 48.00% 72 p/s500 / 1000 [------------------------------------------------------------------------------>_______________________________________________________________________________] 50.00% 72 p/s520 / 1000 [---------------------------------------------------------------------------------->___________________________________________________________________________] 52.00% 73 p/s540 / 1000 [------------------------------------------------------------------------------------->________________________________________________________________________] 54.00% 73 p/s560 / 1000 [---------------------------------------------------------------------------------------->_____________________________________________________________________] 56.00% 73 p/s580 / 1000 [------------------------------------------------------------------------------------------->__________________________________________________________________] 58.00% 75 p/s601 / 1000 [---------------------------------------------------------------------------------------------->_______________________________________________________________] 60.10% 75 p/s620 / 1000 [------------------------------------------------------------------------------------------------->____________________________________________________________] 62.00% 75 p/s640 / 1000 [----------------------------------------------------------------------------------------------------->________________________________________________________] 64.00% 77 p/s660 / 1000 [-------------------------------------------------------------------------------------------------------->_____________________________________________________] 66.00% 77 p/s680 / 1000 [----------------------------------------------------------------------------------------------------------->__________________________________________________] 68.00% 77 p/s700 / 1000 [-------------------------------------------------------------------------------------------------------------->_______________________________________________] 70.00% 78 p/s720 / 1000 [----------------------------------------------------------------------------------------------------------------->____________________________________________] 72.00% 78 p/s740 / 1000 [-------------------------------------------------------------------------------------------------------------------->_________________________________________] 74.00% 78 p/s760 / 1000 [------------------------------------------------------------------------------------------------------------------------>_____________________________________] 76.00% 80 p/s781 / 1000 [--------------------------------------------------------------------------------------------------------------------------->__________________________________] 78.10% 80 p/s800 / 1000 [------------------------------------------------------------------------------------------------------------------------------>_______________________________] 80.00% 80 p/s820 / 1000 [--------------------------------------------------------------------------------------------------------------------------------->____________________________] 82.00% 81 p/s840 / 1000 [------------------------------------------------------------------------------------------------------------------------------------>_________________________] 84.00% 81 p/s861 / 1000 [---------------------------------------------------------------------------------------------------------------------------------------->_____________________] 86.10% 81 p/s880 / 1000 [------------------------------------------------------------------------------------------------------------------------------------------->__________________] 88.00% 82 p/s900 / 1000 [---------------------------------------------------------------------------------------------------------------------------------------------->_______________] 90.00% 82 p/s920 / 1000 [------------------------------------------------------------------------------------------------------------------------------------------------->____________] 92.00% 82 p/s941 / 1000 [---------------------------------------------------------------------------------------------------------------------------------------------------->_________] 94.10% 83 p/s960 / 1000 [------------------------------------------------------------------------------------------------------------------------------------------------------->______] 96.00% 83 p/s980 / 1000 [---------------------------------------------------------------------------------------------------------------------------------------------------------->___] 98.00% 83 p/s1000 / 1000 [------------------------------------------------------------------------------------------------------------------------------------------------------------] 100.00% 88 p/s
Summary:
  Total:	11.5912 secs.
  Slowest:	0.6112 secs.
  Fastest:	0.0002 secs.
  Average:	0.0021 secs.
  Stddev:	0.0281 secs.
  Requests/sec:	86.2720

Response time histogram:
  0.0002 [1]	|
  0.0613 [994]	|∎∎∎∎∎∎∎∎∎∎∎∎∎∎∎∎∎∎∎∎∎∎∎∎∎∎∎∎∎∎∎∎∎∎∎∎∎∎∎∎
  0.1224 [0]	|
  0.1835 [3]	|
  0.2446 [0]	|
  0.3057 [0]	|
  0.3668 [0]	|
  0.4279 [0]	|
  0.4890 [0]	|
  0.5501 [0]	|
  0.6112 [2]	|

Latency distribution:
  10% in 0.0003 secs.
  25% in 0.0003 secs.
  50% in 0.0004 secs.
  75% in 0.0005 secs.
  90% in 0.0006 secs.
  95% in 0.0007 secs.
  99% in 0.0049 secs.
  99.9% in 0.6112 secs.
