bench with linearizable range
2023/07/02 21:13:47 INFO: [core] [Channel #1 SubChannel #2] Subchannel Connectivity change to CONNECTING
2023/07/02 21:13:47 INFO: [core] [Channel #1 SubChannel #2] Subchannel picks a new address "localhost:2379" to connect
2023/07/02 21:13:47 INFO: [core] [Channel #1 SubChannel #2] Subchannel Connectivity change to READY
2023/07/02 21:13:47 INFO: [roundrobin] roundrobinPicker: Build called with info: {map[0xc0000124f8:{{
  "Addr": "localhost:2379",
  "ServerName": "localhost",
  "Attributes": null,
  "BalancerAttributes": null,
  "Type": 0,
  "Metadata": null
}}]}
2023/07/02 21:13:47 INFO: [core] [Channel #1] Channel Connectivity change to READY
4 / 100 [------>____________________________________________________________________________________________________________________________________________________________] 4.00% ? p/s7 / 100 [----------->_______________________________________________________________________________________________________________________________________________________] 7.00% ? p/s11 / 100 [----------------->_______________________________________________________________________________________________________________________________________________] 11.00% ? p/s16 / 100 [------------------------->______________________________________________________________________________________________________________________________________] 16.00% 20 p/s20 / 100 [------------------------------->________________________________________________________________________________________________________________________________] 20.00% 20 p/s24 / 100 [-------------------------------------->_________________________________________________________________________________________________________________________] 24.00% 20 p/s29 / 100 [---------------------------------------------->_________________________________________________________________________________________________________________] 29.00% 20 p/s34 / 100 [------------------------------------------------------>_________________________________________________________________________________________________________] 34.00% 20 p/s40 / 100 [--------------------------------------------------------------->________________________________________________________________________________________________] 40.00% 20 p/s41 / 100 [----------------------------------------------------------------->______________________________________________________________________________________________] 41.00% 20 p/s45 / 100 [----------------------------------------------------------------------->________________________________________________________________________________________] 45.00% 20 p/s49 / 100 [------------------------------------------------------------------------------>_________________________________________________________________________________] 49.00% 20 p/s50 / 100 [------------------------------------------------------------------------------->________________________________________________________________________________] 50.00% 20 p/s52 / 100 [----------------------------------------------------------------------------------->____________________________________________________________________________] 52.00% 20 p/s52 / 100 [----------------------------------------------------------------------------------->____________________________________________________________________________] 52.00% 20 p/s56 / 100 [----------------------------------------------------------------------------------------->______________________________________________________________________] 56.00% 19 p/s60 / 100 [----------------------------------------------------------------------------------------------->________________________________________________________________] 60.00% 19 p/s64 / 100 [------------------------------------------------------------------------------------------------------>_________________________________________________________] 64.00% 19 p/s68 / 100 [------------------------------------------------------------------------------------------------------------>___________________________________________________] 68.00% 19 p/s73 / 100 [-------------------------------------------------------------------------------------------------------------------->___________________________________________] 73.00% 19 p/s77 / 100 [--------------------------------------------------------------------------------------------------------------------------->____________________________________] 77.00% 19 p/s80 / 100 [------------------------------------------------------------------------------------------------------------------------------->________________________________] 80.00% 19 p/s81 / 100 [--------------------------------------------------------------------------------------------------------------------------------->______________________________] 81.00% 19 p/s83 / 100 [------------------------------------------------------------------------------------------------------------------------------------>___________________________] 83.00% 19 p/s87 / 100 [------------------------------------------------------------------------------------------------------------------------------------------->____________________] 87.00% 19 p/s91 / 100 [------------------------------------------------------------------------------------------------------------------------------------------------->______________] 91.00% 19 p/s95 / 100 [------------------------------------------------------------------------------------------------------------------------------------------------------->________] 95.00% 19 p/s99 / 100 [-------------------------------------------------------------------------------------------------------------------------------------------------------------->_] 99.00% 19 p/s100 / 100 [--------------------------------------------------------------------------------------------------------------------------------------------------------------] 100.00% 18 p/s
Summary:
  Total:	5.6429 secs.
  Slowest:	0.2983 secs.
  Fastest:	0.0003 secs.
  Average:	0.0524 secs.
  Stddev:	0.0617 secs.
  Requests/sec:	17.7214

Response time histogram:
  0.0003 [1]	|
  0.0301 [50]	|∎∎∎∎∎∎∎∎∎∎∎∎∎∎∎∎∎∎∎∎∎∎∎∎∎∎∎∎∎∎∎∎∎∎∎∎∎∎∎∎
  0.0599 [1]	|
  0.0897 [26]	|∎∎∎∎∎∎∎∎∎∎∎∎∎∎∎∎∎∎∎∎
  0.1195 [16]	|∎∎∎∎∎∎∎∎∎∎∎∎
  0.1493 [0]	|
  0.1791 [0]	|
  0.2089 [4]	|∎∎∎
  0.2387 [0]	|
  0.2685 [0]	|
  0.2983 [2]	|∎

Latency distribution:
  10% in 0.0005 secs.
  25% in 0.0025 secs.
  50% in 0.0104 secs.
  75% in 0.0893 secs.
  90% in 0.0936 secs.
  95% in 0.1901 secs.
  99% in 0.2983 secs.
