2023/07/02 21:13:47 INFO: [core] [Channel #1 SubChannel #2] Subchannel Connectivity change to CONNECTING
2023/07/02 21:13:47 INFO: [core] [Channel #1 SubChannel #2] Subchannel picks a new address "localhost:2379" to connect
2023/07/02 21:13:47 INFO: [core] [Channel #1 SubChannel #2] Subchannel Connectivity change to READY
2023/07/02 21:13:47 INFO: [roundrobin] roundrobinPicker: Build called with info: {map[0xc000110228:{{
  "Addr": "localhost:2379",
  "ServerName": "localhost",
  "Attributes": null,
  "BalancerAttributes": null,
  "Type": 0,
  "Metadata": null
}}]}
2023/07/02 21:13:47 INFO: [core] [Channel #1] Channel Connectivity change to READY
4 / 40 [---------------->__________________________________________________________________________________________________________________________________________________] 10.00% ? p/s6 / 40 [------------------------>__________________________________________________________________________________________________________________________________________] 15.00% ? p/s9 / 40 [------------------------------------>______________________________________________________________________________________________________________________________] 22.50% ? p/s13 / 40 [---------------------------------------------------->____________________________________________________________________________________________________________] 32.50% 15 p/s17 / 40 [-------------------------------------------------------------------->____________________________________________________________________________________________] 42.50% 15 p/s19 / 40 [---------------------------------------------------------------------------->____________________________________________________________________________________] 47.50% 15 p/s23 / 40 [-------------------------------------------------------------------------------------------->____________________________________________________________________] 57.50% 15 p/s27 / 40 [------------------------------------------------------------------------------------------------------------>____________________________________________________] 67.50% 15 p/s31 / 40 [---------------------------------------------------------------------------------------------------------------------------->____________________________________] 77.50% 15 p/s32 / 40 [-------------------------------------------------------------------------------------------------------------------------------->________________________________] 80.00% 15 p/s35 / 40 [-------------------------------------------------------------------------------------------------------------------------------------------->____________________] 87.50% 15 p/s38 / 40 [-------------------------------------------------------------------------------------------------------------------------------------------------------->________] 95.00% 15 p/s40 / 40 [----------------------------------------------------------------------------------------------------------------------------------------------------------------] 100.00% 18 p/s
Summary:
  Total:	2.4408 secs.
  Slowest:	0.2017 secs.
  Fastest:	0.0018 secs.
  Average:	0.0516 secs.
  Stddev:	0.0522 secs.
  Requests/sec:	16.3880

Response time histogram:
  0.0018 [1]	|∎∎
  0.0218 [17]	|∎∎∎∎∎∎∎∎∎∎∎∎∎∎∎∎∎∎∎∎∎∎∎∎∎∎∎∎∎∎∎∎∎∎∎∎∎∎∎∎
  0.0417 [1]	|∎∎
  0.0617 [0]	|
  0.0817 [15]	|∎∎∎∎∎∎∎∎∎∎∎∎∎∎∎∎∎∎∎∎∎∎∎∎∎∎∎∎∎∎∎∎∎∎∎
  0.1017 [2]	|∎∎∎∎
  0.1217 [1]	|∎∎
  0.1417 [0]	|
  0.1617 [0]	|
  0.1817 [2]	|∎∎∎∎
  0.2017 [1]	|∎∎

Latency distribution:
  10% in 0.0022 secs.
  25% in 0.0032 secs.
  50% in 0.0714 secs.
  75% in 0.0763 secs.
  90% in 0.1040 secs.
  95% in 0.1746 secs.

