2023/07/02 21:13:40 INFO: [core] [Channel #1 SubChannel #2] Subchannel Connectivity change to CONNECTING
2023/07/02 21:13:40 INFO: [core] [Channel #1 SubChannel #2] Subchannel picks a new address "localhost:2379" to connect
2023/07/02 21:13:40 INFO: [core] [Channel #1 SubChannel #2] Subchannel Connectivity change to READY
2023/07/02 21:13:40 INFO: [roundrobin] roundrobinPicker: Build called with info: {map[0xc000110000:{{
  "Addr": "localhost:2379",
  "ServerName": "localhost",
  "Attributes": null,
  "BalancerAttributes": null,
  "Type": 0,
  "Metadata": null
}}]}
2023/07/02 21:13:40 INFO: [core] [Channel #1] Channel Connectivity change to READY
4 / 40 [---------------->__________________________________________________________________________________________________________________________________________________] 10.00% ? p/s7 / 40 [---------------------------->______________________________________________________________________________________________________________________________________] 17.50% ? p/s10 / 40 [---------------------------------------->_________________________________________________________________________________________________________________________] 25.00% ? p/s14 / 40 [-------------------------------------------------------->________________________________________________________________________________________________________] 35.00% 17 p/s18 / 40 [------------------------------------------------------------------------>________________________________________________________________________________________] 45.00% 17 p/s22 / 40 [---------------------------------------------------------------------------------------->________________________________________________________________________] 55.00% 17 p/s26 / 40 [-------------------------------------------------------------------------------------------------------->________________________________________________________] 65.00% 17 p/s30 / 40 [------------------------------------------------------------------------------------------------------------------------>________________________________________] 75.00% 17 p/s34 / 40 [---------------------------------------------------------------------------------------------------------------------------------------->________________________] 85.00% 17 p/s38 / 40 [-------------------------------------------------------------------------------------------------------------------------------------------------------->________] 95.00% 17 p/s40 / 40 [----------------------------------------------------------------------------------------------------------------------------------------------------------------] 100.00% 22 p/s
Summary:
  Total:	2.0565 secs.
  Slowest:	0.1027 secs.
  Fastest:	0.0017 secs.
  Average:	0.0415 secs.
  Stddev:	0.0369 secs.
  Requests/sec:	19.4507

Response time histogram:
  0.0017 [1]	|∎∎
  0.0118 [18]	|∎∎∎∎∎∎∎∎∎∎∎∎∎∎∎∎∎∎∎∎∎∎∎∎∎∎∎∎∎∎∎∎∎∎∎∎∎∎∎∎
  0.0219 [0]	|
  0.0320 [0]	|
  0.0421 [0]	|
  0.0522 [0]	|
  0.0623 [1]	|∎∎
  0.0724 [3]	|∎∎∎∎∎∎
  0.0825 [15]	|∎∎∎∎∎∎∎∎∎∎∎∎∎∎∎∎∎∎∎∎∎∎∎∎∎∎∎∎∎∎∎∎∎
  0.0926 [0]	|
  0.1027 [2]	|∎∎∎∎

Latency distribution:
  10% in 0.0022 secs.
  25% in 0.0030 secs.
  50% in 0.0712 secs.
  75% in 0.0746 secs.
  90% in 0.0777 secs.
  95% in 0.0975 secs.

