bench with linearizable range
2023/07/02 21:13:40 INFO: [core] [Channel #1 SubChannel #2] Subchannel Connectivity change to CONNECTING
2023/07/02 21:13:40 INFO: [core] [Channel #1 SubChannel #2] Subchannel picks a new address "localhost:2379" to connect
2023/07/02 21:13:40 INFO: [core] [Channel #1 SubChannel #2] Subchannel Connectivity change to READY
2023/07/02 21:13:40 INFO: [roundrobin] roundrobinPicker: Build called with info: {map[0xc000012558:{{
  "Addr": "localhost:2379",
  "ServerName": "localhost",
  "Attributes": null,
  "BalancerAttributes": null,
  "Type": 0,
  "Metadata": null
}}]}
2023/07/02 21:13:40 INFO: [core] [Channel #1] Channel Connectivity change to READY
4 / 100 [------>____________________________________________________________________________________________________________________________________________________________] 4.00% ? p/s7 / 100 [----------->_______________________________________________________________________________________________________________________________________________________] 7.00% ? p/s10 / 100 [---------------->________________________________________________________________________________________________________________________________________________] 10.00% ? p/s15 / 100 [----------------------->________________________________________________________________________________________________________________________________________] 15.00% 18 p/s20 / 100 [------------------------------->________________________________________________________________________________________________________________________________] 20.00% 18 p/s24 / 100 [-------------------------------------->_________________________________________________________________________________________________________________________] 24.00% 18 p/s28 / 100 [-------------------------------------------->___________________________________________________________________________________________________________________] 28.00% 19 p/s32 / 100 [--------------------------------------------------->____________________________________________________________________________________________________________] 32.00% 19 p/s36 / 100 [--------------------------------------------------------->______________________________________________________________________________________________________] 36.00% 19 p/s40 / 100 [--------------------------------------------------------------->________________________________________________________________________________________________] 40.00% 19 p/s45 / 100 [----------------------------------------------------------------------->________________________________________________________________________________________] 45.00% 19 p/s48 / 100 [---------------------------------------------------------------------------->___________________________________________________________________________________] 48.00% 19 p/s49 / 100 [------------------------------------------------------------------------------>_________________________________________________________________________________] 49.00% 18 p/s53 / 100 [------------------------------------------------------------------------------------>___________________________________________________________________________] 53.00% 18 p/s58 / 100 [-------------------------------------------------------------------------------------------->___________________________________________________________________] 58.00% 18 p/s61 / 100 [------------------------------------------------------------------------------------------------->______________________________________________________________] 61.00% 19 p/s63 / 100 [---------------------------------------------------------------------------------------------------->___________________________________________________________] 63.00% 19 p/s67 / 100 [----------------------------------------------------------------------------------------------------------->____________________________________________________] 67.00% 19 p/s72 / 100 [------------------------------------------------------------------------------------------------------------------->____________________________________________] 72.00% 18 p/s75 / 100 [----------------------------------------------------------------------------------------------------------------------->________________________________________] 75.00% 18 p/s79 / 100 [------------------------------------------------------------------------------------------------------------------------------>_________________________________] 79.00% 18 p/s82 / 100 [----------------------------------------------------------------------------------------------------------------------------------->____________________________] 82.00% 18 p/s86 / 100 [----------------------------------------------------------------------------------------------------------------------------------------->______________________] 86.00% 18 p/s90 / 100 [----------------------------------------------------------------------------------------------------------------------------------------------->________________] 90.00% 18 p/s94 / 100 [------------------------------------------------------------------------------------------------------------------------------------------------------>_________] 94.00% 18 p/s97 / 100 [----------------------------------------------------------------------------------------------------------------------------------------------------------->____] 97.00% 18 p/s100 / 100 [--------------------------------------------------------------------------------------------------------------------------------------------------------------] 100.00% 19 p/s
Summary:
  Total:	5.3518 secs.
  Slowest:	0.1900 secs.
  Fastest:	0.0003 secs.
  Average:	0.0497 secs.
  Stddev:	0.0493 secs.
  Requests/sec:	18.6854

Response time histogram:
  0.0003 [1]	|
  0.0192 [48]	|∎∎∎∎∎∎∎∎∎∎∎∎∎∎∎∎∎∎∎∎∎∎∎∎∎∎∎∎∎∎∎∎∎∎∎∎∎∎∎∎
  0.0382 [0]	|
  0.0572 [1]	|
  0.0762 [0]	|
  0.0951 [39]	|∎∎∎∎∎∎∎∎∎∎∎∎∎∎∎∎∎∎∎∎∎∎∎∎∎∎∎∎∎∎∎∎
  0.1141 [8]	|∎∎∎∎∎∎
  0.1331 [0]	|
  0.1521 [0]	|
  0.1711 [0]	|
  0.1900 [3]	|∎∎

Latency distribution:
  10% in 0.0004 secs.
  25% in 0.0028 secs.
  50% in 0.0781 secs.
  75% in 0.0897 secs.
  90% in 0.0970 secs.
  95% in 0.1031 secs.
  99% in 0.1900 secs.
