2023/07/02 21:13:52 INFO: [core] [Channel #1 SubChannel #2] Subchannel Connectivity change to CONNECTING
2023/07/02 21:13:52 INFO: [core] [Channel #1 SubChannel #2] Subchannel picks a new address "localhost:2379" to connect
2023/07/02 21:13:52 INFO: [core] [Channel #1 SubChannel #2] Subchannel Connectivity change to READY
2023/07/02 21:13:52 INFO: [roundrobin] roundrobinPicker: Build called with info: {map[0xc000110078:{{
  "Addr": "localhost:2379",
  "ServerName": "localhost",
  "Attributes": null,
  "BalancerAttributes": null,
  "Type": 0,
  "Metadata": null
}}]}
2023/07/02 21:13:52 INFO: [core] [Channel #1] Channel Connectivity change to READY
3 / 40 [------------>_______________________________________________________________________________________________________________________________________________________] 7.50% ? p/s6 / 40 [------------------------>__________________________________________________________________________________________________________________________________________] 15.00% ? p/s10 / 40 [---------------------------------------->_________________________________________________________________________________________________________________________] 25.00% ? p/s14 / 40 [-------------------------------------------------------->________________________________________________________________________________________________________] 35.00% 18 p/s18 / 40 [------------------------------------------------------------------------>________________________________________________________________________________________] 45.00% 18 p/s20 / 40 [-------------------------------------------------------------------------------->________________________________________________________________________________] 50.00% 18 p/s23 / 40 [-------------------------------------------------------------------------------------------->____________________________________________________________________] 57.50% 18 p/s27 / 40 [------------------------------------------------------------------------------------------------------------>____________________________________________________] 67.50% 18 p/s30 / 40 [------------------------------------------------------------------------------------------------------------------------>________________________________________] 75.00% 18 p/s34 / 40 [---------------------------------------------------------------------------------------------------------------------------------------->________________________] 85.00% 18 p/s38 / 40 [-------------------------------------------------------------------------------------------------------------------------------------------------------->________] 95.00% 18 p/s40 / 40 [----------------------------------------------------------------------------------------------------------------------------------------------------------------] 100.00% 19 p/s
Summary:
  Total:	2.3292 secs.
  Slowest:	0.1752 secs.
  Fastest:	0.0019 secs.
  Average:	0.0487 secs.
  Stddev:	0.0432 secs.
  Requests/sec:	17.1735

Response time histogram:
  0.0019 [1]	|∎∎
  0.0192 [16]	|∎∎∎∎∎∎∎∎∎∎∎∎∎∎∎∎∎∎∎∎∎∎∎∎∎∎∎∎∎∎∎∎∎∎∎∎∎∎∎∎
  0.0365 [1]	|∎∎
  0.0539 [0]	|
  0.0712 [1]	|∎∎
  0.0885 [15]	|∎∎∎∎∎∎∎∎∎∎∎∎∎∎∎∎∎∎∎∎∎∎∎∎∎∎∎∎∎∎∎∎∎∎∎∎∎
  0.1059 [5]	|∎∎∎∎∎∎∎∎∎∎∎∎
  0.1232 [0]	|
  0.1405 [0]	|
  0.1579 [0]	|
  0.1752 [1]	|∎∎

Latency distribution:
  10% in 0.0025 secs.
  25% in 0.0030 secs.
  50% in 0.0729 secs.
  75% in 0.0763 secs.
  90% in 0.0972 secs.
  95% in 0.1031 secs.

