bench with linearizable range
2023/07/02 21:13:52 INFO: [core] [Channel #1 SubChannel #2] Subchannel Connectivity change to CONNECTING
2023/07/02 21:13:52 INFO: [core] [Channel #1 SubChannel #2] Subchannel picks a new address "localhost:2379" to connect
2023/07/02 21:13:52 INFO: [core] [Channel #1 SubChannel #2] Subchannel Connectivity change to READY
2023/07/02 21:13:52 INFO: [roundrobin] roundrobinPicker: Build called with info: {map[0xc000012138:{{
  "Addr": "localhost:2379",
  "ServerName": "localhost",
  "Attributes": null,
  "BalancerAttributes": null,
  "Type": 0,
  "Metadata": null
}}]}
2023/07/02 21:13:52 INFO: [core] [Channel #1] Channel Connectivity change to READY
3 / 100 [---->______________________________________________________________________________________________________________________________________________________________] 3.00% ? p/s7 / 100 [----------->_______________________________________________________________________________________________________________________________________________________] 7.00% ? p/s11 / 100 [----------------->_______________________________________________________________________________________________________________________________________________] 11.00% ? p/s15 / 100 [----------------------->________________________________________________________________________________________________________________________________________] 15.00% 20 p/s19 / 100 [------------------------------>_________________________________________________________________________________________________________________________________] 19.00% 20 p/s24 / 100 [-------------------------------------->_________________________________________________________________________________________________________________________] 24.00% 20 p/s28 / 100 [-------------------------------------------->___________________________________________________________________________________________________________________] 28.00% 20 p/s32 / 100 [--------------------------------------------------->____________________________________________________________________________________________________________] 32.00% 20 p/s36 / 100 [--------------------------------------------------------->______________________________________________________________________________________________________] 36.00% 20 p/s40 / 100 [--------------------------------------------------------------->________________________________________________________________________________________________] 40.00% 20 p/s46 / 100 [------------------------------------------------------------------------->______________________________________________________________________________________] 46.00% 20 p/s50 / 100 [------------------------------------------------------------------------------->________________________________________________________________________________] 50.00% 20 p/s55 / 100 [--------------------------------------------------------------------------------------->________________________________________________________________________] 55.00% 20 p/s59 / 100 [---------------------------------------------------------------------------------------------->_________________________________________________________________] 59.00% 20 p/s64 / 100 [------------------------------------------------------------------------------------------------------>_________________________________________________________] 64.00% 20 p/s68 / 100 [------------------------------------------------------------------------------------------------------------>___________________________________________________] 68.00% 20 p/s72 / 100 [------------------------------------------------------------------------------------------------------------------->____________________________________________] 72.00% 20 p/s77 / 100 [--------------------------------------------------------------------------------------------------------------------------->____________________________________] 77.00% 20 p/s84 / 100 [-------------------------------------------------------------------------------------------------------------------------------------->_________________________] 84.00% 21 p/s93 / 100 [---------------------------------------------------------------------------------------------------------------------------------------------------->___________] 93.00% 21 p/s100 / 100 [--------------------------------------------------------------------------------------------------------------------------------------------------------------] 100.00% 25 p/s
Summary:
  Total:	4.1354 secs.
  Slowest:	0.1031 secs.
  Fastest:	0.0002 secs.
  Average:	0.0368 secs.
  Stddev:	0.0412 secs.
  Requests/sec:	24.1814

Response time histogram:
  0.0002 [1]	|
  0.0105 [57]	|∎∎∎∎∎∎∎∎∎∎∎∎∎∎∎∎∎∎∎∎∎∎∎∎∎∎∎∎∎∎∎∎∎∎∎∎∎∎∎∎
  0.0208 [0]	|
  0.0311 [0]	|
  0.0414 [1]	|
  0.0517 [0]	|
  0.0619 [1]	|
  0.0722 [4]	|∎∎
  0.0825 [7]	|∎∎∎∎
  0.0928 [24]	|∎∎∎∎∎∎∎∎∎∎∎∎∎∎∎∎
  0.1031 [5]	|∎∎∎

Latency distribution:
  10% in 0.0003 secs.
  25% in 0.0020 secs.
  50% in 0.0046 secs.
  75% in 0.0860 secs.
  90% in 0.0914 secs.
  95% in 0.0929 secs.
  99% in 0.1031 secs.
