2023/07/02 21:14:38 INFO: [core] [Channel #1 SubChannel #2] Subchannel Connectivity change to CONNECTING
2023/07/02 21:14:38 INFO: [core] [Channel #1 SubChannel #2] Subchannel picks a new address "localhost:2379" to connect
2023/07/02 21:14:38 INFO: [core] [Channel #1 SubChannel #2] Subchannel Connectivity change to READY
2023/07/02 21:14:38 INFO: [roundrobin] roundrobinPicker: Build called with info: {map[0xc000111c80:{{
  "Addr": "localhost:2379",
  "ServerName": "localhost",
  "Attributes": null,
  "BalancerAttributes": null,
  "Type": 0,
  "Metadata": null
}}]}
2023/07/02 21:14:38 INFO: [core] [Channel #1] Channel Connectivity change to READY
4 / 40 [---------------->__________________________________________________________________________________________________________________________________________________] 10.00% ? p/s8 / 40 [-------------------------------->__________________________________________________________________________________________________________________________________] 20.00% ? p/s12 / 40 [------------------------------------------------>_________________________________________________________________________________________________________________] 30.00% ? p/s16 / 40 [---------------------------------------------------------------->________________________________________________________________________________________________] 40.00% 20 p/s19 / 40 [---------------------------------------------------------------------------->____________________________________________________________________________________] 47.50% 20 p/s24 / 40 [------------------------------------------------------------------------------------------------>________________________________________________________________] 60.00% 20 p/s27 / 40 [------------------------------------------------------------------------------------------------------------>____________________________________________________] 67.50% 20 p/s30 / 40 [------------------------------------------------------------------------------------------------------------------------>________________________________________] 75.00% 20 p/s35 / 40 [-------------------------------------------------------------------------------------------------------------------------------------------->____________________] 87.50% 20 p/s39 / 40 [------------------------------------------------------------------------------------------------------------------------------------------------------------>____] 97.50% 20 p/s40 / 40 [----------------------------------------------------------------------------------------------------------------------------------------------------------------] 100.00% 21 p/s
Summary:
  Total:	2.0966 secs.
  Slowest:	0.0972 secs.
  Fastest:	0.0017 secs.
  Average:	0.0418 secs.
  Stddev:	0.0371 secs.
  Requests/sec:	19.0783

Response time histogram:
  0.0017 [1]	|∎∎
  0.0112 [18]	|∎∎∎∎∎∎∎∎∎∎∎∎∎∎∎∎∎∎∎∎∎∎∎∎∎∎∎∎∎∎∎∎∎∎∎∎∎∎∎∎
  0.0208 [0]	|
  0.0303 [0]	|
  0.0399 [0]	|
  0.0495 [0]	|
  0.0590 [0]	|
  0.0686 [0]	|
  0.0781 [17]	|∎∎∎∎∎∎∎∎∎∎∎∎∎∎∎∎∎∎∎∎∎∎∎∎∎∎∎∎∎∎∎∎∎∎∎∎∎
  0.0877 [2]	|∎∎∎∎
  0.0972 [2]	|∎∎∎∎

Latency distribution:
  10% in 0.0025 secs.
  25% in 0.0032 secs.
  50% in 0.0717 secs.
  75% in 0.0756 secs.
  90% in 0.0781 secs.
  95% in 0.0946 secs.

