bench with linearizable range
2023/07/02 21:14:38 INFO: [core] [Channel #1 SubChannel #2] Subchannel Connectivity change to CONNECTING
2023/07/02 21:14:38 INFO: [core] [Channel #1 SubChannel #2] Subchannel picks a new address "localhost:2379" to connect
2023/07/02 21:14:38 INFO: [core] [Channel #1 SubChannel #2] Subchannel Connectivity change to READY
2023/07/02 21:14:38 INFO: [roundrobin] roundrobinPicker: Build called with info: {map[0xc000388390:{{
  "Addr": "localhost:2379",
  "ServerName": "localhost",
  "Attributes": null,
  "BalancerAttributes": null,
  "Type": 0,
  "Metadata": null
}}]}
2023/07/02 21:14:38 INFO: [core] [Channel #1] Channel Connectivity change to READY
4 / 100 [------>____________________________________________________________________________________________________________________________________________________________] 4.00% ? p/s9 / 100 [-------------->____________________________________________________________________________________________________________________________________________________] 9.00% ? p/s13 / 100 [-------------------->____________________________________________________________________________________________________________________________________________] 13.00% ? p/s17 / 100 [--------------------------->____________________________________________________________________________________________________________________________________] 17.00% 22 p/s21 / 100 [--------------------------------->______________________________________________________________________________________________________________________________] 21.00% 22 p/s25 / 100 [--------------------------------------->________________________________________________________________________________________________________________________] 25.00% 22 p/s29 / 100 [---------------------------------------------->_________________________________________________________________________________________________________________] 29.00% 22 p/s33 / 100 [---------------------------------------------------->___________________________________________________________________________________________________________] 33.00% 22 p/s38 / 100 [------------------------------------------------------------>___________________________________________________________________________________________________] 38.00% 22 p/s42 / 100 [------------------------------------------------------------------->____________________________________________________________________________________________] 42.00% 22 p/s48 / 100 [---------------------------------------------------------------------------->___________________________________________________________________________________] 48.00% 22 p/s52 / 100 [----------------------------------------------------------------------------------->____________________________________________________________________________] 52.00% 22 p/s59 / 100 [---------------------------------------------------------------------------------------------->_________________________________________________________________] 59.00% 22 p/s67 / 100 [----------------------------------------------------------------------------------------------------------->____________________________________________________] 67.00% 22 p/s80 / 100 [------------------------------------------------------------------------------------------------------------------------------->________________________________] 80.00% 22 p/s90 / 100 [----------------------------------------------------------------------------------------------------------------------------------------------->________________] 90.00% 24 p/s100 / 100 [--------------------------------------------------------------------------------------------------------------------------------------------------------------] 100.00% 32 p/s
Summary:
  Total:	3.3131 secs.
  Slowest:	0.0987 secs.
  Fastest:	0.0003 secs.
  Average:	0.0273 secs.
  Stddev:	0.0384 secs.
  Requests/sec:	30.1837

Response time histogram:
  0.0003 [1]	|
  0.0101 [66]	|∎∎∎∎∎∎∎∎∎∎∎∎∎∎∎∎∎∎∎∎∎∎∎∎∎∎∎∎∎∎∎∎∎∎∎∎∎∎∎∎
  0.0200 [0]	|
  0.0298 [3]	|∎
  0.0397 [0]	|
  0.0495 [0]	|
  0.0593 [0]	|
  0.0692 [1]	|
  0.0790 [5]	|∎∎∎
  0.0889 [11]	|∎∎∎∎∎∎
  0.0987 [13]	|∎∎∎∎∎∎∎

Latency distribution:
  10% in 0.0004 secs.
  25% in 0.0005 secs.
  50% in 0.0024 secs.
  75% in 0.0780 secs.
  90% in 0.0897 secs.
  95% in 0.0914 secs.
  99% in 0.0987 secs.
