bench with linearizable range
2023/07/02 21:14:31 INFO: [core] [Channel #1 SubChannel #2] Subchannel Connectivity change to CONNECTING
2023/07/02 21:14:31 INFO: [core] [Channel #1 SubChannel #2] Subchannel picks a new address "localhost:2379" to connect
2023/07/02 21:14:31 INFO: [core] [Channel #1 SubChannel #2] Subchannel Connectivity change to READY
2023/07/02 21:14:31 INFO: [roundrobin] roundrobinPicker: Build called with info: {map[0xc000388138:{{
  "Addr": "localhost:2379",
  "ServerName": "localhost",
  "Attributes": null,
  "BalancerAttributes": null,
  "Type": 0,
  "Metadata": null
}}]}
2023/07/02 21:14:31 INFO: [core] [Channel #1] Channel Connectivity change to READY
4 / 100 [------>____________________________________________________________________________________________________________________________________________________________] 4.00% ? p/s8 / 100 [------------->_____________________________________________________________________________________________________________________________________________________] 8.00% ? p/s12 / 100 [------------------->_____________________________________________________________________________________________________________________________________________] 12.00% ? p/s16 / 100 [------------------------->______________________________________________________________________________________________________________________________________] 16.00% 20 p/s21 / 100 [--------------------------------->______________________________________________________________________________________________________________________________] 21.00% 20 p/s25 / 100 [--------------------------------------->________________________________________________________________________________________________________________________] 25.00% 20 p/s31 / 100 [------------------------------------------------->______________________________________________________________________________________________________________] 31.00% 20 p/s35 / 100 [------------------------------------------------------->________________________________________________________________________________________________________] 35.00% 20 p/s35 / 100 [------------------------------------------------------->________________________________________________________________________________________________________] 35.00% 20 p/s36 / 100 [--------------------------------------------------------->______________________________________________________________________________________________________] 36.00% 20 p/s39 / 100 [-------------------------------------------------------------->_________________________________________________________________________________________________] 39.00% 20 p/s43 / 100 [-------------------------------------------------------------------->___________________________________________________________________________________________] 43.00% 20 p/s47 / 100 [--------------------------------------------------------------------------->____________________________________________________________________________________] 47.00% 19 p/s50 / 100 [------------------------------------------------------------------------------->________________________________________________________________________________] 50.00% 19 p/s55 / 100 [--------------------------------------------------------------------------------------->________________________________________________________________________] 55.00% 19 p/s59 / 100 [---------------------------------------------------------------------------------------------->_________________________________________________________________] 59.00% 20 p/s63 / 100 [---------------------------------------------------------------------------------------------------->___________________________________________________________] 63.00% 20 p/s68 / 100 [------------------------------------------------------------------------------------------------------------>___________________________________________________] 68.00% 20 p/s72 / 100 [------------------------------------------------------------------------------------------------------------------->____________________________________________] 72.00% 20 p/s76 / 100 [------------------------------------------------------------------------------------------------------------------------->______________________________________] 76.00% 20 p/s80 / 100 [------------------------------------------------------------------------------------------------------------------------------->________________________________] 80.00% 20 p/s84 / 100 [-------------------------------------------------------------------------------------------------------------------------------------->_________________________] 84.00% 20 p/s89 / 100 [---------------------------------------------------------------------------------------------------------------------------------------------->_________________] 89.00% 20 p/s93 / 100 [---------------------------------------------------------------------------------------------------------------------------------------------------->___________] 93.00% 20 p/s98 / 100 [------------------------------------------------------------------------------------------------------------------------------------------------------------>___] 98.00% 20 p/s100 / 100 [--------------------------------------------------------------------------------------------------------------------------------------------------------------] 100.00% 21 p/s
Summary:
  Total:	5.0195 secs.
  Slowest:	0.3860 secs.
  Fastest:	0.0002 secs.
  Average:	0.0459 secs.
  Stddev:	0.0549 secs.
  Requests/sec:	19.9224

Response time histogram:
  0.0002 [1]	|
  0.0388 [52]	|∎∎∎∎∎∎∎∎∎∎∎∎∎∎∎∎∎∎∎∎∎∎∎∎∎∎∎∎∎∎∎∎∎∎∎∎∎∎∎∎
  0.0774 [4]	|∎∎∎
  0.1160 [42]	|∎∎∎∎∎∎∎∎∎∎∎∎∎∎∎∎∎∎∎∎∎∎∎∎∎∎∎∎∎∎∎∎
  0.1545 [0]	|
  0.1931 [0]	|
  0.2317 [0]	|
  0.2703 [0]	|
  0.3088 [0]	|
  0.3474 [0]	|
  0.3860 [1]	|

Latency distribution:
  10% in 0.0004 secs.
  25% in 0.0020 secs.
  50% in 0.0068 secs.
  75% in 0.0892 secs.
  90% in 0.0920 secs.
  95% in 0.0988 secs.
  99% in 0.3860 secs.
