2023/07/02 21:14:31 INFO: [core] [Channel #1 SubChannel #2] Subchannel Connectivity change to CONNECTING
2023/07/02 21:14:31 INFO: [core] [Channel #1 SubChannel #2] Subchannel picks a new address "localhost:2379" to connect
2023/07/02 21:14:31 INFO: [core] [Channel #1 SubChannel #2] Subchannel Connectivity change to READY
2023/07/02 21:14:31 INFO: [roundrobin] roundrobinPicker: Build called with info: {map[0xc000116018:{{
  "Addr": "localhost:2379",
  "ServerName": "localhost",
  "Attributes": null,
  "BalancerAttributes": null,
  "Type": 0,
  "Metadata": null
}}]}
2023/07/02 21:14:31 INFO: [core] [Channel #1] Channel Connectivity change to READY
3 / 40 [------------>_______________________________________________________________________________________________________________________________________________________] 7.50% ? p/s7 / 40 [---------------------------->______________________________________________________________________________________________________________________________________] 17.50% ? p/s11 / 40 [-------------------------------------------->_____________________________________________________________________________________________________________________] 27.50% ? p/s14 / 40 [-------------------------------------------------------->________________________________________________________________________________________________________] 35.00% 18 p/s18 / 40 [------------------------------------------------------------------------>________________________________________________________________________________________] 45.00% 18 p/s22 / 40 [---------------------------------------------------------------------------------------->________________________________________________________________________] 55.00% 18 p/s26 / 40 [-------------------------------------------------------------------------------------------------------->________________________________________________________] 65.00% 18 p/s29 / 40 [-------------------------------------------------------------------------------------------------------------------->____________________________________________] 72.50% 18 p/s29 / 40 [-------------------------------------------------------------------------------------------------------------------->____________________________________________] 72.50% 18 p/s30 / 40 [------------------------------------------------------------------------------------------------------------------------>________________________________________] 75.00% 18 p/s32 / 40 [-------------------------------------------------------------------------------------------------------------------------------->________________________________] 80.00% 18 p/s36 / 40 [------------------------------------------------------------------------------------------------------------------------------------------------>________________] 90.00% 18 p/s40 / 40 [----------------------------------------------------------------------------------------------------------------------------------------------------------------] 100.00% 17 p/s
Summary:
  Total:	2.5188 secs.
  Slowest:	0.3963 secs.
  Fastest:	0.0015 secs.
  Average:	0.0533 secs.
  Stddev:	0.0700 secs.
  Requests/sec:	15.8804

Response time histogram:
  0.0015 [1]	|∎∎
  0.0410 [18]	|∎∎∎∎∎∎∎∎∎∎∎∎∎∎∎∎∎∎∎∎∎∎∎∎∎∎∎∎∎∎∎∎∎∎∎∎∎∎∎∎
  0.0805 [17]	|∎∎∎∎∎∎∎∎∎∎∎∎∎∎∎∎∎∎∎∎∎∎∎∎∎∎∎∎∎∎∎∎∎∎∎∎∎
  0.1200 [2]	|∎∎∎∎
  0.1594 [0]	|
  0.1989 [1]	|∎∎
  0.2384 [0]	|
  0.2779 [0]	|
  0.3173 [0]	|
  0.3568 [0]	|
  0.3963 [1]	|∎∎

Latency distribution:
  10% in 0.0025 secs.
  25% in 0.0041 secs.
  50% in 0.0718 secs.
  75% in 0.0757 secs.
  90% in 0.0924 secs.
  95% in 0.1971 secs.

