2023/07/02 21:14:26 INFO: [core] [Channel #1 SubChannel #2] Subchannel Connectivity change to CONNECTING
2023/07/02 21:14:26 INFO: [core] [Channel #1 SubChannel #2] Subchannel picks a new address "localhost:2379" to connect
2023/07/02 21:14:26 INFO: [core] [Channel #1 SubChannel #2] Subchannel Connectivity change to READY
2023/07/02 21:14:26 INFO: [roundrobin] roundrobinPicker: Build called with info: {map[0xc000012318:{{
  "Addr": "localhost:2379",
  "ServerName": "localhost",
  "Attributes": null,
  "BalancerAttributes": null,
  "Type": 0,
  "Metadata": null
}}]}
2023/07/02 21:14:26 INFO: [core] [Channel #1] Channel Connectivity change to READY
3 / 40 [------------>_______________________________________________________________________________________________________________________________________________________] 7.50% ? p/s7 / 40 [---------------------------->______________________________________________________________________________________________________________________________________] 17.50% ? p/s11 / 40 [-------------------------------------------->_____________________________________________________________________________________________________________________] 27.50% ? p/s15 / 40 [------------------------------------------------------------>____________________________________________________________________________________________________] 37.50% 20 p/s19 / 40 [---------------------------------------------------------------------------->____________________________________________________________________________________] 47.50% 20 p/s23 / 40 [-------------------------------------------------------------------------------------------->____________________________________________________________________] 57.50% 20 p/s27 / 40 [------------------------------------------------------------------------------------------------------------>____________________________________________________] 67.50% 20 p/s30 / 40 [------------------------------------------------------------------------------------------------------------------------>________________________________________] 75.00% 20 p/s34 / 40 [---------------------------------------------------------------------------------------------------------------------------------------->________________________] 85.00% 20 p/s38 / 40 [-------------------------------------------------------------------------------------------------------------------------------------------------------->________] 95.00% 20 p/s40 / 40 [----------------------------------------------------------------------------------------------------------------------------------------------------------------] 100.00% 22 p/s
Summary:
  Total:	2.0386 secs.
  Slowest:	0.1008 secs.
  Fastest:	0.0016 secs.
  Average:	0.0409 secs.
  Stddev:	0.0367 secs.
  Requests/sec:	19.6213

Response time histogram:
  0.0016 [1]	|∎∎
  0.0115 [18]	|∎∎∎∎∎∎∎∎∎∎∎∎∎∎∎∎∎∎∎∎∎∎∎∎∎∎∎∎∎∎∎∎∎∎∎∎∎∎∎∎
  0.0214 [0]	|
  0.0314 [0]	|
  0.0413 [1]	|∎∎
  0.0512 [0]	|
  0.0611 [0]	|
  0.0711 [2]	|∎∎∎∎
  0.0810 [16]	|∎∎∎∎∎∎∎∎∎∎∎∎∎∎∎∎∎∎∎∎∎∎∎∎∎∎∎∎∎∎∎∎∎∎∎
  0.0909 [0]	|
  0.1008 [2]	|∎∎∎∎

Latency distribution:
  10% in 0.0025 secs.
  25% in 0.0030 secs.
  50% in 0.0699 secs.
  75% in 0.0752 secs.
  90% in 0.0780 secs.
  95% in 0.0969 secs.

