bench with linearizable range
2023/07/02 21:14:26 INFO: [core] [Channel #1 SubChannel #2] Subchannel Connectivity change to CONNECTING
2023/07/02 21:14:26 INFO: [core] [Channel #1 SubChannel #2] Subchannel picks a new address "localhost:2379" to connect
2023/07/02 21:14:26 INFO: [core] [Channel #1 SubChannel #2] Subchannel Connectivity change to READY
2023/07/02 21:14:26 INFO: [roundrobin] roundrobinPicker: Build called with info: {map[0xc000122120:{{
  "Addr": "localhost:2379",
  "ServerName": "localhost",
  "Attributes": null,
  "BalancerAttributes": null,
  "Type": 0,
  "Metadata": null
}}]}
2023/07/02 21:14:26 INFO: [core] [Channel #1] Channel Connectivity change to READY
3 / 100 [---->______________________________________________________________________________________________________________________________________________________________] 3.00% ? p/s7 / 100 [----------->_______________________________________________________________________________________________________________________________________________________] 7.00% ? p/s11 / 100 [----------------->_______________________________________________________________________________________________________________________________________________] 11.00% ? p/s16 / 100 [------------------------->______________________________________________________________________________________________________________________________________] 16.00% 22 p/s20 / 100 [------------------------------->________________________________________________________________________________________________________________________________] 20.00% 22 p/s24 / 100 [-------------------------------------->_________________________________________________________________________________________________________________________] 24.00% 22 p/s30 / 100 [----------------------------------------------->________________________________________________________________________________________________________________] 30.00% 22 p/s34 / 100 [------------------------------------------------------>_________________________________________________________________________________________________________] 34.00% 22 p/s39 / 100 [-------------------------------------------------------------->_________________________________________________________________________________________________] 39.00% 22 p/s43 / 100 [-------------------------------------------------------------------->___________________________________________________________________________________________] 43.00% 22 p/s47 / 100 [--------------------------------------------------------------------------->____________________________________________________________________________________] 47.00% 22 p/s49 / 100 [------------------------------------------------------------------------------>_________________________________________________________________________________] 49.00% 22 p/s53 / 100 [------------------------------------------------------------------------------------>___________________________________________________________________________] 53.00% 21 p/s57 / 100 [------------------------------------------------------------------------------------------->____________________________________________________________________] 57.00% 21 p/s62 / 100 [--------------------------------------------------------------------------------------------------->____________________________________________________________] 62.00% 21 p/s66 / 100 [--------------------------------------------------------------------------------------------------------->______________________________________________________] 66.00% 21 p/s70 / 100 [--------------------------------------------------------------------------------------------------------------->________________________________________________] 70.00% 21 p/s74 / 100 [---------------------------------------------------------------------------------------------------------------------->_________________________________________] 74.00% 21 p/s78 / 100 [---------------------------------------------------------------------------------------------------------------------------->___________________________________] 78.00% 21 p/s82 / 100 [----------------------------------------------------------------------------------------------------------------------------------->____________________________] 82.00% 21 p/s86 / 100 [----------------------------------------------------------------------------------------------------------------------------------------->______________________] 86.00% 21 p/s89 / 100 [---------------------------------------------------------------------------------------------------------------------------------------------->_________________] 89.00% 21 p/s93 / 100 [---------------------------------------------------------------------------------------------------------------------------------------------------->___________] 93.00% 21 p/s99 / 100 [-------------------------------------------------------------------------------------------------------------------------------------------------------------->_] 99.00% 21 p/s100 / 100 [--------------------------------------------------------------------------------------------------------------------------------------------------------------] 100.00% 22 p/s
Summary:
  Total:	4.8358 secs.
  Slowest:	0.1913 secs.
  Fastest:	0.0003 secs.
  Average:	0.0441 secs.
  Stddev:	0.0451 secs.
  Requests/sec:	20.6791

Response time histogram:
  0.0003 [1]	|
  0.0194 [51]	|∎∎∎∎∎∎∎∎∎∎∎∎∎∎∎∎∎∎∎∎∎∎∎∎∎∎∎∎∎∎∎∎∎∎∎∎∎∎∎∎
  0.0385 [1]	|
  0.0576 [0]	|
  0.0767 [2]	|∎
  0.0958 [42]	|∎∎∎∎∎∎∎∎∎∎∎∎∎∎∎∎∎∎∎∎∎∎∎∎∎∎∎∎∎∎∎∎
  0.1149 [2]	|∎
  0.1340 [0]	|
  0.1531 [0]	|
  0.1722 [0]	|
  0.1913 [1]	|

Latency distribution:
  10% in 0.0005 secs.
  25% in 0.0027 secs.
  50% in 0.0057 secs.
  75% in 0.0892 secs.
  90% in 0.0922 secs.
  95% in 0.0942 secs.
  99% in 0.1913 secs.
