bench with linearizable range
2023/07/02 21:14:37 INFO: [core] [Channel #1 SubChannel #2] Subchannel Connectivity change to CONNECTING
2023/07/02 21:14:37 INFO: [core] [Channel #1 SubChannel #2] Subchannel picks a new address "localhost:2379" to connect
2023/07/02 21:14:37 INFO: [core] [Channel #1 SubChannel #2] Subchannel Connectivity change to READY
2023/07/02 21:14:37 INFO: [roundrobin] roundrobinPicker: Build called with info: {map[0xc000114090:{{
  "Addr": "localhost:2379",
  "ServerName": "localhost",
  "Attributes": null,
  "BalancerAttributes": null,
  "Type": 0,
  "Metadata": null
}}]}
2023/07/02 21:14:37 INFO: [core] [Channel #1] Channel Connectivity change to READY
4 / 100 [------>____________________________________________________________________________________________________________________________________________________________] 4.00% ? p/s9 / 100 [-------------->____________________________________________________________________________________________________________________________________________________] 9.00% ? p/s14 / 100 [---------------------->__________________________________________________________________________________________________________________________________________] 14.00% ? p/s18 / 100 [---------------------------->___________________________________________________________________________________________________________________________________] 18.00% 23 p/s21 / 100 [--------------------------------->______________________________________________________________________________________________________________________________] 21.00% 23 p/s26 / 100 [----------------------------------------->______________________________________________________________________________________________________________________] 26.00% 23 p/s31 / 100 [------------------------------------------------->______________________________________________________________________________________________________________] 31.00% 23 p/s34 / 100 [------------------------------------------------------>_________________________________________________________________________________________________________] 34.00% 23 p/s39 / 100 [-------------------------------------------------------------->_________________________________________________________________________________________________] 39.00% 23 p/s43 / 100 [-------------------------------------------------------------------->___________________________________________________________________________________________] 43.00% 23 p/s46 / 100 [------------------------------------------------------------------------->______________________________________________________________________________________] 46.00% 23 p/s51 / 100 [--------------------------------------------------------------------------------->______________________________________________________________________________] 51.00% 23 p/s54 / 100 [-------------------------------------------------------------------------------------->_________________________________________________________________________] 54.00% 23 p/s60 / 100 [----------------------------------------------------------------------------------------------->________________________________________________________________] 60.00% 23 p/s64 / 100 [------------------------------------------------------------------------------------------------------>_________________________________________________________] 64.00% 23 p/s70 / 100 [--------------------------------------------------------------------------------------------------------------->________________________________________________] 70.00% 23 p/s74 / 100 [---------------------------------------------------------------------------------------------------------------------->_________________________________________] 74.00% 23 p/s81 / 100 [--------------------------------------------------------------------------------------------------------------------------------->______________________________] 81.00% 23 p/s88 / 100 [-------------------------------------------------------------------------------------------------------------------------------------------->___________________] 88.00% 23 p/s100 / 100 [--------------------------------------------------------------------------------------------------------------------------------------------------------------] 100.00% 26 p/s
Summary:
  Total:	3.9950 secs.
  Slowest:	0.1021 secs.
  Fastest:	0.0003 secs.
  Average:	0.0349 secs.
  Stddev:	0.0411 secs.
  Requests/sec:	25.0316

Response time histogram:
  0.0003 [1]	|
  0.0104 [59]	|∎∎∎∎∎∎∎∎∎∎∎∎∎∎∎∎∎∎∎∎∎∎∎∎∎∎∎∎∎∎∎∎∎∎∎∎∎∎∎∎
  0.0206 [1]	|
  0.0308 [0]	|
  0.0410 [0]	|
  0.0512 [0]	|
  0.0614 [0]	|
  0.0715 [4]	|∎∎
  0.0817 [6]	|∎∎∎∎
  0.0919 [24]	|∎∎∎∎∎∎∎∎∎∎∎∎∎∎∎∎
  0.1021 [5]	|∎∎∎

Latency distribution:
  10% in 0.0004 secs.
  25% in 0.0018 secs.
  50% in 0.0036 secs.
  75% in 0.0860 secs.
  90% in 0.0910 secs.
  95% in 0.0923 secs.
  99% in 0.1021 secs.
