2023/07/02 21:14:37 INFO: [core] [Channel #1 SubChannel #2] Subchannel Connectivity change to CONNECTING
2023/07/02 21:14:37 INFO: [core] [Channel #1 SubChannel #2] Subchannel picks a new address "localhost:2379" to connect
2023/07/02 21:14:37 INFO: [core] [Channel #1 SubChannel #2] Subchannel Connectivity change to READY
2023/07/02 21:14:37 INFO: [roundrobin] roundrobinPicker: Build called with info: {map[0xc000110000:{{
  "Addr": "localhost:2379",
  "ServerName": "localhost",
  "Attributes": null,
  "BalancerAttributes": null,
  "Type": 0,
  "Metadata": null
}}]}
2023/07/02 21:14:37 INFO: [core] [Channel #1] Channel Connectivity change to READY
3 / 40 [------------>_______________________________________________________________________________________________________________________________________________________] 7.50% ? p/s7 / 40 [---------------------------->______________________________________________________________________________________________________________________________________] 17.50% ? p/s12 / 40 [------------------------------------------------>_________________________________________________________________________________________________________________] 30.00% ? p/s12 / 40 [------------------------------------------------>________________________________________________________________________________________________________________] 30.00% 15 p/s15 / 40 [------------------------------------------------------------>____________________________________________________________________________________________________] 37.50% 15 p/s19 / 40 [---------------------------------------------------------------------------->____________________________________________________________________________________] 47.50% 15 p/s22 / 40 [---------------------------------------------------------------------------------------->________________________________________________________________________] 55.00% 15 p/s26 / 40 [-------------------------------------------------------------------------------------------------------->________________________________________________________] 65.00% 15 p/s30 / 40 [------------------------------------------------------------------------------------------------------------------------>________________________________________] 75.00% 15 p/s34 / 40 [---------------------------------------------------------------------------------------------------------------------------------------->________________________] 85.00% 15 p/s38 / 40 [-------------------------------------------------------------------------------------------------------------------------------------------------------->________] 95.00% 15 p/s40 / 40 [----------------------------------------------------------------------------------------------------------------------------------------------------------------] 100.00% 19 p/s
Summary:
  Total:	2.3013 secs.
  Slowest:	0.2761 secs.
  Fastest:	0.0023 secs.
  Average:	0.0470 secs.
  Stddev:	0.0518 secs.
  Requests/sec:	17.3814

Response time histogram:
  0.0023 [1]	|∎∎
  0.0297 [18]	|∎∎∎∎∎∎∎∎∎∎∎∎∎∎∎∎∎∎∎∎∎∎∎∎∎∎∎∎∎∎∎∎∎∎∎∎∎∎∎∎
  0.0571 [0]	|
  0.0845 [18]	|∎∎∎∎∎∎∎∎∎∎∎∎∎∎∎∎∎∎∎∎∎∎∎∎∎∎∎∎∎∎∎∎∎∎∎∎∎∎∎∎
  0.1119 [2]	|∎∎∎∎
  0.1392 [0]	|
  0.1666 [0]	|
  0.1940 [0]	|
  0.2214 [0]	|
  0.2488 [0]	|
  0.2761 [1]	|∎∎

Latency distribution:
  10% in 0.0027 secs.
  25% in 0.0031 secs.
  50% in 0.0722 secs.
  75% in 0.0754 secs.
  90% in 0.0778 secs.
  95% in 0.0990 secs.

