bench with linearizable range
2023/07/02 21:13:50 INFO: [core] [Channel #1 SubChannel #2] Subchannel Connectivity change to CONNECTING
2023/07/02 21:13:50 INFO: [core] [Channel #1 SubChannel #2] Subchannel picks a new address "localhost:2379" to connect
2023/07/02 21:13:50 INFO: [core] [Channel #1 SubChannel #2] Subchannel Connectivity change to READY
2023/07/02 21:13:50 INFO: [roundrobin] roundrobinPicker: Build called with info: {map[0xc000386708:{{
  "Addr": "localhost:2379",
  "ServerName": "localhost",
  "Attributes": null,
  "BalancerAttributes": null,
  "Type": 0,
  "Metadata": null
}}]}
2023/07/02 21:13:50 INFO: [core] [Channel #1] Channel Connectivity change to READY
4 / 100 [------>____________________________________________________________________________________________________________________________________________________________] 4.00% ? p/s8 / 100 [------------->_____________________________________________________________________________________________________________________________________________________] 8.00% ? p/s12 / 100 [------------------->_____________________________________________________________________________________________________________________________________________] 12.00% ? p/s15 / 100 [----------------------->________________________________________________________________________________________________________________________________________] 15.00% 18 p/s19 / 100 [------------------------------>_________________________________________________________________________________________________________________________________] 19.00% 18 p/s23 / 100 [------------------------------------>___________________________________________________________________________________________________________________________] 23.00% 18 p/s26 / 100 [----------------------------------------->______________________________________________________________________________________________________________________] 26.00% 18 p/s27 / 100 [------------------------------------------->____________________________________________________________________________________________________________________] 27.00% 18 p/s31 / 100 [------------------------------------------------->______________________________________________________________________________________________________________] 31.00% 18 p/s35 / 100 [------------------------------------------------------->________________________________________________________________________________________________________] 35.00% 18 p/s39 / 100 [-------------------------------------------------------------->_________________________________________________________________________________________________] 39.00% 18 p/s43 / 100 [-------------------------------------------------------------------->___________________________________________________________________________________________] 43.00% 18 p/s47 / 100 [--------------------------------------------------------------------------->____________________________________________________________________________________] 47.00% 18 p/s50 / 100 [------------------------------------------------------------------------------->________________________________________________________________________________] 50.00% 18 p/s54 / 100 [-------------------------------------------------------------------------------------->_________________________________________________________________________] 54.00% 18 p/s60 / 100 [----------------------------------------------------------------------------------------------->________________________________________________________________] 60.00% 18 p/s64 / 100 [------------------------------------------------------------------------------------------------------>_________________________________________________________] 64.00% 18 p/s68 / 100 [------------------------------------------------------------------------------------------------------------>___________________________________________________] 68.00% 18 p/s72 / 100 [------------------------------------------------------------------------------------------------------------------->____________________________________________] 72.00% 19 p/s76 / 100 [------------------------------------------------------------------------------------------------------------------------->______________________________________] 76.00% 19 p/s82 / 100 [----------------------------------------------------------------------------------------------------------------------------------->____________________________] 82.00% 19 p/s86 / 100 [----------------------------------------------------------------------------------------------------------------------------------------->______________________] 86.00% 19 p/s91 / 100 [------------------------------------------------------------------------------------------------------------------------------------------------->______________] 91.00% 19 p/s95 / 100 [------------------------------------------------------------------------------------------------------------------------------------------------------->________] 95.00% 19 p/s100 / 100 [--------------------------------------------------------------------------------------------------------------------------------------------------------------] 100.00% 21 p/s
Summary:
  Total:	4.9309 secs.
  Slowest:	0.1977 secs.
  Fastest:	0.0003 secs.
  Average:	0.0453 secs.
  Stddev:	0.0456 secs.
  Requests/sec:	20.2802

Response time histogram:
  0.0003 [1]	|
  0.0200 [50]	|∎∎∎∎∎∎∎∎∎∎∎∎∎∎∎∎∎∎∎∎∎∎∎∎∎∎∎∎∎∎∎∎∎∎∎∎∎∎∎∎
  0.0397 [1]	|
  0.0595 [0]	|
  0.0792 [5]	|∎∎∎∎
  0.0990 [39]	|∎∎∎∎∎∎∎∎∎∎∎∎∎∎∎∎∎∎∎∎∎∎∎∎∎∎∎∎∎∎∎
  0.1187 [3]	|∎∎
  0.1384 [0]	|
  0.1582 [0]	|
  0.1779 [0]	|
  0.1977 [1]	|

Latency distribution:
  10% in 0.0004 secs.
  25% in 0.0027 secs.
  50% in 0.0104 secs.
  75% in 0.0896 secs.
  90% in 0.0929 secs.
  95% in 0.0975 secs.
  99% in 0.1977 secs.
