2023/07/02 21:13:50 INFO: [core] [Channel #1 SubChannel #2] Subchannel Connectivity change to CONNECTING
2023/07/02 21:13:50 INFO: [core] [Channel #1 SubChannel #2] Subchannel picks a new address "localhost:2379" to connect
2023/07/02 21:13:50 INFO: [core] [Channel #1 SubChannel #2] Subchannel Connectivity change to READY
2023/07/02 21:13:50 INFO: [roundrobin] roundrobinPicker: Build called with info: {map[0xc000012438:{{
  "Addr": "localhost:2379",
  "ServerName": "localhost",
  "Attributes": null,
  "BalancerAttributes": null,
  "Type": 0,
  "Metadata": null
}}]}
2023/07/02 21:13:50 INFO: [core] [Channel #1] Channel Connectivity change to READY
3 / 40 [------------>_______________________________________________________________________________________________________________________________________________________] 7.50% ? p/s7 / 40 [---------------------------->______________________________________________________________________________________________________________________________________] 17.50% ? p/s11 / 40 [-------------------------------------------->_____________________________________________________________________________________________________________________] 27.50% ? p/s15 / 40 [------------------------------------------------------------>____________________________________________________________________________________________________] 37.50% 20 p/s19 / 40 [---------------------------------------------------------------------------->____________________________________________________________________________________] 47.50% 20 p/s23 / 40 [-------------------------------------------------------------------------------------------->____________________________________________________________________] 57.50% 20 p/s25 / 40 [---------------------------------------------------------------------------------------------------->____________________________________________________________] 62.50% 20 p/s25 / 40 [---------------------------------------------------------------------------------------------------->____________________________________________________________] 62.50% 20 p/s29 / 40 [-------------------------------------------------------------------------------------------------------------------->____________________________________________] 72.50% 20 p/s33 / 40 [------------------------------------------------------------------------------------------------------------------------------------>____________________________] 82.50% 19 p/s37 / 40 [---------------------------------------------------------------------------------------------------------------------------------------------------->____________] 92.50% 19 p/s40 / 40 [----------------------------------------------------------------------------------------------------------------------------------------------------------------] 100.00% 19 p/s
Summary:
  Total:	2.3294 secs.
  Slowest:	0.2767 secs.
  Fastest:	0.0017 secs.
  Average:	0.0476 secs.
  Stddev:	0.0549 secs.
  Requests/sec:	17.1721

Response time histogram:
  0.0017 [1]	|∎∎
  0.0292 [18]	|∎∎∎∎∎∎∎∎∎∎∎∎∎∎∎∎∎∎∎∎∎∎∎∎∎∎∎∎∎∎∎∎∎∎∎∎∎∎∎∎
  0.0567 [1]	|∎∎
  0.0842 [17]	|∎∎∎∎∎∎∎∎∎∎∎∎∎∎∎∎∎∎∎∎∎∎∎∎∎∎∎∎∎∎∎∎∎∎∎∎∎
  0.1117 [1]	|∎∎
  0.1392 [0]	|
  0.1667 [0]	|
  0.1942 [1]	|∎∎
  0.2217 [0]	|
  0.2492 [0]	|
  0.2767 [1]	|∎∎

Latency distribution:
  10% in 0.0019 secs.
  25% in 0.0026 secs.
  50% in 0.0714 secs.
  75% in 0.0748 secs.
  90% in 0.0788 secs.
  95% in 0.1701 secs.

