2023/07/02 21:47:01 INFO: [core] [Channel #1 SubChannel #2] Subchannel Connectivity change to CONNECTING
2023/07/02 21:47:01 INFO: [core] [Channel #1 SubChannel #2] Subchannel picks a new address "localhost:2379" to connect
2023/07/02 21:47:01 INFO: [core] [Channel #1 SubChannel #2] Subchannel Connectivity change to READY
2023/07/02 21:47:01 INFO: [roundrobin] roundrobinPicker: Build called with info: {map[0xc000110360:{{
  "Addr": "localhost:2379",
  "ServerName": "localhost",
  "Attributes": null,
  "BalancerAttributes": null,
  "Type": 0,
  "Metadata": null
}}]}
2023/07/02 21:47:01 INFO: [core] [Channel #1] Channel Connectivity change to READY
7 / 180 [------>_________________________________________________________________________________________________________________________________________________________________] 3.89% ? p/s13 / 180 [------------>__________________________________________________________________________________________________________________________________________________________] 7.22% ? p/s19 / 180 [----------------->____________________________________________________________________________________________________________________________________________________] 10.56% ? p/s25 / 180 [---------------------->______________________________________________________________________________________________________________________________________________] 13.89% 30 p/s33 / 180 [------------------------------>______________________________________________________________________________________________________________________________________] 18.33% 30 p/s40 / 180 [------------------------------------>________________________________________________________________________________________________________________________________] 22.22% 30 p/s48 / 180 [------------------------------------------->_________________________________________________________________________________________________________________________] 26.67% 31 p/s53 / 180 [------------------------------------------------>____________________________________________________________________________________________________________________] 29.44% 31 p/s53 / 180 [------------------------------------------------>____________________________________________________________________________________________________________________] 29.44% 31 p/s55 / 180 [-------------------------------------------------->__________________________________________________________________________________________________________________] 30.56% 29 p/s57 / 180 [---------------------------------------------------->________________________________________________________________________________________________________________] 31.67% 29 p/s61 / 180 [------------------------------------------------------->_____________________________________________________________________________________________________________] 33.89% 29 p/s65 / 180 [----------------------------------------------------------->_________________________________________________________________________________________________________] 36.11% 28 p/s70 / 180 [---------------------------------------------------------------->____________________________________________________________________________________________________] 38.89% 28 p/s73 / 180 [------------------------------------------------------------------>__________________________________________________________________________________________________] 40.56% 28 p/s75 / 180 [-------------------------------------------------------------------->________________________________________________________________________________________________] 41.67% 28 p/s81 / 180 [-------------------------------------------------------------------------->__________________________________________________________________________________________] 45.00% 28 p/s87 / 180 [------------------------------------------------------------------------------->_____________________________________________________________________________________] 48.33% 28 p/s90 / 180 [---------------------------------------------------------------------------------->__________________________________________________________________________________] 50.00% 28 p/s90 / 180 [---------------------------------------------------------------------------------->__________________________________________________________________________________] 50.00% 28 p/s90 / 180 [---------------------------------------------------------------------------------->__________________________________________________________________________________] 50.00% 28 p/s92 / 180 [------------------------------------------------------------------------------------>________________________________________________________________________________] 51.11% 26 p/s95 / 180 [--------------------------------------------------------------------------------------->_____________________________________________________________________________] 52.78% 26 p/s98 / 180 [----------------------------------------------------------------------------------------->___________________________________________________________________________] 54.44% 26 p/s103 / 180 [--------------------------------------------------------------------------------------------->______________________________________________________________________] 57.22% 25 p/s112 / 180 [------------------------------------------------------------------------------------------------------>_____________________________________________________________] 62.22% 25 p/s118 / 180 [----------------------------------------------------------------------------------------------------------->________________________________________________________] 65.56% 25 p/s123 / 180 [---------------------------------------------------------------------------------------------------------------->___________________________________________________] 68.33% 26 p/s126 / 180 [------------------------------------------------------------------------------------------------------------------>_________________________________________________] 70.00% 26 p/s129 / 180 [--------------------------------------------------------------------------------------------------------------------->______________________________________________] 71.67% 26 p/s137 / 180 [---------------------------------------------------------------------------------------------------------------------------->_______________________________________] 76.11% 26 p/s143 / 180 [---------------------------------------------------------------------------------------------------------------------------------->_________________________________] 79.44% 26 p/s149 / 180 [--------------------------------------------------------------------------------------------------------------------------------------->____________________________] 82.78% 26 p/s151 / 180 [----------------------------------------------------------------------------------------------------------------------------------------->__________________________] 83.89% 26 p/s154 / 180 [-------------------------------------------------------------------------------------------------------------------------------------------->_______________________] 85.56% 26 p/s159 / 180 [------------------------------------------------------------------------------------------------------------------------------------------------>___________________] 88.33% 26 p/s167 / 180 [-------------------------------------------------------------------------------------------------------------------------------------------------------->___________] 92.78% 26 p/s172 / 180 [------------------------------------------------------------------------------------------------------------------------------------------------------------>_______] 95.56% 26 p/s172 / 180 [------------------------------------------------------------------------------------------------------------------------------------------------------------>_______] 95.56% 26 p/s177 / 180 [----------------------------------------------------------------------------------------------------------------------------------------------------------------->__] 98.33% 25 p/s179 / 180 [------------------------------------------------------------------------------------------------------------------------------------------------------------------->] 99.44% 25 p/s180 / 180 [-------------------------------------------------------------------------------------------------------------------------------------------------------------------] 100.00% 22 p/s
Summary:
  Total:	8.3191 secs.
  Slowest:	0.5765 secs.
  Fastest:	0.0015 secs.
  Average:	0.0313 secs.
  Stddev:	0.0647 secs.
  Requests/sec:	21.6371

Response time histogram:
  0.0015 [1]	|
  0.0590 [145]	|∎∎∎∎∎∎∎∎∎∎∎∎∎∎∎∎∎∎∎∎∎∎∎∎∎∎∎∎∎∎∎∎∎∎∎∎∎∎∎∎
  0.1165 [26]	|∎∎∎∎∎∎∎
  0.1740 [2]	|
  0.2315 [3]	|
  0.2890 [1]	|
  0.3465 [0]	|
  0.4040 [1]	|
  0.4615 [0]	|
  0.5190 [0]	|
  0.5765 [1]	|

Latency distribution:
  10% in 0.0017 secs.
  25% in 0.0018 secs.
  50% in 0.0021 secs.
  75% in 0.0488 secs.
  90% in 0.0776 secs.
  95% in 0.1025 secs.
  99% in 0.5765 secs.

