2023/07/02 21:13:35 INFO: [core] [Channel #1 SubChannel #2] Subchannel Connectivity change to CONNECTING
2023/07/02 21:13:35 INFO: [core] [Channel #1 SubChannel #2] Subchannel picks a new address "localhost:2379" to connect
2023/07/02 21:13:35 INFO: [core] [Channel #1 SubChannel #2] Subchannel Connectivity change to READY
2023/07/02 21:13:35 INFO: [roundrobin] roundrobinPicker: Build called with info: {map[0xc0004804b0:{{
  "Addr": "localhost:2379",
  "ServerName": "localhost",
  "Attributes": null,
  "BalancerAttributes": null,
  "Type": 0,
  "Metadata": null
}}]}
2023/07/02 21:13:35 INFO: [core] [Channel #1] Channel Connectivity change to READY
8 / 40 [-------------------------------->__________________________________________________________________________________________________________________________________] 20.00% ? p/s15 / 40 [------------------------------------------------------------>_____________________________________________________________________________________________________] 37.50% ? p/s21 / 40 [------------------------------------------------------------------------------------->____________________________________________________________________________] 52.50% ? p/s25 / 40 [---------------------------------------------------------------------------------------------------->____________________________________________________________] 62.50% 28 p/s30 / 40 [------------------------------------------------------------------------------------------------------------------------>________________________________________] 75.00% 28 p/s33 / 40 [------------------------------------------------------------------------------------------------------------------------------------>____________________________] 82.50% 28 p/s37 / 40 [---------------------------------------------------------------------------------------------------------------------------------------------------->____________] 92.50% 28 p/s40 / 40 [----------------------------------------------------------------------------------------------------------------------------------------------------------------] 100.00% 29 p/s
Summary:
  Total:	1.5610 secs.
  Slowest:	0.0964 secs.
  Fastest:	0.0016 secs.
  Average:	0.0245 secs.
  Stddev:	0.0315 secs.
  Requests/sec:	25.6243

Response time histogram:
  0.0016 [1]	|∎
  0.0111 [25]	|∎∎∎∎∎∎∎∎∎∎∎∎∎∎∎∎∎∎∎∎∎∎∎∎∎∎∎∎∎∎∎∎∎∎∎∎∎∎∎∎
  0.0205 [0]	|
  0.0300 [1]	|∎
  0.0395 [1]	|∎
  0.0490 [0]	|
  0.0585 [3]	|∎∎∎∎
  0.0679 [0]	|
  0.0774 [7]	|∎∎∎∎∎∎∎∎∎∎∎
  0.0869 [1]	|∎
  0.0964 [1]	|∎

Latency distribution:
  10% in 0.0018 secs.
  25% in 0.0019 secs.
  50% in 0.0039 secs.
  75% in 0.0519 secs.
  90% in 0.0756 secs.
  95% in 0.0779 secs.

