bench with linearizable range
2023/07/02 21:13:35 INFO: [core] [Channel #1 SubChannel #2] Subchannel Connectivity change to CONNECTING
2023/07/02 21:13:35 INFO: [core] [Channel #1 SubChannel #2] Subchannel picks a new address "localhost:2379" to connect
2023/07/02 21:13:35 INFO: [core] [Channel #1 SubChannel #2] Subchannel Connectivity change to READY
2023/07/02 21:13:35 INFO: [roundrobin] roundrobinPicker: Build called with info: {map[0xc000110378:{{
  "Addr": "localhost:2379",
  "ServerName": "localhost",
  "Attributes": null,
  "BalancerAttributes": null,
  "Type": 0,
  "Metadata": null
}}]}
2023/07/02 21:13:35 INFO: [core] [Channel #1] Channel Connectivity change to READY
19 / 100 [------------------------------>__________________________________________________________________________________________________________________________________] 19.00% ? p/s34 / 100 [------------------------------------------------------>__________________________________________________________________________________________________________] 34.00% ? p/s47 / 100 [--------------------------------------------------------------------------->_____________________________________________________________________________________] 47.00% ? p/s53 / 100 [------------------------------------------------------------------------------------>___________________________________________________________________________] 53.00% 57 p/s59 / 100 [---------------------------------------------------------------------------------------------->_________________________________________________________________] 59.00% 57 p/s64 / 100 [------------------------------------------------------------------------------------------------------>_________________________________________________________] 64.00% 57 p/s69 / 100 [-------------------------------------------------------------------------------------------------------------->_________________________________________________] 69.00% 55 p/s73 / 100 [-------------------------------------------------------------------------------------------------------------------->___________________________________________] 73.00% 55 p/s79 / 100 [------------------------------------------------------------------------------------------------------------------------------>_________________________________] 79.00% 55 p/s84 / 100 [-------------------------------------------------------------------------------------------------------------------------------------->_________________________] 84.00% 53 p/s89 / 100 [---------------------------------------------------------------------------------------------------------------------------------------------->_________________] 89.00% 53 p/s95 / 100 [------------------------------------------------------------------------------------------------------------------------------------------------------->________] 95.00% 53 p/s99 / 100 [-------------------------------------------------------------------------------------------------------------------------------------------------------------->_] 99.00% 51 p/s100 / 100 [--------------------------------------------------------------------------------------------------------------------------------------------------------------] 100.00% 41 p/s
Summary:
  Total:	2.6597 secs.
  Slowest:	0.0929 secs.
  Fastest:	0.0003 secs.
  Average:	0.0200 secs.
  Stddev:	0.0333 secs.
  Requests/sec:	37.5981

Response time histogram:
  0.0003 [1]	|
  0.0096 [73]	|∎∎∎∎∎∎∎∎∎∎∎∎∎∎∎∎∎∎∎∎∎∎∎∎∎∎∎∎∎∎∎∎∎∎∎∎∎∎∎∎
  0.0188 [1]	|
  0.0281 [1]	|
  0.0374 [1]	|
  0.0466 [1]	|
  0.0559 [1]	|
  0.0651 [0]	|
  0.0744 [2]	|∎
  0.0837 [10]	|∎∎∎∎∎
  0.0929 [9]	|∎∎∎∎

Latency distribution:
  10% in 0.0004 secs.
  25% in 0.0005 secs.
  50% in 0.0016 secs.
  75% in 0.0273 secs.
  90% in 0.0826 secs.
  95% in 0.0891 secs.
  99% in 0.0929 secs.
