bench with linearizable range
2023/07/02 21:13:43 INFO: [core] [Channel #1 SubChannel #2] Subchannel Connectivity change to CONNECTING
2023/07/02 21:13:43 INFO: [core] [Channel #1 SubChannel #2] Subchannel picks a new address "localhost:2379" to connect
2023/07/02 21:13:43 INFO: [core] [Channel #1 SubChannel #2] Subchannel Connectivity change to READY
2023/07/02 21:13:43 INFO: [roundrobin] roundrobinPicker: Build called with info: {map[0xc000122498:{{
  "Addr": "localhost:2379",
  "ServerName": "localhost",
  "Attributes": null,
  "BalancerAttributes": null,
  "Type": 0,
  "Metadata": null
}}]}
2023/07/02 21:13:43 INFO: [core] [Channel #1] Channel Connectivity change to READY
3 / 100 [---->______________________________________________________________________________________________________________________________________________________________] 3.00% ? p/s6 / 100 [--------->_________________________________________________________________________________________________________________________________________________________] 6.00% ? p/s10 / 100 [---------------->________________________________________________________________________________________________________________________________________________] 10.00% ? p/s15 / 100 [----------------------->________________________________________________________________________________________________________________________________________] 15.00% 20 p/s18 / 100 [---------------------------->___________________________________________________________________________________________________________________________________] 18.00% 20 p/s23 / 100 [------------------------------------>___________________________________________________________________________________________________________________________] 23.00% 20 p/s26 / 100 [----------------------------------------->______________________________________________________________________________________________________________________] 26.00% 20 p/s30 / 100 [----------------------------------------------->________________________________________________________________________________________________________________] 30.00% 20 p/s34 / 100 [------------------------------------------------------>_________________________________________________________________________________________________________] 34.00% 20 p/s38 / 100 [------------------------------------------------------------>___________________________________________________________________________________________________] 38.00% 20 p/s40 / 100 [--------------------------------------------------------------->________________________________________________________________________________________________] 40.00% 20 p/s43 / 100 [-------------------------------------------------------------------->___________________________________________________________________________________________] 43.00% 20 p/s47 / 100 [--------------------------------------------------------------------------->____________________________________________________________________________________] 47.00% 20 p/s52 / 100 [----------------------------------------------------------------------------------->____________________________________________________________________________] 52.00% 20 p/s56 / 100 [----------------------------------------------------------------------------------------->______________________________________________________________________] 56.00% 20 p/s60 / 100 [----------------------------------------------------------------------------------------------->________________________________________________________________] 60.00% 20 p/s64 / 100 [------------------------------------------------------------------------------------------------------>_________________________________________________________] 64.00% 20 p/s69 / 100 [-------------------------------------------------------------------------------------------------------------->_________________________________________________] 69.00% 20 p/s74 / 100 [---------------------------------------------------------------------------------------------------------------------->_________________________________________] 74.00% 20 p/s78 / 100 [---------------------------------------------------------------------------------------------------------------------------->___________________________________] 78.00% 20 p/s82 / 100 [----------------------------------------------------------------------------------------------------------------------------------->____________________________] 82.00% 20 p/s85 / 100 [--------------------------------------------------------------------------------------------------------------------------------------->________________________] 85.00% 20 p/s89 / 100 [---------------------------------------------------------------------------------------------------------------------------------------------->_________________] 89.00% 20 p/s93 / 100 [---------------------------------------------------------------------------------------------------------------------------------------------------->___________] 93.00% 20 p/s97 / 100 [----------------------------------------------------------------------------------------------------------------------------------------------------------->____] 97.00% 20 p/s100 / 100 [--------------------------------------------------------------------------------------------------------------------------------------------------------------] 100.00% 20 p/s
Summary:
  Total:	5.1440 secs.
  Slowest:	0.1917 secs.
  Fastest:	0.0003 secs.
  Average:	0.0475 secs.
  Stddev:	0.0489 secs.
  Requests/sec:	19.4402

Response time histogram:
  0.0003 [1]	|
  0.0194 [50]	|∎∎∎∎∎∎∎∎∎∎∎∎∎∎∎∎∎∎∎∎∎∎∎∎∎∎∎∎∎∎∎∎∎∎∎∎∎∎∎∎
  0.0386 [0]	|
  0.0577 [1]	|
  0.0768 [1]	|
  0.0960 [39]	|∎∎∎∎∎∎∎∎∎∎∎∎∎∎∎∎∎∎∎∎∎∎∎∎∎∎∎∎∎∎∎
  0.1151 [5]	|∎∎∎∎
  0.1343 [0]	|
  0.1534 [0]	|
  0.1725 [0]	|
  0.1917 [3]	|∎∎

Latency distribution:
  10% in 0.0006 secs.
  25% in 0.0028 secs.
  50% in 0.0087 secs.
  75% in 0.0893 secs.
  90% in 0.0931 secs.
  95% in 0.1005 secs.
  99% in 0.1917 secs.
