2023/07/02 21:13:43 INFO: [core] [Channel #1 SubChannel #2] Subchannel Connectivity change to CONNECTING
2023/07/02 21:13:43 INFO: [core] [Channel #1 SubChannel #2] Subchannel picks a new address "localhost:2379" to connect
2023/07/02 21:13:43 INFO: [core] [Channel #1 SubChannel #2] Subchannel Connectivity change to READY
2023/07/02 21:13:43 INFO: [roundrobin] roundrobinPicker: Build called with info: {map[0xc00038c018:{{
  "Addr": "localhost:2379",
  "ServerName": "localhost",
  "Attributes": null,
  "BalancerAttributes": null,
  "Type": 0,
  "Metadata": null
}}]}
2023/07/02 21:13:43 INFO: [core] [Channel #1] Channel Connectivity change to READY
3 / 40 [------------>_______________________________________________________________________________________________________________________________________________________] 7.50% ? p/s5 / 40 [-------------------->______________________________________________________________________________________________________________________________________________] 12.50% ? p/s9 / 40 [------------------------------------>______________________________________________________________________________________________________________________________] 22.50% ? p/s12 / 40 [------------------------------------------------>________________________________________________________________________________________________________________] 30.00% 15 p/s14 / 40 [-------------------------------------------------------->________________________________________________________________________________________________________] 35.00% 15 p/s17 / 40 [-------------------------------------------------------------------->____________________________________________________________________________________________] 42.50% 15 p/s20 / 40 [-------------------------------------------------------------------------------->________________________________________________________________________________] 50.00% 15 p/s23 / 40 [-------------------------------------------------------------------------------------------->____________________________________________________________________] 57.50% 15 p/s26 / 40 [-------------------------------------------------------------------------------------------------------->________________________________________________________] 65.00% 15 p/s30 / 40 [------------------------------------------------------------------------------------------------------------------------>________________________________________] 75.00% 15 p/s32 / 40 [-------------------------------------------------------------------------------------------------------------------------------->________________________________] 80.00% 15 p/s34 / 40 [---------------------------------------------------------------------------------------------------------------------------------------->________________________] 85.00% 15 p/s38 / 40 [-------------------------------------------------------------------------------------------------------------------------------------------------------->________] 95.00% 15 p/s40 / 40 [----------------------------------------------------------------------------------------------------------------------------------------------------------------] 100.00% 16 p/s
Summary:
  Total:	2.6480 secs.
  Slowest:	0.1756 secs.
  Fastest:	0.0018 secs.
  Average:	0.0579 secs.
  Stddev:	0.0513 secs.
  Requests/sec:	15.1055

Response time histogram:
  0.0018 [1]	|∎∎
  0.0191 [15]	|∎∎∎∎∎∎∎∎∎∎∎∎∎∎∎∎∎∎∎∎∎∎∎∎∎∎∎∎∎∎∎∎∎∎∎∎∎∎∎∎
  0.0365 [0]	|
  0.0539 [1]	|∎∎
  0.0713 [1]	|∎∎
  0.0887 [11]	|∎∎∎∎∎∎∎∎∎∎∎∎∎∎∎∎∎∎∎∎∎∎∎∎∎∎∎∎∎
  0.1061 [8]	|∎∎∎∎∎∎∎∎∎∎∎∎∎∎∎∎∎∎∎∎∎
  0.1235 [0]	|
  0.1408 [0]	|
  0.1582 [0]	|
  0.1756 [3]	|∎∎∎∎∎∎∎∎

Latency distribution:
  10% in 0.0028 secs.
  25% in 0.0033 secs.
  50% in 0.0741 secs.
  75% in 0.0960 secs.
  90% in 0.1021 secs.
  95% in 0.1738 secs.

