2023/07/02 21:27:13 INFO: [core] [Channel #1 SubChannel #2] Subchannel Connectivity change to CONNECTING
2023/07/02 21:27:13 INFO: [core] [Channel #1 SubChannel #2] Subchannel picks a new address "localhost:2379" to connect
2023/07/02 21:27:13 INFO: [core] [Channel #1 SubChannel #2] Subchannel Connectivity change to READY
2023/07/02 21:27:13 INFO: [roundrobin] roundrobinPicker: Build called with info: {map[0xc00019a720:{{
  "Addr": "localhost:2379",
  "ServerName": "localhost",
  "Attributes": null,
  "BalancerAttributes": null,
  "Type": 0,
  "Metadata": null
}}]}
2023/07/02 21:27:13 INFO: [core] [Channel #1] Channel Connectivity change to READY
8 / 180 [------->________________________________________________________________________________________________________________________________________________________________] 4.44% ? p/s13 / 180 [------------>__________________________________________________________________________________________________________________________________________________________] 7.22% ? p/s18 / 180 [---------------->_____________________________________________________________________________________________________________________________________________________] 10.00% ? p/s26 / 180 [----------------------->_____________________________________________________________________________________________________________________________________________] 14.44% 30 p/s34 / 180 [------------------------------->_____________________________________________________________________________________________________________________________________] 18.89% 30 p/s41 / 180 [------------------------------------->_______________________________________________________________________________________________________________________________] 22.78% 30 p/s48 / 180 [------------------------------------------->_________________________________________________________________________________________________________________________] 26.67% 30 p/s54 / 180 [------------------------------------------------->___________________________________________________________________________________________________________________] 30.00% 30 p/s56 / 180 [--------------------------------------------------->_________________________________________________________________________________________________________________] 31.11% 30 p/s61 / 180 [------------------------------------------------------->_____________________________________________________________________________________________________________] 33.89% 30 p/s68 / 180 [-------------------------------------------------------------->______________________________________________________________________________________________________] 37.78% 30 p/s74 / 180 [------------------------------------------------------------------->_________________________________________________________________________________________________] 41.11% 30 p/s80 / 180 [------------------------------------------------------------------------->___________________________________________________________________________________________] 44.44% 30 p/s80 / 180 [------------------------------------------------------------------------->___________________________________________________________________________________________] 44.44% 30 p/s80 / 180 [------------------------------------------------------------------------->___________________________________________________________________________________________] 44.44% 30 p/s82 / 180 [--------------------------------------------------------------------------->_________________________________________________________________________________________] 45.56% 28 p/s87 / 180 [------------------------------------------------------------------------------->_____________________________________________________________________________________] 48.33% 28 p/s91 / 180 [----------------------------------------------------------------------------------->_________________________________________________________________________________] 50.56% 28 p/s94 / 180 [-------------------------------------------------------------------------------------->______________________________________________________________________________] 52.22% 28 p/s99 / 180 [------------------------------------------------------------------------------------------>__________________________________________________________________________] 55.00% 28 p/s106 / 180 [------------------------------------------------------------------------------------------------>___________________________________________________________________] 58.89% 28 p/s113 / 180 [------------------------------------------------------------------------------------------------------>_____________________________________________________________] 62.78% 28 p/s121 / 180 [-------------------------------------------------------------------------------------------------------------->_____________________________________________________] 67.22% 28 p/s127 / 180 [------------------------------------------------------------------------------------------------------------------->________________________________________________] 70.56% 28 p/s135 / 180 [-------------------------------------------------------------------------------------------------------------------------->_________________________________________] 75.00% 29 p/s143 / 180 [---------------------------------------------------------------------------------------------------------------------------------->_________________________________] 79.44% 29 p/s149 / 180 [--------------------------------------------------------------------------------------------------------------------------------------->____________________________] 82.78% 29 p/s154 / 180 [-------------------------------------------------------------------------------------------------------------------------------------------->_______________________] 85.56% 29 p/s159 / 180 [------------------------------------------------------------------------------------------------------------------------------------------------>___________________] 88.33% 29 p/s165 / 180 [------------------------------------------------------------------------------------------------------------------------------------------------------>_____________] 91.67% 29 p/s173 / 180 [------------------------------------------------------------------------------------------------------------------------------------------------------------->______] 96.11% 29 p/s180 / 180 [-------------------------------------------------------------------------------------------------------------------------------------------------------------------] 100.00% 29 p/s
Summary:
  Total:	6.3635 secs.
  Slowest:	0.5980 secs.
  Fastest:	0.0015 secs.
  Average:	0.0186 secs.
  Stddev:	0.0509 secs.
  Requests/sec:	28.2863

Response time histogram:
  0.0015 [1]	|
  0.0612 [167]	|∎∎∎∎∎∎∎∎∎∎∎∎∎∎∎∎∎∎∎∎∎∎∎∎∎∎∎∎∎∎∎∎∎∎∎∎∎∎∎∎
  0.1208 [10]	|∎∎
  0.1805 [0]	|
  0.2401 [1]	|
  0.2998 [0]	|
  0.3594 [0]	|
  0.4191 [0]	|
  0.4787 [0]	|
  0.5383 [0]	|
  0.5980 [1]	|

Latency distribution:
  10% in 0.0017 secs.
  25% in 0.0018 secs.
  50% in 0.0020 secs.
  75% in 0.0240 secs.
  90% in 0.0504 secs.
  95% in 0.0740 secs.
  99% in 0.5980 secs.

