bench with linearizable range
2023/07/02 21:13:46 INFO: [core] [Channel #1 SubChannel #2] Subchannel Connectivity change to CONNECTING
2023/07/02 21:13:46 INFO: [core] [Channel #1 SubChannel #2] Subchannel picks a new address "localhost:2379" to connect
2023/07/02 21:13:46 INFO: [core] [Channel #1 SubChannel #2] Subchannel Connectivity change to READY
2023/07/02 21:13:46 INFO: [roundrobin] roundrobinPicker: Build called with info: {map[0xc000110378:{{
  "Addr": "localhost:2379",
  "ServerName": "localhost",
  "Attributes": null,
  "BalancerAttributes": null,
  "Type": 0,
  "Metadata": null
}}]}
2023/07/02 21:13:46 INFO: [core] [Channel #1] Channel Connectivity change to READY
3 / 100 [---->______________________________________________________________________________________________________________________________________________________________] 3.00% ? p/s7 / 100 [----------->_______________________________________________________________________________________________________________________________________________________] 7.00% ? p/s10 / 100 [---------------->________________________________________________________________________________________________________________________________________________] 10.00% ? p/s14 / 100 [---------------------->_________________________________________________________________________________________________________________________________________] 14.00% 18 p/s18 / 100 [---------------------------->___________________________________________________________________________________________________________________________________] 18.00% 18 p/s22 / 100 [----------------------------------->____________________________________________________________________________________________________________________________] 22.00% 18 p/s25 / 100 [--------------------------------------->________________________________________________________________________________________________________________________] 25.00% 18 p/s29 / 100 [---------------------------------------------->_________________________________________________________________________________________________________________] 29.00% 18 p/s33 / 100 [---------------------------------------------------->___________________________________________________________________________________________________________] 33.00% 18 p/s37 / 100 [----------------------------------------------------------->____________________________________________________________________________________________________] 37.00% 18 p/s41 / 100 [----------------------------------------------------------------->______________________________________________________________________________________________] 41.00% 18 p/s45 / 100 [----------------------------------------------------------------------->________________________________________________________________________________________] 45.00% 18 p/s49 / 100 [------------------------------------------------------------------------------>_________________________________________________________________________________] 49.00% 19 p/s55 / 100 [--------------------------------------------------------------------------------------->________________________________________________________________________] 55.00% 19 p/s56 / 100 [----------------------------------------------------------------------------------------->______________________________________________________________________] 56.00% 19 p/s60 / 100 [----------------------------------------------------------------------------------------------->________________________________________________________________] 60.00% 19 p/s63 / 100 [---------------------------------------------------------------------------------------------------->___________________________________________________________] 63.00% 19 p/s64 / 100 [------------------------------------------------------------------------------------------------------>_________________________________________________________] 64.00% 19 p/s65 / 100 [------------------------------------------------------------------------------------------------------->________________________________________________________] 65.00% 18 p/s66 / 100 [--------------------------------------------------------------------------------------------------------->______________________________________________________] 66.00% 18 p/s70 / 100 [--------------------------------------------------------------------------------------------------------------->________________________________________________] 70.00% 18 p/s74 / 100 [---------------------------------------------------------------------------------------------------------------------->_________________________________________] 74.00% 18 p/s78 / 100 [---------------------------------------------------------------------------------------------------------------------------->___________________________________] 78.00% 18 p/s81 / 100 [--------------------------------------------------------------------------------------------------------------------------------->______________________________] 81.00% 18 p/s85 / 100 [--------------------------------------------------------------------------------------------------------------------------------------->________________________] 85.00% 18 p/s89 / 100 [---------------------------------------------------------------------------------------------------------------------------------------------->_________________] 89.00% 18 p/s92 / 100 [--------------------------------------------------------------------------------------------------------------------------------------------------->____________] 92.00% 18 p/s93 / 100 [---------------------------------------------------------------------------------------------------------------------------------------------------->___________] 93.00% 17 p/s97 / 100 [----------------------------------------------------------------------------------------------------------------------------------------------------------->____] 97.00% 17 p/s100 / 100 [--------------------------------------------------------------------------------------------------------------------------------------------------------------] 100.00% 17 p/s
Summary:
  Total:	5.9407 secs.
  Slowest:	0.2986 secs.
  Fastest:	0.0003 secs.
  Average:	0.0558 secs.
  Stddev:	0.0572 secs.
  Requests/sec:	16.8331

Response time histogram:
  0.0003 [1]	|
  0.0301 [45]	|∎∎∎∎∎∎∎∎∎∎∎∎∎∎∎∎∎∎∎∎∎∎∎∎∎∎∎∎∎∎∎∎∎∎∎∎∎∎∎∎
  0.0599 [1]	|
  0.0898 [25]	|∎∎∎∎∎∎∎∎∎∎∎∎∎∎∎∎∎∎∎∎∎∎
  0.1196 [23]	|∎∎∎∎∎∎∎∎∎∎∎∎∎∎∎∎∎∎∎∎
  0.1494 [0]	|
  0.1793 [0]	|
  0.2091 [4]	|∎∎∎
  0.2389 [0]	|
  0.2688 [0]	|
  0.2986 [1]	|

Latency distribution:
  10% in 0.0010 secs.
  25% in 0.0028 secs.
  50% in 0.0823 secs.
  75% in 0.0907 secs.
  90% in 0.0967 secs.
  95% in 0.1914 secs.
  99% in 0.2986 secs.
