2023/07/02 21:13:46 INFO: [core] [Channel #1 SubChannel #2] Subchannel picks a new address "localhost:2379" to connect
2023/07/02 21:13:46 INFO: [core] [Channel #1 SubChannel #2] Subchannel Connectivity change to READY
2023/07/02 21:13:46 INFO: [roundrobin] roundrobinPicker: Build called with info: {map[0xc00040e2b8:{{
  "Addr": "localhost:2379",
  "ServerName": "localhost",
  "Attributes": null,
  "BalancerAttributes": null,
  "Type": 0,
  "Metadata": null
}}]}
2023/07/02 21:13:46 INFO: [core] [Channel #1] Channel Connectivity change to READY
3 / 40 [------------>_______________________________________________________________________________________________________________________________________________________] 7.50% ? p/s7 / 40 [---------------------------->______________________________________________________________________________________________________________________________________] 17.50% ? p/s10 / 40 [---------------------------------------->_________________________________________________________________________________________________________________________] 25.00% ? p/s14 / 40 [-------------------------------------------------------->________________________________________________________________________________________________________] 35.00% 18 p/s18 / 40 [------------------------------------------------------------------------>________________________________________________________________________________________] 45.00% 18 p/s21 / 40 [------------------------------------------------------------------------------------>____________________________________________________________________________] 52.50% 18 p/s23 / 40 [-------------------------------------------------------------------------------------------->____________________________________________________________________] 57.50% 18 p/s27 / 40 [------------------------------------------------------------------------------------------------------------>____________________________________________________] 67.50% 18 p/s30 / 40 [------------------------------------------------------------------------------------------------------------------------>________________________________________] 75.00% 18 p/s34 / 40 [---------------------------------------------------------------------------------------------------------------------------------------->________________________] 85.00% 18 p/s37 / 40 [---------------------------------------------------------------------------------------------------------------------------------------------------->____________] 92.50% 18 p/s40 / 40 [----------------------------------------------------------------------------------------------------------------------------------------------------------------] 100.00% 19 p/s
Summary:
  Total:	2.3419 secs.
  Slowest:	0.1761 secs.
  Fastest:	0.0016 secs.
  Average:	0.0490 secs.
  Stddev:	0.0431 secs.
  Requests/sec:	17.0805

Response time histogram:
  0.0016 [1]	|∎∎
  0.0190 [16]	|∎∎∎∎∎∎∎∎∎∎∎∎∎∎∎∎∎∎∎∎∎∎∎∎∎∎∎∎∎∎∎∎∎∎∎∎∎∎∎∎
  0.0365 [0]	|
  0.0540 [1]	|∎∎
  0.0714 [1]	|∎∎
  0.0889 [15]	|∎∎∎∎∎∎∎∎∎∎∎∎∎∎∎∎∎∎∎∎∎∎∎∎∎∎∎∎∎∎∎∎∎∎∎∎∎
  0.1063 [5]	|∎∎∎∎∎∎∎∎∎∎∎∎
  0.1238 [0]	|
  0.1412 [0]	|
  0.1587 [0]	|
  0.1761 [1]	|∎∎

Latency distribution:
  10% in 0.0020 secs.
  25% in 0.0032 secs.
  50% in 0.0732 secs.
  75% in 0.0761 secs.
  90% in 0.0971 secs.
  95% in 0.1013 secs.

