2023/07/02 22:02:13 INFO: [core] [Channel #1 SubChannel #2] Subchannel Connectivity change to READY
2023/07/02 22:02:13 INFO: [roundrobin] roundrobinPicker: Build called with info: {map[0xc0004402a0:{{
  "Addr": "localhost:2379",
  "ServerName": "localhost",
  "Attributes": null,
  "BalancerAttributes": null,
  "Type": 0,
  "Metadata": null
}}]}
2023/07/02 22:02:13 INFO: [core] [Channel #1] Channel Connectivity change to READY
8 / 180 [------->________________________________________________________________________________________________________________________________________________________________] 4.44% ? p/s15 / 180 [------------->_________________________________________________________________________________________________________________________________________________________] 8.33% ? p/s21 / 180 [------------------->__________________________________________________________________________________________________________________________________________________] 11.67% ? p/s28 / 180 [------------------------->___________________________________________________________________________________________________________________________________________] 15.56% 33 p/s35 / 180 [-------------------------------->____________________________________________________________________________________________________________________________________] 19.44% 33 p/s42 / 180 [-------------------------------------->______________________________________________________________________________________________________________________________] 23.33% 33 p/s50 / 180 [--------------------------------------------->_______________________________________________________________________________________________________________________] 27.78% 34 p/s54 / 180 [------------------------------------------------->___________________________________________________________________________________________________________________] 30.00% 34 p/s54 / 180 [------------------------------------------------->___________________________________________________________________________________________________________________] 30.00% 34 p/s57 / 180 [---------------------------------------------------->________________________________________________________________________________________________________________] 31.67% 32 p/s61 / 180 [------------------------------------------------------->_____________________________________________________________________________________________________________] 33.89% 32 p/s65 / 180 [----------------------------------------------------------->_________________________________________________________________________________________________________] 36.11% 32 p/s68 / 180 [-------------------------------------------------------------->______________________________________________________________________________________________________] 37.78% 31 p/s69 / 180 [--------------------------------------------------------------->_____________________________________________________________________________________________________] 38.33% 31 p/s71 / 180 [----------------------------------------------------------------->___________________________________________________________________________________________________] 39.44% 31 p/s76 / 180 [--------------------------------------------------------------------->_______________________________________________________________________________________________] 42.22% 30 p/s83 / 180 [---------------------------------------------------------------------------->________________________________________________________________________________________] 46.11% 30 p/s89 / 180 [--------------------------------------------------------------------------------->___________________________________________________________________________________] 49.44% 30 p/s92 / 180 [------------------------------------------------------------------------------------>________________________________________________________________________________] 51.11% 30 p/s95 / 180 [--------------------------------------------------------------------------------------->_____________________________________________________________________________] 52.78% 30 p/s96 / 180 [--------------------------------------------------------------------------------------->_____________________________________________________________________________] 53.33% 30 p/s102 / 180 [-------------------------------------------------------------------------------------------->_______________________________________________________________________] 56.67% 29 p/s106 / 180 [------------------------------------------------------------------------------------------------>___________________________________________________________________] 58.89% 29 p/s106 / 180 [------------------------------------------------------------------------------------------------>___________________________________________________________________] 58.89% 29 p/s108 / 180 [-------------------------------------------------------------------------------------------------->_________________________________________________________________] 60.00% 28 p/s110 / 180 [---------------------------------------------------------------------------------------------------->_______________________________________________________________] 61.11% 28 p/s113 / 180 [------------------------------------------------------------------------------------------------------>_____________________________________________________________] 62.78% 28 p/s118 / 180 [----------------------------------------------------------------------------------------------------------->________________________________________________________] 65.56% 27 p/s120 / 180 [------------------------------------------------------------------------------------------------------------->______________________________________________________] 66.67% 27 p/s124 / 180 [---------------------------------------------------------------------------------------------------------------->___________________________________________________] 68.89% 27 p/s130 / 180 [---------------------------------------------------------------------------------------------------------------------->_____________________________________________] 72.22% 27 p/s138 / 180 [----------------------------------------------------------------------------------------------------------------------------->______________________________________] 76.67% 27 p/s143 / 180 [---------------------------------------------------------------------------------------------------------------------------------->_________________________________] 79.44% 27 p/s145 / 180 [------------------------------------------------------------------------------------------------------------------------------------>_______________________________] 80.56% 27 p/s145 / 180 [------------------------------------------------------------------------------------------------------------------------------------>_______________________________] 80.56% 27 p/s146 / 180 [------------------------------------------------------------------------------------------------------------------------------------->______________________________] 81.11% 27 p/s147 / 180 [------------------------------------------------------------------------------------------------------------------------------------->______________________________] 81.67% 25 p/s148 / 180 [-------------------------------------------------------------------------------------------------------------------------------------->_____________________________] 82.22% 25 p/s150 / 180 [---------------------------------------------------------------------------------------------------------------------------------------->___________________________] 83.33% 25 p/s154 / 180 [-------------------------------------------------------------------------------------------------------------------------------------------->_______________________] 85.56% 24 p/s158 / 180 [----------------------------------------------------------------------------------------------------------------------------------------------->____________________] 87.78% 24 p/s165 / 180 [------------------------------------------------------------------------------------------------------------------------------------------------------>_____________] 91.67% 24 p/s171 / 180 [----------------------------------------------------------------------------------------------------------------------------------------------------------->________] 95.00% 24 p/s173 / 180 [------------------------------------------------------------------------------------------------------------------------------------------------------------->______] 96.11% 24 p/s177 / 180 [----------------------------------------------------------------------------------------------------------------------------------------------------------------->__] 98.33% 24 p/s180 / 180 [-------------------------------------------------------------------------------------------------------------------------------------------------------------------] 100.00% 20 p/s
Summary:
  Total:	9.0720 secs.
  Slowest:	0.4249 secs.
  Fastest:	0.0015 secs.
  Average:	0.0361 secs.
  Stddev:	0.0654 secs.
  Requests/sec:	19.8412

Response time histogram:
  0.0015 [1]	|
  0.0438 [120]	|∎∎∎∎∎∎∎∎∎∎∎∎∎∎∎∎∎∎∎∎∎∎∎∎∎∎∎∎∎∎∎∎∎∎∎∎∎∎∎∎
  0.0862 [36]	|∎∎∎∎∎∎∎∎∎∎∎∎
  0.1285 [14]	|∎∎∎∎
  0.1709 [0]	|
  0.2132 [5]	|∎
  0.2555 [0]	|
  0.2979 [0]	|
  0.3402 [2]	|
  0.3825 [0]	|
  0.4249 [2]	|

Latency distribution:
  10% in 0.0017 secs.
  25% in 0.0018 secs.
  50% in 0.0021 secs.
  75% in 0.0500 secs.
  90% in 0.0982 secs.
  95% in 0.1733 secs.
  99% in 0.4249 secs.

