2023/06/29 22:05:52 INFO: [core] [Channel #1 SubChannel #2] Subchannel Connectivity change to CONNECTING
2023/06/29 22:05:52 INFO: [core] [Channel #1 SubChannel #2] Subchannel picks a new address "localhost:2379" to connect
2023/06/29 22:05:52 INFO: [core] [Channel #1 SubChannel #2] Subchannel Connectivity change to READY
2023/06/29 22:05:52 INFO: [roundrobin] roundrobinPicker: Build called with info: {map[0xc0000125a0:{{
  "Addr": "localhost:2379",
  "ServerName": "localhost",
  "Attributes": null,
  "BalancerAttributes": null,
  "Type": 0,
  "Metadata": null
}}]}
2023/06/29 22:05:52 INFO: [core] [Channel #1] Channel Connectivity change to READY
4 / 180 [--->_______________________________________________________________________________________________________________________________________________________________] 2.22% ? p/s8 / 180 [------->___________________________________________________________________________________________________________________________________________________________] 4.44% ? p/s12 / 180 [---------->_______________________________________________________________________________________________________________________________________________________] 6.67% ? p/s15 / 180 [------------->___________________________________________________________________________________________________________________________________________________] 8.33% 18 p/s16 / 180 [-------------->__________________________________________________________________________________________________________________________________________________] 8.89% 18 p/s17 / 180 [--------------->_________________________________________________________________________________________________________________________________________________] 9.44% 18 p/s21 / 180 [------------------>_____________________________________________________________________________________________________________________________________________] 11.67% 18 p/s25 / 180 [---------------------->_________________________________________________________________________________________________________________________________________] 13.89% 18 p/s29 / 180 [------------------------->______________________________________________________________________________________________________________________________________] 16.11% 18 p/s33 / 180 [----------------------------->__________________________________________________________________________________________________________________________________] 18.33% 18 p/s37 / 180 [-------------------------------->_______________________________________________________________________________________________________________________________] 20.56% 18 p/s41 / 180 [------------------------------------>___________________________________________________________________________________________________________________________] 22.78% 18 p/s45 / 180 [--------------------------------------->________________________________________________________________________________________________________________________] 25.00% 18 p/s49 / 180 [------------------------------------------->____________________________________________________________________________________________________________________] 27.22% 18 p/s53 / 180 [----------------------------------------------->________________________________________________________________________________________________________________] 29.44% 18 p/s57 / 180 [-------------------------------------------------->_____________________________________________________________________________________________________________] 31.67% 18 p/s61 / 180 [------------------------------------------------------>_________________________________________________________________________________________________________] 33.89% 18 p/s65 / 180 [--------------------------------------------------------->______________________________________________________________________________________________________] 36.11% 18 p/s69 / 180 [------------------------------------------------------------->__________________________________________________________________________________________________] 38.33% 18 p/s73 / 180 [---------------------------------------------------------------->_______________________________________________________________________________________________] 40.56% 18 p/s77 / 180 [-------------------------------------------------------------------->___________________________________________________________________________________________] 42.78% 18 p/s81 / 180 [----------------------------------------------------------------------->________________________________________________________________________________________] 45.00% 18 p/s85 / 180 [--------------------------------------------------------------------------->____________________________________________________________________________________] 47.22% 18 p/s89 / 180 [------------------------------------------------------------------------------->________________________________________________________________________________] 49.44% 18 p/s93 / 180 [---------------------------------------------------------------------------------->_____________________________________________________________________________] 51.67% 19 p/s97 / 180 [-------------------------------------------------------------------------------------->_________________________________________________________________________] 53.89% 19 p/s101 / 180 [----------------------------------------------------------------------------------------->_____________________________________________________________________] 56.11% 19 p/s105 / 180 [-------------------------------------------------------------------------------------------->__________________________________________________________________] 58.33% 19 p/s109 / 180 [------------------------------------------------------------------------------------------------>______________________________________________________________] 60.56% 19 p/s113 / 180 [--------------------------------------------------------------------------------------------------->___________________________________________________________] 62.78% 19 p/s117 / 180 [------------------------------------------------------------------------------------------------------->_______________________________________________________] 65.00% 19 p/s121 / 180 [---------------------------------------------------------------------------------------------------------->____________________________________________________] 67.22% 19 p/s125 / 180 [-------------------------------------------------------------------------------------------------------------->________________________________________________] 69.44% 19 p/s129 / 180 [----------------------------------------------------------------------------------------------------------------->_____________________________________________] 71.67% 19 p/s133 / 180 [--------------------------------------------------------------------------------------------------------------------->_________________________________________] 73.89% 19 p/s137 / 180 [------------------------------------------------------------------------------------------------------------------------->_____________________________________] 76.11% 19 p/s141 / 180 [---------------------------------------------------------------------------------------------------------------------------->__________________________________] 78.33% 19 p/s145 / 180 [-------------------------------------------------------------------------------------------------------------------------------->______________________________] 80.56% 19 p/s149 / 180 [----------------------------------------------------------------------------------------------------------------------------------->___________________________] 82.78% 19 p/s153 / 180 [--------------------------------------------------------------------------------------------------------------------------------------->_______________________] 85.00% 19 p/s157 / 180 [------------------------------------------------------------------------------------------------------------------------------------------>____________________] 87.22% 19 p/s161 / 180 [---------------------------------------------------------------------------------------------------------------------------------------------->________________] 89.44% 19 p/s165 / 180 [------------------------------------------------------------------------------------------------------------------------------------------------->_____________] 91.67% 19 p/s169 / 180 [----------------------------------------------------------------------------------------------------------------------------------------------------->_________] 93.89% 19 p/s173 / 180 [-------------------------------------------------------------------------------------------------------------------------------------------------------->______] 96.11% 19 p/s177 / 180 [------------------------------------------------------------------------------------------------------------------------------------------------------------>__] 98.33% 19 p/s180 / 180 [--------------------------------------------------------------------------------------------------------------------------------------------------------------] 100.00% 20 p/s
Summary:
  Total:	9.3263 secs.
  Slowest:	0.2124 secs.
  Fastest:	0.0015 secs.
  Average:	0.0054 secs.
  Stddev:	0.0222 secs.
  Requests/sec:	19.3002

Response time histogram:
  0.0015 [1]	|
  0.0226 [174]	|∎∎∎∎∎∎∎∎∎∎∎∎∎∎∎∎∎∎∎∎∎∎∎∎∎∎∎∎∎∎∎∎∎∎∎∎∎∎∎∎
  0.0437 [1]	|
  0.0648 [0]	|
  0.0859 [0]	|
  0.1070 [2]	|
  0.1280 [0]	|
  0.1491 [0]	|
  0.1702 [0]	|
  0.1913 [1]	|
  0.2124 [1]	|

Latency distribution:
  10% in 0.0017 secs.
  25% in 0.0018 secs.
  50% in 0.0019 secs.
  75% in 0.0021 secs.
  90% in 0.0030 secs.
  95% in 0.0055 secs.
  99% in 0.2124 secs.

