bench with linearizable range
2023/06/29 22:05:52 INFO: [core] [Channel #1 SubChannel #2] Subchannel Connectivity change to CONNECTING
2023/06/29 22:05:52 INFO: [core] [Channel #1 SubChannel #2] Subchannel picks a new address "localhost:2379" to connect
2023/06/29 22:05:52 INFO: [core] [Channel #1 SubChannel #2] Subchannel Connectivity change to READY
2023/06/29 22:05:52 INFO: [roundrobin] roundrobinPicker: Build called with info: {map[0xc000110000:{{
  "Addr": "localhost:2379",
  "ServerName": "localhost",
  "Attributes": null,
  "BalancerAttributes": null,
  "Type": 0,
  "Metadata": null
}}]}
2023/06/29 22:05:52 INFO: [core] [Channel #1] Channel Connectivity change to READY
20 / 1000 [--->_____________________________________________________________________________________________________________________________________________________________] 2.00% ? p/s40 / 1000 [------>__________________________________________________________________________________________________________________________________________________________] 4.00% ? p/s60 / 1000 [--------->_______________________________________________________________________________________________________________________________________________________] 6.00% ? p/s71 / 1000 [----------->____________________________________________________________________________________________________________________________________________________] 7.10% 85 p/s76 / 1000 [------------>___________________________________________________________________________________________________________________________________________________] 7.60% 85 p/s77 / 1000 [------------>___________________________________________________________________________________________________________________________________________________] 7.70% 85 p/s88 / 1000 [-------------->_________________________________________________________________________________________________________________________________________________] 8.80% 81 p/s108 / 1000 [----------------->____________________________________________________________________________________________________________________________________________] 10.80% 81 p/s128 / 1000 [-------------------->_________________________________________________________________________________________________________________________________________] 12.80% 81 p/s148 / 1000 [----------------------->______________________________________________________________________________________________________________________________________] 14.80% 83 p/s168 / 1000 [-------------------------->___________________________________________________________________________________________________________________________________] 16.80% 83 p/s188 / 1000 [----------------------------->________________________________________________________________________________________________________________________________] 18.80% 83 p/s208 / 1000 [-------------------------------->_____________________________________________________________________________________________________________________________] 20.80% 84 p/s228 / 1000 [------------------------------------>_________________________________________________________________________________________________________________________] 22.80% 84 p/s248 / 1000 [--------------------------------------->______________________________________________________________________________________________________________________] 24.80% 84 p/s268 / 1000 [------------------------------------------>___________________________________________________________________________________________________________________] 26.80% 85 p/s288 / 1000 [--------------------------------------------->________________________________________________________________________________________________________________] 28.80% 85 p/s308 / 1000 [------------------------------------------------>_____________________________________________________________________________________________________________] 30.80% 85 p/s328 / 1000 [--------------------------------------------------->__________________________________________________________________________________________________________] 32.80% 86 p/s348 / 1000 [------------------------------------------------------>_______________________________________________________________________________________________________] 34.80% 86 p/s368 / 1000 [---------------------------------------------------------->___________________________________________________________________________________________________] 36.80% 86 p/s388 / 1000 [------------------------------------------------------------->________________________________________________________________________________________________] 38.80% 87 p/s408 / 1000 [---------------------------------------------------------------->_____________________________________________________________________________________________] 40.80% 87 p/s428 / 1000 [------------------------------------------------------------------->__________________________________________________________________________________________] 42.80% 87 p/s448 / 1000 [---------------------------------------------------------------------->_______________________________________________________________________________________] 44.80% 88 p/s468 / 1000 [------------------------------------------------------------------------->____________________________________________________________________________________] 46.80% 88 p/s488 / 1000 [----------------------------------------------------------------------------->________________________________________________________________________________] 48.80% 88 p/s508 / 1000 [-------------------------------------------------------------------------------->_____________________________________________________________________________] 50.80% 88 p/s528 / 1000 [----------------------------------------------------------------------------------->__________________________________________________________________________] 52.80% 88 p/s548 / 1000 [-------------------------------------------------------------------------------------->_______________________________________________________________________] 54.80% 88 p/s568 / 1000 [----------------------------------------------------------------------------------------->____________________________________________________________________] 56.80% 89 p/s588 / 1000 [-------------------------------------------------------------------------------------------->_________________________________________________________________] 58.80% 89 p/s608 / 1000 [------------------------------------------------------------------------------------------------>_____________________________________________________________] 60.80% 89 p/s628 / 1000 [--------------------------------------------------------------------------------------------------->__________________________________________________________] 62.80% 90 p/s648 / 1000 [------------------------------------------------------------------------------------------------------>_______________________________________________________] 64.80% 90 p/s668 / 1000 [--------------------------------------------------------------------------------------------------------->____________________________________________________] 66.80% 90 p/s688 / 1000 [------------------------------------------------------------------------------------------------------------>_________________________________________________] 68.80% 90 p/s708 / 1000 [--------------------------------------------------------------------------------------------------------------->______________________________________________] 70.80% 90 p/s728 / 1000 [------------------------------------------------------------------------------------------------------------------->__________________________________________] 72.80% 90 p/s748 / 1000 [---------------------------------------------------------------------------------------------------------------------->_______________________________________] 74.80% 91 p/s768 / 1000 [------------------------------------------------------------------------------------------------------------------------->____________________________________] 76.80% 91 p/s788 / 1000 [---------------------------------------------------------------------------------------------------------------------------->_________________________________] 78.80% 91 p/s808 / 1000 [------------------------------------------------------------------------------------------------------------------------------->______________________________] 80.80% 92 p/s828 / 1000 [---------------------------------------------------------------------------------------------------------------------------------->___________________________] 82.80% 92 p/s848 / 1000 [------------------------------------------------------------------------------------------------------------------------------------->________________________] 84.80% 92 p/s868 / 1000 [----------------------------------------------------------------------------------------------------------------------------------------->____________________] 86.80% 92 p/s888 / 1000 [-------------------------------------------------------------------------------------------------------------------------------------------->_________________] 88.80% 92 p/s908 / 1000 [----------------------------------------------------------------------------------------------------------------------------------------------->______________] 90.80% 92 p/s928 / 1000 [-------------------------------------------------------------------------------------------------------------------------------------------------->___________] 92.80% 93 p/s948 / 1000 [----------------------------------------------------------------------------------------------------------------------------------------------------->________] 94.80% 93 p/s968 / 1000 [-------------------------------------------------------------------------------------------------------------------------------------------------------->_____] 96.80% 93 p/s988 / 1000 [------------------------------------------------------------------------------------------------------------------------------------------------------------>_] 98.80% 93 p/s1000 / 1000 [------------------------------------------------------------------------------------------------------------------------------------------------------------] 100.00% 97 p/s
Summary:
  Total:	10.5141 secs.
  Slowest:	0.2026 secs.
  Fastest:	0.0002 secs.
  Average:	0.0012 secs.
  Stddev:	0.0082 secs.
  Requests/sec:	95.1102

Response time histogram:
  0.0002 [1]	|
  0.0205 [991]	|∎∎∎∎∎∎∎∎∎∎∎∎∎∎∎∎∎∎∎∎∎∎∎∎∎∎∎∎∎∎∎∎∎∎∎∎∎∎∎∎
  0.0407 [3]	|
  0.0609 [1]	|
  0.0812 [2]	|
  0.1014 [0]	|
  0.1216 [1]	|
  0.1419 [0]	|
  0.1621 [0]	|
  0.1823 [0]	|
  0.2026 [1]	|

Latency distribution:
  10% in 0.0003 secs.
  25% in 0.0003 secs.
  50% in 0.0004 secs.
  75% in 0.0005 secs.
  90% in 0.0014 secs.
  95% in 0.0019 secs.
  99% in 0.0148 secs.
  99.9% in 0.2026 secs.
