bench with linearizable range
2023/07/02 21:14:33 INFO: [core] [Channel #1 SubChannel #2] Subchannel Connectivity change to CONNECTING
2023/07/02 21:14:33 INFO: [core] [Channel #1 SubChannel #2] Subchannel picks a new address "localhost:2379" to connect
2023/07/02 21:14:33 INFO: [core] [Channel #1 SubChannel #2] Subchannel Connectivity change to READY
2023/07/02 21:14:33 INFO: [roundrobin] roundrobinPicker: Build called with info: {map[0xc00059c3c0:{{
  "Addr": "localhost:2379",
  "ServerName": "localhost",
  "Attributes": null,
  "BalancerAttributes": null,
  "Type": 0,
  "Metadata": null
}}]}
2023/07/02 21:14:33 INFO: [core] [Channel #1] Channel Connectivity change to READY
2 / 100 [--->_______________________________________________________________________________________________________________________________________________________________] 2.00% ? p/s6 / 100 [--------->_________________________________________________________________________________________________________________________________________________________] 6.00% ? p/s10 / 100 [---------------->________________________________________________________________________________________________________________________________________________] 10.00% ? p/s14 / 100 [---------------------->_________________________________________________________________________________________________________________________________________] 14.00% 20 p/s19 / 100 [------------------------------>_________________________________________________________________________________________________________________________________] 19.00% 20 p/s23 / 100 [------------------------------------>___________________________________________________________________________________________________________________________] 23.00% 20 p/s27 / 100 [------------------------------------------->____________________________________________________________________________________________________________________] 27.00% 20 p/s32 / 100 [--------------------------------------------------->____________________________________________________________________________________________________________] 32.00% 20 p/s36 / 100 [--------------------------------------------------------->______________________________________________________________________________________________________] 36.00% 20 p/s40 / 100 [--------------------------------------------------------------->________________________________________________________________________________________________] 40.00% 20 p/s44 / 100 [---------------------------------------------------------------------->_________________________________________________________________________________________] 44.00% 20 p/s48 / 100 [---------------------------------------------------------------------------->___________________________________________________________________________________] 48.00% 20 p/s53 / 100 [------------------------------------------------------------------------------------>___________________________________________________________________________] 53.00% 20 p/s57 / 100 [------------------------------------------------------------------------------------------->____________________________________________________________________] 57.00% 20 p/s62 / 100 [--------------------------------------------------------------------------------------------------->____________________________________________________________] 62.00% 20 p/s67 / 100 [----------------------------------------------------------------------------------------------------------->____________________________________________________] 67.00% 20 p/s72 / 100 [------------------------------------------------------------------------------------------------------------------->____________________________________________] 72.00% 20 p/s76 / 100 [------------------------------------------------------------------------------------------------------------------------->______________________________________] 76.00% 20 p/s80 / 100 [------------------------------------------------------------------------------------------------------------------------------->________________________________] 80.00% 21 p/s83 / 100 [------------------------------------------------------------------------------------------------------------------------------------>___________________________] 83.00% 21 p/s87 / 100 [------------------------------------------------------------------------------------------------------------------------------------------->____________________] 87.00% 21 p/s91 / 100 [------------------------------------------------------------------------------------------------------------------------------------------------->______________] 91.00% 20 p/s96 / 100 [--------------------------------------------------------------------------------------------------------------------------------------------------------->______] 96.00% 20 p/s100 / 100 [--------------------------------------------------------------------------------------------------------------------------------------------------------------] 100.00% 23 p/s
Summary:
  Total:	4.6323 secs.
  Slowest:	0.1142 secs.
  Fastest:	0.0003 secs.
  Average:	0.0420 secs.
  Stddev:	0.0433 secs.
  Requests/sec:	21.5875

Response time histogram:
  0.0003 [1]	|
  0.0116 [53]	|∎∎∎∎∎∎∎∎∎∎∎∎∎∎∎∎∎∎∎∎∎∎∎∎∎∎∎∎∎∎∎∎∎∎∎∎∎∎∎∎
  0.0230 [0]	|
  0.0344 [0]	|
  0.0458 [0]	|
  0.0572 [0]	|
  0.0686 [0]	|
  0.0800 [8]	|∎∎∎∎∎∎
  0.0914 [27]	|∎∎∎∎∎∎∎∎∎∎∎∎∎∎∎∎∎∎∎∎
  0.1028 [10]	|∎∎∎∎∎∎∎
  0.1142 [1]	|

Latency distribution:
  10% in 0.0004 secs.
  25% in 0.0019 secs.
  50% in 0.0053 secs.
  75% in 0.0889 secs.
  90% in 0.0922 secs.
  95% in 0.0964 secs.
  99% in 0.1142 secs.
