2023/07/02 21:14:33 INFO: [core] [Channel #1 SubChannel #2] Subchannel Connectivity change to CONNECTING
2023/07/02 21:14:33 INFO: [core] [Channel #1 SubChannel #2] Subchannel picks a new address "localhost:2379" to connect
2023/07/02 21:14:33 INFO: [core] [Channel #1 SubChannel #2] Subchannel Connectivity change to READY
2023/07/02 21:14:33 INFO: [roundrobin] roundrobinPicker: Build called with info: {map[0xc00040c3a8:{{
  "Addr": "localhost:2379",
  "ServerName": "localhost",
  "Attributes": null,
  "BalancerAttributes": null,
  "Type": 0,
  "Metadata": null
}}]}
2023/07/02 21:14:33 INFO: [core] [Channel #1] Channel Connectivity change to READY
2 / 40 [-------->___________________________________________________________________________________________________________________________________________________________] 5.00% ? p/s5 / 40 [-------------------->______________________________________________________________________________________________________________________________________________] 12.50% ? p/s8 / 40 [-------------------------------->__________________________________________________________________________________________________________________________________] 20.00% ? p/s11 / 40 [-------------------------------------------->____________________________________________________________________________________________________________________] 27.50% 15 p/s15 / 40 [------------------------------------------------------------>____________________________________________________________________________________________________] 37.50% 15 p/s19 / 40 [---------------------------------------------------------------------------->____________________________________________________________________________________] 47.50% 15 p/s23 / 40 [-------------------------------------------------------------------------------------------->____________________________________________________________________] 57.50% 15 p/s26 / 40 [-------------------------------------------------------------------------------------------------------->________________________________________________________] 65.00% 15 p/s30 / 40 [------------------------------------------------------------------------------------------------------------------------>________________________________________] 75.00% 15 p/s34 / 40 [---------------------------------------------------------------------------------------------------------------------------------------->________________________] 85.00% 16 p/s38 / 40 [-------------------------------------------------------------------------------------------------------------------------------------------------------->________] 95.00% 16 p/s40 / 40 [----------------------------------------------------------------------------------------------------------------------------------------------------------------] 100.00% 20 p/s
Summary:
  Total:	2.2299 secs.
  Slowest:	0.1092 secs.
  Fastest:	0.0016 secs.
  Average:	0.0462 secs.
  Stddev:	0.0397 secs.
  Requests/sec:	17.9379

Response time histogram:
  0.0016 [1]	|∎∎
  0.0124 [17]	|∎∎∎∎∎∎∎∎∎∎∎∎∎∎∎∎∎∎∎∎∎∎∎∎∎∎∎∎∎∎∎∎∎∎∎∎∎∎∎∎
  0.0231 [0]	|
  0.0339 [0]	|
  0.0447 [0]	|
  0.0554 [0]	|
  0.0662 [0]	|
  0.0769 [13]	|∎∎∎∎∎∎∎∎∎∎∎∎∎∎∎∎∎∎∎∎∎∎∎∎∎∎∎∎∎∎
  0.0877 [4]	|∎∎∎∎∎∎∎∎∎
  0.0985 [1]	|∎∎
  0.1092 [4]	|∎∎∎∎∎∎∎∎∎

Latency distribution:
  10% in 0.0027 secs.
  25% in 0.0032 secs.
  50% in 0.0728 secs.
  75% in 0.0759 secs.
  90% in 0.0988 secs.
  95% in 0.1008 secs.

