bench with linearizable range
2023/07/02 21:13:38 INFO: [core] [Channel #1 SubChannel #2] Subchannel Connectivity change to CONNECTING
2023/07/02 21:13:38 INFO: [core] [Channel #1 SubChannel #2] Subchannel picks a new address "localhost:2379" to connect
2023/07/02 21:13:38 INFO: [core] [Channel #1 SubChannel #2] Subchannel Connectivity change to READY
2023/07/02 21:13:38 INFO: [roundrobin] roundrobinPicker: Build called with info: {map[0xc000110000:{{
  "Addr": "localhost:2379",
  "ServerName": "localhost",
  "Attributes": null,
  "BalancerAttributes": null,
  "Type": 0,
  "Metadata": null
}}]}
2023/07/02 21:13:38 INFO: [core] [Channel #1] Channel Connectivity change to READY
4 / 100 [------>____________________________________________________________________________________________________________________________________________________________] 4.00% ? p/s9 / 100 [-------------->____________________________________________________________________________________________________________________________________________________] 9.00% ? p/s13 / 100 [-------------------->____________________________________________________________________________________________________________________________________________] 13.00% ? p/s17 / 100 [--------------------------->____________________________________________________________________________________________________________________________________] 17.00% 22 p/s23 / 100 [------------------------------------>___________________________________________________________________________________________________________________________] 23.00% 22 p/s26 / 100 [----------------------------------------->______________________________________________________________________________________________________________________] 26.00% 22 p/s31 / 100 [------------------------------------------------->______________________________________________________________________________________________________________] 31.00% 22 p/s36 / 100 [--------------------------------------------------------->______________________________________________________________________________________________________] 36.00% 22 p/s40 / 100 [--------------------------------------------------------------->________________________________________________________________________________________________] 40.00% 22 p/s46 / 100 [------------------------------------------------------------------------->______________________________________________________________________________________] 46.00% 22 p/s50 / 100 [------------------------------------------------------------------------------->________________________________________________________________________________] 50.00% 22 p/s54 / 100 [-------------------------------------------------------------------------------------->_________________________________________________________________________] 54.00% 22 p/s57 / 100 [------------------------------------------------------------------------------------------->____________________________________________________________________] 57.00% 22 p/s62 / 100 [--------------------------------------------------------------------------------------------------->____________________________________________________________] 62.00% 22 p/s67 / 100 [----------------------------------------------------------------------------------------------------------->____________________________________________________] 67.00% 22 p/s71 / 100 [----------------------------------------------------------------------------------------------------------------->______________________________________________] 71.00% 22 p/s75 / 100 [----------------------------------------------------------------------------------------------------------------------->________________________________________] 75.00% 22 p/s79 / 100 [------------------------------------------------------------------------------------------------------------------------------>_________________________________] 79.00% 22 p/s83 / 100 [------------------------------------------------------------------------------------------------------------------------------------>___________________________] 83.00% 22 p/s88 / 100 [-------------------------------------------------------------------------------------------------------------------------------------------->___________________] 88.00% 22 p/s92 / 100 [--------------------------------------------------------------------------------------------------------------------------------------------------->____________] 92.00% 22 p/s95 / 100 [------------------------------------------------------------------------------------------------------------------------------------------------------->________] 95.00% 22 p/s97 / 100 [----------------------------------------------------------------------------------------------------------------------------------------------------------->____] 97.00% 22 p/s100 / 100 [--------------------------------------------------------------------------------------------------------------------------------------------------------------] 100.00% 22 p/s
Summary:
  Total:	4.7592 secs.
  Slowest:	0.1929 secs.
  Fastest:	0.0002 secs.
  Average:	0.0433 secs.
  Stddev:	0.0451 secs.
  Requests/sec:	21.0119

Response time histogram:
  0.0002 [1]	|
  0.0195 [52]	|∎∎∎∎∎∎∎∎∎∎∎∎∎∎∎∎∎∎∎∎∎∎∎∎∎∎∎∎∎∎∎∎∎∎∎∎∎∎∎∎
  0.0388 [0]	|
  0.0580 [0]	|
  0.0773 [3]	|∎∎
  0.0965 [39]	|∎∎∎∎∎∎∎∎∎∎∎∎∎∎∎∎∎∎∎∎∎∎∎∎∎∎∎∎∎∎
  0.1158 [4]	|∎∎∎
  0.1351 [0]	|
  0.1543 [0]	|
  0.1736 [0]	|
  0.1929 [1]	|

Latency distribution:
  10% in 0.0005 secs.
  25% in 0.0026 secs.
  50% in 0.0049 secs.
  75% in 0.0888 secs.
  90% in 0.0924 secs.
  95% in 0.0973 secs.
  99% in 0.1929 secs.
