bench with linearizable range
2023/07/02 21:14:23 INFO: [core] [Channel #1 SubChannel #2] Subchannel Connectivity change to CONNECTING
2023/07/02 21:14:23 INFO: [core] [Channel #1 SubChannel #2] Subchannel picks a new address "localhost:2379" to connect
2023/07/02 21:14:23 INFO: [core] [Channel #1 SubChannel #2] Subchannel Connectivity change to READY
2023/07/02 21:14:23 INFO: [roundrobin] roundrobinPicker: Build called with info: {map[0xc000123a88:{{
  "Addr": "localhost:2379",
  "ServerName": "localhost",
  "Attributes": null,
  "BalancerAttributes": null,
  "Type": 0,
  "Metadata": null
}}]}
2023/07/02 21:14:23 INFO: [core] [Channel #1] Channel Connectivity change to READY
5 / 100 [-------->__________________________________________________________________________________________________________________________________________________________] 5.00% ? p/s10 / 100 [---------------->________________________________________________________________________________________________________________________________________________] 10.00% ? p/s15 / 100 [------------------------>________________________________________________________________________________________________________________________________________] 15.00% ? p/s20 / 100 [------------------------------->________________________________________________________________________________________________________________________________] 20.00% 25 p/s25 / 100 [--------------------------------------->________________________________________________________________________________________________________________________] 25.00% 25 p/s30 / 100 [----------------------------------------------->________________________________________________________________________________________________________________] 30.00% 25 p/s34 / 100 [------------------------------------------------------>_________________________________________________________________________________________________________] 34.00% 25 p/s38 / 100 [------------------------------------------------------------>___________________________________________________________________________________________________] 38.00% 25 p/s42 / 100 [------------------------------------------------------------------->____________________________________________________________________________________________] 42.00% 25 p/s46 / 100 [------------------------------------------------------------------------->______________________________________________________________________________________] 46.00% 25 p/s50 / 100 [------------------------------------------------------------------------------->________________________________________________________________________________] 50.00% 25 p/s54 / 100 [-------------------------------------------------------------------------------------->_________________________________________________________________________] 54.00% 25 p/s58 / 100 [-------------------------------------------------------------------------------------------->___________________________________________________________________] 58.00% 24 p/s62 / 100 [--------------------------------------------------------------------------------------------------->____________________________________________________________] 62.00% 24 p/s66 / 100 [--------------------------------------------------------------------------------------------------------->______________________________________________________] 66.00% 24 p/s70 / 100 [--------------------------------------------------------------------------------------------------------------->________________________________________________] 70.00% 24 p/s75 / 100 [----------------------------------------------------------------------------------------------------------------------->________________________________________] 75.00% 24 p/s79 / 100 [------------------------------------------------------------------------------------------------------------------------------>_________________________________] 79.00% 24 p/s84 / 100 [-------------------------------------------------------------------------------------------------------------------------------------->_________________________] 84.00% 24 p/s89 / 100 [---------------------------------------------------------------------------------------------------------------------------------------------->_________________] 89.00% 24 p/s93 / 100 [---------------------------------------------------------------------------------------------------------------------------------------------------->___________] 93.00% 24 p/s98 / 100 [------------------------------------------------------------------------------------------------------------------------------------------------------------>___] 98.00% 24 p/s100 / 100 [--------------------------------------------------------------------------------------------------------------------------------------------------------------] 100.00% 24 p/s
Summary:
  Total:	4.4414 secs.
  Slowest:	0.0932 secs.
  Fastest:	0.0003 secs.
  Average:	0.0401 secs.
  Stddev:	0.0419 secs.
  Requests/sec:	22.5152

Response time histogram:
  0.0003 [1]	|
  0.0096 [53]	|∎∎∎∎∎∎∎∎∎∎∎∎∎∎∎∎∎∎∎∎∎∎∎∎∎∎∎∎∎∎∎∎∎∎∎∎∎∎∎∎
  0.0189 [1]	|
  0.0281 [0]	|
  0.0374 [0]	|
  0.0467 [1]	|
  0.0560 [0]	|
  0.0653 [0]	|
  0.0746 [1]	|
  0.0839 [8]	|∎∎∎∎∎∎
  0.0932 [35]	|∎∎∎∎∎∎∎∎∎∎∎∎∎∎∎∎∎∎∎∎∎∎∎∎∎∎

Latency distribution:
  10% in 0.0005 secs.
  25% in 0.0026 secs.
  50% in 0.0050 secs.
  75% in 0.0879 secs.
  90% in 0.0911 secs.
  95% in 0.0926 secs.
  99% in 0.0932 secs.
