2023/07/02 21:14:23 INFO: [core] [Channel #1 SubChannel #2] Subchannel Connectivity change to CONNECTING
2023/07/02 21:14:23 INFO: [core] [Channel #1 SubChannel #2] Subchannel picks a new address "localhost:2379" to connect
2023/07/02 21:14:23 INFO: [core] [Channel #1 SubChannel #2] Subchannel Connectivity change to READY
2023/07/02 21:14:23 INFO: [roundrobin] roundrobinPicker: Build called with info: {map[0xc000402378:{{
  "Addr": "localhost:2379",
  "ServerName": "localhost",
  "Attributes": null,
  "BalancerAttributes": null,
  "Type": 0,
  "Metadata": null
}}]}
2023/07/02 21:14:23 INFO: [core] [Channel #1] Channel Connectivity change to READY
4 / 40 [---------------->__________________________________________________________________________________________________________________________________________________] 10.00% ? p/s8 / 40 [-------------------------------->__________________________________________________________________________________________________________________________________] 20.00% ? p/s12 / 40 [------------------------------------------------>_________________________________________________________________________________________________________________] 30.00% ? p/s16 / 40 [---------------------------------------------------------------->________________________________________________________________________________________________] 40.00% 20 p/s20 / 40 [-------------------------------------------------------------------------------->________________________________________________________________________________] 50.00% 20 p/s23 / 40 [-------------------------------------------------------------------------------------------->____________________________________________________________________] 57.50% 20 p/s27 / 40 [------------------------------------------------------------------------------------------------------------>____________________________________________________] 67.50% 20 p/s31 / 40 [---------------------------------------------------------------------------------------------------------------------------->____________________________________] 77.50% 20 p/s35 / 40 [-------------------------------------------------------------------------------------------------------------------------------------------->____________________] 87.50% 20 p/s39 / 40 [------------------------------------------------------------------------------------------------------------------------------------------------------------>____] 97.50% 20 p/s40 / 40 [----------------------------------------------------------------------------------------------------------------------------------------------------------------] 100.00% 22 p/s
Summary:
  Total:	2.0397 secs.
  Slowest:	0.0958 secs.
  Fastest:	0.0015 secs.
  Average:	0.0402 secs.
  Stddev:	0.0361 secs.
  Requests/sec:	19.6107

Response time histogram:
  0.0015 [1]	|∎∎
  0.0110 [18]	|∎∎∎∎∎∎∎∎∎∎∎∎∎∎∎∎∎∎∎∎∎∎∎∎∎∎∎∎∎∎∎∎∎∎∎∎∎∎∎∎
  0.0204 [0]	|
  0.0298 [0]	|
  0.0393 [0]	|
  0.0487 [1]	|∎∎
  0.0581 [0]	|
  0.0675 [1]	|∎∎
  0.0770 [13]	|∎∎∎∎∎∎∎∎∎∎∎∎∎∎∎∎∎∎∎∎∎∎∎∎∎∎∎∎
  0.0864 [5]	|∎∎∎∎∎∎∎∎∎∎∎
  0.0958 [1]	|∎∎

Latency distribution:
  10% in 0.0022 secs.
  25% in 0.0027 secs.
  50% in 0.0665 secs.
  75% in 0.0742 secs.
  90% in 0.0782 secs.
  95% in 0.0792 secs.

