2023/06/29 22:25:12 INFO: [core] [Channel #1 SubChannel #2] Subchannel Connectivity change to CONNECTING
2023/06/29 22:25:12 INFO: [core] [Channel #1 SubChannel #2] Subchannel picks a new address "localhost:2379" to connect
2023/06/29 22:25:12 INFO: [core] [Channel #1 SubChannel #2] Subchannel Connectivity change to READY
2023/06/29 22:25:12 INFO: [roundrobin] roundrobinPicker: Build called with info: {map[0xc000012498:{{
  "Addr": "localhost:2379",
  "ServerName": "localhost",
  "Attributes": null,
  "BalancerAttributes": null,
  "Type": 0,
  "Metadata": null
}}]}
2023/06/29 22:25:12 INFO: [core] [Channel #1] Channel Connectivity change to READY
4 / 180 [--->_______________________________________________________________________________________________________________________________________________________________] 2.22% ? p/s8 / 180 [------->___________________________________________________________________________________________________________________________________________________________] 4.44% ? p/s10 / 180 [-------->_________________________________________________________________________________________________________________________________________________________] 5.56% ? p/s11 / 180 [--------->_______________________________________________________________________________________________________________________________________________________] 6.11% 12 p/s11 / 180 [--------->_______________________________________________________________________________________________________________________________________________________] 6.11% 12 p/s12 / 180 [---------->______________________________________________________________________________________________________________________________________________________] 6.67% 12 p/s12 / 180 [---------->______________________________________________________________________________________________________________________________________________________] 6.67% 11 p/s12 / 180 [---------->______________________________________________________________________________________________________________________________________________________] 6.67% 11 p/s13 / 180 [----------->_____________________________________________________________________________________________________________________________________________________] 7.22% 11 p/s13 / 180 [----------->_____________________________________________________________________________________________________________________________________________________] 7.22% 10 p/s13 / 180 [----------->_____________________________________________________________________________________________________________________________________________________] 7.22% 10 p/s13 / 180 [----------->_____________________________________________________________________________________________________________________________________________________] 7.22% 10 p/s13 / 180 [----------->_____________________________________________________________________________________________________________________________________________________] 7.22% 10 p/s17 / 180 [--------------->_________________________________________________________________________________________________________________________________________________] 9.44% 10 p/s21 / 180 [------------------>_____________________________________________________________________________________________________________________________________________] 11.67% 10 p/s25 / 180 [---------------------->_________________________________________________________________________________________________________________________________________] 13.89% 10 p/s29 / 180 [------------------------->______________________________________________________________________________________________________________________________________] 16.11% 10 p/s33 / 180 [----------------------------->__________________________________________________________________________________________________________________________________] 18.33% 10 p/s37 / 180 [-------------------------------->_______________________________________________________________________________________________________________________________] 20.56% 11 p/s41 / 180 [------------------------------------>___________________________________________________________________________________________________________________________] 22.78% 11 p/s45 / 180 [--------------------------------------->________________________________________________________________________________________________________________________] 25.00% 11 p/s49 / 180 [------------------------------------------->____________________________________________________________________________________________________________________] 27.22% 12 p/s53 / 180 [----------------------------------------------->________________________________________________________________________________________________________________] 29.44% 12 p/s57 / 180 [-------------------------------------------------->_____________________________________________________________________________________________________________] 31.67% 12 p/s61 / 180 [------------------------------------------------------>_________________________________________________________________________________________________________] 33.89% 12 p/s65 / 180 [--------------------------------------------------------->______________________________________________________________________________________________________] 36.11% 12 p/s69 / 180 [------------------------------------------------------------->__________________________________________________________________________________________________] 38.33% 12 p/s73 / 180 [---------------------------------------------------------------->_______________________________________________________________________________________________] 40.56% 13 p/s77 / 180 [-------------------------------------------------------------------->___________________________________________________________________________________________] 42.78% 13 p/s81 / 180 [----------------------------------------------------------------------->________________________________________________________________________________________] 45.00% 13 p/s85 / 180 [--------------------------------------------------------------------------->____________________________________________________________________________________] 47.22% 13 p/s89 / 180 [------------------------------------------------------------------------------->________________________________________________________________________________] 49.44% 13 p/s93 / 180 [---------------------------------------------------------------------------------->_____________________________________________________________________________] 51.67% 13 p/s97 / 180 [-------------------------------------------------------------------------------------->_________________________________________________________________________] 53.89% 14 p/s101 / 180 [----------------------------------------------------------------------------------------->_____________________________________________________________________] 56.11% 14 p/s105 / 180 [-------------------------------------------------------------------------------------------->__________________________________________________________________] 58.33% 14 p/s109 / 180 [------------------------------------------------------------------------------------------------>______________________________________________________________] 60.56% 14 p/s113 / 180 [--------------------------------------------------------------------------------------------------->___________________________________________________________] 62.78% 14 p/s117 / 180 [------------------------------------------------------------------------------------------------------->_______________________________________________________] 65.00% 14 p/s121 / 180 [---------------------------------------------------------------------------------------------------------->____________________________________________________] 67.22% 14 p/s125 / 180 [-------------------------------------------------------------------------------------------------------------->________________________________________________] 69.44% 14 p/s129 / 180 [----------------------------------------------------------------------------------------------------------------->_____________________________________________] 71.67% 14 p/s133 / 180 [--------------------------------------------------------------------------------------------------------------------->_________________________________________] 73.89% 15 p/s137 / 180 [------------------------------------------------------------------------------------------------------------------------->_____________________________________] 76.11% 15 p/s141 / 180 [---------------------------------------------------------------------------------------------------------------------------->__________________________________] 78.33% 15 p/s145 / 180 [-------------------------------------------------------------------------------------------------------------------------------->______________________________] 80.56% 15 p/s149 / 180 [----------------------------------------------------------------------------------------------------------------------------------->___________________________] 82.78% 15 p/s153 / 180 [--------------------------------------------------------------------------------------------------------------------------------------->_______________________] 85.00% 15 p/s157 / 180 [------------------------------------------------------------------------------------------------------------------------------------------>____________________] 87.22% 15 p/s161 / 180 [---------------------------------------------------------------------------------------------------------------------------------------------->________________] 89.44% 15 p/s165 / 180 [------------------------------------------------------------------------------------------------------------------------------------------------->_____________] 91.67% 15 p/s169 / 180 [----------------------------------------------------------------------------------------------------------------------------------------------------->_________] 93.89% 16 p/s173 / 180 [-------------------------------------------------------------------------------------------------------------------------------------------------------->______] 96.11% 16 p/s177 / 180 [------------------------------------------------------------------------------------------------------------------------------------------------------------>__] 98.33% 16 p/s180 / 180 [--------------------------------------------------------------------------------------------------------------------------------------------------------------] 100.00% 17 p/s
Summary:
  Total:	10.9095 secs.
  Slowest:	0.8634 secs.
  Fastest:	0.0016 secs.
  Average:	0.0140 secs.
  Stddev:	0.0873 secs.
  Requests/sec:	16.4994

Response time histogram:
  0.0016 [1]	|
  0.0878 [175]	|∎∎∎∎∎∎∎∎∎∎∎∎∎∎∎∎∎∎∎∎∎∎∎∎∎∎∎∎∎∎∎∎∎∎∎∎∎∎∎∎
  0.1740 [0]	|
  0.2602 [1]	|
  0.3463 [0]	|
  0.4325 [1]	|
  0.5187 [0]	|
  0.6049 [0]	|
  0.6911 [1]	|
  0.7772 [0]	|
  0.8634 [1]	|

Latency distribution:
  10% in 0.0017 secs.
  25% in 0.0018 secs.
  50% in 0.0019 secs.
  75% in 0.0021 secs.
  90% in 0.0025 secs.
  95% in 0.0042 secs.
  99% in 0.8634 secs.

