2023/06/29 22:03:41 INFO: [core] [Channel #1 SubChannel #2] Subchannel Connectivity change to CONNECTING
2023/06/29 22:03:41 INFO: [core] [Channel #1 SubChannel #2] Subchannel picks a new address "localhost:2379" to connect
2023/06/29 22:03:41 INFO: [core] [Channel #1 SubChannel #2] Subchannel Connectivity change to READY
2023/06/29 22:03:41 INFO: [roundrobin] roundrobinPicker: Build called with info: {map[0xc000612270:{{
  "Addr": "localhost:2379",
  "ServerName": "localhost",
  "Attributes": null,
  "BalancerAttributes": null,
  "Type": 0,
  "Metadata": null
}}]}
2023/06/29 22:03:41 INFO: [core] [Channel #1] Channel Connectivity change to READY
4 / 180 [--->_______________________________________________________________________________________________________________________________________________________________] 2.22% ? p/s8 / 180 [------->___________________________________________________________________________________________________________________________________________________________] 4.44% ? p/s12 / 180 [---------->_______________________________________________________________________________________________________________________________________________________] 6.67% ? p/s15 / 180 [------------->___________________________________________________________________________________________________________________________________________________] 8.33% 18 p/s17 / 180 [--------------->_________________________________________________________________________________________________________________________________________________] 9.44% 18 p/s18 / 180 [--------------->________________________________________________________________________________________________________________________________________________] 10.00% 18 p/s22 / 180 [------------------->____________________________________________________________________________________________________________________________________________] 12.22% 18 p/s26 / 180 [----------------------->________________________________________________________________________________________________________________________________________] 14.44% 18 p/s30 / 180 [-------------------------->_____________________________________________________________________________________________________________________________________] 16.67% 18 p/s34 / 180 [------------------------------>_________________________________________________________________________________________________________________________________] 18.89% 18 p/s38 / 180 [--------------------------------->______________________________________________________________________________________________________________________________] 21.11% 18 p/s42 / 180 [------------------------------------->__________________________________________________________________________________________________________________________] 23.33% 18 p/s46 / 180 [---------------------------------------->_______________________________________________________________________________________________________________________] 25.56% 18 p/s50 / 180 [-------------------------------------------->___________________________________________________________________________________________________________________] 27.78% 18 p/s54 / 180 [----------------------------------------------->________________________________________________________________________________________________________________] 30.00% 18 p/s58 / 180 [--------------------------------------------------->____________________________________________________________________________________________________________] 32.22% 18 p/s62 / 180 [------------------------------------------------------->________________________________________________________________________________________________________] 34.44% 18 p/s66 / 180 [---------------------------------------------------------->_____________________________________________________________________________________________________] 36.67% 18 p/s70 / 180 [-------------------------------------------------------------->_________________________________________________________________________________________________] 38.89% 18 p/s74 / 180 [----------------------------------------------------------------->______________________________________________________________________________________________] 41.11% 18 p/s78 / 180 [--------------------------------------------------------------------->__________________________________________________________________________________________] 43.33% 18 p/s82 / 180 [------------------------------------------------------------------------>_______________________________________________________________________________________] 45.56% 19 p/s86 / 180 [---------------------------------------------------------------------------->___________________________________________________________________________________] 47.78% 19 p/s90 / 180 [------------------------------------------------------------------------------->________________________________________________________________________________] 50.00% 19 p/s94 / 180 [----------------------------------------------------------------------------------->____________________________________________________________________________] 52.22% 19 p/s98 / 180 [--------------------------------------------------------------------------------------->________________________________________________________________________] 54.44% 19 p/s102 / 180 [------------------------------------------------------------------------------------------>____________________________________________________________________] 56.67% 19 p/s106 / 180 [--------------------------------------------------------------------------------------------->_________________________________________________________________] 58.89% 19 p/s110 / 180 [------------------------------------------------------------------------------------------------->_____________________________________________________________] 61.11% 19 p/s114 / 180 [---------------------------------------------------------------------------------------------------->__________________________________________________________] 63.33% 19 p/s118 / 180 [-------------------------------------------------------------------------------------------------------->______________________________________________________] 65.56% 19 p/s122 / 180 [----------------------------------------------------------------------------------------------------------->___________________________________________________] 67.78% 19 p/s126 / 180 [--------------------------------------------------------------------------------------------------------------->_______________________________________________] 70.00% 19 p/s130 / 180 [------------------------------------------------------------------------------------------------------------------>____________________________________________] 72.22% 19 p/s134 / 180 [---------------------------------------------------------------------------------------------------------------------->________________________________________] 74.44% 19 p/s138 / 180 [------------------------------------------------------------------------------------------------------------------------->_____________________________________] 76.67% 19 p/s142 / 180 [----------------------------------------------------------------------------------------------------------------------------->_________________________________] 78.89% 19 p/s146 / 180 [-------------------------------------------------------------------------------------------------------------------------------->______________________________] 81.11% 19 p/s150 / 180 [------------------------------------------------------------------------------------------------------------------------------------>__________________________] 83.33% 19 p/s154 / 180 [---------------------------------------------------------------------------------------------------------------------------------------->______________________] 85.56% 19 p/s158 / 180 [------------------------------------------------------------------------------------------------------------------------------------------->___________________] 87.78% 19 p/s162 / 180 [----------------------------------------------------------------------------------------------------------------------------------------------->_______________] 90.00% 19 p/s166 / 180 [-------------------------------------------------------------------------------------------------------------------------------------------------->____________] 92.22% 19 p/s170 / 180 [------------------------------------------------------------------------------------------------------------------------------------------------------>________] 94.44% 19 p/s174 / 180 [--------------------------------------------------------------------------------------------------------------------------------------------------------->_____] 96.67% 19 p/s178 / 180 [------------------------------------------------------------------------------------------------------------------------------------------------------------->_] 98.89% 19 p/s180 / 180 [--------------------------------------------------------------------------------------------------------------------------------------------------------------] 100.00% 20 p/s
Summary:
  Total:	9.2822 secs.
  Slowest:	0.2651 secs.
  Fastest:	0.0016 secs.
  Average:	0.0053 secs.
  Stddev:	0.0226 secs.
  Requests/sec:	19.3920

Response time histogram:
  0.0016 [1]	|
  0.0280 [174]	|∎∎∎∎∎∎∎∎∎∎∎∎∎∎∎∎∎∎∎∎∎∎∎∎∎∎∎∎∎∎∎∎∎∎∎∎∎∎∎∎
  0.0543 [1]	|
  0.0807 [1]	|
  0.1070 [1]	|
  0.1334 [1]	|
  0.1597 [0]	|
  0.1861 [0]	|
  0.2124 [0]	|
  0.2388 [0]	|
  0.2651 [1]	|

Latency distribution:
  10% in 0.0017 secs.
  25% in 0.0018 secs.
  50% in 0.0019 secs.
  75% in 0.0020 secs.
  90% in 0.0033 secs.
  95% in 0.0090 secs.
  99% in 0.2651 secs.

