bench with linearizable range
2023/06/29 22:03:41 INFO: [core] [Channel #1 SubChannel #2] Subchannel Connectivity change to CONNECTING
2023/06/29 22:03:41 INFO: [core] [Channel #1 SubChannel #2] Subchannel picks a new address "localhost:2379" to connect
2023/06/29 22:03:41 INFO: [core] [Channel #1 SubChannel #2] Subchannel Connectivity change to READY
2023/06/29 22:03:41 INFO: [roundrobin] roundrobinPicker: Build called with info: {map[0xc000012570:{{
  "Addr": "localhost:2379",
  "ServerName": "localhost",
  "Attributes": null,
  "BalancerAttributes": null,
  "Type": 0,
  "Metadata": null
}}]}
2023/06/29 22:03:41 INFO: [core] [Channel #1] Channel Connectivity change to READY
20 / 1000 [--->_____________________________________________________________________________________________________________________________________________________________] 2.00% ? p/s40 / 1000 [------>__________________________________________________________________________________________________________________________________________________________] 4.00% ? p/s60 / 1000 [--------->_______________________________________________________________________________________________________________________________________________________] 6.00% ? p/s72 / 1000 [----------->____________________________________________________________________________________________________________________________________________________] 7.20% 87 p/s76 / 1000 [------------>___________________________________________________________________________________________________________________________________________________] 7.60% 87 p/s78 / 1000 [------------>___________________________________________________________________________________________________________________________________________________] 7.80% 87 p/s87 / 1000 [------------->__________________________________________________________________________________________________________________________________________________] 8.70% 83 p/s107 / 1000 [---------------->_____________________________________________________________________________________________________________________________________________] 10.70% 83 p/s127 / 1000 [-------------------->_________________________________________________________________________________________________________________________________________] 12.70% 83 p/s147 / 1000 [----------------------->______________________________________________________________________________________________________________________________________] 14.70% 84 p/s167 / 1000 [-------------------------->___________________________________________________________________________________________________________________________________] 16.70% 84 p/s187 / 1000 [----------------------------->________________________________________________________________________________________________________________________________] 18.70% 84 p/s207 / 1000 [-------------------------------->_____________________________________________________________________________________________________________________________] 20.70% 85 p/s227 / 1000 [----------------------------------->__________________________________________________________________________________________________________________________] 22.70% 85 p/s247 / 1000 [--------------------------------------->______________________________________________________________________________________________________________________] 24.70% 85 p/s267 / 1000 [------------------------------------------>___________________________________________________________________________________________________________________] 26.70% 86 p/s287 / 1000 [--------------------------------------------->________________________________________________________________________________________________________________] 28.70% 86 p/s307 / 1000 [------------------------------------------------>_____________________________________________________________________________________________________________] 30.70% 86 p/s327 / 1000 [--------------------------------------------------->__________________________________________________________________________________________________________] 32.70% 87 p/s347 / 1000 [------------------------------------------------------>_______________________________________________________________________________________________________] 34.70% 87 p/s367 / 1000 [--------------------------------------------------------->____________________________________________________________________________________________________] 36.70% 87 p/s387 / 1000 [------------------------------------------------------------->________________________________________________________________________________________________] 38.70% 88 p/s407 / 1000 [---------------------------------------------------------------->_____________________________________________________________________________________________] 40.70% 88 p/s427 / 1000 [------------------------------------------------------------------->__________________________________________________________________________________________] 42.70% 88 p/s447 / 1000 [---------------------------------------------------------------------->_______________________________________________________________________________________] 44.70% 88 p/s467 / 1000 [------------------------------------------------------------------------->____________________________________________________________________________________] 46.70% 88 p/s487 / 1000 [---------------------------------------------------------------------------->_________________________________________________________________________________] 48.70% 88 p/s507 / 1000 [-------------------------------------------------------------------------------->_____________________________________________________________________________] 50.70% 89 p/s527 / 1000 [----------------------------------------------------------------------------------->__________________________________________________________________________] 52.70% 89 p/s547 / 1000 [-------------------------------------------------------------------------------------->_______________________________________________________________________] 54.70% 89 p/s567 / 1000 [----------------------------------------------------------------------------------------->____________________________________________________________________] 56.70% 90 p/s587 / 1000 [-------------------------------------------------------------------------------------------->_________________________________________________________________] 58.70% 90 p/s607 / 1000 [----------------------------------------------------------------------------------------------->______________________________________________________________] 60.70% 90 p/s627 / 1000 [--------------------------------------------------------------------------------------------------->__________________________________________________________] 62.70% 91 p/s647 / 1000 [------------------------------------------------------------------------------------------------------>_______________________________________________________] 64.70% 91 p/s667 / 1000 [--------------------------------------------------------------------------------------------------------->____________________________________________________] 66.70% 91 p/s687 / 1000 [------------------------------------------------------------------------------------------------------------>_________________________________________________] 68.70% 91 p/s707 / 1000 [--------------------------------------------------------------------------------------------------------------->______________________________________________] 70.70% 91 p/s727 / 1000 [------------------------------------------------------------------------------------------------------------------>___________________________________________] 72.70% 91 p/s747 / 1000 [---------------------------------------------------------------------------------------------------------------------->_______________________________________] 74.70% 92 p/s767 / 1000 [------------------------------------------------------------------------------------------------------------------------->____________________________________] 76.70% 92 p/s787 / 1000 [---------------------------------------------------------------------------------------------------------------------------->_________________________________] 78.70% 92 p/s807 / 1000 [------------------------------------------------------------------------------------------------------------------------------->______________________________] 80.70% 92 p/s827 / 1000 [---------------------------------------------------------------------------------------------------------------------------------->___________________________] 82.70% 92 p/s847 / 1000 [------------------------------------------------------------------------------------------------------------------------------------->________________________] 84.70% 92 p/s867 / 1000 [---------------------------------------------------------------------------------------------------------------------------------------->_____________________] 86.70% 93 p/s887 / 1000 [-------------------------------------------------------------------------------------------------------------------------------------------->_________________] 88.70% 93 p/s907 / 1000 [----------------------------------------------------------------------------------------------------------------------------------------------->______________] 90.70% 93 p/s927 / 1000 [-------------------------------------------------------------------------------------------------------------------------------------------------->___________] 92.70% 93 p/s947 / 1000 [----------------------------------------------------------------------------------------------------------------------------------------------------->________] 94.70% 93 p/s967 / 1000 [-------------------------------------------------------------------------------------------------------------------------------------------------------->_____] 96.70% 93 p/s987 / 1000 [----------------------------------------------------------------------------------------------------------------------------------------------------------->__] 98.70% 94 p/s1000 / 1000 [------------------------------------------------------------------------------------------------------------------------------------------------------------] 100.00% 97 p/s
Summary:
  Total:	10.5260 secs.
  Slowest:	0.1599 secs.
  Fastest:	0.0002 secs.
  Average:	0.0012 secs.
  Stddev:	0.0078 secs.
  Requests/sec:	95.0024

Response time histogram:
  0.0002 [1]	|
  0.0162 [991]	|∎∎∎∎∎∎∎∎∎∎∎∎∎∎∎∎∎∎∎∎∎∎∎∎∎∎∎∎∎∎∎∎∎∎∎∎∎∎∎∎
  0.0322 [1]	|
  0.0481 [2]	|
  0.0641 [1]	|
  0.0801 [0]	|
  0.0960 [1]	|
  0.1120 [2]	|
  0.1280 [0]	|
  0.1439 [0]	|
  0.1599 [1]	|

Latency distribution:
  10% in 0.0003 secs.
  25% in 0.0003 secs.
  50% in 0.0004 secs.
  75% in 0.0005 secs.
  90% in 0.0013 secs.
  95% in 0.0018 secs.
  99% in 0.0151 secs.
  99.9% in 0.1599 secs.
