2023/07/02 21:13:44 INFO: [core] [Channel #1 SubChannel #2] Subchannel Connectivity change to CONNECTING
2023/07/02 21:13:44 INFO: [core] [Channel #1 SubChannel #2] Subchannel picks a new address "localhost:2379" to connect
2023/07/02 21:13:44 INFO: [core] [Channel #1 SubChannel #2] Subchannel Connectivity change to READY
2023/07/02 21:13:44 INFO: [roundrobin] roundrobinPicker: Build called with info: {map[0xc000110378:{{
  "Addr": "localhost:2379",
  "ServerName": "localhost",
  "Attributes": null,
  "BalancerAttributes": null,
  "Type": 0,
  "Metadata": null
}}]}
2023/07/02 21:13:44 INFO: [core] [Channel #1] Channel Connectivity change to READY
3 / 40 [------------>_______________________________________________________________________________________________________________________________________________________] 7.50% ? p/s6 / 40 [------------------------>__________________________________________________________________________________________________________________________________________] 15.00% ? p/s10 / 40 [---------------------------------------->_________________________________________________________________________________________________________________________] 25.00% ? p/s14 / 40 [-------------------------------------------------------->________________________________________________________________________________________________________] 35.00% 18 p/s18 / 40 [------------------------------------------------------------------------>________________________________________________________________________________________] 45.00% 18 p/s20 / 40 [-------------------------------------------------------------------------------->________________________________________________________________________________] 50.00% 18 p/s23 / 40 [-------------------------------------------------------------------------------------------->____________________________________________________________________] 57.50% 18 p/s27 / 40 [------------------------------------------------------------------------------------------------------------>____________________________________________________] 67.50% 18 p/s31 / 40 [---------------------------------------------------------------------------------------------------------------------------->____________________________________] 77.50% 18 p/s35 / 40 [-------------------------------------------------------------------------------------------------------------------------------------------->____________________] 87.50% 18 p/s38 / 40 [-------------------------------------------------------------------------------------------------------------------------------------------------------->________] 95.00% 18 p/s40 / 40 [----------------------------------------------------------------------------------------------------------------------------------------------------------------] 100.00% 20 p/s
Summary:
  Total:	2.2443 secs.
  Slowest:	0.1723 secs.
  Fastest:	0.0016 secs.
  Average:	0.0468 secs.
  Stddev:	0.0427 secs.
  Requests/sec:	17.8227

Response time histogram:
  0.0016 [1]	|∎∎
  0.0187 [17]	|∎∎∎∎∎∎∎∎∎∎∎∎∎∎∎∎∎∎∎∎∎∎∎∎∎∎∎∎∎∎∎∎∎∎∎∎∎∎∎∎
  0.0357 [0]	|
  0.0528 [1]	|∎∎
  0.0699 [0]	|
  0.0870 [16]	|∎∎∎∎∎∎∎∎∎∎∎∎∎∎∎∎∎∎∎∎∎∎∎∎∎∎∎∎∎∎∎∎∎∎∎∎∎
  0.1040 [4]	|∎∎∎∎∎∎∎∎∎
  0.1211 [0]	|
  0.1382 [0]	|
  0.1553 [0]	|
  0.1723 [1]	|∎∎

Latency distribution:
  10% in 0.0028 secs.
  25% in 0.0036 secs.
  50% in 0.0721 secs.
  75% in 0.0748 secs.
  90% in 0.0989 secs.
  95% in 0.1021 secs.

