bench with linearizable range
2023/07/02 21:13:44 INFO: [core] [Channel #1 SubChannel #2] Subchannel Connectivity change to CONNECTING
2023/07/02 21:13:44 INFO: [core] [Channel #1 SubChannel #2] Subchannel picks a new address "localhost:2379" to connect
2023/07/02 21:13:44 INFO: [core] [Channel #1 SubChannel #2] Subchannel Connectivity change to READY
2023/07/02 21:13:44 INFO: [roundrobin] roundrobinPicker: Build called with info: {map[0xc0001102e8:{{
  "Addr": "localhost:2379",
  "ServerName": "localhost",
  "Attributes": null,
  "BalancerAttributes": null,
  "Type": 0,
  "Metadata": null
}}]}
2023/07/02 21:13:44 INFO: [core] [Channel #1] Channel Connectivity change to READY
4 / 100 [------>____________________________________________________________________________________________________________________________________________________________] 4.00% ? p/s7 / 100 [----------->_______________________________________________________________________________________________________________________________________________________] 7.00% ? p/s11 / 100 [----------------->_______________________________________________________________________________________________________________________________________________] 11.00% ? p/s15 / 100 [----------------------->________________________________________________________________________________________________________________________________________] 15.00% 18 p/s19 / 100 [------------------------------>_________________________________________________________________________________________________________________________________] 19.00% 18 p/s21 / 100 [--------------------------------->______________________________________________________________________________________________________________________________] 21.00% 18 p/s22 / 100 [----------------------------------->____________________________________________________________________________________________________________________________] 22.00% 18 p/s27 / 100 [------------------------------------------->____________________________________________________________________________________________________________________] 27.00% 18 p/s31 / 100 [------------------------------------------------->______________________________________________________________________________________________________________] 31.00% 18 p/s35 / 100 [------------------------------------------------------->________________________________________________________________________________________________________] 35.00% 18 p/s39 / 100 [-------------------------------------------------------------->_________________________________________________________________________________________________] 39.00% 18 p/s43 / 100 [-------------------------------------------------------------------->___________________________________________________________________________________________] 43.00% 18 p/s48 / 100 [---------------------------------------------------------------------------->___________________________________________________________________________________] 48.00% 18 p/s53 / 100 [------------------------------------------------------------------------------------>___________________________________________________________________________] 53.00% 18 p/s57 / 100 [------------------------------------------------------------------------------------------->____________________________________________________________________] 57.00% 18 p/s61 / 100 [------------------------------------------------------------------------------------------------->______________________________________________________________] 61.00% 19 p/s64 / 100 [------------------------------------------------------------------------------------------------------>_________________________________________________________] 64.00% 19 p/s68 / 100 [------------------------------------------------------------------------------------------------------------>___________________________________________________] 68.00% 19 p/s72 / 100 [------------------------------------------------------------------------------------------------------------------->____________________________________________] 72.00% 19 p/s76 / 100 [------------------------------------------------------------------------------------------------------------------------->______________________________________] 76.00% 19 p/s80 / 100 [------------------------------------------------------------------------------------------------------------------------------->________________________________] 80.00% 19 p/s84 / 100 [-------------------------------------------------------------------------------------------------------------------------------------->_________________________] 84.00% 19 p/s88 / 100 [-------------------------------------------------------------------------------------------------------------------------------------------->___________________] 88.00% 19 p/s94 / 100 [------------------------------------------------------------------------------------------------------------------------------------------------------>_________] 94.00% 19 p/s95 / 100 [------------------------------------------------------------------------------------------------------------------------------------------------------->________] 95.00% 19 p/s99 / 100 [-------------------------------------------------------------------------------------------------------------------------------------------------------------->_] 99.00% 19 p/s100 / 100 [--------------------------------------------------------------------------------------------------------------------------------------------------------------] 100.00% 20 p/s
Summary:
  Total:	5.2404 secs.
  Slowest:	0.2857 secs.
  Fastest:	0.0002 secs.
  Average:	0.0484 secs.
  Stddev:	0.0529 secs.
  Requests/sec:	19.0825

Response time histogram:
  0.0002 [1]	|
  0.0288 [50]	|∎∎∎∎∎∎∎∎∎∎∎∎∎∎∎∎∎∎∎∎∎∎∎∎∎∎∎∎∎∎∎∎∎∎∎∎∎∎∎∎
  0.0573 [1]	|
  0.0859 [11]	|∎∎∎∎∎∎∎∎
  0.1144 [34]	|∎∎∎∎∎∎∎∎∎∎∎∎∎∎∎∎∎∎∎∎∎∎∎∎∎∎∎
  0.1430 [0]	|
  0.1715 [0]	|
  0.2000 [1]	|
  0.2286 [1]	|
  0.2571 [0]	|
  0.2857 [1]	|

Latency distribution:
  10% in 0.0007 secs.
  25% in 0.0028 secs.
  50% in 0.0065 secs.
  75% in 0.0888 secs.
  90% in 0.0927 secs.
  95% in 0.0990 secs.
  99% in 0.2857 secs.
