2023/06/29 22:07:12 INFO: [core] [Channel #1 SubChannel #2] Subchannel Connectivity change to CONNECTING
2023/06/29 22:07:12 INFO: [core] [Channel #1 SubChannel #2] Subchannel picks a new address "localhost:2379" to connect
2023/06/29 22:07:12 INFO: [core] [Channel #1 SubChannel #2] Subchannel Connectivity change to READY
2023/06/29 22:07:12 INFO: [roundrobin] roundrobinPicker: Build called with info: {map[0xc000012060:{{
  "Addr": "localhost:2379",
  "ServerName": "localhost",
  "Attributes": null,
  "BalancerAttributes": null,
  "Type": 0,
  "Metadata": null
}}]}
2023/06/29 22:07:12 INFO: [core] [Channel #1] Channel Connectivity change to READY
4 / 180 [--->_______________________________________________________________________________________________________________________________________________________________] 2.22% ? p/s8 / 180 [------->___________________________________________________________________________________________________________________________________________________________] 4.44% ? p/s12 / 180 [---------->_______________________________________________________________________________________________________________________________________________________] 6.67% ? p/s14 / 180 [------------>____________________________________________________________________________________________________________________________________________________] 7.78% 17 p/s14 / 180 [------------>____________________________________________________________________________________________________________________________________________________] 7.78% 17 p/s15 / 180 [------------->___________________________________________________________________________________________________________________________________________________] 8.33% 17 p/s19 / 180 [---------------->_______________________________________________________________________________________________________________________________________________] 10.56% 16 p/s23 / 180 [-------------------->___________________________________________________________________________________________________________________________________________] 12.78% 16 p/s27 / 180 [----------------------->________________________________________________________________________________________________________________________________________] 15.00% 16 p/s31 / 180 [--------------------------->____________________________________________________________________________________________________________________________________] 17.22% 16 p/s35 / 180 [------------------------------->________________________________________________________________________________________________________________________________] 19.44% 16 p/s39 / 180 [---------------------------------->_____________________________________________________________________________________________________________________________] 21.67% 16 p/s43 / 180 [-------------------------------------->_________________________________________________________________________________________________________________________] 23.89% 17 p/s47 / 180 [----------------------------------------->______________________________________________________________________________________________________________________] 26.11% 17 p/s51 / 180 [--------------------------------------------->__________________________________________________________________________________________________________________] 28.33% 17 p/s55 / 180 [------------------------------------------------>_______________________________________________________________________________________________________________] 30.56% 17 p/s59 / 180 [---------------------------------------------------->___________________________________________________________________________________________________________] 32.78% 17 p/s63 / 180 [------------------------------------------------------->________________________________________________________________________________________________________] 35.00% 17 p/s67 / 180 [----------------------------------------------------------->____________________________________________________________________________________________________] 37.22% 17 p/s71 / 180 [--------------------------------------------------------------->________________________________________________________________________________________________] 39.44% 17 p/s75 / 180 [------------------------------------------------------------------>_____________________________________________________________________________________________] 41.67% 17 p/s79 / 180 [---------------------------------------------------------------------->_________________________________________________________________________________________] 43.89% 17 p/s83 / 180 [------------------------------------------------------------------------->______________________________________________________________________________________] 46.11% 17 p/s87 / 180 [----------------------------------------------------------------------------->__________________________________________________________________________________] 48.33% 17 p/s91 / 180 [-------------------------------------------------------------------------------->_______________________________________________________________________________] 50.56% 17 p/s95 / 180 [------------------------------------------------------------------------------------>___________________________________________________________________________] 52.78% 17 p/s99 / 180 [--------------------------------------------------------------------------------------->________________________________________________________________________] 55.00% 17 p/s103 / 180 [------------------------------------------------------------------------------------------>____________________________________________________________________] 57.22% 18 p/s107 / 180 [---------------------------------------------------------------------------------------------->________________________________________________________________] 59.44% 18 p/s111 / 180 [-------------------------------------------------------------------------------------------------->____________________________________________________________] 61.67% 18 p/s115 / 180 [----------------------------------------------------------------------------------------------------->_________________________________________________________] 63.89% 18 p/s119 / 180 [--------------------------------------------------------------------------------------------------------->_____________________________________________________] 66.11% 18 p/s123 / 180 [------------------------------------------------------------------------------------------------------------>__________________________________________________] 68.33% 18 p/s127 / 180 [---------------------------------------------------------------------------------------------------------------->______________________________________________] 70.56% 18 p/s131 / 180 [------------------------------------------------------------------------------------------------------------------->___________________________________________] 72.78% 18 p/s135 / 180 [----------------------------------------------------------------------------------------------------------------------->_______________________________________] 75.00% 18 p/s139 / 180 [-------------------------------------------------------------------------------------------------------------------------->____________________________________] 77.22% 18 p/s143 / 180 [------------------------------------------------------------------------------------------------------------------------------>________________________________] 79.44% 18 p/s147 / 180 [--------------------------------------------------------------------------------------------------------------------------------->_____________________________] 81.67% 18 p/s151 / 180 [------------------------------------------------------------------------------------------------------------------------------------->_________________________] 83.89% 18 p/s155 / 180 [---------------------------------------------------------------------------------------------------------------------------------------->______________________] 86.11% 18 p/s159 / 180 [-------------------------------------------------------------------------------------------------------------------------------------------->__________________] 88.33% 18 p/s163 / 180 [----------------------------------------------------------------------------------------------------------------------------------------------->_______________] 90.56% 18 p/s167 / 180 [--------------------------------------------------------------------------------------------------------------------------------------------------->___________] 92.78% 18 p/s171 / 180 [------------------------------------------------------------------------------------------------------------------------------------------------------->_______] 95.00% 18 p/s175 / 180 [---------------------------------------------------------------------------------------------------------------------------------------------------------->____] 97.22% 18 p/s179 / 180 [-------------------------------------------------------------------------------------------------------------------------------------------------------------->] 99.44% 18 p/s180 / 180 [--------------------------------------------------------------------------------------------------------------------------------------------------------------] 100.00% 19 p/s
Summary:
  Total:	9.4467 secs.
  Slowest:	0.2695 secs.
  Fastest:	0.0016 secs.
  Average:	0.0061 secs.
  Stddev:	0.0289 secs.
  Requests/sec:	19.0543

Response time histogram:
  0.0016 [1]	|
  0.0283 [174]	|∎∎∎∎∎∎∎∎∎∎∎∎∎∎∎∎∎∎∎∎∎∎∎∎∎∎∎∎∎∎∎∎∎∎∎∎∎∎∎∎
  0.0551 [1]	|
  0.0819 [1]	|
  0.1087 [1]	|
  0.1355 [0]	|
  0.1623 [0]	|
  0.1891 [0]	|
  0.2159 [0]	|
  0.2427 [0]	|
  0.2695 [2]	|

Latency distribution:
  10% in 0.0017 secs.
  25% in 0.0017 secs.
  50% in 0.0018 secs.
  75% in 0.0020 secs.
  90% in 0.0026 secs.
  95% in 0.0035 secs.
  99% in 0.2695 secs.

